Archive member included       because of file (symbol)

/usr/local/clas/devel_new/VxWorks55/ppc/target/lib/ppc/PPC604/common/libarch.a(altivecArchLib.o)
                              sysLib.o (_func_altivecProbeRtn)
/usr/local/clas/devel_new/VxWorks55/ppc/target/lib/ppc/PPC604/common/libarch.a(altivecLib.o)
                              /usr/local/clas/devel_new/VxWorks55/ppc/target/lib/ppc/PPC604/common/libarch.a(altivecArchLib.o) (altivecCreateHookRtn)
/usr/local/clas/devel_new/VxWorks55/ppc/target/lib/ppc/PPC604/common/libarch.a(altivecShow.o)
                              /usr/local/clas/devel_new/VxWorks55/ppc/target/lib/ppc/PPC604/common/libarch.a(altivecArchLib.o) (altivecTaskRegsShow)
/usr/local/clas/devel_new/VxWorks55/ppc/target/lib/ppc/PPC604/common/libarch.a(bALib.o)
                              bootConfig.o (bcopy)
/usr/local/clas/devel_new/VxWorks55/ppc/target/lib/ppc/PPC604/common/libarch.a(cacheArchLib.o)
                              sysLib.o (_pSysL2CacheInvFunc)
/usr/local/clas/devel_new/VxWorks55/ppc/target/lib/ppc/PPC604/common/libarch.a(excArchLib.o)
                              sysIntCtrl.o (excConnect)
/usr/local/clas/devel_new/VxWorks55/ppc/target/lib/ppc/PPC604/common/libarch.a(excArchShow.o)
                              bootConfig.o (excShowInit)
/usr/local/clas/devel_new/VxWorks55/ppc/target/lib/ppc/PPC604/common/libarch.a(intALib.o)
                              /usr/local/clas/devel_new/VxWorks55/ppc/target/lib/ppc/PPC604/common/libarch.a(excArchLib.o) (intEnt)
/usr/local/clas/devel_new/VxWorks55/ppc/target/lib/ppc/PPC604/common/libarch.a(intArchLib.o)
                              sysIntCtrl.o (_func_intConnectRtn)
/usr/local/clas/devel_new/VxWorks55/ppc/target/lib/ppc/PPC604/common/libarch.a(mmuArchVars.o)
                              /usr/local/clas/devel_new/VxWorks55/ppc/target/lib/ppc/PPC604/common/libarch.a(cacheArchLib.o) (mmuPpcIEnabled)
/usr/local/clas/devel_new/VxWorks55/ppc/target/lib/ppc/PPC604/common/libarch.a(trcLib.o)
                              bootConfig.o (trcStack)
/usr/local/clas/devel_new/VxWorks55/ppc/target/lib/ppc/PPC604/common/libarch.a(vxALib.o)
                              tests/testtool.o (vxTimeBaseSet)
/usr/local/clas/devel_new/VxWorks55/ppc/target/lib/ppc/PPC604/common/libarch.a(vxLib.o)
                              /usr/local/clas/devel_new/VxWorks55/ppc/target/lib/ppc/PPC604/common/libarch.a(vxALib.o) (vxPowMgtEnable)
/usr/local/clas/devel_new/VxWorks55/ppc/target/lib/ppc/PPC604/common/libarch.a(pow.o)
                              tests/testtool.o (exp)
/usr/local/clas/devel_new/VxWorks55/ppc/target/lib/ppc/PPC604/common/libarch.a(sqrt.o)
                              tests/testtool.o (sqrt)
/usr/local/clas/devel_new/VxWorks55/ppc/target/lib/ppc/PPC604/common/libarch.a(trig.o)
                              tests/testtool.o (sin)
/usr/local/clas/devel_new/VxWorks55/ppc/target/lib/ppc/PPC604/common/libarch.a(altivecALib.o)
                              /usr/local/clas/devel_new/VxWorks55/ppc/target/lib/ppc/PPC604/common/libarch.a(altivecLib.o) (altivecSave)
/usr/local/clas/devel_new/VxWorks55/ppc/target/lib/ppc/PPC604/common/libarch.a(cacheALib.o)
                              /usr/local/clas/devel_new/VxWorks55/ppc/target/lib/ppc/PPC604/common/libarch.a(cacheArchLib.o) (cachePpcEnable)
/usr/local/clas/devel_new/VxWorks55/ppc/target/lib/ppc/PPC604/common/libarch.a(excALib.o)
                              /usr/local/clas/devel_new/VxWorks55/ppc/target/lib/ppc/PPC604/common/libarch.a(excArchLib.o) (excEnt)
/usr/local/clas/devel_new/VxWorks55/ppc/target/lib/ppc/PPC604/common/libdrv.a(endLib.o)
                              mgiEnd.obj (mib2Init)
/usr/local/clas/devel_new/VxWorks55/ppc/target/lib/ppc/PPC604/common/libdrv.a(if_loop.o)
                              bootConfig.o (loattach)
/usr/local/clas/devel_new/VxWorks55/ppc/target/lib/ppc/PPC604/common/libnet.a(if.o)
                              bootConfig.o (ifreset)
/usr/local/clas/devel_new/VxWorks55/ppc/target/lib/ppc/PPC604/common/libnet.a(if_ether.o)
                              bootConfig.o (ipEtherResolvRtn)
/usr/local/clas/devel_new/VxWorks55/ppc/target/lib/ppc/PPC604/common/libnet.a(if_subr.o)
                              /usr/local/clas/devel_new/VxWorks55/ppc/target/lib/ppc/PPC604/common/libnet.a(if_ether.o) (etherbroadcastaddr)
/usr/local/clas/devel_new/VxWorks55/ppc/target/lib/ppc/PPC604/common/libnet.a(in.o)
                              /usr/local/clas/devel_new/VxWorks55/ppc/target/lib/ppc/PPC604/common/libnet.a(if_ether.o) (in_lnaof)
/usr/local/clas/devel_new/VxWorks55/ppc/target/lib/ppc/PPC604/common/libnet.a(ip_input.o)
                              /usr/local/clas/devel_new/VxWorks55/ppc/target/lib/ppc/PPC604/common/libdrv.a(if_loop.o) (ipintrq)
/usr/local/clas/devel_new/VxWorks55/ppc/target/lib/ppc/PPC604/common/libnet.a(ip_output.o)
                              /usr/local/clas/devel_new/VxWorks55/ppc/target/lib/ppc/PPC604/common/libnet.a(ip_input.o) (ip_output)
[...]
Memory Configuration

Name             Origin             Length             Attributes
*default*        0x00000000         0xffffffff

Linker script and memory map

Address of section .text set to 0x400000
LOAD bootConfig.o
LOAD version.o
LOAD sysALib.o
LOAD sysLib.o
LOAD itab.o
LOAD pciConfigLib.o
LOAD pciDevConfig.o
LOAD pciScan.o
LOAD gtInitLib.o
LOAD gtIntControl.o
LOAD sysIntCtrl.o
LOAD userRsrvMem.o
LOAD gtCore.o
LOAD gtPci.o
LOAD gtMemory.o
LOAD gtDma.o
LOAD gtSram.o
LOAD vxGppIntCtrl.o
LOAD gtSmp.o
LOAD vxDbIntCtrl.o
LOAD gtCntmr.o
LOAD vxCntmrIntCtrl.o
LOAD vxDmaIntCtrl.o
LOAD vxWatchDog.o
LOAD ethernet.o
LOAD vxEthernetIntCtrl.o
LOAD mgiEnd.obj
LOAD brg.o
LOAD cunit.o
LOAD vxCunitIntCtrl.o
LOAD mpsc.o
LOAD vxMpscIntCtrl.o
LOAD sdma.o
LOAD vxSdmaIntCtrl.o
LOAD serialChan.o
LOAD vxMpscUart.o
LOAD dbgprints.o
LOAD sysRamDrv.o
LOAD bFlashDrv.o
LOAD flashDrv.o
LOAD i2cDrv.o
LOAD rtc.o
LOAD frcBibShow.o
LOAD frcBibDrv.o
LOAD bibSupport.o
LOAD pciBoot.o
LOAD regFileBurn.o
LOAD vpd.o
LOAD tests/testtool.o
LOAD usrDma.o
LOAD sysAUtil.o
START GROUP
LOAD /usr/local/clas/devel_new/VxWorks55/ppc/target/lib/ppc/PPC604/gnu/libcplus.a
LOAD /usr/local/clas/devel_new/VxWorks55/ppc/target/lib/ppc/PPC604/gnu/libgnucplus.a
LOAD /usr/local/clas/devel_new/VxWorks55/ppc/target/lib/ppc/PPC604/gnu/libvxcom.a
LOAD /usr/local/clas/devel_new/VxWorks55/ppc/target/lib/ppc/PPC604/common/libarch.a
LOAD /usr/local/clas/devel_new/VxWorks55/ppc/target/lib/ppc/PPC604/common/libcommoncc.a
LOAD /usr/local/clas/devel_new/VxWorks55/ppc/target/lib/ppc/PPC604/common/libdcc.a
LOAD /usr/local/clas/devel_new/VxWorks55/ppc/target/lib/ppc/PPC604/common/libdrv.a
LOAD /usr/local/clas/devel_new/VxWorks55/ppc/target/lib/ppc/PPC604/common/libgcc.a
LOAD /usr/local/clas/devel_new/VxWorks55/ppc/target/lib/ppc/PPC604/common/libnet.a
LOAD /usr/local/clas/devel_new/VxWorks55/ppc/target/lib/ppc/PPC604/common/libos.a
LOAD /usr/local/clas/devel_new/VxWorks55/ppc/target/lib/ppc/PPC604/common/librpc.a
LOAD /usr/local/clas/devel_new/VxWorks55/ppc/target/lib/ppc/PPC604/common/libtffs.a
LOAD /usr/local/clas/devel_new/VxWorks55/ppc/target/lib/ppc/PPC604/common/libwdb.a
LOAD /usr/local/clas/devel_new/VxWorks55/ppc/target/lib/ppc/PPC604/common/libwind.a
LOAD /usr/local/clas/devel_new/VxWorks55/ppc/target/lib/ppc/PPC604/common/libwindview.a
LOAD /usr/local/clas/devel_new/VxWorks55/ppc/target/lib/libPPC604gnuvx.a
END GROUP

.text           0x00400000    0xe54f0
                0x00400000                wrs_kernel_text_start=.
                0x00400000                _wrs_kernel_text_start=.
 *(.text)
 .text          0x00400000     0x255c bootConfig.o
                0x00400000                compressedEntry
                0x004001a8                usrRoot
                0x00400024                usrKernelInit
                0x004000c0                usrInit
                0x00400444                usrClock
 .text          0x0040255c      0x9a0 sysALib.o
                0x00402bcc                sysOutByte
                0x00402bb8                sysInByte
                0x00402d54                sysL2BackEnable
                0x00402d7c                sysL2BackDisable
                0x00402c38                __READ_FLASH64
                0x00402ae8                sysGetCpuVer
                0x00402bec                GET_THRM1
                0x00402db0                sysL2BackHWFlush
                0x00402988                _initialize_dbg_uart
                0x0040255c                _sysInit
                0x00402ebc                sysL1DcacheEnable
                0x00402c04                SET_THRM1
                0x00402ba8                sysL2crGet
                0x00402b98                sysGetL3CR
                0x00402bf8                GET_THRM3
                0x00402b08                sysSioRead
                0x00402e50                sysL2BackInit
                0x00402af4                sysGetCpuRev
                0x00402bb0                sysGetSDR1
                0x00402a90                sysMemProbeSup
                0x00402b24                sysSioWrite
                0x00402c24                __WRITE_FLASH64
                0x00402c4c                frccachePpcEnable
                0x00402b4c                sysRdCpuReg
                0x00402c9c                sysL2BackGlobalInv
                0x00402ba0                sysL2crPut
                0x00402ae8                sysGetPrid
                0x00402c14                SET_THRM3
                0x00402bdc                vxHid1Set
                0x00402ee4                sysL1DcacheDisable
                0x00402b90                sysGetL2CR
 .text          0x00402efc     0x244c sysLib.o
                0x0040435c                sysHwInit2
                0x0040321c                sysSerialHwInit
                0x00405178                readreg
                0x004038c0                frcPrintVariant
                0x00404a44                gtRegReadBlock
                0x00403154                sysTimestampFreq
                0x00403058                sysClkRateGet
                0x004044d8                sysProcNumSet
                0x00403394                sysSerialChanGet
                0x004037a4                frcGetBank1MemSize
                0x004043d8                sysOutWord
                0x00403064                sysClkRateSet
                0x004031a8                sysTimestampLock
                0x004051b8                sysHardReset
                0x00403b8c                frcPrintBoardInfo
                0x00403a7c                frcMv64360SiliconVersion
                0x00403160                sysTimestamp
                0x004032e4                sysSerialHwInit2
                0x004044e4                sysCpuCheck
                0x0040340c                frcGetPcbRev
                0x0040303c                sysClkDisable
                0x004037b4                frcPrintBank1MemSize
                0x004030a8                sysTimestampEnable
                0x00404a3c                sysVirtToPhys
                0x00403c40                sysModel
                0x00405238                pciIsr
                0x00405064                rdreg
                0x004046a4                sysMsDelay
                0x00404930                sysMmuPteShow
                0x004050b0                wrreg
                0x004038b0                frcGetVariant
                0x00404464                sysMemTop
                0x004036c4                frcGetBank0MemSize
                0x00404a84                gtRegWriteBlock
                0x0040341c                frcPrintPcbRev
                0x0040474c                sysNvRamGet
                0x00404150                sysBspRev
                0x004034f0                frcPrintBomRev
                0x0040415c                flashBootSectorInit
                0x00402ffc                sysClkEnable
                0x00404680                sysDelay
                0x00404ac4                memoryRead
                0x00403604                frcPrintUserFlashSize
                0x00404a40                sysPhysToVirt
                0x004052a0                sysBusToLocalAdrs
                0x00403104                sysTimestampDisable
                0x00404410                sysInWord
                0x0040528c                sysGetBusSpd
                0x00404af4                showMap
                0x004043ec                sysOutLong
                0x004040dc                sysAltivecProbe
                0x004048d4                sysMmuMapAdd
                0x004044a8                sysToMonitor
                0x00403a6c                frcGetExtSramSize
                0x004050f8                memRead
                0x00403bc4                frcCPUClockGet
                0x00403afc                frcPrintMv64360Version
                0x004033d4                frcBoardIdInit
                0x00404458                sysPhysMemTop
                0x00402f70                sysClkConnect
                0x004052a4                sysUsDelay
                0x004036d4                frcPrintBank0MemSize
                0x004035f4                frcGetUserFlashSize
                0x004044cc                sysProcNumGet
                0x00404428                sysInLong
                0x00403148                sysTimestampPeriod
                0x00403a5c                frcGetFlashOrg
                0x004030a0                sysTimestampConnect
                0x00405298                intDisconnect
                0x004047e8                sysNvRamSet
                0x004041bc                sysHwInit
 .text          0x00405348     0x175c pciConfigLib.o
                0x00405a6c                pciConfigBdfPack
                0x004056d0                pciFindClass
                0x00406880                pciConfigModifyByte
                0x00406788                pciConfigModifyWord
                0x00405e7c                pciConfigInLong
                0x004064ac                pciConfigOutLong
                0x00406690                pciConfigModifyLong
                0x00405c7c                pciConfigInWord
                0x0040626c                pciConfigOutWord
                0x00405474                pciFindDevice
                0x004053ac                pciConfigLibInit
                0x00406970                pciSpecialCycle
                0x00406038                pciConfigOutByte
                0x0040591c                pciDevConfig
                0x00405a84                pciConfigInByte
 .text          0x00406aa4     0x11b8 pciDevConfig.o
                0x00406e38                pciBusProbe
                0x00406aa4                pciAutoConfig
                0x00407ba0                sysPciConfigInsertLong
                0x00406b98                pciAutoConfigNonMonarch
 .text          0x00407c5c      0xad0 pciScan.o
                0x004083b8                frcPciConfigReadVPD
                0x00407cf8                pciScan
                0x00408160                frcPciSetActive
                0x0040848c                frcPciShow
                0x00407c6c                gtPciGetMaxBusNo
                0x00408438                frcPciConfigWriteVPD
                0x00407c5c                gtPciCpuDevNum
                0x00407c74                gtPciIntrToVecNum
 .text          0x0040872c      0x4f8 gtInitLib.o
                0x004089e8                gtInitSdramSize
                0x0040872c                gtInit
                0x00408b70                gtInitWindows
 .text          0x00408c24      0x89c gtIntControl.o
                0x004091ec                gtIntDisable
                0x00408c50                gtIntConnect
                0x00408c24                gtIntCtrlInit
                0x00408ef0                gtIntDisconnect
                0x0040912c                gtIntEnable
 .text          0x004094c0      0xbd4 sysIntCtrl.o
                0x00409610                sysMachChkExcpInit
                0x004094c0                sysIntCtrlInit
                0x00409818                sysMachChkExcpHand
                0x00409568                sysIntEnable
 .text          0x0040a094      0x104 userRsrvMem.o
                0x0040a134                userRsrvMemMallocAligned
                0x0040a094                userRsrvMemInit
                0x0040a104                userRsrvMemMalloc
 .text          0x0040a198        0x8 gtCore.o
                0x0040a198                __eabi
 .text          0x0040a1a0     0x23a4 gtPci.o
                0x0040b220                gtPci0MapMemoryBank2
                0x0040c400                gtPci0EnableBrokenAgentDetection
                0x0040a8b4                gtPci0GetMemory2Size
                0x0040c4e4                gtPci0GetBusMode
                0x0040b39c                gtPci0MapMemoryBank3
                0x0040bc84                gtPci0MapP2pMem0Space
                0x0040aed4                gtPci0MapInternalRegIOSpace
                0x0040a5e4                gtPci0MapMemory2space
                0x0040a56c                gtPci0MapMemory1space
                0x0040bf7c                gtPci0MapP2pIoSpace
                0x0040a71c                gtPci0GetIOspaceSize
                0x0040a67c                gtPci0MapMemory3space
                0x0040c19c                gtPci0SetRegionFeatures
                0x0040b15c                gtPci0MapMemoryBank1DAC
                0x0040a7a4                gtPci0GetMemory0Size
                0x0040beb8                gtPci0MapP2pMem1SpaceDAC
                0x0040be00                gtPci0MapP2pMem1Space
                0x0040b98c                gtPci0MapDevice3MemorySpace
                0x0040a77c                gtPci0GetMemory0Base
                0x0040c4b4                gtPci0P2PConfig
                0x0040c0d8                gtPci0MapCPUspaceDAC
                0x0040a93c                gtPci0GetMemory3Size
                0x0040a88c                gtPci0GetMemory2Base
                0x0040adc8                gtPci0MapInternalRegSpace
                0x0040a274                _frcPci0ReadConfigReg
                0x0040af44                gtPci0MapMemoryBank0
                0x0040bbc0                gtPci0MapBootDeviceMemorySpaceDAC
                0x0040a99c                gtPci0ScanSelfBars
                0x0040a1a0                _frcPci0WriteConfigReg
                0x0040b2d8                gtPci0MapMemoryBank2DAC
                0x0040c240                gtPci0SetRegionFeaturesDAC
                0x0040a82c                gtPci0GetMemory1Size
                0x0040a6f4                gtPci0GetIOspaceBase
                0x0040a804                gtPci0GetMemory1Base
                0x0040c320                gtPci0DisableAccessRegion
                0x0040bb08                gtPci0MapBootDeviceMemorySpace
                0x0040b8c8                gtPci0MapDevice2MemorySpaceDAC
                0x0040b454                gtPci0MapMemoryBank3DAC
                0x0040c020                gtPci0MapCPUspace
                0x0040b810                gtPci0MapDevice2MemorySpace
                0x0040ba44                gtPci0MapDevice3MemorySpaceDAC
                0x0040b0a4                gtPci0MapMemoryBank1
                0x0040a39c                gtPci0OverBridgeWriteConfigReg
                0x0040a404                gtPci0OverBridgeReadConfigReg
                0x0040a4f8                gtPci0MapMemory0space
                0x0040c484                gtPci0DisableBrokenAgentDetection
                0x0040b74c                gtPci0MapDevice1MemorySpaceDAC
                0x0040a2ec                frcPci0ReadConfigReg
                0x0040c370                gtPci0ArbiterDisable
                0x0040a484                gtPci0MapIOspace
                0x0040ae48                gtPci0MapInternalRegSpaceDAC
                0x0040b5d0                gtPci0MapDevice0MemorySpaceDAC
                0x0040a1f0                frcPci0WriteConfigReg
                0x0040afe0                gtPci0MapMemoryBank0DAC
                0x0040a914                gtPci0GetMemory3Base
                0x0040bd3c                gtPci0MapP2pMem0SpaceDAC
                0x0040b694                gtPci0MapDevice1MemorySpace
                0x0040c39c                gtPci0ParkingDisable
                0x0040c344                gtPci0ArbiterEnable
                0x0040b518                gtPci0MapDevice0MemorySpace
 .text          0x0040c544      0xc4c gtMemory.o
                0x0040cb30                gtMemoryMapDevice2Space
                0x0040c900                gtMemoryMapBank2
                0x0040cd70                gtMemorySetProtectRegion
                0x0040ca18                gtMemoryMapDevice0Space
                0x0040cd40                gtMemoryGetInternalSramBaseAddr
                0x0040cd58                gtMemorySetInternalSramBaseAddr
                0x0040cbbc                gtMemoryMapDevice3Space
                0x0040d038                gtMemorySetDeviceParam
                0x0040cde8                gtMemoryDisableWindow
                0x0040cdc4                gtMemoryDisableProtectRegion
                0x0040c5b4                gtMemoryGetDeviceBaseAddress
                0x0040c6e8                gtMemoryGetDeviceSize
                0x0040c874                gtMemoryMapBank1
                0x0040cd10                gtMemoryGetInternalRegistersSpace
                0x0040ce78                gtMemorySetPciRemapValue
                0x0040cf74                gtMemoryGetDeviceParam
                0x0040ccd4                gtMemoryMapInternalRegistersSpace
                0x0040caa4                gtMemoryMapDevice1Space
                0x0040c544                gtMemoryGetBankBaseAddress
                0x0040cc48                gtMemoryMapDeviceBootSpace
                0x0040c98c                gtMemoryMapBank3
                0x0040c7e8                gtMemoryMapBank0
                0x0040ce20                gtMemoryEnableWindow
                0x0040ce58                gtMemoryGetMemWindowStatus
                0x0040c7b0                gtMemoryGetDeviceWidth
                0x0040c634                gtMemoryGetBankSize
 .text          0x0040d190      0x70c gtDma.o
                0x0040d61c                gtDmaUpdateArbiter
                0x0040d840                gtDmaSetEngineAccessProtect
                0x0040d5a4                gtDmaIsChannelActive
                0x0040d668                gtDmaSetMemorySpace
                0x0040d5e4                gtDmaEngineDisable
                0x0040d4dc                gtDmaStart
                0x0040d798                gtDmaSetMemorySpaceAttr
                0x0040d1c0                gtDmaTransfer
                0x0040d190                gtDmaCommand
 .text          0x0040d89c       0xc8 gtSram.o
                0x0040d900                gtSramMallocAligned
                0x0040d89c                gtSramInit
                0x0040d8d0                gtSramMalloc
 .text          0x0040d964      0xc30 vxGppIntCtrl.o
                0x0040d964                frcGppIntCtrlInit
                0x0040ddf8                frcGppIntDisable
                0x0040df40                frcGppCPU1IntDisable
                0x0040de9c                frcGppCPU1IntEnable
                0x0040da48                frcGppIntConnect
                0x0040dd54                frcGppIntEnable
 .text          0x0040e594      0x3c0 gtCntmr.o
                0x0040e628                gtCntmrDisable
                0x0040e86c                gtCntmrIsTerminate
                0x0040e69c                gtCntmrRead
                0x0040e7a8                gtCntmrSetMode
                0x0040e6e0                gtCntmrEnable
                0x0040e8fc                gtCntmrSetTCTclocks
                0x0040e740                gtCntmrLoad
                0x0040e594                gtCntmrStart
 .text          0x0040e954      0x700 vxCntmrIntCtrl.o
                0x0040ed88                vxCntmrIntDisable
                0x0040ea30                vxCntmrIntConnect
                0x0040e954                vxCntmrIntCtrlInit
                0x0040ecc8                vxCntmrIntEnable
 .text          0x0040f054      0xaec vxDmaIntCtrl.o
                0x0040f150                frcDmaIntConnect
                0x0040f054                frcDmaIntCtrlInit
                0x0040f420                frcDmaIntEnable
                0x0040f55c                frcDmaIntDisable
 .text          0x0040fb40      0x160 vxWatchDog.o
                0x0040fb74                frcWatchdogLoad
                0x0040fc6c                frcWatchdogDisable
                0x0040fb40                frcWatchdogInit
                0x0040fc38                frcWatchdogEnable
                0x0040fbd4                frcWatchdogService
                0x0040fc08                frcWatchdogNMILoad
 .text          0x0040fca0     0x1bb8 ethernet.o
                0x00410260                ethPortMcAddr
                0x00410104                ethPortUcAddrSet
                0x00410e30                ethPortWriteSmiReg
                0x00411614                ethPortReceive
                0x00410a30                ethClearMibCounters
                0x00410d00                ethernetGetConfigReg
                0x004111fc                etherInitTxDescRing
                0x0040ff0c                ethPortStart
                0x00410d2c                ethPortReadSmiReg
                0x00410c90                ethernetSetConfigReg
                0x00410a68                ethReadMibCounter
                0x004117e0                ethPortSetTxCoal
                0x00410cc8                ethernetResetConfigReg
                0x0041155c                ethTxReturnDesc
                0x004116f4                ethRxReturnBuff
                0x00411378                ethPortSend
                0x0040fca0                ethPortInit
                0x0041178c                ethPortSetRxCoal
                0x00411060                etherInitRxDescRing
                0x0041182c                ethBCopy
                0x00410af4                ethernetPhyReset
                0x00410b90                ethPortReset
 .text          0x00411858      0x960 vxEthernetIntCtrl.o
                0x00411970                vxEthernetIntConnect
                0x00412120                vxEthernetIntEnable
                0x00412088                vxEthernetIntDisable
                0x00411858                vxEthernetIntCntlInit
 .text          0x004121b8     0x1780 mgiEnd.obj
                0x004121b8                mgiEndLoad
 .text          0x00413938      0x288 brg.o
                0x004139b4                brgStart
                0x00413b20                brgSetCdv
                0x00413938                brgInit
                0x00413a34                brgDbg
 .text          0x00413bc0      0x298 cunit.o
                0x00413bc0                cunitInit
                0x00413c08                cunitSetAccessControl
 .text          0x00413e58      0x64c vxCunitIntCtrl.o
                0x004142ac                vxCunitIntClear
                0x00414200                vxCunitIntDisable
                0x00413e58                vxCunitIntCtrlInit
                0x00413ed0                vxCunitIntConnect
                0x00414154                vxCunitIntEnable
 .text          0x004144a4      0x77c mpsc.o
                0x00414af4                mpscChanStopTxRx
                0x00414a70                mpscChanStopRx
                0x00414774                mpscDbg
                0x004149ec                mpscChanStopTx
                0x004144b0                mpscChanStart
                0x004144a4                mpscChanInit
                0x00414b50                mpscChanSetCdv
 .text          0x00414c20      0x768 vxMpscIntCtrl.o
                0x00414cd0                vxMpscIntConnect
                0x00414c20                vxMpscIntCntlInit
                0x00414fe4                vxMpscIntDisable
                0x0041506c                vxMpscIntClear
                0x00414f5c                vxMpscIntEnable
 .text          0x00415388      0x854 sdma.o
                0x00415adc                sdmaChanReceive
                0x00415a40                sdmaTxReturnDesc
                0x0041540c                sdmaChanStart
                0x00415730                sdmaChanStopTxRx
                0x00415b70                sdmaRxReturnBuff
                0x0041589c                sdmaChanSend
                0x00415388                sdmaChanInit
                0x004156b8                sdmaChanStopTx
                0x0041549c                sdmaDbg
                0x0041563c                sdmaChanStopRx
 .text          0x00415bdc      0x73c vxSdmaIntCtrl.o
                0x00415c80                vxSdmaIntConnect
                0x00416050                vxSdmaIntClear
                0x00415f00                vxSdmaIntEnable
                0x00415fa8                vxSdmaIntDisable
                0x00415bdc                vxSdmaIntCtrlInit
 .text          0x00416318      0x410 serialChan.o
                0x00416548                serialChanStart
                0x004165f0                serialChanSetBaudRate
                0x004165a4                serialChanStop
                0x00416318                serialChanInit
 .text          0x00416728      0x93c vxMpscUart.o
                0x00416bbc                vxMpscUartTxInt
                0x00416ee4                gtUartBaudRateChange
                0x00416728                vxMpscUartDevInit
                0x00416acc                vxMpscUartRxInt
                0x00416864                vxMpscUartDevReset
 .text          0x00417064       0x8c sysRamDrv.o
                0x00417064                sysRamDrvConfig
 .text          0x004170f0     0x1000 bFlashDrv.o
                0x00417b50                bootFlashErase
                0x004180ec                correctaddr
                0x004176f8                bootFlashProgram1byte
                0x004178fc                bootFlashGetSectorOff
                0x00417a40                frcBootFlashProgram
                0x00417260                bootEraseOrProgramOk
                0x00417458                bootFlashParamWrite
                0x004170f0                bootFlashAutoSelect
                0x004171c4                bootFlashGetProtect
                0x00417d28                frcBootFlashFile
                0x00417798                frcBootFlashVerify
                0x0041787c                frcbootFlashReadRst
                0x004175c0                bootFlashParamsProgram
                0x00417974                frcBootFlashSectorErase
                0x00417f64                frcBootFlashFileV
                0x0041730c                bootFlashParamRead
 .text          0x004180f0     0x1584 flashDrv.o
                0x00418120                frcFlashReadRst
                0x004189b0                frcFlashErase
                0x0041852c                operation_fail
                0x00418114                __READ_FLASH16
                0x004186ac                frcFlashProgram
                0x004180f0                __WRITE_FLASH32
                0x004193a0                frcFlashReadIdCommand
                0x00419324                frcFlashLock
                0x00418434                compare_error
                0x00418d94                frcFlashBlockWrite
                0x00418108                __WRITE_FLASH16
                0x00418d20                frcFlashRead
                0x004185d4                print_status
                0x004180fc                __READ_FLASH32
                0x00418c58                frcFlashGetInfo
                0x004181f4                frcFlashAutoSelect
                0x004190c4                frcFlashBlockErase
                0x004192a8                frcFlashUnlock
                0x00418490                operation_complete
                0x00419534                flashAutoDetect
 .text          0x00419674     0x18d0 i2cDrv.o
                0x0041aabc                frcMACWrite
                0x004197e4                frcEEPROMWrite16
                0x00419674                frcEEPROMWrite8
                0x0041995c                frcEEPROMRead8
                0x0041a8ec                frcRTCWrite
                0x00419e4c                frcI2CRead
                0x0041a744                frcRTCRead
                0x0041aa14                frcMACRead
                0x00419a34                frcEEPROMRead16
                0x0041a3f0                frcEEPROMDummyWrite16
                0x0041abc8                EEPROMDetect
                0x0041a6f0                isIntFlagSet
                0x0041aee4                setI2cReady
                0x00419b0c                frcI2cReset
                0x0041a190                frcEEPROMDummyWrite
                0x00419b24                frcI2CWrite
                0x0041af14                setI2cBusy
                0x0041ac7c                frcRTCDummyWrite
                0x0041a718                clearIntFlag
 .text          0x0041af44      0xe50 rtc.o
                0x0041ba58                ismin
                0x0041bb08                issec
                0x0041bbc0                isyear
                0x0041b8ec                isdate
                0x0041b9a8                ishour
                0x0041bce0                rtccall
                0x0041b18c                settime
                0x0041b7b8                ismon
                0x0041b690                isday
                0x0041af44                gettime
 .text          0x0041bd94     0x1758 frcBibShow.o
                0x0041bd94                frcBibShow
                0x0041ca50                frcBibDataShow
 .text          0x0041d4ec      0xd3c frcBibDrv.o
                0x0041d840                frcBibDetach
                0x0041d890                frcBibRead
                0x0041d8b4                frcBibWrite
                0x0041dcd0                frcBibDrvShow
                0x0041d4ec                frcBibAttach
 .text          0x0041e228      0x700 bibSupport.o
                0x0041e3cc                frcBibDataWrite
                0x0041e2fc                bibReadIntf
                0x0041e228                bibWriteIntf
                0x0041e7d4                ctohex
 .text          0x0041e928      0x4a8 pciBoot.o
                0x0041eda8                frcCheckSum
                0x0041e928                frcPCIDataWrite
 .text          0x0041edd0      0x18c regFileBurn.o
                0x0041edd0                frcBootRegFileBurn
 .text          0x0041ef5c      0x538 vpd.o
                0x0041f284                frcVPDRead
                0x0041f03c                frcVPDWrite
                0x0041ef5c                frcVPDInit
 .text          0x0041f494    0x295ec tests/testtool.o
                0x004367e8                frcTestBaudRate
                0x00446ff8                frcIdmaTestInit0
                0x004339d4                morefds
                0x00437228                frcTestAltivec
                0x00432674                use_int
                0x004327d0                get_results
                0x00432470                p64
                0x00437298                frcTestPciScan
                0x00427ed0                ramTest32bit
                0x00433c58                fst
                0x004340cc                prtMVReg
                0x004366f8                frcTestBootFlash
                0x00428b2c                test_checkerboard_comparison
                0x00437654                isPMC280TwoOnBoardEth
                0x0043764c                isPMC280BootFlashPresent
                0x00446498                parse8
                0x004377e4                detectUserFlash
                0x00434698                frcTestSerialInfo
                0x004380cc                mpsc_regs_dump
                0x00429aa4                memTest_Basic
                0x004288e8                test_or_comparison
                0x00435d80                frcTestIntLatHard
                0x00433c7c                frcSysTest
                0x00432838                save_minimum
                0x00428d38                test_walkbits_comparison
                0x004310bc                now
                0x00431df0                nano
                0x00435834                frcTestLatInitialization
                0x004339d8                touch
                0x00446844                ctohex1
                0x00446f74                frcAlignedMalloc
                0x0042949c                release_mem
                0x0042df20                rdwr
                0x004323bc                usecs_spent
                0x004366c8                frcTestVPD
                0x00431368                bandwidth_val
                0x00426fcc                MoveMemory
                0x00434bf4                frcTestSerial
                0x0041fad4                RoundInternalFPF
                0x0042a244                getpagesize_lmbench
                0x004318e0                mb
                0x00431620                bandwidth_n
                0x00433c18                print_bytes
                0x00427328                TicksToSecs
                0x00433448                get_enough
                0x00432688                use_pointer
                0x00436d48                frcTestMACAddr
                0x00436f88                getPLLCoreMultiplier
                0x00433e2c                frcTestTbReset
                0x004378e0                DCD_regs_dump
                0x00447e44                frcDmaTestStart1
                0x00433fd4                getOption
                0x004325d8                last
                0x00435b88                frcTestIntLatSoft
                0x00446cd0                mem_perf
                0x004369a8                atox
                0x00446034                frcEEPROMTestRead
                0x0043431c                testmem_perf
                0x0043694c                frcTestIsMonarch
                0x0043765c                getPMC280BoardInfo
                0x00428e60                test_bitspread_comparison
                0x00434270                frcTestIDMAScrubChk
                0x004286a8                test_verify_success
                0x00446c84                frcTestSwitch
                0x004292bc                extendedTestError
                0x004287ec                test_mul_comparison
                0x00446298                frcTestRTCWrite
                0x00428780                test_sub_comparison
                0x00435ed8                frcTestIntLatency
                0x00446908                TestIntConnect
                0x00439344                MV64360_regs_dump
                0x00424480                DoIDEA
                0x00448300                wdValueReg
                0x004328ac                save_median
                0x004273fc                ramTestPrintDot
                0x0042a490                bwMem
                0x0042a24c                frcLmbench
                0x00433b78                frcTestlatMemRead
                0x0043237c                tvsub
                0x00427448                ramTest8bit
                0x0043306c                t_overhead
                0x004270ec                ReportError
                0x004289d0                test_seqinc_comparison
                0x004261f8                DoLU
                0x00433f54                frcTestGettimeUsec
                0x004324ac                p64sz
                0x00434810                frcTestStressSerial
                0x0042737c                printDramErr
                0x00448060                watchdogTest
                0x00427254                StartStopwatch
                0x004312d4                get_n
                0x004457b0                frcTestDispMemMap
                0x00428714                test_xor_comparison
                0x0041f494                SetupCPUEmFloatArrays
                0x0042994c                memTest_Basic_Ever
                0x0043609c                frcTestDMA
                0x004377ac                isPMC280Monarch
                0x0042714c                ErrorExit
                0x00422bec                DoBitops
                0x00436380                frcTestDualCPU
                0x0043110c                Now
                0x00448348                frcTestUserFlash
                0x00446c64                frcTestDisable
                0x004312e0                lmbench_settime
                0x00429550                parse_opts
                0x00435750                frcTestMPP18ISR_hard
                0x00426fec                InitMemArray
                0x00447d44                frcDmaCompleteAppIntHandler1
                0x00426f6c                FreeMemory
                0x0042ff1c                loads_i
                0x004230c8                DoEmFloat
                0x0042e854                fcp
                0x00426ffc                AddMemArray
                0x00446c38                frcTestConnect
                0x004325f0                bytes
                0x004368ec                frcTestAllTests
                0x0043123c                Delta
                0x004364e4                frcTestBIB
                0x004291e4                test_moving_inv32
                0x00428858                test_div_comparison
                0x00431cdc                context
                0x004293f4                print_summary
                0x004294a0                get_mem
                0x0043418c                frcTestChkECC
                0x004378bc                frcDispBoardInfo
                0x00447f84                frcTestWatchDogAppStart
                0x004295bc                memtest_extended
                0x00435fa8                frcTestDispReg
                0x0043691c                frcTestSummary
                0x0042a12c                tbReset_lmbench
                0x00437610                isPMC280UsrFlashPresent
                0x00426e60                AllocateMemory
                0x00432218                ptime
                0x00447dc0                frcDmaTestStart0
                0x00424ca4                DoHuffman
                0x0042935c                print_test_name
                0x0042933c                memboundary_check
                0x0042224c                DoStringSort
                0x0042e1fc                fwr
                0x00435eb4                lat_h
                0x00428c40                test_blockseq_comparison
                0x00428954                test_and_comparison
                0x0042ec70                latMemRead
                0x004474e0                frcDmaTestTaskEntry0
                0x00427340                TicksToFracSecs
                0x0042719c                gettimeofday
                0x0042e0e0                cpy
                0x004293b8                memtest_usage
                0x004363b0                frcTestI2C_EEPROM
                0x00420670                abs_randwc
                0x004206a8                randnum
                0x00431180                delta
                0x0043553c                frcTestEthernet
                0x0044726c                frcIdmaTestInit1
                0x00434598                frcTestMemPerf
                0x00447cc8                frcDmaCompleteAppIntHandler0
                0x00427378                sysUserLEDSet
                0x0042072c                dblprint
                0x00436f00                frcTestDispFreq
                0x00420624                randwc
                0x004367f0                frcTestRTC
                0x004270e8                CreateFile
                0x00433e54                frcTestgettimeofday
                0x00434cf4                frcTestSubsysVendID
                0x00434ef4                frcTestConfigEthPorts
                0x004317c8                kb
                0x00421dac                DoNumSort
                0x00432800                save_results
                0x0042dd48                rd
                0x0042e418                frd
                0x00437c98                mpsc_cause_regs_dump
                0x00435348                frcTestEthModeSet
                0x004357d4                frcTestMPP18ISR_soft
                0x0043232c                tvdelta
                0x004298f0                get_word
                0x0042fe38                step
                0x0042703c                RemoveMemArray
                0x00437890                detectRAMsize
                0x00438e1c                SDMA_RXBD_regs_dump
                0x00423378                DoFourier
                0x00445d30                frcEEPROMTestWrite
                0x00431ff8                micromb
                0x00448004                frcTestWatchDogAppStop
                0x00437484                frcTestEthPHYTestMode
                0x00432e50                l_overhead
                0x00431ef8                micro
                0x00447ec8                watchDogApp
                0x0042de84                wr
                0x00429ca4                getParams
                0x00430ff0                timing
                0x00437208                testRdReg
                0x0043269c                insertinit
                0x00427170                tbReset
                0x00445708                frcTestDispAllPCI0Reg
                0x004207ac                nbench
                0x004465d4                parse16
                0x004323ec                timespent
                0x004319f8                latency
                0x00437a54                PCI_DCD_regs_dump
                0x0042a154                gettimeofday_lmbench
                0x00437ec8                brg_regs_dump
                0x00425614                DoNNET
                0x00428a34                test_solidbits_comparison
                0x004290e0                test_stuck_address
                0x00430ffc                start
                0x00433a50                frcTestbwMem
                0x004312c8                save_n
                0x00432154                milli
                0x00447f54                watchDogIsr
                0x0042ecfc                loads
                0x00444904                pcicfg0_regs_dump
                0x00431054                stop
                0x00429d40                frcMemTest
                0x00428fc8                test_bitflip_comparison
                0x00446bcc                testIsr
                0x004390b0                SDMA_TXBD_regs_dump
                0x004279c0                ramTest16bit
                0x0041f588                DoEmFloatIteration
                0x0043415c                frcTestWhoAmI
                0x00437bb0                PCI_REMAP_regs_dump
                0x00447914                frcDmaTestTaskEntry1
                0x0042a038                frcTestMemTest
                0x004326d4                insertsort
                0x00421d54                doubleTest
                0x004375d8                isPMC280DualCPU
                0x00431464                bandwidth
                0x004272b0                StopStopwatch
                0x00434d90                frcTestEthLinkDetails
                0x00436350                frcTestMV64360Semaphore
                0x00423920                DoAssign
                0x00446424                frcTestRTCRead
 .text          0x00448a80      0x2f4 usrDma.o
                0x00448bb0                myfill
                0x00448ca4                usrPci2PciDmaStart
                0x00448a80                usrDmaInit
                0x00448c2c                usrMem2MemDmaStart
                0x00448cfc                usrReadGPR
                0x00448c54                usrPci2MemDmaStart
                0x00448c7c                usrMem2PciDmaStart
                0x00448d38                usrWriteGPR
                0x00448ccc                usrDmaDone
 .text          0x00448d74       0x18 sysAUtil.o
                0x00448d84                sysTimeBaseLGet
                0x00448d74                sysTimeBaseLPut
 .text          0x00448d8c      0x22c /usr/local/clas/devel_new/VxWorks55/ppc/target/lib/ppc/PPC604/common/libarch.a(altivecArchLib.o)
                0x00448f70                altivecRegsToCtx
                0x00448dbc                altivecArchTaskCreateInit
                0x00448f34                altivecProbe
                0x00448de4                altivecTaskRegsGet
                0x00448d8c                altivecArchInit
                0x00448e8c                altivecTaskRegsSet
                0x00448f94                altivecCtxToRegs
 .text          0x00448fb8      0x1b4 /usr/local/clas/devel_new/VxWorks55/ppc/target/lib/ppc/PPC604/common/libarch.a(altivecLib.o)
                0x00448fb8                altivecInit
 .text          0x0044916c       0xe4 /usr/local/clas/devel_new/VxWorks55/ppc/target/lib/ppc/PPC604/common/libarch.a(altivecShow.o)
                0x0044916c                altivecShowInit
                0x004491a4                altivecTaskRegsShow
 .text          0x00449250      0x2c0 /usr/local/clas/devel_new/VxWorks55/ppc/target/lib/ppc/PPC604/common/libarch.a(bALib.o)
                0x004494e8                swab
                0x004494cc                bfillBytes
                0x0044944c                bcopyLongs
                0x00449404                bcopyBytes
                0x00449424                bcopyWords
                0x00449250                bcopy
                0x00449474                bfill
 .text          0x00449510      0x674 /usr/local/clas/devel_new/VxWorks55/ppc/target/lib/ppc/PPC604/common/libarch.a(cacheArchLib.o)
                0x004499a0                cacheArchDmaMalloc
                0x00449854                cacheArchDisableFromMmu
                0x00449628                cacheArchEnable
                0x00449510                cacheArchLibInit
                0x00449928                cacheErrnoSet
                0x00449ad0                cacheArchDmaFree
                0x0044974c                cacheArchDisable
 .text          0x00449b84      0xcb0 /usr/local/clas/devel_new/VxWorks55/ppc/target/lib/ppc/PPC604/common/libarch.a(excArchLib.o)
                0x0044a390                excVecBaseGet
                0x0044a17c                excVecSet
                0x00449b84                excVecInit
                0x0044a39c                excExcHandle
                0x0044a348                excVecBaseSet
                0x00449eb8                excRelocIntConnect
                0x0044a2b8                excVecGet
                0x00449d3c                vecOffRelocMatchRev
                0x00449da8                excRelocConnect
                0x0044a688                excIntHandle
                0x00449d84                excConnect
                0x00449cd0                vecOffRelocMatch
                0x00449e94                excIntConnect
 .text          0x0044a834      0x45c /usr/local/clas/devel_new/VxWorks55/ppc/target/lib/ppc/PPC604/common/libarch.a(excArchShow.o)
                0x0044a834                excShowInit
 .text          0x0044ac90      0x4c4 /usr/local/clas/devel_new/VxWorks55/ppc/target/lib/ppc/PPC604/common/libarch.a(intALib.o)
                0x0044b13c                intUnlock
                0x0044b128                intLock
                0x0044ae64                intExit
                0x0044ac90                intEnt
 .text          0x0044b154      0x210 /usr/local/clas/devel_new/VxWorks55/ppc/target/lib/ppc/PPC604/common/libarch.a(intArchLib.o)
                0x0044b200                intVecBaseSet
                0x0044b32c                intLockLevelSet
                0x0044b34c                intRegsUnlock
                0x0044b2ac                intEnable
                0x0044b190                intVecSet
                0x0044b2ec                intDisable
                0x0044b338                intRegsLock
                0x0044b154                intConnect
                0x0044b330                intLockLevelGet
                0x0044b234                intVecBaseGet
                0x0044b270                intLevelSet
                0x0044b1c4                intVecGet
 .text          0x0044b364      0x834 /usr/local/clas/devel_new/VxWorks55/ppc/target/lib/ppc/PPC604/common/libarch.a(trcLib.o)
                0x0044b364                trcStack
 .text          0x0044bb98      0x228 /usr/local/clas/devel_new/VxWorks55/ppc/target/lib/ppc/PPC604/common/libarch.a(vxALib.o)
                0x0044bc70                vxHid0Set
                0x0044bc04                vxDsisrSet
                0x0044bcec                vxTimeBaseGet
                0x0044bcb8                vxFpscrGet
                0x0044bbd0                vxMsrSet
                0x0044bd98                vmpxx
                0x0044bbc8                vxMsrGet
                0x0044bbec                vxSrr0Get
                0x0044bbfc                vxDarSet
                0x0044bc34                vxPowerDown
                0x0044bc90                vxFpscrSet
                0x0044bd0c                vxDecSet
                0x0044bcd8                vxTimeBaseSet
                0x0044bc80                vxHid0Get
                0x0044bbe4                vxDsisrGet
                0x0044bc0c                vxSrr0Set
                0x0044bb98                vxTas
                0x0044bda0                vxGhsFlagSet
                0x0044bc2c                vxEieio
                0x0044bd14                vxDecGet
                0x0044bbdc                vxDarGet
                0x0044bc1c                vxFirstBit
                0x0044bd3c                vxMemProbeSup
                0x0044bc24                vxPvrGet
                0x0044bdb4                vxImmrDevGet
                0x0044bd1c                vxDecReload
                0x0044bda8                vxImmrIsbGet
                0x0044bc14                vxSrr1Set
                0x0044bbf4                vxSrr1Get
                0x0044bc88                vxHid1Get
 .text          0x0044bdc0      0x234 /usr/local/clas/devel_new/VxWorks55/ppc/target/lib/ppc/PPC604/common/libarch.a(vxLib.o)
                0x0044bdd4                vxMemArchProbe
                0x0044bfe8                vxPowerModeGet
                0x0044bf9c                vxPowerModeSet
                0x0044bf60                vxMemProbe
 *fill*         0x0044bff4        0x4
 .text          0x0044bff8      0xd2c /usr/local/clas/devel_new/VxWorks55/ppc/target/lib/ppc/PPC604/common/libarch.a(pow.o)
                0x0044c9c4                log
                0x0044bff8                pow
                0x0044cb68                log10
                0x0044c610                exp
 *fill*         0x0044cd24        0x4
 .text          0x0044cd28      0x208 /usr/local/clas/devel_new/VxWorks55/ppc/target/lib/ppc/PPC604/common/libarch.a(sqrt.o)
                0x0044cd28                sqrt
 .text          0x0044cf30      0x1c4 /usr/local/clas/devel_new/VxWorks55/ppc/target/lib/ppc/PPC604/common/libarch.a(trig.o)
                0x0044d0e0                cos
                0x0044cf30                sin
 .text          0x0044d0f4      0x280 /usr/local/clas/devel_new/VxWorks55/ppc/target/lib/ppc/PPC604/common/libarch.a(altivecALib.o)
                0x0044d238                altivecRestore
                0x0044d0f4                altivecSave
 .text          0x0044d374      0x1f0 /usr/local/clas/devel_new/VxWorks55/ppc/target/lib/ppc/PPC604/common/libarch.a(cacheALib.o)
                0x0044d500                cacheArchTextUpdate
                0x0044d374                cachePpcEnable
                0x0044d554                cacheArchPipeFlush
                0x0044d4a4                cacheArchInvalidate
                0x0044d4dc                cacheArchFlush
                0x0044d3b8                cachePpcDisable
 .text          0x0044d564      0x21c /usr/local/clas/devel_new/VxWorks55/ppc/target/lib/ppc/PPC604/common/libarch.a(excALib.o)
                0x0044d694                excExit
                0x0044d564                excEnt
                0x0044d75c                excEPSet
 .text          0x0044d780     0x10a8 /usr/local/clas/devel_new/VxWorks55/ppc/target/lib/ppc/PPC604/common/libdrv.a(endLib.o)
                0x0044e388                endEtherPacketDataGet
                0x0044d7f4                tkRcvRtnCall
                0x0044d908                endFlagsClr
                0x0044e19c                endEtherAddressForm
                0x0044dd94                endObjInit
                0x0044db10                endMibIfInit
                0x0044da00                endMultiLstFirst
                0x0044d948                endFlagsSet
                0x0044d9b4                endMultiLstCnt
                0x0044e52c                endEtherPacketAddrGet
                0x0044da90                endDevName
                0x0044da4c                endMultiLstNext
                0x0044d888                endTxSemTake
                0x0044d8cc                endTxSemGive
                0x0044df28                end8023AddressForm
                0x0044dee4                endObjFlagSet
                0x0044d780                endRcvRtnCall
                0x0044d984                endFlagsGet
                0x0044dc1c                mib2Init
                0x0044dcc0                mib2ErrorAdd
                0x0044e724                endPollStatsInit
                0x0044dac0                endObjectUnload
 .text          0x0044e828      0x5b0 /usr/local/clas/devel_new/VxWorks55/ppc/target/lib/ppc/PPC604/common/libdrv.a(if_loop.o)
                0x0044e828                loattach
                0x0044e924                looutput
 .text          0x0044edd8     0x1f84 /usr/local/clas/devel_new/VxWorks55/ppc/target/lib/ppc/PPC604/common/libnet.a(if.o)
                0x0044ef34                ifreset
                0x0044f108                if_attach
                0x00450124                if_slowtimoRestart
                0x004500c8                if_qflush
                0x0044fdb0                link_rtrequest
                0x0044fe98                if_down
                0x0044fa68                ifaof_ifpforaddr
                0x0044eedc                ifreset2
                0x0044f01c                ifresetImmediate
                0x004507bc                ifconf
                0x0044ffd0                if_up
                0x0044fba4                ifa_ifwithroute
                0x0044edd8                ifinit
                0x0044f7c4                ifa_ifwithdstaddr
                0x0044f874                ifa_ifwithnet
                0x0044fcb8                ifafree
                0x00450a14                ifpromisc
                0x0044f6f8                ifa_ifwithaddr
                0x0044f698                ifIndexToIfp
                0x0044fa18                ifa_ifwithaf
                0x00450300                ifioctl
                0x0044f430                if_dettach
                0x00450160                if_slowtimo
 .text          0x00450d5c     0x29bc /usr/local/clas/devel_new/VxWorks55/ppc/target/lib/ppc/PPC604/common/libnet.a(if_ether.o)
                0x00451788                arpresolve
                0x00451c7c                arpintr
                0x0045332c                ether_sprintf
                0x004531d8                _arpCmd
                0x00453684                _db_show_arptab
                0x0045281c                arptfree
                0x004536f0                db_show_arptab
                0x004532cc                arpEntryDelete
                0x004514a8                arpwhohas
                0x00450f78                arp_rtrequest
                0x00450f3c                ipEtherResolvRtn
                0x00452a2c                arpioctl
                0x00453394                db_print_sa
                0x00450f04                ipToEtherMCastMap
 .text          0x00453718     0x1a54 /usr/local/clas/devel_new/VxWorks55/ppc/target/lib/ppc/PPC604/common/libnet.a(if_subr.o)
                0x00454a60                copyFromMbufs
                0x00454dac                set_if_addr
                0x00454e50                ether_attach
                0x00453718                ether_output
                0x00454274                ether_addmulti
                0x004550b8                netTypeDelete
                0x00454a38                bcopy_to_mbufs
                0x0045413c                ether_ifattach
                0x00454d54                do_protocol_with_type
                0x00454c38                build_cluster
                0x00454a34                check_trailer
                0x00454f9c                netTypeAdd
                0x004546bc                ether_delmulti
                0x00453f94                ether_input
                0x00455144                netTypeInit
 .text          0x0045516c     0x1f04 /usr/local/clas/devel_new/VxWorks55/ppc/target/lib/ppc/PPC604/common/libnet.a(in.o)
                0x00456ea0                mcastHashTblInsert
                0x004562ac                in_ifscrub
                0x00456c40                in_delmulti
                0x00455448                in_control
                0x0045685c                in_broadcast
                0x0045516c                inet_netmatch
                0x00455274                in_localaddr
                0x004563cc                in_ifinit
                0x004551dc                in_netof
                0x004568f8                in_addmulti
                0x00456f78                mcastHashTblLookup
                0x004552fc                in_canforward
                0x00455364                in_socktrim
                0x00456e30                in_iaonnetof
                0x00456740                in_ifaddr_remove
                0x00456e64                mcastHashInit
                0x0045539c                in_lnaof
                0x00456f24                mcastHashTblDelete
 .text          0x00457070     0x2304 /usr/local/clas/devel_new/VxWorks55/ppc/target/lib/ppc/PPC604/common/libnet.a(ip_input.o)
                0x00458704                ip_drain
                0x00458780                ip_dooptions
                0x00458d2c                ip_stripoptions
                0x004572fc                ipintr
                0x00457070                ip_init
                0x004585ac                ip_slowtimo
                0x00458dc0                ip_forward
                0x00458c54                ip_rtaddr
                0x00458520                iptime
                0x004583dc                ip_freef
 .text          0x00459374     0x2478 /usr/local/clas/devel_new/VxWorks55/ppc/target/lib/ppc/PPC604/common/libnet.a(ip_output.o)
                0x00459374                ip_output
                0x0045a92c                ip_ctloutput
                0x0045b5f4                ip_mloopback
                0x0045a824                ip_optcopy
                0x0045b45c                ip_getmoptions
                0x0045ae54                ip_pcbopts
                0x0045b58c                ip_freemoptions
 .text          0x0045b7ec     0x214c /usr/local/clas/devel_new/VxWorks55/ppc/target/lib/ppc/PPC604/common/libnet.a(radix.o)
                0x0045ca0c                rn_delete
                0x0045b7ec                rn_search
                0x0045babc                rn_match
                0x0045be08                rn_insert
                0x0045bdc0                rn_newpair
                0x0045d430                rn_walktree
                0x0045bf7c                rn_addmask
                0x0045d280                rn_walksubtree
                0x0045b868                rn_refines
                0x0045d66c                rn_destroyhead
                0x0045b824                rn_search_m
                0x0045d6a0                rn_init
                0x0045b940                rn_lookup
                0x0045c538                rn_addroute
                0x0045d520                rn_inithead
 .text          0x0045d938     0x278c /usr/local/clas/devel_new/VxWorks55/ppc/target/lib/ppc/PPC604/common/libnet.a(route.o)
                0x0045fc0c                rt_maskedcopy
                0x0045e38c                rtfree
                0x0045f93c                rt_fixdelete
                0x0045d9ac                route_init
                0x0045e848                rtredirect
                0x0045ddc0                routeDrain
                0x0045ef40                rtrequest
                0x0045dea8                rtalloc1
                0x0045f998                rt_setgate
                0x0045fcac                rtinit
                0x0045f6b8                routeSwap
                0x0045d938                rtable_init
                0x0045ec30                rtioctl
                0x0045de48                rtalloc
 .text          0x004600c4     0x22c8 /usr/local/clas/devel_new/VxWorks55/ppc/target/lib/ppc/PPC604/common/libnet.a(udp_usrreq.o)
                0x00461aa4                udp_output
                0x00461ea0                udp_usrreq
                0x004601cc                udp_input
                0x004600c4                udp_init
                0x00461920                udp_ctlinput
 .text          0x0046238c      0x540 /usr/local/clas/devel_new/VxWorks55/ppc/target/lib/ppc/PPC604/common/libnet.a(uipc_dom.o)
                0x00462690                pfctlinput
                0x0046238c                addDomain
                0x004625cc                net_sysctl
                0x004624a0                pffindtype
                0x004623b4                domaininit
                0x00462510                pffindproto
 .text          0x004628cc      0xcb8 /usr/local/clas/devel_new/VxWorks55/ppc/target/lib/ppc/PPC604/common/libnet.a(uipc_mbuf.o)
                0x00462a90                mbinit
                0x00463074                m_pullup
                0x00462d14                mHdrClGet
                0x00462f00                m_adj
                0x00462edc                m_cat
                0x00462c60                mBufClGet
                0x00462ddc                m_getclr
                0x00462e20                m_prepend
                0x004632a4                m_devget
 .text          0x00463584     0x17d8 /usr/local/clas/devel_new/VxWorks55/ppc/target/lib/ppc/PPC604/common/libnet.a(uipc_sock2.o)
                0x00463a58                soqremque
                0x00464a7c                sbdrop
                0x00463b18                socantrcvmore
                0x00463688                soisdisconnecting
                0x00463bbc                sbseldequeue
                0x00463ee8                soreserve
                0x00464008                sbrelease
                0x00464cdc                sbdroprecord
                0x00463d00                sb_lock
                0x00463598                soisconnected
                0x00463f9c                sbreserve
                0x00463d58                sbwakeup
                0x00464050                sbappend
                0x004640c0                sbappendrecord
                0x004644e0                sbappendcontrol
                0x00463b78                sbselqueue
                0x00463708                soisdisconnected
                0x004639d4                soqinsque
                0x00463e8c                sowakeup
                0x004648bc                sbflush
                0x00463790                sonewconn1
                0x00464268                sbappendaddr
                0x00463ae0                socantsendmore
                0x00463584                soisconnecting
                0x004646e8                sbcompress
                0x00463c18                sbwait
                0x00464188                sbinsertoob
 .text          0x00464d5c      0x4dc /usr/local/clas/devel_new/VxWorks55/ppc/target/lib/ppc/PPC604/common/libnet.a(unixLib.o)
                0x00464fc4                _insque
                0x00464e5c                splimp
                0x004650d4                _netFree
                0x00464fa4                wakeup
                0x00464ff8                panic
                0x0046507c                _netMalloc
                0x00464df4                splnet2
                0x00464d8c                splnet
                0x00464ec4                splx
                0x00464efc                ksleep
                0x00464fdc                _remque
                0x00465100                hashinit
                0x00464d5c                splSemInit
 .text          0x00465238     0x21ec /usr/local/clas/devel_new/VxWorks55/ppc/target/lib/ppc/PPC604/common/libnet.a(ipProto.o)
                0x004664f8                ipDetach
                0x004658d8                ipTkError
                0x00465a98                ipAttach
                0x004673ec                ipMuxCookieGet
 .text          0x00467424     0x1cec /usr/local/clas/devel_new/VxWorks55/ppc/target/lib/ppc/PPC604/common/libnet.a(bsdSockLib.o)
                0x00468c7c                bsdGetsockopt
                0x00468b90                bsdSetsockopt
                0x004683d4                bsdRecvfrom
                0x00468f9c                bsdGetpeername
                0x00467424                bsdSockLibInit
                0x00467e70                bsdSend
                0x004690c0                bsdShutdown
                0x00468e90                bsdGetsockname
                0x00467c98                bsdSendto
                0x00468810                bsdRecvmsg
                0x0046762c                bsdBind
                0x004685c8                bsdRecv
                0x004676d0                bsdListen
                0x004680d4                bsdSendmsg
                0x0046795c                bsdConnect
                0x00467730                bsdAccept
                0x004674d8                bsdSocket
                0x00469108                bsdZbufSockRtn
                0x00467aec                bsdConnectWithTimeout
 .text          0x00469110      0x358 /usr/local/clas/devel_new/VxWorks55/ppc/target/lib/ppc/PPC604/common/libnet.a(etherMultiLib.o)
                0x00469110                etherMultiAdd
                0x004692bc                etherMultiDel
                0x00469364                etherMultiGet
 .text          0x00469468     0x1e08 /usr/local/clas/devel_new/VxWorks55/ppc/target/lib/ppc/PPC604/common/libnet.a(ftpLib.o)
                0x0046a4d8                ftpLogin
                0x00469f8c                ftpReplyGet
                0x00469468                ftpCommand
                0x0046b030                ftpTransientConfigGet
                0x0046b00c                ftpLibDebugOptionsSet
                0x004694ac                ftpCommandEnhanced
                0x00469680                ftpXfer
                0x0046a604                ftpDataConnInitPassiveMode
                0x00469fcc                ftpReplyGetEnhanced
                0x0046b090                ftpTransientFatalInstall
                0x0046ae34                ftpDataConnGet
                0x0046a960                ftpDataConnInit
                0x0046a280                ftpHookup
                0x0046ae98                ftpLs
                0x0046b018                ftpTransientConfigSet
 .text          0x0046b270      0x810 /usr/local/clas/devel_new/VxWorks55/ppc/target/lib/ppc/PPC604/common/libnet.a(hostLib.o)
                0x0046b270                hostTblInit
                0x0046b738                hostGetByName
                0x0046b9c0                sethostname
                0x0046b650                hostTblSearchByName
                0x0046b48c                hostDelete
                0x0046b2c4                hostAdd
                0x0046ba14                gethostname
                0x0046b7d0                hostTblSearchByAddr
                0x0046b8a4                hostGetByAddr
 .text          0x0046ba80      0x8c8 /usr/local/clas/devel_new/VxWorks55/ppc/target/lib/ppc/PPC604/common/libnet.a(icmpLib.o)
                0x0046ba80                icmpLibInit
                0x0046c20c                ipHeaderCreate
                0x0046c2c4                ipHeaderVerify
                0x0046bb70                icmpMaskGet
 .text          0x0046c348     0x11d4 /usr/local/clas/devel_new/VxWorks55/ppc/target/lib/ppc/PPC604/common/libnet.a(ifLib.o)
                0x0046d300                ifRouteEnable
                0x0046d1d4                ifIndexToIfName
                0x0046c6d8                ifMaskGet
                0x0046c514                ifAddrDelete
                0x0046c540                ifAddrGet
                0x0046c7dc                ifFlagSet
                0x0046cc28                ifRouteDelete
                0x0046c808                ifFlagGet
                0x0046d018                ifunit
                0x0046d170                ifNameToIfIndex
                0x0046c5f0                ifDstAddrGet
                0x0046c860                ifMetricGet
                0x0046c704                ifFlagChange
                0x0046c56c                ifBroadcastSet
                0x0046c5c4                ifDstAddrSet
                0x0046d4dc                ifRouteCleanup
                0x0046c348                ifAddrAdd
                0x0046c834                ifMetricSet
                0x0046cf44                ifAllRoutesDelete
                0x0046d40c                ifRouteDisable
                0x0046c6ac                ifMaskSet
                0x0046c598                ifBroadcastGet
                0x0046c4e8                ifAddrSet
 .text          0x0046d51c       0xf4 /usr/local/clas/devel_new/VxWorks55/ppc/target/lib/ppc/PPC604/common/libnet.a(igmpLib.o)
                0x0046d51c                igmpLibInit
 .text          0x0046d610      0x694 /usr/local/clas/devel_new/VxWorks55/ppc/target/lib/ppc/PPC604/common/libnet.a(inetLib.o)
                0x0046d990                inet_netof_string
                0x0046d884                inet_makeaddr_b
                0x0046db7c                inet_ntoa_b
                0x0046d838                inet_lnaof
                0x0046d8e4                inet_makeaddr
                0x0046d944                inet_netof
                0x0046d610                inet_addr
                0x0046d9e8                inet_network
                0x0046dc18                inet_aton
                0x0046dbc4                inet_ntoa
 .text          0x0046dca4      0x2d8 /usr/local/clas/devel_new/VxWorks55/ppc/target/lib/ppc/PPC604/common/libnet.a(ipLib.o)
                0x0046dcc8                ipLibMultiInit
                0x0046ddf0                rawIpLibInit
                0x0046dca4                ipLibInit
                0x0046deb4                rawLibInit
 .text          0x0046df7c     0x2b88 /usr/local/clas/devel_new/VxWorks55/ppc/target/lib/ppc/PPC604/common/libnet.a(muxLib.o)
                0x00470760                muxPollDevDel
                0x0046f510                muxLinkHeaderCreate
                0x0046fe90                muxDevStopAll
                0x00470128                muxPollTask
                0x0046fdc0                muxAddrResFuncDel
                0x004702c8                muxTaskPrioritySet
                0x0046f0c0                muxMCastAddrAdd
                0x0046f938                endFindByName
                0x0046e414                muxShow
                0x0046ed58                muxPollReceive
                0x0046f1c8                muxUnbind
                0x004702a4                muxTaskDelayGet
                0x0046f170                muxMCastAddrGet
                0x0046e6c8                muxBind
                0x00470514                muxPollEnd
                0x0046fc18                muxAddrResFuncAdd
                0x0046e990                muxSend
                0x0047007c                muxDevStartAll
                0x00470284                muxTaskDelaySet
                0x0046fd38                muxAddrResFuncGet
                0x0046fa34                muxTxRestart
                0x0046edb0                muxIoctl
                0x0046e2e0                muxDevStart
                0x0046f31c                muxDevUnload
                0x0046e088                muxDevLoad
                0x0046f840                muxPacketDataGet
                0x0046ec74                muxPollSend
                0x0046f6b0                muxAddressForm
                0x0046eaa0                muxReceive
                0x004709c4                muxIterateByName
                0x0046fa08                muxDevExists
                0x0047037c                muxPollStart
                0x0046fb1c                muxError
                0x00470358                muxTaskPriorityGet
                0x0046f118                muxMCastAddrDel
                0x0046e3bc                muxDevStop
                0x0046df7c                muxLibInit
                0x0046f8ac                muxPacketAddrGet
                0x00470628                muxPollDevAdd
                0x004708d4                muxPollDevStat
 .text          0x00470b04     0x18ac /usr/local/clas/devel_new/VxWorks55/ppc/target/lib/ppc/PPC604/common/libnet.a(muxTkLib.o)
                0x00471644                muxTkSend
                0x00471704                muxTkPollReceive
                0x004721f4                muxTkBindUpdate
                0x004722c8                muxTkUnloadUpdate
                0x00471160                muxTkReceive
                0x00470ca4                muxTkBind
                0x00472044                muxTkDevLoadUpdate
                0x004716ac                muxTkPollSend
                0x004721d4                muxTkUnbindUpdate
                0x00471f68                muxTkBibInit
                0x00470bd8                muxTkCookieGet
                0x00471dc4                muxTkBibShow
                0x00471870                muxTkPollReceive2
                0x00470b04                muxTkDrvCheck
 .text          0x004723b0      0x300 /usr/local/clas/devel_new/VxWorks55/ppc/target/lib/ppc/PPC604/common/libnet.a(netLib.o)
                0x00472554                netTask
                0x004725e0                netJobAdd
                0x004723b0                netLibGeneralInit
                0x00472430                netLibInit
                0x00472690                netErrnoSet
 .text          0x004726b0      0xaa0 /usr/local/clas/devel_new/VxWorks55/ppc/target/lib/ppc/PPC604/common/libnet.a(pingLib.o)
                0x00472700                ping
                0x004726b0                pingLibInit
 .text          0x00473150      0x7f0 /usr/local/clas/devel_new/VxWorks55/ppc/target/lib/ppc/PPC604/common/libnet.a(remLib.o)
                0x0047315c                rcmd
                0x00473150                remLibInit
                0x004737ac                iam
                0x0047368c                remCurIdGet
                0x004737ec                whoami
                0x004736e0                remCurIdSet
                0x004735f4                rresvport
                0x00473844                bindresvport
 .text          0x00473940      0x928 /usr/local/clas/devel_new/VxWorks55/ppc/target/lib/ppc/PPC604/common/libnet.a(routeLib.o)
                0x00473b14                routeCmd
                0x00473ed8                mRouteEntryAdd
                0x00473940                routeAdd
                0x00474160                mRouteDelete
                0x00473ba8                routeEntryFill
                0x00473ca4                mRouteAdd
                0x00473a44                routeDelete
                0x00473efc                mRouteEntryDelete
                0x00473d3c                mPrivRouteEntryAdd
                0x004740a4                mPrivRouteEntryDelete
                0x00473968                routeNetAdd
 .text          0x00474268      0x2f4 /usr/local/clas/devel_new/VxWorks55/ppc/target/lib/ppc/PPC604/common/libnet.a(routeCommonLib.o)
                0x0047445c                routeMetricSet
                0x00474324                rtrequestDelEqui
                0x0047435c                routeAgeSet
                0x00474268                rtrequestAddEqui
 .text          0x0047455c      0xdcc /usr/local/clas/devel_new/VxWorks55/ppc/target/lib/ppc/PPC604/common/libnet.a(sockLib.o)
                0x00474de0                recv
                0x00474948                connect
                0x004745e0                sockLibAdd
                0x00474cf0                recvfrom
                0x0047469c                socket
                0x0047455c                sockLibInit
                0x00474ba0                send
                0x0047487c                accept
                0x0047474c                bind
                0x00474f38                setsockopt
                0x00474c4c                sendmsg
                0x00474ab0                sendto
                0x004747ec                listen
                0x00475244                shutdown
                0x0047518c                getpeername
                0x00474ffc                getsockopt
                0x004749f4                connectWithTimeout
                0x004752dc                sockFdtosockFunc
                0x00474e94                recvmsg
                0x004750d4                getsockname
 .text          0x00475328      0x23c /usr/local/clas/devel_new/VxWorks55/ppc/target/lib/ppc/PPC604/common/libnet.a(tcpLib.o)
                0x00475328                tcpLibInit
 .text          0x00475564     0x19d4 /usr/local/clas/devel_new/VxWorks55/ppc/target/lib/ppc/PPC604/common/libnet.a(tftpLib.o)
                0x00476a24                tftpErrorCreate
                0x00475ad4                tftpModeSet
                0x004758b8                tftpCopy
                0x00476378                tftpQuit
                0x00475564                tftpXfer
                0x004763d0                tftpSend
                0x00475a00                tftpInit
                0x0047627c                tftpInfoShow
                0x00475fa4                tftpGet
                0x00475808                tftpTask
                0x00475bcc                tftpPeerSet
                0x00475cfc                tftpPut
 .text          0x00476f38      0x13c /usr/local/clas/devel_new/VxWorks55/ppc/target/lib/ppc/PPC604/common/libnet.a(udpLib.o)
                0x00476f38                udpLibInit
 .text          0x00477074     0x19dc /usr/local/clas/devel_new/VxWorks55/ppc/target/lib/ppc/PPC604/common/libnet.a(netBufLib.o)
                0x00478094                netClFree
                0x004780d8                netMblkClFree
                0x004781a4                netClBlkGet
                0x00478584                netMblkChainDup
                0x00478364                netClBlkJoin
                0x00477ed8                netPoolKheapInit
                0x004784cc                netMblkDup
                0x00478048                netClBlkFree
                0x00478960                netTupleGet2
                0x00477e74                netBufLibInit
                0x00478004                netMblkFree
                0x0047843c                netMblkToBufCopy
                0x0047823c                netMblkClGet
                0x00478118                netMblkClChainFree
                0x00477f34                netPoolDelete
                0x00478288                netTupleGet
                0x00477e7c                netPoolInit
                0x004787c8                netMblkOffsetToBufCopy
                0x00478158                netMblkGet
                0x004781f0                netClusterGet
                0x004783f0                netClPoolIdGet
                0x004783b0                netMblkClJoin
 .text          0x00478a50      0x1b4 /usr/local/clas/devel_new/VxWorks55/ppc/target/lib/ppc/PPC604/common/libnet.a(ifIndexLib.o)
                0x00478b84                ifIndexTest
                0x00478b00                ifIndexAlloc
                0x00478a9c                ifIndexLibShutdown
                0x00478a50                ifIndexLibInit
 .text          0x00478c04     0x1238 /usr/local/clas/devel_new/VxWorks55/ppc/target/lib/ppc/PPC604/common/libnet.a(igmp.o)
                0x004798cc                igmp_fasttimo
                0x00479a8c                igmp_slowtimo
                0x00478e0c                igmp_input
                0x00478c04                igmp_init
 .text          0x00479e3c      0x300 /usr/local/clas/devel_new/VxWorks55/ppc/target/lib/ppc/PPC604/common/libnet.a(in_cksum.o)
                0x00479e3c                in_cksum
 .text          0x0047a13c     0x1a24 /usr/local/clas/devel_new/VxWorks55/ppc/target/lib/ppc/PPC604/common/libnet.a(in_pcb.o)
                0x0047a13c                in_pcballoc
                0x0047ba5c                in_pcbinshash
                0x0047b308                in_pcbnotify
                0x0047b6d8                in_rtchange
                0x0047b718                in_pcblookup
                0x0047a29c                in_pcbbind
                0x0047b288                in_setpeeraddr
                0x0047b560                in_losing
                0x0047a868                in_pcbladdr
                0x0047b208                in_setsockaddr
                0x0047b154                in_pcbdetach
                0x0047b87c                in_pcblookuphash
                0x0047ae1c                in_pcbconnect
                0x0047b05c                in_pcbdisconnect
                0x0047bab8                in_pcbrehash
 .text          0x0047bb60     0x1644 /usr/local/clas/devel_new/VxWorks55/ppc/target/lib/ppc/PPC604/common/libnet.a(ip_icmp.o)
                0x0047d08c                icmp_ctloutput
                0x0047c1b0                icmp_input
                0x0047bb60                icmp_init
 .text          0x0047d1a4     0x12fc /usr/local/clas/devel_new/VxWorks55/ppc/target/lib/ppc/PPC604/common/libnet.a(raw_ip.o)
                0x0047de1c                rip_usrreq
                0x0047d848                rip_output
                0x0047da84                rip_ctloutput
                0x0047d1a4                rip_init
                0x0047d2a8                rip_input
 .text          0x0047e4a0      0x564 /usr/local/clas/devel_new/VxWorks55/ppc/target/lib/ppc/PPC604/common/libnet.a(sys_socket.o)
                0x0047e708                soo_select
                0x0047e8d8                soo_unselect
                0x0047e4a0                soo_ioctl
 .text          0x0047ea04     0x3698 /usr/local/clas/devel_new/VxWorks55/ppc/target/lib/ppc/PPC604/common/libnet.a(tcp_input.o)
                0x00481b7c                tcp_pulloutofband
                0x00481df8                tcp_mss
                0x00481984                tcp_dooptions
                0x0047ea04                tcp_reass
                0x00481cfc                tcp_xmit_timer
                0x0047ee8c                tcp_input
 .text          0x0048209c      0xdc0 /usr/local/clas/devel_new/VxWorks55/ppc/target/lib/ppc/PPC604/common/libnet.a(tcp_output.o)
                0x00482da8                tcp_setpersist
                0x0048209c                tcp_output
 .text          0x00482e5c     0x11f4 /usr/local/clas/devel_new/VxWorks55/ppc/target/lib/ppc/PPC604/common/libnet.a(tcp_subr.o)
                0x00482e5c                tcpRandHookAdd
                0x004836b4                tcp_close
                0x00483158                tcp_respond
                0x00483e34                tcp_rtlookup
                0x00483990                tcp_notify
                0x00483c68                tcp_ctlinput
                0x0048398c                tcp_drain
                0x00483eb0                tcp_updatemtu
                0x00483e1c                tcp_quench
                0x00482e90                tcp_init
                0x00483088                tcp_template
                0x00482e7c                tcpRandHookDelete
                0x00483454                tcp_newtcpcb
                0x00483534                tcp_drop
 .text          0x00484050      0x7a8 /usr/local/clas/devel_new/VxWorks55/ppc/target/lib/ppc/PPC604/common/libnet.a(tcp_timer.o)
                0x004843d0                tcp_canceltimers
                0x00484050                tcp_fasttimo
                0x00484190                tcp_slowtimo
                0x004843f0                tcp_timers
 .text          0x004847f8     0x1018 /usr/local/clas/devel_new/VxWorks55/ppc/target/lib/ppc/PPC604/common/libnet.a(tcp_usrreq.o)
                0x004853fc                tcp_attach
                0x00485618                tcp_disconnect
                0x00485764                tcp_usrclosed
                0x004847f8                tcp_usrreq
                0x004850c0                tcp_ctloutput
 .text          0x00485810     0x2d38 /usr/local/clas/devel_new/VxWorks55/ppc/target/lib/ppc/PPC604/common/libnet.a(uipc_sock.o)
                0x00487248                soreceive
                0x004864e4                soaccept
                0x00487d18                soshutdown
                0x004863f4                soabort
                0x00485db0                sofree
                0x004868cc                soconnect2
                0x00487f30                sosetopt
                0x00488434                uiomove
                0x004866c4                soconnect
                0x00487e40                sorflush
                0x00485c30                solisten
                0x00486958                sodisconnect
                0x00485b14                sobind
                0x00486000                soclose
                0x004881f8                sogetopt
                0x00486a94                sosend
                0x00485810                socreate
                0x00488430                sohasoutofband
 .text          0x00488548      0x51c /usr/local/clas/devel_new/VxWorks55/ppc/target/lib/ppc/PPC604/common/libnet.a(random.o)
                0x004889a4                random
                0x00488820                setstate
                0x00488648                initstate
                0x00488548                srandom
 .text          0x00488a64       0xa8 /usr/local/clas/devel_new/VxWorks55/ppc/target/lib/ppc/PPC604/common/libos.a(fabs.o)
                0x00488a64                fabs
 .text          0x00488b0c      0x120 /usr/local/clas/devel_new/VxWorks55/ppc/target/lib/ppc/PPC604/common/libos.a(fclose.o)
                0x00488b0c                fclose
 .text          0x00488c2c      0x178 /usr/local/clas/devel_new/VxWorks55/ppc/target/lib/ppc/PPC604/common/libos.a(fflush.o)
                0x00488c2c                fflush
                0x00488cac                __sflush
 .text          0x00488da4      0x18c /usr/local/clas/devel_new/VxWorks55/ppc/target/lib/ppc/PPC604/common/libos.a(fgets.o)
                0x00488da4                fgets
 .text          0x00488f30       0xb0 /usr/local/clas/devel_new/VxWorks55/ppc/target/lib/ppc/PPC604/common/libos.a(fopen.o)
                0x00488f30                fopen
 .text          0x00488fe0       0xf8 /usr/local/clas/devel_new/VxWorks55/ppc/target/lib/ppc/PPC604/common/libos.a(fprintf.o)
                0x00488fe0                fprintf
 .text          0x004890d8      0x124 /usr/local/clas/devel_new/VxWorks55/ppc/target/lib/ppc/PPC604/common/libos.a(gets.o)
                0x004890d8                gets
 .text          0x004891fc       0x90 /usr/local/clas/devel_new/VxWorks55/ppc/target/lib/ppc/PPC604/common/libos.a(perror.o)
                0x004891fc                perror
 .text          0x0048928c      0x1a0 /usr/local/clas/devel_new/VxWorks55/ppc/target/lib/ppc/PPC604/common/libos.a(refill.o)
                0x004892c8                __srefill
 .text          0x0048942c       0x58 /usr/local/clas/devel_new/VxWorks55/ppc/target/lib/ppc/PPC604/common/libos.a(rget.o)
                0x0048942c                __srget
 .text          0x00489484       0xf4 /usr/local/clas/devel_new/VxWorks55/ppc/target/lib/ppc/PPC604/common/libos.a(scanf.o)
                0x00489484                scanf
 .text          0x00489578      0x160 /usr/local/clas/devel_new/VxWorks55/ppc/target/lib/ppc/PPC604/common/libos.a(stdio.o)
                0x00489644                __sseek
                0x00489578                __sread
                0x00489698                __sclose
                0x004895cc                __swrite
 .text          0x004896d8      0x400 /usr/local/clas/devel_new/VxWorks55/ppc/target/lib/ppc/PPC604/common/libos.a(stdioLib.o)
                0x004896d8                stdioInit
                0x00489a90                __stderr
                0x00489a00                __stdin
                0x00489750                stdioFpCreate
                0x00489804                stdioFpDestroy
                0x00489a48                __stdout
                0x004899a8                stdioFp
 .text          0x00489ad8      0x278 /usr/local/clas/devel_new/VxWorks55/ppc/target/lib/ppc/PPC604/common/libos.a(ungetc.o)
                0x00489bc4                ungetc
 .text          0x00489d50       0xf4 /usr/local/clas/devel_new/VxWorks55/ppc/target/lib/ppc/PPC604/common/libos.a(wbuf.o)
                0x00489d50                __swbuf
 .text          0x00489e44       0xec /usr/local/clas/devel_new/VxWorks55/ppc/target/lib/ppc/PPC604/common/libos.a(wsetup.o)
                0x00489e44                __swsetup
 .text          0x00489f30      0x324 /usr/local/clas/devel_new/VxWorks55/ppc/target/lib/ppc/PPC604/common/libos.a(vfprintf.o)
                0x00489f30                vfprintf
 .text          0x0048a254       0x10 /usr/local/clas/devel_new/VxWorks55/ppc/target/lib/ppc/PPC604/common/libos.a(abs.o)
                0x0048a254                abs
 .text          0x0048a264       0x24 /usr/local/clas/devel_new/VxWorks55/ppc/target/lib/ppc/PPC604/common/libos.a(atof.o)
                0x0048a264                atof
 .text          0x0048a288       0x28 /usr/local/clas/devel_new/VxWorks55/ppc/target/lib/ppc/PPC604/common/libos.a(atoi.o)
                0x0048a288                atoi
 .text          0x0048a2b0       0x28 /usr/local/clas/devel_new/VxWorks55/ppc/target/lib/ppc/PPC604/common/libos.a(atol.o)
                0x0048a2b0                atol
 .text          0x0048a2d8      0x564 /usr/local/clas/devel_new/VxWorks55/ppc/target/lib/ppc/PPC604/common/libos.a(strtod.o)
                0x0048a7a4                __exp10
                0x0048a2d8                strtod
 .text          0x0048a83c      0x264 /usr/local/clas/devel_new/VxWorks55/ppc/target/lib/ppc/PPC604/common/libos.a(strtol.o)
                0x0048a83c                strtol
 .text          0x0048aaa0      0x230 /usr/local/clas/devel_new/VxWorks55/ppc/target/lib/ppc/PPC604/common/libos.a(strtoul.o)
                0x0048aaa0                strtoul
 .text          0x0048acd0       0x34 /usr/local/clas/devel_new/VxWorks55/ppc/target/lib/ppc/PPC604/common/libos.a(memchr.o)
                0x0048acd0                memchr
 .text          0x0048ad04       0x48 /usr/local/clas/devel_new/VxWorks55/ppc/target/lib/ppc/PPC604/common/libos.a(memcpy.o)
                0x0048ad04                memcpy
 .text          0x0048ad4c       0x60 /usr/local/clas/devel_new/VxWorks55/ppc/target/lib/ppc/PPC604/common/libos.a(memmove.o)
                0x0048ad4c                memmove
 .text          0x0048adac       0x4c /usr/local/clas/devel_new/VxWorks55/ppc/target/lib/ppc/PPC604/common/libos.a(memset.o)
                0x0048adac                memset
 .text          0x0048adf8       0x3c /usr/local/clas/devel_new/VxWorks55/ppc/target/lib/ppc/PPC604/common/libos.a(strcat.o)
                0x0048adf8                strcat
 .text          0x0048ae34       0x34 /usr/local/clas/devel_new/VxWorks55/ppc/target/lib/ppc/PPC604/common/libos.a(strchr.o)
                0x0048ae34                strchr
 .text          0x0048ae68       0x40 /usr/local/clas/devel_new/VxWorks55/ppc/target/lib/ppc/PPC604/common/libos.a(strcmp.o)
                0x0048ae68                strcmp
 .text          0x0048aea8       0x28 /usr/local/clas/devel_new/VxWorks55/ppc/target/lib/ppc/PPC604/common/libos.a(strcpy.o)
                0x0048aea8                strcpy
 .text          0x0048aed0      0x174 /usr/local/clas/devel_new/VxWorks55/ppc/target/lib/ppc/PPC604/common/libos.a(strerror.o)
                0x0048aef0                strerror
                0x0048aed0                strerror_r
 .text          0x0048b044       0x1c /usr/local/clas/devel_new/VxWorks55/ppc/target/lib/ppc/PPC604/common/libos.a(strlen.o)
                0x0048b044                strlen
 .text          0x0048b060       0x4c /usr/local/clas/devel_new/VxWorks55/ppc/target/lib/ppc/PPC604/common/libos.a(strncmp.o)
                0x0048b060                strncmp
 .text          0x0048b0ac       0x60 /usr/local/clas/devel_new/VxWorks55/ppc/target/lib/ppc/PPC604/common/libos.a(strncpy.o)
                0x0048b0ac                strncpy
 .text          0x0048b10c       0x68 /usr/local/clas/devel_new/VxWorks55/ppc/target/lib/ppc/PPC604/common/libos.a(strstr.o)
                0x0048b10c                strstr
 .text          0x0048b174       0xa4 /usr/local/clas/devel_new/VxWorks55/ppc/target/lib/ppc/PPC604/common/libos.a(strtok_r.o)
                0x0048b174                strtok_r
 .text          0x0048b218       0x84 /usr/local/clas/devel_new/VxWorks55/ppc/target/lib/ppc/PPC604/common/libos.a(asctime.o)
                0x0048b218                asctime
                0x0048b268                asctime_r
 .text          0x0048b29c      0x120 /usr/local/clas/devel_new/VxWorks55/ppc/target/lib/ppc/PPC604/common/libos.a(localtime.o)
                0x0048b29c                localtime
                0x0048b2e0                localtime_r
 .text          0x0048b3bc      0xbf8 /usr/local/clas/devel_new/VxWorks55/ppc/target/lib/ppc/PPC604/common/libos.a(strftime.o)
                0x0048bb7c                __getDstInfo
                0x0048b3bc                strftime
                0x0048be64                __getZoneInfo
 .text          0x0048bfb4       0x58 /usr/local/clas/devel_new/VxWorks55/ppc/target/lib/ppc/PPC604/common/libos.a(time.o)
                0x0048bfb4                time