
Allocating common symbols
Common symbol       size              file

_func_smObjObjShow  0x4               tmp.2
taskSwitchTable     0x44              tmp.2
inetsw              0x340             tmp.2
msgQDistShowRtn     0x4               tmp.2
_func_evtLogT1_noTS
                    0x4               tmp.2
__func_type_info type_info node
                    0xc               tmp.2
mCastHashInfo       0x8               tmp.2
ifnet               0x4               tmp.2
_func_spyStop       0x4               tmp.2
rlogindSocket       0x4               tmp.2
workQWriteIx        0x1               tmp.2
bad_alloc type_info node
                    0xc               tmp.2
_func_excInfoShow   0x4               tmp.2
filebuf type_info node
                    0xc               tmp.2
ip_id               0x2               tmp.2
_func_evtLogReserveTaskName
                    0x4               tmp.2
dbgLockUnbreakable  0x4               tmp.2
drvTable            0x4               tmp.2
ip_protox           0x100             tmp.2
DCACHE_CTRL         0x80              tmp.2
global_emfloatstruct
                    0x18              tmp.2
zeroin_addr         0x4               tmp.2
__attr_type_info type_info node
                    0xc               tmp.2
_func_trgCheck      0x4               tmp.2
frcSysBoardId       0x3               tmp.2
pWvNetEventMap      0x4               tmp.2
pAltivecRegSetObj   0x4               tmp.2
workQReadIx         0x1               tmp.2
use_result_dummy    0x4               tmp.2
fppDisplayHookRtn   0x4               tmp.2
cbioClass           0x34              tmp.2
ioDefPath           0x100             tmp.2
_func_taskCreateHookAdd
                    0x4               tmp.2
somaxconn           0x4               tmp.2
_func_dspRegsListHook
                    0x4               tmp.2
_func_tmrConnect    0x4               tmp.2
max_protohdr        0x4               tmp.2
_func_evtLogTSched  0x4               tmp.2
tcpstat             0xd0              tmp.2
vxIntStackBase      0x4               tmp.2
_func_dspTaskRegsShow
                    0x4               tmp.2
workQIsEmpty        0x4               tmp.2
arp_allocated       0x4               tmp.2
trgEvtClass         0x4               tmp.2
_func_selPtyDelete  0x4               tmp.2
wvDefaultBufOptions
                    0x4               tmp.2
mmuLibFuncs         0x28              tmp.2
redirOutFd          0x4               tmp.2
taskSwapTable       0x44              tmp.2
_func_evtLogO       0x4               tmp.2
pEndPktDev          0x4               tmp.2
_func_selWakeupListInit
                    0x4               tmp.2
_wdbTaskBpBreakpoint
                    0x4               tmp.2
global_ofile_name   0x3c              tmp.2
rttrash             0x4               tmp.2
_wdbTaskCont        0x4               tmp.2
semMGiveKernWork    0x4               tmp.2
_IO_ostream_withassign type_info node
                    0x10              tmp.2
ftpsCurrentClients  0x4               tmp.2
wvLogHeader         0x4               tmp.2
trgCnt              0x4               tmp.2
errno               0x4               tmp.2
mmuStateTransArraySize
                    0x4               tmp.2
pIntf               0x4               tmp.2
_func_ioTaskStdSet  0x4               tmp.2
_func_excIntHook    0x4               tmp.2
logic_error type_info node
                    0xc               tmp.2
_func_selPtyAdd     0x4               tmp.2
tot_out_error       0x50              tmp.2
kernelState         0x4               tmp.2
_func_evtLogM1      0x4               tmp.2
_ios_fields type_info node
                    0x8               tmp.2
yyerrflag           0x4               tmp.2
_func_sigExcKill    0x4               tmp.2
_func_wvNetPortFilterTest
                    0x4               tmp.2
average_error       0x8               tmp.2
streambuf type_info node
                    0xc               tmp.2
bad_typeid type_info node
                    0xc               tmp.2
pciConfigAddr2      0x4               tmp.2
_func_bdall         0x4               tmp.2
lockKey             0x4               tmp.2
hostList            0xc               tmp.2
tickQHead           0x10              tmp.2
rBuffClass          0x34              tmp.2
length_error type_info node
                    0xc               tmp.2
global_ofile        0x4               tmp.2
__wdbEvtptDeleteAll
                    0x4               tmp.2
overflow_error type_info node
                    0xc               tmp.2
mid_wt_cum_change   0x8c0             tmp.2
_func_symNameGet    0x4               tmp.2
tcbinfo             0x10              tmp.2
_func_logMsg        0x4               tmp.2
mid_error           0x40              tmp.2
tcpOutRsts          0x4               tmp.2
_func_tmrFreq       0x4               tmp.2
ios type_info node  0xc               tmp.2
excMsgQId           0x4               tmp.2
_clockRealtime      0x10              tmp.2
[...]
Memory Configuration

Name             Origin             Length             Attributes
*default*        0x00000000         0xffffffff

Linker script and memory map

Address of section .text set to 0x10000
LOAD tmp.2
LOAD symTbl.o
LOAD ctdt.o

.text           0x00010000   0x189eb0
                0x00010000                wrs_kernel_text_start=.
                0x00010000                _wrs_kernel_text_start=.
 *(.text)
 .text          0x00010000   0x13e624 tmp.2
                0x00121a9c                print64Mult
                0x000f7ae0                sigPendInit
                0x0009e950                mcastHashTblInsert
                0x0010be70                dllEach
                0x00071750                istream::operator>>(unsigned int &)
                0x00011e00                sysHwInit2
                0x0004428c                frcTestBaudRate
                0x0014dc44                longjmp
                0x00090218                _restf15
                0x0010edd8                rBuffUpload
                0x00054a9c                frcIdmaTestInit0
                0x000c3f90                ifShow
                0x00099238                arpresolve
                0x000b3980                bsdGetsockopt
                0x00018cc4                gtPci0MapMemoryBank2
                0x00041478                morefds
                0x00087bbc                unsigned int type_info function
                0x0014c8c0                _sigCtxRtnValSet
                0x000e3084                putchar
                0x0006dc68                basic_string<char, string_char_traits<char>, __default_alloc_template<true, 0> >::ibegin(void) const
                0x000719dc                istream::operator>>(bool &)
                0x000be0cc                muxPollDevDel
                0x0010e3ec                rBuffRead
                0x00021664                cunitInit
                0x0013d484                msgQInit
                0x0013a5fc                wdbDbgTrace
                0x00044ccc                frcTestAltivec
                0x0008ff60                __sub64
                0x000727f4                ostream::operator<<(unsigned long)
                0x00071858                istream::operator>>(unsigned long &)
                0x0008e17c                _savefpr_30_l
                0x000c3d28                netTask
                0x000e7d5c                fpTypeGet
                0x00076214                _IO_outfloat
                0x000904b8                _savegprx_17_l
                0x000c82e8                nfsDirReadOne
                0x0006c9c4                basic_string<char, string_char_traits<char>, __default_alloc_template<true, 0> >::Rep::release(void)
                0x00010cc0                sysSerialHwInit
                0x0006f7b8                bool operator<<char, string_char_traits<char>, __default_alloc_template<true, 0> >(char const *, basic_string<char, string_char_traits<char>, __default_alloc_template<true, 0> > const &)
                0x00090428                _savefprx_31_l
                0x000e8c00                clock_gettime
                0x0005a268                xmalloc
                0x000751b0                istream::ipfx1(void)
                0x00057ac8                usrNetProtoInit
                0x000f9cc8                taskHookShowInit
                0x0006fd70                ostream & operator<<<char, string_char_traits<char>, __default_alloc_template<true, 0> >(ostream &, basic_string<char, string_char_traits<char>, __default_alloc_template<true, 0> > const &)
                0x000904e4                _savegprx_28_l
                0x00090524                _savevr25
                0x000a76bc                rt_maskedcopy
                0x000cb4c8                routeCmd
                0x0013fc54                semCCoreInit
                0x00088700                altivecRegsToCtx
                0x000902a4                _savef31
                0x000af7ac                _insque
                0x000e8630                classInstConnect
                0x0007de84                _IO_remove_marker
                0x0008e24c                _restgpr_21_l
                0x000bce7c                muxLinkHeaderCreate
                0x00146848                windSuspend
                0x00012c1c                readreg
                0x0008e124                _restfpr_31_l
                0x0007f6d4                __throw_type_match
                0x00056654                myfill
                0x00140e94                semMLibInit
                0x000e31d8                putw
                0x0005a4a8                cplusMatchMangled
                0x000754d0                istream::unget(char)
                0x00011364                frcPrintVariant
                0x000e6088                strcpy
                0x000902d4                _restfprs_24_l
                0x0010d0ec                qPriListCreate
                0x000e686c                asctime
                0x000bd7fc                muxDevStopAll
                0x00040118                use_int
                0x0010bd68                dllInsert
                0x00145320                taskIdListSort
                0x00022598                mpscChanStopTxRx
                0x00091ef0                __ashldi3
                0x000ea61c                fioFormatV
                0x000124e8                gtRegReadBlock
                0x0008ab1c                intVecBaseSet
                0x0008fcf8                __rem64
                0x0014de0c                qJobTerminate
                0x00040274                get_results
                0x0007cf6c                _IO_link_in
                0x00109a88                xattrib
                0x0014c7cc                sigsetjmp
                0x0003ff14                p64
                0x00121b7c                expm1
                0x00023724                vxSdmaIntConnect
                0x000969e4                ifreset
                0x000c9da0                rcmd
                0x0013d2e4                msgQCreate
                0x000c9d94                remLibInit
                0x0001fc5c                mgiEndLoad
                0x00087194                long long type_info function
                0x00092588                __ffsdi2
                0x00095270                __cmpdf2
                0x0001f414                vxEthernetIntConnect
                0x0012a1bc                authunix_create
                0x000f810c                symTblDestroy
                0x00108e0c                cp
                0x0013a0ec                wdbCtxExitNotifyHook
                0x00139d28                wdbExcLibInit
                0x000bda94                muxPollTask
                0x000e0fe4                fabs
                0x0007db44                _IO_sputbackc
                0x0014304c                taskDeleteForce
                0x0007da78                _IO_default_finish
                0x000e8328                cacheDrvFlush
                0x00144f28                taskShow
                0x0008d08c                log
                0x000ca3f0                iam
                0x0009dd5c                in_ifscrub
                0x000907d4                __diab_alloc_mutex
                0x0001a5d4                gtMemoryMapDevice2Space
                0x0008e378                _utof
                0x00010bf8                sysTimestampFreq
                0x0006aa10                __default_alloc_template<true, 0>::_S_freelist_index(unsigned int)
                0x00056748                usrPci2PciDmaStart
                0x0010a03c                bcmp
                0x0008d3f0                sqrt
                0x00134cb8                wdbRunsExternal
                0x00022774                vxMpscIntConnect
                0x0014c7fc                setjmp
                0x0009033c                _savefprs_21_l
                0x000e0158                cosh
                0x001410fc                semMCoreInit
                0x000df6cc                tcp_attach
                0x000775c4                ios::clear(int)
                0x000b3894                bsdSetsockopt
                0x00102338                moduleSegAdd
                0x00106740                lkAddr
                0x000e1800                __sflags
                0x0014c82c                _sigCtxSave
                0x000e40f8                tmpfile
                0x00078dec                _IO_file_finish
                0x000952e0                __eqdf2
                0x000d03f0                igmpstatShow
                0x0008e1a0                _restgpr_18
                0x00130bf0                xdrrec_create
                0x00074f94                istream::read(unsigned char *, int)
                0x0010d888                rngNBytes
                0x000771c8                streambuf::sseekoff(long, ios::seek_dir, int)
                0x0012d7b0                xprt_register
                0x0002b2e4                frcBibDetach
                0x00091fbc                __divdi3
                0x00019ea4                gtPci0EnableBrokenAgentDetection
                0x00085414                __class_type_info::dcast(type_info const &, int, void *, type_info const *, void *) const
                0x0014a5bc                tsfsUploadPathLibInit
                0x001486e4                msgQEvLibInit
                0x000148dc                pciBusProbe
                0x00044d3c                frcTestPciScan
                0x000ef698                ioctl
                0x000f657c                pause
                0x000ef8a0                writev
                0x000dbe4c                tcp_pulloutofband
                0x00010afc                sysClkRateGet
                0x00091ea8                __gcc_intrinsicsInit
                0x0010dc10                rBuffCreate
                0x00091458                endEtherPacketDataGet
                0x0006ddf0                basic_string<char, string_char_traits<char>, __default_alloc_template<true, 0> >::erase(unsigned int, unsigned int)
                0x0008e288                _restgpr_28_l
                0x0012a828                clnt_genericInclude
                0x00035974                ramTest32bit
                0x001361e8                wdbCksum
                0x000416fc                fst
                0x0010cc40                qPriBMapDelete
                0x00010670                sysOutByte
                0x00041b70                prtMVReg
                0x000e6538                strtok_r
                0x000900dc                __uge64
                0x0014584c                tickAnnounce
                0x0010c360                qFifoDelete
                0x000b51dc                ftpLogin
                0x00092ac4                __floatdidf
                0x00028560                frcMACWrite
                0x000967d8                _savev23
                0x00096808                _savev29
                0x00011f7c                sysProcNumSet
                0x0010c214                lstFind
                0x000a01b4                ip_drain
                0x000f373c                objFree
                0x0006f588                bool operator==<char, string_char_traits<char>, __default_alloc_template<true, 0> >(basic_string<char, string_char_traits<char>, __default_alloc_template<true, 0> > const &, basic_string<char, string_char_traits<char>, __default_alloc_template<true, 0> > const &)
                0x000ae240                soqremque
                0x000772f4                streambuf::sys_write(char const *, int)
                0x00134b5c                wdbExternRegsGet
                0x0006a0e0                __default_alloc_template<true, 0>::_S_chunk_alloc(unsigned int, int &)
                0x00101f68                moduleTerminate
                0x00077638                ios::operator void *(void) const
                0x000755fc                istream::operator>>(istream &(*)(istream &))
                0x0004419c                frcTestBootFlash
                0x0010e524                rBuffReadCommit
                0x0008a4ec                fppTaskRegsSet
                0x0009038c                _restfprx_21_l
                0x000e9e90                printf
                0x00090560                _restvr20
                0x0010df98                rBuffVerify
                0x000ea5c8                vsprintf
                0x000afe7c                random
                0x0006c360                basic_string<char, string_char_traits<char>, __default_alloc_template<true, 0> >::find_first_not_of(char const *, unsigned int, unsigned int) const
                0x0006ae64                global destructors keyed to __default_alloc_template<true, 0>::_S_end_free
                0x0001a3a4                gtMemoryMapBank2
                0x000365d0                test_checkerboard_comparison
                0x0008e1c0                _restgpr_26
                0x00090234                _restf22
                0x0009024c                _restf28
                0x0012c4d8                pmap_getmapsInclude
                0x00021d50                vxCunitIntClear
                0x000a5e3c                rtfree
                0x0006c2b4                basic_string<char, string_char_traits<char>, __default_alloc_template<true, 0> >::find_last_of(char const *, unsigned int, unsigned int) const
                0x000905c4                __va_arg
                0x000e91c8                utime
                0x0008e214                _savegpr_27
                0x0008e0e0                _restfpr_21_l
                0x000bd72c                muxAddrResFuncDel
                0x00059938                __pure_virtual
                0x0012f78c                svcudp_enablecache
                0x000b3e14                etherMultiAdd
                0x00070e44                istream::seekg(long)
                0x0007d98c                _IO_default_doallocate
                0x00090344                _savefprs_23_l
                0x000eed98                hashTblEach
                0x00139978                wdbTaskBpLibInit
                0x00074384                ostream::~ostream(void)
                0x00090390                _restfprx_22_l
                0x0006e048                basic_string<char, string_char_traits<char>, __default_alloc_template<true, 0> >::replace(unsigned int, unsigned int, char const *)
                0x00090304                _restfprs_29_l
                0x0013cc94                eventRsrcSend
                0x0014ab78                evtLogM2
                0x000fa890                tyDevRemove
                0x0008e1b8                _restgpr_24
                0x00075784                _IO_istream_withassign::operator=(_IO_istream_withassign &)
                0x00090278                _savef20
                0x000e9be4                excInit
                0x0008e170                _savefpr_27_l
                0x0006c00c                basic_string<char, string_char_traits<char>, __default_alloc_template<true, 0> >::find(char const *, unsigned int, unsigned int) const
                0x0009972c                arpintr
                0x000e39c8                __sseek
                0x00136dc8                wdbFuncCallLibInit
                0x0001a814                gtMemorySetProtectRegion
                0x0013d208                kernelVersion
                0x001348d0                wdbTask
                0x0009e6f0                in_delmulti
                0x00103ab4                shellLogin
                0x000bdc34                muxTaskPrioritySet
                0x001353a0                wdbRpcReplyErr
                0x00073610                ends(ostream &)
                0x000c4e4c                netPoolShow
                0x000fc278                b
                0x000e8024                cacheInvalidate
                0x0010b9a8                bootScanNum
                0x0001065c                sysInByte
                0x000450f8                isPMC280TwoOnBoardEth
                0x000f4e7c                rebootHookAdd
                0x00081938                exception::what(void) const
                0x00148f4c                wvEvtClassClearAll
                0x0007da70                _IO_default_sync
                0x000d440c                in_pcballoc
                0x000cca60                recv
                0x000bb634                ipLibMultiInit
                0x000c8478                nfsFileAttrGet
                0x000903fc                _savefprx_20_l
                0x000cc5c8                connect
                0x000b93ec                icmpLibInit
                0x000828cc                __register_frame
                0x000bac6c                ifRouteEnable
                0x0013a2c0                wdbFppGet
                0x0001b408                frcGppIntCtrlInit
                0x00096874                _restv30
                0x0010d27c                qPriListRemove
                0x000450f0                isPMC280BootFlashPresent
                0x00079474                _IO_file_sync
                0x000e0938                logb
                0x00018358                gtPci0GetMemory2Size
                0x00104d14                reld
                0x000b30d8                bsdRecvfrom
                0x000e9f68                printErr
                0x00077a44                streambuf::allocate(void)
                0x000e41ec                ungetc
                0x001350a0                wdbSuspendSystemHere
                0x00023580                sdmaChanReceive
                0x000befb0                muxTkSend
                0x000c4fd8                netStackDataPoolShow
                0x000863e0                type_info::before(type_info const &) const
                0x0012dbec                svcerr_auth
                0x0006dd74                basic_string<char, string_char_traits<char>, __default_alloc_template<true, 0> >::insert(char *, unsigned int, char)
                0x000e9ca4                excHookAdd
                0x000967c0                _savev20
                0x0002be70                frcBibDataWrite
                0x00138110                wdbSysBpLibInit
                0x0013f3e8                semBCoreInit
                0x000749f0                ostream::operator<<(signed char const *)
                0x00053f3c                parse8
                0x001474d4                windUndelay
                0x00086ddc                __rtti_ptmd
                0x000a44bc                rn_delete
                0x00045288                detectUserFlash
                0x0007775c                streambuf::pptr(void) const
                0x0004213c                frcTestSerialInfo
                0x00090220                _restf17
                0x00019f88                gtPci0GetBusMode
                0x00136c74                wdbEventDeq
                0x00045b70                mpsc_regs_dump
                0x0013ee08                reschedule
                0x000bab40                ifIndexToIfName
                0x0006d63c                basic_string<char, string_char_traits<char>, __default_alloc_template<true, 0> >::Rep::set(unsigned int, char, unsigned int)
                0x000f5e04                sigemptyset
                0x0008bd50                mathHardInit
                0x0007734c                streammarker::~streammarker(void)
                0x0007995c                _IO_file_write
                0x0009084c                __common_long_jmp
                0x0001a4bc                gtMemoryMapDevice0Space
                0x00081a10                bad_exception type_info function
                0x0009c510                copyFromMbufs
                0x000dd12c                tcpRandHookAdd
                0x000860cc                __class_type_info::~__class_type_info(void)
                0x000e9b60                errnoSet
                0x0013e4b4                msgQShowInit
                0x0006d674                basic_string<char, string_char_traits<char>, __default_alloc_template<true, 0> >::assign(unsigned int, char)
                0x0008fff4                __gt64
                0x00095f70                __divsf3
                0x000bb2fc                inet_netof_string
                0x000cbe10                routeMetricSet
                0x000a329c                rn_search
                0x00027288                frcEEPROMWrite16
                0x00037548                memTest_Basic
                0x000e613c                strerror
                0x00090360                _savefprs_30_l
                0x00141838                semMGiveKern
                0x00075420                istream::putback(char)
                0x0013a2d0                wdbFppSet
                0x000b3ca0                bsdGetpeername
                0x00135020                wdbNotifyHost
                0x001427a8                taskSpawn
                0x0001b0c0                gtDmaUpdateArbiter
                0x0003638c                test_or_comparison
                0x0007f54c                global destructors keyed to _IO_stdin_
                0x000c6040                nfsDevShow
                0x00103a4c                shellPromptSet
                0x0006ae90                basic_string<char, string_char_traits<char>, __default_alloc_template<true, 0> >::Rep::clone(void)
                0x0008e0c8                _restfpr_15_l
                0x00013510                pciConfigBdfPack
                0x000f9098                symTypeGet
                0x0006d320                basic_string<char, string_char_traits<char>, __default_alloc_template<true, 0> >::check_realloc(unsigned int) const
                0x0010d3cc                qPriListInfo
                0x000d5d2c                in_pcbinshash
                0x000ba044                ifMaskGet
                0x0010cdcc                qPriBMapResort
                0x00043824                frcTestIntLatHard
                0x000664bc                domain_error::~domain_error(void)
                0x000fce58                so
                0x000f959c                taskSwitchHookAdd
                0x0010c0c4                lstInsert
                0x0010775c                ramDrv
                0x0006dac4                basic_string<char, string_char_traits<char>, __default_alloc_template<true, 0> >::operator+=(char const *)
                0x000d3b9c                igmp_fasttimo
                0x0008e194                _restgpr_15
                0x00041720                frcSysTest
                0x0008e164                _savefpr_24_l
                0x000402dc                save_minimum
                0x00010e38                sysSerialChanGet
                0x000b4c90                ftpReplyGet
                0x00139c60                wdbDirectCallLibInit
                0x001333fc                wdbNptInt
                0x000367dc                test_walkbits_comparison
                0x00103590                shellHistory
                0x000e7fa4                cacheUnlock
                0x0006f6b8                bool operator!=<char, string_char_traits<char>, __default_alloc_template<true, 0> >(char const *, basic_string<char, string_char_traits<char>, __default_alloc_template<true, 0> > const &)
                0x0006f720                bool operator!=<char, string_char_traits<char>, __default_alloc_template<true, 0> >(basic_string<char, string_char_traits<char>, __default_alloc_template<true, 0> > const &, char const *)
                0x001074f4                spyReport
                0x0010d57c                rngBufGet
                0x0001a7e4                gtMemoryGetInternalSramBaseAddr
                0x00027118                frcEEPROMWrite8
                0x000107f8                sysL2BackEnable
                0x00089fc4                excShowInit
                0x000908c4                tkRcvRtnCall
                0x000fe81c                dbgTaskBpTrace
                0x000dd078                tcp_setpersist
                0x00107be0                dosFsConfigShow
                0x0003eb60                now
                0x000e5d90                memmove
                0x0006ea80                basic_string<char, string_char_traits<char>, __default_alloc_template<true, 0> > operator+<char, string_char_traits<char>, __default_alloc_template<true, 0> >(basic_string<char, string_char_traits<char>, __default_alloc_template<true, 0> > const &, basic_string<char, string_char_traits<char>, __default_alloc_template<true, 0> > const &)
                0x000d020c                xdr_mountbody
                0x00027400                frcEEPROMRead8
                0x000cac24                rlogOutTask
                0x0013b9e8                xdr_WDB_TGT_INFO
                0x00018e40                gtPci0MapMemoryBank3
                0x000e3a5c                stdioInit
                0x00090248                _restf27
                0x000f3960                pathCondense
                0x0006f78c                bool operator<<char, string_char_traits<char>, __default_alloc_template<true, 0> >(basic_string<char, string_char_traits<char>, __default_alloc_template<true, 0> > const &, basic_string<char, string_char_traits<char>, __default_alloc_template<true, 0> > const &)
                0x000f84c8                symTblAdd
                0x000a0e24                ip_output
                0x0006e55c                basic_string<char, string_char_traits<char>, __default_alloc_template<true, 0> >::find_first_of(char, unsigned int) const
                0x00019728                gtPci0MapP2pMem0Space
                0x000b2128                bsdSockLibInit
                0x0014ddc4                qJobDelete
                0x0003f894                nano
                0x00075620                iostream type_info function
                0x000e3e5c                stdioShowInit
                0x00134cd8                wdbRunsTasking
                0x0014471c                taskUnsafe
                0x000432d8                frcTestLatInitialization
                0x0009050c                _savevr22
                0x0001b2e4                gtDmaSetEngineAccessProtect
                0x000cc194                rpcClntErrnoSet
                0x0001dd04                ethPortMcAddr
                0x000bb1f0                inet_makeaddr_b
                0x00078b58                filebuf::sys_close(void)
                0x000779dc                streambuf::unbuffered(void)
                0x0007760c                ios::eof(void) const
                0x0007d780                _IO_default_xsgetn
                0x0008197c                exception type_info function
                0x000eea60                hashTblDelete
                0x00077730                streambuf::_vtable(void)
                0x0004147c                touch
                0x000542e8                ctohex1
                0x00149978                wvLogHeaderCreate
                0x00090588                _restvr25
                0x00069d54                __malloc_alloc_template<0>::_S_oom_malloc(unsigned int)
                0x000bca2c                muxMCastAddrAdd
                0x00025bc4                frcFlashReadRst
                0x00057534                usrBootLineInit
                0x00054a18                frcAlignedMalloc
                0x0008df24                mmuPpcSdr1Set
                0x0009662c                __fixsfsi
                0x00131fe8                pmap_set
                0x000c71dc                nfsDirUnmount
                0x000f2f84                memPartShow
                0x0008e158                _savefpr_21_l
                0x0005a04c                cplusCallCtors
                0x00140f08                semMCreate
                0x000b416c                ftpCommand
                0x00074894                ostream::put(unsigned char)
                0x00090498                _restgprx_31_l
                0x0001a7fc                gtMemorySetInternalSramBaseAddr
                0x000775fc                ios::good(void) const
                0x0014d340                wdbDbgArchInit
                0x0007002c                cplusTerminate(void)
                0x00011248                frcGetBank1MemSize
                0x00080a18                __cp_push_exception
                0x0008e2dc                _savegpr_26_l
                0x000f0984                iosOpen
                0x000729b4                ostream::operator<<(unsigned long long)
                0x00018978                gtPci0MapInternalRegIOSpace
                0x0006e310                basic_string<char, string_char_traits<char>, __default_alloc_template<true, 0> >::c_str(void) const
                0x000294fc                ismin
                0x0006e14c                basic_string<char, string_char_traits<char>, __default_alloc_template<true, 0> >::replace(char *, char *, char const *)
                0x0009addc                ether_sprintf
                0x00134acc                wdbExternRegsSet
                0x001020a4                moduleIdFigure
                0x00036f40                release_mem
                0x000967c8                _savev21
                0x0008e308                _itof
                0x0013e3d0                msgQNumMsgs
                0x0008e11c                _restfpr_29_l
                0x000c3db4                netJobAdd
                0x000255f4                bootFlashErase
                0x00086ed4                __rtti_array
                0x0013fbcc                semCInit
                0x00090444                _restgprx_18_l
                0x00077530                ios::flags(void) const
                0x00103b74                shellLogout
                0x00071a70                istream::operator>>(long double &)
                0x0009c85c                set_if_addr
                0x00130930                xdrmem_create
                0x000953e0                __gtdf2
                0x0011ddf4                dosFsDevCreate
                0x0013ba48                xdr_WDB_PARAM_WRAPPER
                0x0008ac48                intLockLevelSet
                0x0008e1bc                _restgpr_25
                0x0001b3a4                gtSramMallocAligned
                0x000e490c                atol
                0x000170b4                sysMachChkExcpInit
                0x000e9ae8                __errno
                0x0006c4d4                basic_string<char, string_char_traits<char>, __default_alloc_template<true, 0> >::find_last_not_of(char, unsigned int) const
                0x00085b50                __user_type_info::~__user_type_info(void)
                0x0014052c                semFlush
                0x00135670                wdbSvcAdd
                0x0008ac68                intRegsUnlock
                0x0010123c                loadModule
                0x000cfc8c                xdr_linkargs
                0x0012d2f8                xdr_des_block
                0x0007338c                ostream::tellp(void)
                0x001013a4                addSegNames
                0x0008aa58                intUnlock
                0x00142a54                taskInit
                0x00010820                sysL2BackDisable
                0x000bd2a4                endFindByName
                0x000904b4                _savegprx_16_l
                0x000234e4                sdmaTxReturnDesc
                0x00090358                _savefprs_28_l
                0x0013a298                wdbFppRestore
                0x0003b9c4                rdwr
                0x0012d2a0                xdr_opaque_auth
                0x000f0930                iosDelete
                0x0003fe60                usecs_spent
                0x0010aee4                bootBpAnchorExtract
                0x0007d754                _IO_sgetn
                0x00056928                usrMmuInit
                0x0008f2cc                __DIAB_wr_pk_db
                0x000f8a58                symFindByName
                0x0008abc8                intEnable
                0x001024dc                moduleSegFirst
                0x0008e1e0                _savegpr_14
                0x0010bff4                lstExtract
                0x00131cb0                clnt_spcreateerror
                0x0001dba8                ethPortUcAddrSet
                0x00128e00                cbioLock
                0x000880d0                signed char type_info function
                0x000904dc                _savegprx_26_l
                0x000c8de4                nfsAuthUnixShow
                0x000b64a0                ftpdDelete
                0x00018088                gtPci0MapMemory2space
                0x00082e48                bad_alloc type_info function
                0x000106dc                __READ_FLASH64
                0x000776c4                ios::Init::Init(void)
                0x0014acf8                evtLogOInt
                0x00059e9c                RBString_T::prepend(char)
                0x0008b9cc                vxHid0Set
                0x00077550                ios::precision(int)
                0x000a73ec                rt_fixdelete
                0x0010d2a0                qPriListResort
                0x00148f18                wvEvtClassSet
                0x000f90f8                symShow
                0x000d0174                xdr_dirpath
                0x0004416c                frcTestVPD
                0x00090544                _savevr29
                0x00131c7c                clnt_perrno
                0x000e9880                getenv
                0x000798f0                _IO_file_seek
                0x000d2364                netClFree
                0x000688f4                range_error type_info function
                0x0014d39c                wdbDbgTraceModeSet
                0x00141acc                semMPendQPut
                0x000e00b4                ceil
                0x000b2b74                bsdSend
                0x00058da4                wdbMbufFree
                0x001406e4                semDestroy
                0x00018010                gtPci0MapMemory1space
                0x0010d334                qPriListAdvance
                0x000ee6d4                fppShowInit
                0x000907fc                __diab_lock_mutex
                0x000c9050                nfsIdSet
                0x00013174                pciFindClass
                0x000ebe60                fioRead
                0x0007365c                endl(ostream &)
                0x00014324                pciConfigModifyByte
                0x00019a20                gtPci0MapP2pIoSpace
                0x00029838                frcBibShow
                0x00071f84                ostream::operator<<(char)
                0x001050d0                netHelp
                0x00077ba8                streambuf::sgetc(void)
                0x000e9e68                fioLibInit
                0x0007270c                ostream::operator<<(long)
                0x00026454                frcFlashErase
                0x00102e54                moduleCheck
                0x0008e230                _restgpr_14_l
                0x000f4954                ptyDevRemove
                0x0003ee0c                bandwidth_val
                0x0013d080                kernelInit
                0x000902c0                _restfprs_19_l
                0x00034a70                MoveMemory
                0x0006d5b0                basic_string<char, string_char_traits<char>, __default_alloc_template<true, 0> >::basic_string(char const *)
                0x00111e68                dosChkEntryMark
                0x0006aa20                __malloc_alloc_template<0>::allocate(unsigned int)
                0x00014548                pciAutoConfig
                0x0008e1d4                _restgpr_31
                0x000957e0                __make_dp
                0x000e3508                __srget
                0x0006c428                basic_string<char, string_char_traits<char>, __default_alloc_template<true, 0> >::find_last_not_of(char const *, unsigned int, unsigned int) const
                0x00101cc0                moduleInit
                0x0001058c                sysGetCpuVer
                0x000e03b8                floor
                0x000e7ec4                cacheLibInit
                0x000d55d8                in_pcbnotify
                0x000bbd80                muxShow
                0x0009045c                _restgprx_24_l
                0x000d23a8                netMblkClFree
                0x00147b9c                windPendQFlush
                0x000d2474                netClBlkGet
                0x00090464                _restgprx_26_l
                0x000a0230                ip_dooptions
                0x000f217c                memPartInit
                0x000fe510                dbgTaskBpBreakpoint
                0x000f07ac                iosFdNew
                0x000e372c                setlinebuf
                0x0008e140                _savefpr_15_l
                0x001492bc                wvSigInst
                0x001217bc                dosVDirLibInit
                0x000af264                sbdrop
                0x000b3dc4                bsdShutdown
                0x00066490                logic_error::what(void) const
                0x000e4a68                labs
                0x00057a68                usrSlipInit
                0x0010bb74                bufAlloc
                0x000e2c4c                gets
                0x00042698                frcTestSerial
                0x000773bc                streammarker::delta(void)
                0x000a356c                rn_match
                0x0013bc74                xdr_WDB_STRING_T
                0x00090438                _restgprx_15_l
                0x00011e7c                sysOutWord
                0x0009683c                _restv23
                0x0007494c                ostream::write(signed char const *, int)
                0x0008e640                __dtoll
                0x000aca6c                soreceive
                0x00096738                __make_fp
                0x0007de04                _IO_init_marker
                0x00149f98                wvTaskNamesBufAdd
                0x00102434                moduleSegGet
                0x000a38b8                rn_insert
                0x000bc6c4                muxPollReceive
                0x00148c00                fileUploadPathLibInit
                0x00068fb0                overflow_error::overflow_error(basic_string<char, string_char_traits<char>, __default_alloc_template<true, 0> > const &)
                0x000784b4                filebuf::filebuf(int, char *, int)
                0x0010c3bc                qFifoGet
                0x000902e4                _restfprs_28_l
                0x000e8064                cacheClear
                0x000181c0                gtPci0GetIOspaceSize
                0x000e4934                bsearch
                0x00096bb8                if_attach
                0x0014b4e8                cplusLoadFixup
                0x0010c9f0                qCalibrate
                0x000d2854                netMblkChainDup
                0x0002d578                RoundInternalFPF
                0x00102134                moduleShow
                0x0005ae68                cplus_mangle_opname
                0x00077bc8                streambuf::snextc(void)
                0x000bcb34                muxUnbind
                0x000c8eb4                nfsAuthUnixSet
                0x00105d30                version
                0x0008f0e8                sfpFloatNormalize
                0x000b9e80                ifAddrDelete
                0x000f47f0                ptyDevCreate
                0x00136ba8                wdbEventNodeInit
                0x0001a660                gtMemoryMapDevice3Space
                0x000ee6e8                fppTaskRegsShow
                0x00018120                gtPci0MapMemory3space
                0x00095cf0                __subsf3
                0x000faab0                tyAbortFuncSet
                0x0006cc74                basic_string<char, string_char_traits<char>, __default_alloc_template<true, 0> >::data(void) const
                0x0010ea1c                rBuffDestroy
                0x0006c74c                string_char_traits<char>::is_del(char)
                0x00089b20                excVecBaseGet
                0x00037ce8                getpagesize_lmbench
                0x0001c0cc                gtCntmrDisable
                0x000c74d0                nfsLookUpByName
                0x000774a8                ios type_info function
                0x000f0bc4                iosWrite
                0x000bdc10                muxTaskDelayGet
                0x0003f384                mb
                0x0009044c                _restgprx_20_l
                0x0014a71c                evtObjLogFuncBind
                0x0008b960                vxDsisrSet
                0x000d735c                icmp_ctloutput
                0x000f2e74                memAddToPool
                0x00128e54                cbioUnlock
                0x000f06cc                iosFdSet
                0x00010690                GET_THRM1
                0x000599a0                RBString_T::RBString_T(void)
                0x00086ad4                __rtti_attr
                0x00142534                taskNameToId
                0x00073468                ws(istream &)
                0x00019c40                gtPci0SetRegionFeatures
                0x000f83f0                symAdd
                0x0013c400                eventReceive
                0x0003f0c4                bandwidth_n
                0x0006bed0                basic_string<char, string_char_traits<char>, __default_alloc_template<true, 0> >::resize(unsigned int, char)
                0x0010c988                qGetExpired
                0x0010ca50                qEach
                0x0013b5f0                xdr_WDB_MEM_XFER
                0x000416bc                print_bytes
                0x00010b08                sysClkRateSet
                0x000e4cbc                qsort
                0x000f04b0                iosNextDevGet
                0x000dd984                tcp_close
                0x000909d8                endFlagsClr
                0x000f2bb0                memPartBlockIsValid
                0x00141c4c                semInfo
                0x00015e5c                frcPciConfigReadVPD
                0x00104c3c                unldByGroup
                0x0005759c                usrBootLineCrack
                0x000e1fc8                fscanf
                0x000d04ec                icmpstatShow
                0x0001c310                gtCntmrIsTerminate
                0x000e15f0                fgets
                0x0007dd10                _IO_flush_all_linebuffered
                0x000e6c18                __daysSinceEpoch
                0x00022eb0                sdmaChanStart
                0x000aa140                pfctlinput
                0x0005a024                cplusDtorsLink
                0x000fca40                bdall
                0x000777cc                streambuf::xput_char(char)
                0x00077fdc                filebuf::filebuf(void)
                0x00018c00                gtPci0MapMemoryBank1DAC
                0x0008df34                mmuPpcSdr1Get
                0x00090320                _savefprs_14_l
                0x0010c114                lstNext
                0x0008aaac                intVecSet
                0x001481bc                workQAdd0
                0x00040eec                get_enough
                0x00034dcc                TicksToSecs
                0x0014db90                wdbDbgDabrGet
                0x000e6a30                __getTime
                0x000749ac                ostream::operator<<(signed char)
                0x00076e54                streambuf::doallocbuf(void)
                0x000e9554                envPrivateCreate
                0x0004012c                use_pointer
                0x000876a8                char type_info function
                0x0014a9a8                evtLogT1
                0x0006fa1c                bool operator<=<char, string_char_traits<char>, __default_alloc_template<true, 0> >(basic_string<char, string_char_traits<char>, __default_alloc_template<true, 0> > const &, char const *)
                0x0008e0f8                _restfpr_27_l
                0x000d59a8                in_rtchange
                0x000772ec                streambuf::sys_read(char *, int)
                0x00018248                gtPci0GetMemory0Size
                0x0010c078                lstFirst
                0x00148cd0                fileUploadPathClose
                0x000f8c14                symByValueAndTypeFind
                0x0009cef8                in_control
                0x0007d5d8                _IO_default_underflow
                0x0013b7c0                xdr_WDB_RT_INFO
                0x0006d54c                basic_string<char, string_char_traits<char>, __default_alloc_template<true, 0> >::assign(char const *)
                0x00085dc4                __si_type_info::~__si_type_info(void)
                0x0005a1e8                cplusDemanglerInit
                0x00025b90                correctaddr
                0x00028390                frcRTCWrite
                0x0006f9b8                bool operator<=<char, string_char_traits<char>, __default_alloc_template<true, 0> >(char const *, basic_string<char, string_char_traits<char>, __default_alloc_template<true, 0> > const &)
                0x00077ae8                streambuf::sputn(char const *, int)
                0x00078b38                filebuf::sys_stat(void *)
                0x00017bd8                userRsrvMemMallocAligned
                0x0001aadc                gtMemorySetDeviceParam
                0x0008dd5c                excExit
                0x000e2aac                getc
                0x0011e5a8                dosFsHdlrInstall
                0x000447ec                frcTestMACAddr
                0x000cbcd8                rtrequestDelEqui
                0x0010cae4                qPriBMapCreate
                0x00010854                sysL2BackHWFlush
                0x00144c6c                taskTcb
                0x000f1f34                memFindMax
                0x00105498                repeat
                0x0006fb88                istream & operator>><char, string_char_traits<char>, __default_alloc_template<true, 0> >(istream &, basic_string<char, string_char_traits<char>, __default_alloc_template<true, 0> > &)
                0x0014b774                _dbgRetAdrsGet
                0x00065778                logic_error::~logic_error(void)
                0x00080898                unexpected(void)
                0x00090178                __ule64
                0x0010315c                shell
                0x0001a88c                gtMemoryDisableWindow
                0x00145994                tick64Set
                0x000cc260                sockLibAdd
                0x000905a0                _restvr28
                0x00023af4                vxSdmaIntClear
                0x000905b8                _restvr31
                0x00103df8                timexHelp
                0x0010d834                rngIsFull
                0x000e5d48                memcpy
                0x00101290                loadModuleAtSym
                0x000d2634                netClBlkJoin
                0x0006d298                basic_string<char, string_char_traits<char>, __default_alloc_template<true, 0> >::basic_string(basic_string<char, string_char_traits<char>, __default_alloc_template<true, 0> > const &)
                0x0007d638                _IO_default_xsputn
                0x000d80ec                rip_usrreq
                0x0010c488                qFifoEach
                0x00097bd4                if_slowtimoRestart
                0x0008dbc8                cacheArchTextUpdate
                0x00059a54                RBString_T::RBString_T(char const *)
                0x001392b0                udpCommIfInit
                0x0007f520                global constructors keyed to _IO_stdin_
                0x0009e30c                in_broadcast
                0x0001c82c                vxCntmrIntDisable
                0x00044a2c                getPLLCoreMultiplier
                0x000418d0                frcTestTbReset
                0x0008df04                mmuPpcSrSet
                0x0008e0cc                _restfpr_16_l
                0x00077920                streambuf::Bbase(void)
                0x00090230                _restf21
                0x000c5028                mbufShow
                0x0012c5e4                pmap_getport
                0x00096834                _restv22
                0x000bfda0                netDevCreate
                0x00045384                DCD_regs_dump
                0x000e379c                setvbuf
                0x0006cc88                basic_string<char, string_char_traits<char>, __default_alloc_template<true, 0> >::size(void) const
                0x0007108c                istream::operator>>(char *)
                0x00090264                _savef15
                0x00090270                _savef18
                0x00103028                shellRestart
                0x00102e90                moduleNameGet
                0x00149964                wvUploadTaskConfig
                0x000f4f10                selectInit
                0x000c9344                ping
                0x0006cb00                basic_string<char, string_char_traits<char>, __default_alloc_template<true, 0> >::Rep::data(void)
                0x00088748                altivecInit
                0x00069b7c                abs(double)
                0x0008ba48                vxTimeBaseGet
                0x00023fec                serialChanStart
                0x00077690                ios::sync_with_stdio(void)
                0x000808b4                __cp_exception_info
                0x000907a0                __diab_atomic_restore
                0x001445dc                taskSafe
                0x0007d87c                _IO_default_setbuf
                0x00134aa8                wdbExternRegSetObjAdd
                0x0007dbc0                _IO_sungetc
                0x00090434                _restgprx_14_l
                0x000f3f54                pathSplit
                0x000955e0                __floatsidf
                0x00073804                unlock(ostream &)
                0x00097b78                if_qflush
                0x0006dfcc                basic_string<char, string_char_traits<char>, __default_alloc_template<true, 0> >::erase(char *, char *)
                0x000ae300                socantrcvmore
                0x000efd18                ioGlobalStdGet
                0x0008e0ec                _restfpr_24_l
                0x000ca67c                rlogind
                0x00077e08                ios::ios(streambuf *, ostream *)
                0x0012da28                svc_sendreply
                0x000558e8                frcDmaTestStart1
                0x000e2f2c                perror
                0x00148964                semEvLibInit
                0x00010c4c                sysTimestampLock
                0x000f37f8                pathParse
                0x000954e0                __ltdf2
                0x0008ac08                intDisable
                0x00088c78                swab
                0x00041a78                getOption
                0x0014c980                vxTaskEntry
                0x000fdad8                dbgPrintCall
                0x000cf768                xdr_sattrargs
                0x000748e0                ostream::put(signed char)
                0x000904b0                _savegprx_15_l
                0x000eeff0                creat
                0x0008990c                excVecSet
                0x000f3af0                pathBuild
                0x0006e224                basic_string<char, string_char_traits<char>, __default_alloc_template<true, 0> >::at(unsigned int)
                0x00025fd0                operation_fail
                0x0008ba14                vxFpscrGet
                0x00077cd0                filebuf::is_open(void) const
                0x0011988c                dosFsFmtLibInit
                0x0002bda0                bibReadIntf
                0x000faac8                tyBackspaceSet
                0x0009685c                _restv27
                0x0010a0b0                bswap
                0x0014cac8                taskMsrSet
                0x000cf6c0                xdr_nfspath
                0x000eee90                hashFuncIterScale
                0x0001042c                _initialize_dbg_uart
                0x000e322c                puts
                0x00012c5c                sysHardReset
                0x0008e1e4                _savegpr_15
                0x000e8d80                clock_settime
                0x001080bc                copy
                0x000eef84                intRestrict
                0x000c5050                netShowInit
                0x00105c08                ts
                0x00011630                frcPrintBoardInfo
                0x0007d148                __overflow
                0x000e9af4                errnoGet
                0x000bb4e8                inet_ntoa_b
                0x000f1c0c                memPartFindMax
                0x0013a3b8                wdbDbgBpGet
                0x0014caa8                taskArgsGet
                0x00011520                frcMv64360SiliconVersion
                0x000abd08                soaccept
                0x000f8bec                symByValueFind
                0x00010000                _sysInit
                0x000dfb7c                islower
                0x0010be48                dllCount
                0x0001995c                gtPci0MapP2pMem1SpaceDAC
                0x00107c1c                dosFsVolOptionsSet
                0x00077618                ios::fail(void) const
                0x0009126c                endEtherAddressForm
                0x0007f634                __dummy
                0x000f1e50                memOptionsSet
                0x000e8170                cacheDmaFree
                0x0012755c                yyparse
                0x00108ddc                llr
                0x0010bd60                dllTerminate
                0x00080870                set_terminate(void (*)(void))
                0x0010c898                qPut
                0x000dfbf4                tolower
                0x0008e2c0                _savegpr_19_l
                0x0002519c                bootFlashProgram1byte
                0x0006c72c                string_char_traits<char>::lt(char const &, char const &)
                0x000775c0                ios::_throw_failure(void) const
                0x0004007c                last
                0x000755b4                istream::operator>>(ios &(*)(ios &))
                0x0004362c                frcTestIntLatSoft
                0x000d7b18                rip_output
                0x00054774                mem_perf
                0x000750f4                istream::ipfx0(void)
                0x00077d00                filebuf::is_reading(void)
                0x000e903c                rewinddir
                0x00136138                wdbMemTest
                0x00056524                usrDmaInit
                0x0008a420                fppArchInit
                0x0010d6b0                rngBufPut
                0x000e5ccc                system
                0x00085684                type_info::operator!=(type_info const &) const
                0x000e1298                feof
                0x0013d69c                msgQDelete
                0x00146a68                windPrioritySet
                0x000de6a0                tcp_canceltimers
                0x000a545c                route_init
                0x00097860                link_rtrequest
                0x000d04e8                icmpShowInit
                0x00079938                _IO_file_close
                0x0008854c                altivecArchTaskCreateInit
                0x0010ed48                wvRBuffMgrPrioritySet
                0x0004444c                atox
                0x000b9eac                ifAddrGet
                0x0006e658                basic_string<char, string_char_traits<char>, __default_alloc_template<true, 0> >::find_first_not_of(char const *, unsigned int) const
                0x00077280                streambuf::flush_all(void)
                0x000198a4                gtPci0MapP2pMem1Space
                0x0006da8c                basic_string<char, string_char_traits<char>, __default_alloc_template<true, 0> >::operator+=(basic_string<char, string_char_traits<char>, __default_alloc_template<true, 0> > const &)
                0x000b5d34                ftpTransientConfigGet
                0x0014ac2c                evtLogM3
                0x00072a88                ostream::operator<<(double)
                0x00010c04                sysTimestamp
                0x00041dc0                testmem_perf
                0x00053ad8                frcEEPROMTestRead
                0x000f33d8                memPartInfoGet
                0x00090354                _savefprs_27_l
                0x0012e4a0                svcraw_create
                0x000f2ea4                malloc
                0x00082ea0                bad_alloc::what(void) const
                0x0014b398                evtLogT1_noTS
                0x000ef328                remove
                0x0007dfac                _IO_unsave_markers
                0x00078240                filebuf::filebuf(int)
                0x000efdf8                isatty
                0x0014c8d0                _sigCtxSetup
                0x000907f8                __diab_free_mutex
                0x000d6480                icmp_input
                0x00080bb0                __uncatch_exception
                0x000ba148                ifFlagSet
                0x0001b340                gtSramInit
                0x000b3b94                bsdGetsockname
                0x00090398                _restfprx_24_l
                0x000ba594                ifRouteDelete
                0x00058d2c                wdbMbufAlloc
                0x00073790                lock(ostream &)
                0x000cd04c                sntpcTimeGet
                0x0014d738                wdbDbgRegsClear
                0x0008e0d4                _restfpr_18_l
                0x0012ea6c                svctcp_create
                0x0002b334                frcBibRead
                0x0008bb30                vxMemArchProbe
                0x000789b0                filebuf::attach(int)
                0x000a23dc                ip_ctloutput
                0x0010c690                qInit
                0x0008fa14                __div64
                0x0008f468                __asr64
                0x000443f0                frcTestIsMonarch
                0x00016c90                gtIntDisable
                0x0014dba0                wdbDbgDarGet
                0x001424a0                taskRegsSet
                0x0001cbf4                frcDmaIntConnect
                0x0010e5cc                rBuffFlush
                0x00143d38                taskRestart
                0x00081a90                bad_exception::bad_exception(void)
                0x00045100                getPMC280BoardInfo
                0x0008e2d4                _savegpr_24_l
                0x000904d8                _savegprx_25_l
                0x0006c7b8                string_char_traits<char>::copy(char *, char const *, unsigned int)
                0x000dfde8                ldexp
                0x00139140                wdbVioChannelUnregister
                0x000e923c                envLibInit
                0x000eef54                hashKeyStrCmp
                0x0010ef7c                rBuffShowInit
                0x0007014c                iostream::iostream(int)
                0x000964e8                __lesf2
                0x000e8bf8                clock_setres
                0x000e9b00                errnoOfTaskGet
                0x00010d88                sysSerialHwInit2
                0x000d21a8                netPoolKheapInit
                0x00041d14                frcTestIDMAScrubChk
                0x00036904                test_bitspread_comparison
                0x00103bf4                shellIsRemoteConnectedGet
                0x000ca2d0                remCurIdGet
                0x0010bef8                lstAdd
                0x000231d4                sdmaChanStopTxRx
                0x0006e0c4                basic_string<char, string_char_traits<char>, __default_alloc_template<true, 0> >::replace(unsigned int, unsigned int, char)
                0x0013dbc0                msgQSend
                0x000253a0                bootFlashGetSectorOff
                0x00075554                istream::operator>>(signed char *)
                0x000295ac                issec
                0x0007741c                ios::readable(void)
                0x00092840                __fixunsdfsi
                0x000ad53c                soshutdown
                0x000c7bf4                nfsThingCreate
                0x00147a00                windReadyQPut
                0x000598d8                __pure_virtual_called
                0x000a30a4                ip_mloopback
                0x0003614c                test_verify_success
                0x0005a300                cplusDemanglerStyleSet
                0x000752d8                istream::get(void)
                0x000e78cc                __getDstInfo
                0x00103b4c                shellLoginInstall
                0x000cc970                recvfrom
                0x00054728                frcTestSwitch
                0x00107690                spyStop
                0x000abc18                soabort
                0x00076c98                streambuf::sync(void)
                0x0008f71c                __rem32
                0x0010d130                qPriListInit
                0x00130178                xdr_bytes
                0x0012db0c                svcerr_decode
                0x00011f88                sysCpuCheck
                0x0006e1fc                basic_string<char, string_char_traits<char>, __default_alloc_template<true, 0> >::eos(void)
                0x0007496c                ostream::write(void const *, int)
                0x00065da8                logic_error type_info function
                0x000b299c                bsdSendto
                0x00068f04                overflow_error::~overflow_error(void)
                0x0010d338                qPriListGetExpired
                0x00077538                ios::flags(unsigned long)
                0x000e9158                statfs
                0x0002c874                frcBootRegFileBurn
                0x000904fc                _savevr20
                0x0009043c                _restgprx_16_l
                0x00096854                _restv26
                0x0008e2c8                _savegpr_21_l
                0x001453d8                taskRegsShow
                0x0001c140                gtCntmrRead
                0x00141d84                semShow
                0x001390f4                wdbVioLibInit
                0x00078a70                filebuf::seekoff(long, ios::seek_dir, int)
                0x0001b89c                frcGppIntDisable
                0x00097948                if_down
                0x00131378                xdrrec_endofrecord
                0x000e5a9c                strtoul
                0x00142414                taskBpHookSet
                0x000c5db4                nfsMount
                0x0014de34                qJobPut
                0x000b8bdc                hostTblInit
                0x0007e1c8                _IO_ostream_withassign::operator=(ostream &)
                0x000775ec                ios::setstate(int)
                0x0009cc1c                inet_netmatch
                0x000fa450                ttyDrv
                0x0006f884                bool operator><char, string_char_traits<char>, __default_alloc_template<true, 0> >(basic_string<char, string_char_traits<char>, __default_alloc_template<true, 0> > const &, basic_string<char, string_char_traits<char>, __default_alloc_template<true, 0> > const &)
                0x0006d990                basic_string<char, string_char_traits<char>, __default_alloc_template<true, 0> >::append(unsigned int, char)
                0x0009cd24                in_localaddr
                0x000e8b80                clock_getres
                0x0008e254                _restgpr_23_l
                0x0012223c                ledRead
                0x001354ac                wdbRpcNotifyHost
                0x0008ac54                intRegsLock
                0x000cfc24                xdr_renameargs
                0x00080860                __default_unexpected(void)
                0x000874a0                short type_info function
                0x00090420                _savefprx_29_l
                0x000904d4                _savegprx_24_l
                0x000ade70                soisdisconnecting
                0x000e85ac                classShowConnect
                0x0014117c                semMGive
                0x000bf070                muxTkPollReceive
                0x000886c4                altivecProbe
                0x00087090                void type_info function
                0x000ced00                tftpErrorCreate
                0x0008aa44                intLock
                0x000a62f8                rtredirect
                0x00074a10                ostream::operator<<(short)
                0x00036d60                extendedTestError
                0x000f0ad0                iosRead
                0x0014b14c                evtLogTasks
                0x000f08e0                iosCreate
                0x000dfba4                ispunct
                0x000f7f2c                symTblCreate
                0x00093814                __udivmoddi4
                0x0008e218                _savegpr_28
                0x0014637c                wdShowInit
                0x0009040c                _savefprx_24_l
                0x00104a54                unldByModuleId
                0x000e4bc8                wctomb
                0x00147f20                windPendQRemove
                0x000f5768                selNodeAdd
                0x0008f304                __DIAB_wr_pk_fl
                0x000d115c                udpShowInit
                0x000bfb60                muxTkBindUpdate
                0x000cf350                xdr_nfsstat
                0x00146378                wdTick
                0x00088c5c                bfillBytes
                0x00010960                sysL1DcacheEnable
                0x00070f44                istream::operator>>(char &)
                0x000d02c8                xdr_groupnode
                0x0012a82c                clnt_create
                0x0007959c                _IO_file_seekoff
                0x00107f28                rmdir
                0x00090e64                endObjInit
                0x0010ca80                qPriBMapListCreate
                0x0001fbc4                vxEthernetIntEnable
                0x00097518                ifaof_ifpforaddr
                0x00077820                streambuf::gbump(int)
                0x00077270                streambuf::set_column(int)
                0x000e4c58                wcstombs
                0x0010bf20                lstConcat
                0x00128c88                cbioModeSet
                0x0008e210                _savegpr_26
                0x00036290                test_mul_comparison
                0x0012c368                clntudp_freeres
                0x000cc31c                socket
                0x00019430                gtPci0MapDevice3MemorySpace
                0x0007f7cc                __get_eh_info
                0x000f50f8                select
                0x000c3b84                netLibGeneralInit
                0x000ebf00                fioRdString
                0x000646d0                __out_of_range(char const *)
                0x0008eeec                __ftoll
                0x00082ae4                __frame_state_for
                0x00112adc                dosFsChkTree
                0x00053d3c                frcTestRTCWrite
                0x0006c640                basic_string<char, string_char_traits<char>, __default_alloc_template<true, 0> >::compare(char const *, unsigned int, unsigned int) const
                0x000e8ff4                readdir
                0x000bcadc                muxMCastAddrGet
                0x000e2dc0                __smakebuf
                0x00025bb8                __READ_FLASH16
                0x00090298                _savef28
                0x00076cc0                streambuf::setbuf(char *, int)
                0x0006e120                basic_string<char, string_char_traits<char>, __default_alloc_template<true, 0> >::replace(char *, char *, char const *, unsigned int)
                0x000e9130                fstatfs
                0x00090280                _savef22
                0x0009028c                _savef25
                0x0013d678                msgQTerminate
                0x000733e4                ostream::flush(void)
                0x001463e0                wdShow
                0x00036224                test_sub_comparison
                0x000ab5d4                sofree
                0x00110434                dcacheDevEnable
                0x000902cc                _restfprs_22_l
                0x000778dc                streambuf::in_backup(void)
                0x00090834                __diab_free_semaphore
                0x00018220                gtPci0GetMemory0Base
                0x0001e8d4                ethPortWriteSmiReg
                0x000faad4                tyDeleteLineSet
                0x000fd764                l
                0x001056f8                checkStack
                0x0009ac88                _arpCmd
                0x000f409c                pipeDevCreate
                0x000106a8                SET_THRM1
                0x00131c10                clnt_perror
                0x0008e190                _restgpr_14
                0x000e0a50                drem
                0x000f9038                symNameGet
                0x00019b7c                gtPci0MapCPUspaceDAC
                0x00019f58                gtPci0P2PConfig
                0x0004397c                frcTestIntLatency
                0x00134cc8                wdbIsNowExternal
                0x000dfbb8                isspace
                0x000df8e8                tcp_disconnect
                0x000bc034                muxBind
                0x00094544                __unpack_d
                0x0006e7f8                basic_string<char, string_char_traits<char>, __default_alloc_template<true, 0> >::compare(char const *, unsigned int) const
                0x0006db2c                basic_string<char, string_char_traits<char>, __default_alloc_template<true, 0> >::operator+=(char)
                0x00021458                brgStart
                0x0006e204                basic_string<char, string_char_traits<char>, __default_alloc_template<true, 0> >::operator[](unsigned int) const
                0x0010c080                lstGet
                0x0001422c                pciConfigModifyWord
                0x00085224                __rtti_user
                0x0007904c                _IO_file_setbuf
                0x00010eb0                frcGetPcbRev
                0x00026150                frcFlashProgram
                0x000e1368                fflush
                0x000543ac                TestIntConnect
                0x000bb75c                rawIpLibInit
                0x0010c3f4                qFifoRemove
                0x00046de8                MV64360_regs_dump
                0x00010ae0                sysClkDisable
                0x00135c8c                wdbCtxLibInit
                0x0006fa88                bool operator>=<char, string_char_traits<char>, __default_alloc_template<true, 0> >(basic_string<char, string_char_traits<char>, __default_alloc_template<true, 0> > const &, basic_string<char, string_char_traits<char>, __default_alloc_template<true, 0> > const &)
                0x00128d1c                cbioRdyChgdGet
                0x00074ab0                ostream::operator<<(ostream &(*)(ostream &))
                0x00074264                _IO_ostream_withassign::~_IO_ostream_withassign(void)
                0x00103d50                timexFunc
                0x0006cb08                basic_string<char, string_char_traits<char>, __default_alloc_template<true, 0> >::repup(basic_string<char, string_char_traits<char>, __default_alloc_template<true, 0> >::Rep *)
                0x00073fa8                iostream::~iostream(void)
                0x000903a8                _restfprx_28_l
                0x0012fc3c                xdr_void
                0x00077808                streambuf::xsetflags(int, int)
                0x00090570                _restvr22
                0x0001579c                pciScan
                0x00011258                frcPrintBank1MemSize
                0x00148194                workQInit
                0x000ac0f0                soconnect2
                0x0012e180                _svcauth_null
                0x00090460                _restgprx_25_l
                0x00010b4c                sysTimestampEnable
                0x0006774c                out_of_range::~out_of_range(void)
                0x0007793c                streambuf::Bptr(void)
                0x0007e154                _IO_default_write
                0x0006c820                basic_string<char, string_char_traits<char>, __default_alloc_template<true, 0> >::rep(void) const
                0x00031f24                DoIDEA
                0x0009676c                __extendsfdf2
                0x0014aa60                evtLogM0
                0x00015c04                frcPciSetActive
                0x0013c310                eventTerminate
                0x0008e774                __dtoull
                0x00090418                _savefprx_27_l
                0x0012c780                xdr_pmap
                0x0006dc30                basic_string<char, string_char_traits<char>, __default_alloc_template<true, 0> >::insert(unsigned int, unsigned int, char)
                0x000f9d50                taskDeleteHookShow
                0x0012dcc4                svcerr_progvers
                0x000124e0                sysVirtToPhys
                0x00055da4                wdValueReg
                0x0010eb98                wvRBuffMgr
                0x001409f0                semGiveDefer
                0x00148d80                wvEvtLogInit
                0x000949b0                __adddf3
                0x000962e8                __nesf2
                0x000f24b0                memPartAlignedAlloc
                0x00040350                save_median
                0x000ca430                whoami
                0x000cb88c                mRouteEntryAdd
                0x0012da9c                svcerr_noproc
                0x000cc1dc                sockLibInit
                0x000bd584                muxAddrResFuncAdd
                0x000bde80                muxPollEnd
                0x0001f0b8                ethPortReceive
                0x00076bb8                streambuf::overflow(int)
                0x0008e2b0                _savegpr_15_l
                0x00101f8c                moduleDelete
                0x000cddb0                tftpModeSet
                0x000af644                splimp
                0x000ad754                sosetopt
                0x000183e0                gtPci0GetMemory3Size
                0x000dc0c8                tcp_mss
                0x00148254                workQAdd1
                0x000b3514                bsdRecvmsg
                0x000a5870                routeDrain
                0x0010c8f8                qRemove
                0x00145d14                wdTerminate
                0x00016f64                sysIntCtrlInit
                0x00072ffc                ostream::ostream(int, streambuf *, ostream *)
                0x000e4bf4                mbstowcs
                0x0006c744                string_char_traits<char>::eos(void)
                0x000f2f28                memShowInit
                0x000a9554                udp_output
                0x000e96f4                putenv
                0x00034ea0                ramTestPrintDot
                0x0008e2e4                _savegpr_28_l
                0x000ba174                ifFlagGet
                0x000b2330                bsdBind
                0x00018330                gtPci0GetMemory2Base
                0x00022514                mpscChanStopRx
                0x00093e40                __umoddi3
                0x000c11f4                netLsByName
                0x000ef6b8                lseek
                0x00073f08                ios::close(void)
                0x000856a8                bad_cast type_info function
                0x000902c8                _restfprs_21_l
                0x000bc2fc                muxSend
                0x000f3c54                pathCat
                0x0008e0f0                _restfpr_25_l
                0x000e9cb0                excJobAdd
                0x000f5e24                sigaddset
                0x00089314                excVecInit
                0x000fa384                taskVarInfo
                0x00059860                cplusLibInit
                0x000e8694                classMemPartIdSet
                0x0014b224                evtsched
                0x00070904                istream::get(char &)
                0x0012aedc                clnt_simpleInclude
                0x001289cc                cbioBlkRW
                0x0001e4d4                ethClearMibCounters
                0x000ae3a4                sbseldequeue
                0x0006e4f0                basic_string<char, string_char_traits<char>, __default_alloc_template<true, 0> >::find_first_of(char const *, unsigned int) const
                0x00088574                altivecTaskRegsGet
                0x000e3e90                stdioShow
                0x0005a71c                set_cplus_marker_for_demangling
                0x0005a2f4                cplusDemanglerSet
                0x0013b970                xdr_WDB_AGENT_INFO
                0x0001886c                gtPci0MapInternalRegSpace
                0x00091f70                __clear_cache
                0x00130718                xdr_vector
                0x0013add8                wdbAltivecGet
                0x00037f34                bwMem
                0x000bfdc4                netDevCreate2
                0x0006c0b0                basic_string<char, string_char_traits<char>, __default_alloc_template<true, 0> >::find(char, unsigned int) const
                0x000f0324                iosDevDelete
                0x00074b28                istream::~istream(void)
                0x000d59e8                in_pcblookup
                0x0010ce34                qPriBMapInfo
                0x0011037c                dcacheDevDisable
                0x00149d0c                wvEvtBufferGet
                0x0001b048                gtDmaIsChannelActive
                0x000744a8                ostream::ostream(int)
                0x0010bcdc                dllCreate
                0x0010a114                bzero
                0x00017d18                _frcPci0ReadConfigReg
                0x0007784c                streambuf::pbump(int)
                0x0008739c                int type_info function
                0x00013920                pciConfigInLong
                0x0008e2bc                _savegpr_18_l
                0x000116e4                sysModel
                0x0006c89c                basic_string<char, string_char_traits<char>, __default_alloc_template<true, 0> >::Rep::operator delete(void *)
                0x0008e01c                mmuPpcExtraBatEnableMPC74x5
                0x00135200                wdbRpcRcv
                0x000a3870                rn_newpair
                0x000c8f94                nfsAuthUnixGet
                0x0006c550                basic_string<char, string_char_traits<char>, __default_alloc_template<true, 0> >::compare(basic_string<char, string_char_traits<char>, __default_alloc_template<true, 0> > const &, unsigned int, unsigned int) const
                0x000cfa24                xdr_readokres
                0x000932d8                __udivdi3
                0x000967f0                _savev26
                0x001343bc                wdbVioDrv
                0x000d279c                netMblkDup
                0x000cc820                send
                0x00037cf0                frcLmbench
                0x001459f4                tick64Get
                0x0014d42c                wdbDbgHwAddrCheck
                0x0012dd3c                svc_getreq
                0x000e36c0                setbuffer
                0x000fc1a4                dbgInit
                0x00102ef0                moduleFlagsGet
                0x0006eca8                basic_string<char, string_char_traits<char>, __default_alloc_template<true, 0> > operator+<char, string_char_traits<char>, __default_alloc_template<true, 0> >(char const *, basic_string<char, string_char_traits<char>, __default_alloc_template<true, 0> > const &)
                0x00140b10                semInvalid
                0x000aa540                mbinit
                0x000e487c                abort
                0x0001a868                gtMemoryDisableProtectRegion
                0x000f2f58                memShow
                0x000189e8                gtPci0MapMemoryBank0
                0x0004161c                frcTestlatMemRead
                0x00059cd4                RBString_T::append(RBString_T &)
                0x0010d154                qPriListDelete
                0x0012d7f8                xprt_unregister
                0x0003fe20                tvsub
                0x000850c8                __rtti_si
                0x0010a5c0                bootStructToString
                0x00147360                windDelay
                0x00147d54                windPendQPut
                0x0013dffc                msgQReceive
                0x00078a30                filebuf::underflow(void)
                0x00077444                ios::is_open(void)
                0x0010da94                sllCount
                0x000e3e14                __stderr
                0x00090598                _restvr27
                0x00142850                taskCreat
                0x0007730c                streammarker::streammarker(streambuf *)
                0x001422e4                taskOptionsSet
                0x000dd428                tcp_respond
                0x00076db8                streambuf::seekpos(long, int)
                0x000278f0                frcI2CRead
                0x0008e2c4                _savegpr_20_l
                0x0005afd4                cplus_demangle
                0x000f04cc                iosFdValue
                0x000e6a0c                gmtime_r
                0x0008b92c                vxMsrSet
                0x0006e4c8                basic_string<char, string_char_traits<char>, __default_alloc_template<true, 0> >::find_first_of(basic_string<char, string_char_traits<char>, __default_alloc_template<true, 0> > const &, unsigned int) const
                0x0010ad14                bootLeaseExtract
                0x0010d998                sllTerminate
                0x000b11fc                ipDetach
                0x00101960                loadCommonManage
                0x0013f4b4                semBGive
                0x0013c2c8                eventLibInit
                0x000adc58                uiomove
                0x00012cdc                pciIsr
                0x00082e14                bad_alloc::~bad_alloc(void)
                0x000dfbe0                isxdigit
                0x000f10bc                logFdAdd
                0x000f7af8                sigPendDestroy
                0x0013cf3c                eventStart
                0x00068404                runtime_error::what(void) const
                0x00077548                ios::precision(void) const
                0x0014b020                evtLogPoint
                0x000c62a0                nfsDevInfoGet
                0x000f80e8                symTblTerminate
                0x00057a98                usrPPPInit
                0x0008f0b0                __lltof
                0x00090330                _savefprs_18_l
                0x000bfc34                muxTkUnloadUpdate
                0x0012fec4                xdr_char
                0x00012b08                rdreg
                0x000f2050                memPartCreate
                0x00131df8                clnt_pcreateerror
                0x00022218                mpscDbg
                0x000c5148                arptabShow
                0x00102f50                shellInit
                0x0014b930                _dbgTaskPCGet
                0x00149e14                wvTaskNamesUpload
                0x00034eec                ramTest8bit
                0x00074f74                istream::getline(signed char *, int, char)
                0x00040b10                t_overhead
                0x000773fc                streambuf::unsave_markers(void)
                0x000903a0                _restfprx_26_l
                0x00135a88                wdbConnectLibInit
                0x0008f378                __DIAB_wr_sw_db
                0x00080be8                __check_eh_spec
                0x00034b90                ReportError
                0x000281e8                frcRTCRead
                0x000716cc                istream::operator>>(int &)
                0x0008ff54                __add64
                0x0009c900                ether_attach
                0x000e8e28                clock_show
                0x0005996c                RBStringIterator_T::nextChar(void)
                0x000f8ce0                symFindByValue
                0x0009698c                ifreset2
                0x000e57a0                __exp10
                0x000e5838                strtol
                0x00078990                filebuf::open(char const *, char const *)
                0x0013be48                xdr_TGT_INT_T
                0x0014e4f0                qJobInfo
                0x0001064c                sysL2crGet
                0x00134884                wdbInstallCommIf
                0x0001063c                sysGetL3CR
                0x00083fc0                operator new(unsigned int, nothrow_t const &)
                0x000dfa34                tcp_usrclosed
                0x0001caf8                frcDmaIntCtrlInit
                0x000e2500                fsetpos
                0x00021ca4                vxCunitIntDisable
                0x0014d8dc                windExit
                0x0008e15c                _savefpr_22_l
                0x0008ffa4                __ge64
                0x000254e4                frcBootFlashProgram
                0x0006d6a4                basic_string<char, string_char_traits<char>, __default_alloc_template<true, 0> >::basic_string(unsigned int, char)
                0x000d456c                in_pcbbind
                0x00024d04                bootEraseOrProgramOk
                0x0008e080                mmuPpcADisable
                0x0012e188                _svcauth_unix
                0x001400b4                semCGiveDefer
                0x00077a9c                streambuf::allocbuf(void)
                0x00090840                __diab_trylock_semaphore
                0x00066568                domain_error::domain_error(basic_string<char, string_char_traits<char>, __default_alloc_template<true, 0> > const &)
                0x000728bc                ostream::operator<<(long long)
                0x00128da8                cbioRdyChgdSet
                0x0009b1c8                ether_output
                0x00130830                xdr_double
                0x0014ca80                taskArgsSet
                0x000af8bc                _netFree
                0x000fdf70                dbgTaskBpHooksInstall
                0x000e4b04                mblen
                0x000f2838                memPartAlloc
                0x0008e04c                mmuPpcAEnable
                0x00078740                filebuf::~filebuf(void)
                0x00134ce8                wdbIsNowTasking
                0x001053ac                repeatRun
                0x0014069c                semDelete
                0x000fb1f8                tyIRd
                0x00036474                test_seqinc_comparison
                0x00080634                __rethrow
                0x000af78c                wakeup
                0x000f1030                logFdSet
                0x0007f7a0                __get_eh_context
                0x0014c684                ffsMsb
                0x000cc4fc                accept
                0x000bd9e8                muxDevStartAll
                0x0007e14c                _IO_default_read
                0x0010d914                sllCreate
                0x0013c2fc                eventInit
                0x0012213c                ledOpen
                0x00033c9c                DoLU
                0x000f8fdc                symName
                0x00077740                streambuf::gptr(void) const
                0x000f00e8                iosDrvRemove
                0x000829a0                __register_frame_table
                0x001073dc                printLogo
                0x00077564                ios::setf(unsigned long)
                0x00085b70                __user_type_info type_info function
                0x0001a058                gtMemoryGetDeviceBaseAddress
                0x0006e364                basic_string<char, string_char_traits<char>, __default_alloc_template<true, 0> >::find(basic_string<char, string_char_traits<char>, __default_alloc_template<true, 0> > const &, unsigned int) const
                0x00096acc                ifresetImmediate
                0x0005988c                cplusLibMinInit
                0x00074c4c                istream::istream(int)
                0x001477bc                windWdCancel
                0x00078cf8                _IO_file_close_it
                0x0001e7a4                ethernetGetConfigReg
                0x000875a4                bool type_info function
                0x00090be0                endMibIfInit
                0x000967f8                _savev27
                0x000cbfd8                rpcTaskInit
                0x00012148                sysMsDelay
                0x000f508c                selTaskDeleteHookAdd
                0x0010ce2c                qPriBMapKey
                0x000419f8                frcTestGettimeUsec
                0x0003ff50                p64sz
                0x00095984                __unpack_f
                0x0006e360                basic_string<char, string_char_traits<char>, __default_alloc_template<true, 0> >::reserve(unsigned int)
                0x001485e8                eventRsrcShow
                0x0008e16c                _savefpr_26_l
                0x000e13e8                __sflush
                0x000ef4ac                rename
                0x00023614                sdmaRxReturnBuff
                0x000757a4                _IO_ostream_withassign type_info function
                0x0007764c                ios::operator!(void) const
                0x00024660                vxMpscUartTxInt
                0x000de104                tcp_rtlookup
                0x00142678                taskIdListGet
                0x0013226c                xdr_callmsg
                0x0001a18c                gtMemoryGetDeviceSize
                0x000cb2f4                routeAdd
                0x0010cb68                qPriBMapInit
                0x0006e2fc                basic_string<char, string_char_traits<char>, __default_alloc_template<true, 0> >::terminate(void) const
                0x0006db94                basic_string<char, string_char_traits<char>, __default_alloc_template<true, 0> >::insert(unsigned int, char const *, unsigned int)
                0x0013a37c                wdbDbgBpListInit
                0x000e9688                envPrivateDestroy
                0x0007f9ac                __sjthrow
                0x0006e758                basic_string<char, string_char_traits<char>, __default_alloc_template<true, 0> >::substr(unsigned int, unsigned int) const
                0x000f80c4                symTblDelete
                0x000ae6d0                soreserve
                0x001302cc                xdr_union
                0x001029e4                moduleEach
                0x0009023c                _restf24
                0x00089130                cacheArchDmaMalloc
                0x00015f30                frcPciShow
                0x000776b4                ios::unset(state_value)
                0x000e6404                strrchr
                0x000cfe28                xdr_entry
                0x00136690                wdbMemLibInit