
Allocating common symbols
Common symbol       size              file

_func_smObjObjShow  0x4               vxWorks.tmp
taskSwitchTable     0x44              vxWorks.tmp
inetsw              0x340             vxWorks.tmp
msgQDistShowRtn     0x4               vxWorks.tmp
_func_evtLogT1_noTS
                    0x4               vxWorks.tmp
__func_type_info type_info node
                    0xc               vxWorks.tmp
mCastHashInfo       0x8               vxWorks.tmp
ifnet               0x4               vxWorks.tmp
_func_spyStop       0x4               vxWorks.tmp
rlogindSocket       0x4               vxWorks.tmp
workQWriteIx        0x1               vxWorks.tmp
bad_alloc type_info node
                    0xc               vxWorks.tmp
_func_excInfoShow   0x4               vxWorks.tmp
ip_id               0x2               vxWorks.tmp
_func_evtLogReserveTaskName
                    0x4               vxWorks.tmp
dbgLockUnbreakable  0x4               vxWorks.tmp
drvTable            0x4               vxWorks.tmp
ip_protox           0x100             vxWorks.tmp
DCACHE_CTRL         0x80              vxWorks.tmp
global_emfloatstruct
                    0x18              vxWorks.tmp
zeroin_addr         0x4               vxWorks.tmp
__attr_type_info type_info node
                    0xc               vxWorks.tmp
_func_trgCheck      0x4               vxWorks.tmp
frcSysBoardId       0x3               vxWorks.tmp
pWvNetEventMap      0x4               vxWorks.tmp
pAltivecRegSetObj   0x4               vxWorks.tmp
workQReadIx         0x1               vxWorks.tmp
use_result_dummy    0x4               vxWorks.tmp
fppDisplayHookRtn   0x4               vxWorks.tmp
cbioClass           0x34              vxWorks.tmp
ioDefPath           0x100             vxWorks.tmp
_func_taskCreateHookAdd
                    0x4               vxWorks.tmp
somaxconn           0x4               vxWorks.tmp
_func_dspRegsListHook
                    0x4               vxWorks.tmp
_func_tmrConnect    0x4               vxWorks.tmp
max_protohdr        0x4               vxWorks.tmp
_func_evtLogTSched  0x4               vxWorks.tmp
tcpstat             0xd0              vxWorks.tmp
vxIntStackBase      0x4               vxWorks.tmp
_func_dspTaskRegsShow
                    0x4               vxWorks.tmp
workQIsEmpty        0x4               vxWorks.tmp
arp_allocated       0x4               vxWorks.tmp
trgEvtClass         0x4               vxWorks.tmp
_func_selPtyDelete  0x4               vxWorks.tmp
wvDefaultBufOptions
                    0x4               vxWorks.tmp
mmuLibFuncs         0x28              vxWorks.tmp
redirOutFd          0x4               vxWorks.tmp
taskSwapTable       0x44              vxWorks.tmp
_func_evtLogO       0x4               vxWorks.tmp
pEndPktDev          0x4               vxWorks.tmp
_func_selWakeupListInit
                    0x4               vxWorks.tmp
_wdbTaskBpBreakpoint
                    0x4               vxWorks.tmp
global_ofile_name   0x3c              vxWorks.tmp
rttrash             0x4               vxWorks.tmp
_wdbTaskCont        0x4               vxWorks.tmp
semMGiveKernWork    0x4               vxWorks.tmp
ftpsCurrentClients  0x4               vxWorks.tmp
wvLogHeader         0x4               vxWorks.tmp
trgCnt              0x4               vxWorks.tmp
errno               0x4               vxWorks.tmp
mmuStateTransArraySize
                    0x4               vxWorks.tmp
pIntf               0x4               vxWorks.tmp
_func_ioTaskStdSet  0x4               vxWorks.tmp
_func_excIntHook    0x4               vxWorks.tmp
_func_selPtyAdd     0x4               vxWorks.tmp
tot_out_error       0x50              vxWorks.tmp
kernelState         0x4               vxWorks.tmp
_func_evtLogM1      0x4               vxWorks.tmp
yyerrflag           0x4               vxWorks.tmp
_func_sigExcKill    0x4               vxWorks.tmp
_func_wvNetPortFilterTest
                    0x4               vxWorks.tmp
average_error       0x8               vxWorks.tmp
bad_typeid type_info node
                    0xc               vxWorks.tmp
pciConfigAddr2      0x4               vxWorks.tmp
_func_bdall         0x4               vxWorks.tmp
lockKey             0x4               vxWorks.tmp
hostList            0xc               vxWorks.tmp
tickQHead           0x10              vxWorks.tmp
rBuffClass          0x34              vxWorks.tmp
global_ofile        0x4               vxWorks.tmp
__wdbEvtptDeleteAll
                    0x4               vxWorks.tmp
mid_wt_cum_change   0x8c0             vxWorks.tmp
_func_symNameGet    0x4               vxWorks.tmp
tcbinfo             0x10              vxWorks.tmp
_func_logMsg        0x4               vxWorks.tmp
mid_error           0x40              vxWorks.tmp
tcpOutRsts          0x4               vxWorks.tmp
_func_tmrFreq       0x4               vxWorks.tmp
excMsgQId           0x4               vxWorks.tmp
_clockRealtime      0x10              vxWorks.tmp
[...]
Memory Configuration

Name             Origin             Length             Attributes
*default*        0x00000000         0xffffffff

Linker script and memory map

Address of section .text set to 0x10000
LOAD dataSegPad.o
LOAD vxWorks.tmp
LOAD ctdt.o

.text           0x00010000   0x1572d0
                0x00010000                wrs_kernel_text_start=.
                0x00010000                _wrs_kernel_text_start=.
 *(.text)
 .text          0x00010000   0x123358 vxWorks.tmp
                0x00103ee4                print64Mult
                0x000dc814                sigPendInit
                0x00083ce0                mcastHashTblInsert
                0x000ee2b8                dllEach
                0x00011e00                sysHwInit2
                0x0004428c                frcTestBaudRate
                0x00132978                longjmp
                0x000755a8                _restf15
                0x000f1220                rBuffUpload
                0x00054a9c                frcIdmaTestInit0
                0x000a9320                ifShow
                0x0007e5c8                arpresolve
                0x00098d10                bsdGetsockopt
                0x00018cc4                gtPci0MapMemoryBank2
                0x00041478                morefds
                0x0006cf48                unsigned int type_info function
                0x001315f4                _sigCtxRtnValSet
                0x000c7db8                putchar
                0x000a345c                muxPollDevDel
                0x000f0834                rBuffRead
                0x00021664                cunitInit
                0x001221b8                msgQInit
                0x0011f330                wdbDbgTrace
                0x00044ccc                frcTestAltivec
                0x000752f0                __sub64
                0x0007350c                _savefpr_30_l
                0x000a90b8                netTask
                0x000cca90                fpTypeGet
                0x00075848                _savegprx_17_l
                0x000ad678                nfsDirReadOne
                0x00010cc0                sysSerialHwInit
                0x000757b8                _savefprx_31_l
                0x000cd934                clock_gettime
                0x0005a418                xmalloc
                0x00057ce4                usrNetProtoInit
                0x000de9fc                taskHookShowInit
                0x00075874                _savegprx_28_l
                0x000758b4                _savevr25
                0x0008ca4c                rt_maskedcopy
                0x000b0858                routeCmd
                0x00124988                semCCoreInit
                0x0006da8c                altivecRegsToCtx
                0x00075634                _savef31
                0x00094b3c                _insque
                0x000cd364                classInstConnect
                0x000735dc                _restgpr_21_l
                0x000a220c                muxLinkHeaderCreate
                0x0012b57c                windSuspend
                0x00012c1c                readreg
                0x000734b4                _restfpr_31_l
                0x00064a60                __throw_type_match
                0x00056654                myfill
                0x00125bc8                semMLibInit
                0x000c7f0c                putw
                0x0005a658                cplusMatchMangled
                0x00011364                frcPrintVariant
                0x000cadbc                strcpy
                0x00075664                _restfprs_24_l
                0x000ef534                qPriListCreate
                0x000cb5a0                asctime
                0x000a2b8c                muxDevStopAll
                0x00040118                use_int
                0x000ee1b0                dllInsert
                0x0012a054                taskIdListSort
                0x00022598                mpscChanStopTxRx
                0x00077280                __ashldi3
                0x000cf350                fioFormatV
                0x000124e8                gtRegReadBlock
                0x0006fea8                intVecBaseSet
                0x00075088                __rem64
                0x00132b40                qJobTerminate
                0x00040274                get_results
                0x000ebed0                xattrib
                0x00131500                sigsetjmp
                0x0003ff14                p64
                0x00103fc4                expm1
                0x00023724                vxSdmaIntConnect
                0x0007bd74                ifreset
                0x000af130                rcmd
                0x00122018                msgQCreate
                0x000af124                remLibInit
                0x0001fc5c                mgiEndLoad
                0x0006c520                long long type_info function
                0x00077918                __ffsdi2
                0x0007a600                __cmpdf2
                0x0001f414                vxEthernetIntConnect
                0x0010eef0                authunix_create
                0x000dce40                symTblDestroy
                0x000eb254                cp
                0x0011ee20                wdbCtxExitNotifyHook
                0x0011ea5c                wdbExcLibInit
                0x000a2e24                muxPollTask
                0x000c5d18                fabs
                0x00127d80                taskDeleteForce
                0x000cd05c                cacheDrvFlush
                0x00129c5c                taskShow
                0x0007241c                log
                0x000af780                iam
                0x000830ec                in_ifscrub
                0x00075b64                __diab_alloc_mutex
                0x0001a5d4                gtMemoryMapDevice2Space
                0x00073708                _utof
                0x00010bf8                sysTimestampFreq
                0x00056748                usrPci2PciDmaStart
                0x000ec484                bcmp
                0x00072780                sqrt
                0x001199ec                wdbRunsExternal
                0x00022774                vxMpscIntConnect
                0x00131530                setjmp
                0x000756cc                _savefprs_21_l
                0x000c4e8c                cosh
                0x00125e30                semMCoreInit
                0x000c4400                tcp_attach
                0x00098c24                bsdSetsockopt
                0x000e4780                moduleSegAdd
                0x000e8b88                lkAddr
                0x000c6534                __sflags
                0x00131560                _sigCtxSave
                0x000c8e2c                tmpfile
                0x0007a670                __eqdf2
                0x000b5124                igmpstatShow
                0x00073530                _restgpr_18
                0x00115924                xdrrec_create
                0x000efcd0                rngNBytes
                0x001124e4                xprt_register
                0x0002b2e4                frcBibDetach
                0x0007734c                __divdi3
                0x00019ea4                gtPci0EnableBrokenAgentDetection
                0x0006a7a0                __class_type_info::dcast(type_info const &, int, void *, type_info const *, void *) const
                0x0012f2f0                tsfsUploadPathLibInit
                0x0012d418                msgQEvLibInit
                0x000148dc                pciBusProbe
                0x00044d3c                frcTestPciScan
                0x000d43cc                ioctl
                0x000db2b0                pause
                0x000d45d4                writev
                0x000c0b80                tcp_pulloutofband
                0x00010afc                sysClkRateGet
                0x00077238                __gcc_intrinsicsInit
                0x000f0058                rBuffCreate
                0x000767e8                endEtherPacketDataGet
                0x00073618                _restgpr_28_l
                0x0010f55c                clnt_genericInclude
                0x00035974                ramTest32bit
                0x0011af1c                wdbCksum
                0x000416fc                fst
                0x000ef088                qPriBMapDelete
                0x00010670                sysOutByte
                0x00041b70                prtMVReg
                0x000cb26c                strtok_r
                0x0007546c                __uge64
                0x0012a580                tickAnnounce
                0x000ee7a8                qFifoDelete
                0x0009a56c                ftpLogin
                0x00077e54                __floatdidf
                0x00028560                frcMACWrite
                0x0007bb68                _savev23
                0x0007bb98                _savev29
                0x00011f7c                sysProcNumSet
                0x000ee65c                lstFind
                0x00085544                ip_drain
                0x000d8470                objFree
                0x000935d0                soqremque
                0x00119890                wdbExternRegsGet
                0x000e43b0                moduleTerminate
                0x0004419c                frcTestBootFlash
                0x000f096c                rBuffReadCommit
                0x0006f878                fppTaskRegsSet
                0x0007571c                _restfprx_21_l
                0x000cebc4                printf
                0x000758f0                _restvr20
                0x000f03e0                rBuffVerify
                0x000cf2fc                vsprintf
                0x0009520c                random
                0x0001a3a4                gtMemoryMapBank2
                0x000365d0                test_checkerboard_comparison
                0x00073550                _restgpr_26
                0x000755c4                _restf22
                0x000755dc                _restf28
                0x0011120c                pmap_getmapsInclude
                0x00021d50                vxCunitIntClear
                0x0008b1cc                rtfree
                0x00075954                __va_arg
                0x000cdefc                utime
                0x000735a4                _savegpr_27
                0x00073470                _restfpr_21_l
                0x000a2abc                muxAddrResFuncDel
                0x00059ae8                __pure_virtual
                0x001144c0                svcudp_enablecache
                0x000991a4                etherMultiAdd
                0x000756d4                _savefprs_23_l
                0x000d3acc                hashTblEach
                0x0011e6ac                wdbTaskBpLibInit
                0x00075720                _restfprx_22_l
                0x00075694                _restfprs_29_l
                0x001219c8                eventRsrcSend
                0x0012f8ac                evtLogM2
                0x000df5c4                tyDevRemove
                0x00073548                _restgpr_24
                0x00075608                _savef20
                0x000ce918                excInit
                0x00073500                _savefpr_27_l
                0x0007eabc                arpintr
                0x000c86fc                __sseek
                0x0011bafc                wdbFuncCallLibInit
                0x0001a814                gtMemorySetProtectRegion
                0x00121f3c                kernelVersion
                0x00119604                wdbTask
                0x00083a80                in_delmulti
                0x000e5efc                shellLogin
                0x000a2fc4                muxTaskPrioritySet
                0x0011a0d4                wdbRpcReplyErr
                0x000aa1dc                netPoolShow
                0x001046b8                b
                0x000ccd58                cacheInvalidate
                0x000eddf0                bootScanNum
                0x0001065c                sysInByte
                0x000450f8                isPMC280TwoOnBoardEth
                0x000d9bb0                rebootHookAdd
                0x00066cc4                exception::what(void) const
                0x0012dc80                wvEvtClassClearAll
                0x000b9140                in_pcballoc
                0x000b1df0                recv
                0x000a09c4                ipLibMultiInit
                0x000ad808                nfsFileAttrGet
                0x0007578c                _savefprx_20_l
                0x000b1958                connect
                0x0009e77c                icmpLibInit
                0x00067c58                __register_frame
                0x0009fffc                ifRouteEnable
                0x0011eff4                wdbFppGet
                0x0001b408                frcGppIntCtrlInit
                0x0007bc04                _restv30
                0x000ef6c4                qPriListRemove
                0x000450f0                isPMC280BootFlashPresent
                0x000c566c                logb
                0x00018358                gtPci0GetMemory2Size
                0x000e715c                reld
                0x00098468                bsdRecvfrom
                0x000cec9c                printErr
                0x000c8f20                ungetc
                0x00119dd4                wdbSuspendSystemHere
                0x00023580                sdmaChanReceive
                0x000a4340                muxTkSend
                0x000aa368                netStackDataPoolShow
                0x0006b76c                type_info::before(type_info const &) const
                0x00112920                svcerr_auth
                0x000ce9d8                excHookAdd
                0x0007bb50                _savev20
                0x0002be70                frcBibDataWrite
                0x0011ce44                wdbSysBpLibInit
                0x0012411c                semBCoreInit
                0x00053f3c                parse8
                0x0012c208                windUndelay
                0x0006c168                __rtti_ptmd
                0x0008984c                rn_delete
                0x00045288                detectUserFlash
                0x0004213c                frcTestSerialInfo
                0x000755b0                _restf17
                0x00019f88                gtPci0GetBusMode
                0x0011b9a8                wdbEventDeq
                0x00045b70                mpsc_regs_dump
                0x00123b3c                reschedule
                0x0009fed0                ifIndexToIfName
                0x000dab38                sigemptyset
                0x000710dc                mathHardInit
                0x00075bdc                __common_long_jmp
                0x0001a4bc                gtMemoryMapDevice0Space
                0x00066d9c                bad_exception type_info function
                0x000818a0                copyFromMbufs
                0x000c1e60                tcpRandHookAdd
                0x0006b458                __class_type_info::~__class_type_info(void)
                0x000ce894                errnoSet
                0x001231e8                msgQShowInit
                0x00075384                __gt64
                0x0007b300                __divsf3
                0x000a068c                inet_netof_string
                0x000b11a0                routeMetricSet
                0x0008862c                rn_search
                0x00027288                frcEEPROMWrite16
                0x00037548                memTest_Basic
                0x000cae70                strerror
                0x000756f0                _savefprs_30_l
                0x0012656c                semMGiveKern
                0x0011f004                wdbFppSet
                0x00099030                bsdGetpeername
                0x00119d54                wdbNotifyHost
                0x001274dc                taskSpawn
                0x0001b0c0                gtDmaUpdateArbiter
                0x0003638c                test_or_comparison
                0x000ab3d0                nfsDevShow
                0x000e5e94                shellPromptSet
                0x00073458                _restfpr_15_l
                0x00013510                pciConfigBdfPack
                0x000dddcc                symTypeGet
                0x000ef814                qPriListInfo
                0x000baa60                in_pcbinshash
                0x0009f3d4                ifMaskGet
                0x000ef214                qPriBMapResort
                0x00043824                frcTestIntLatHard
                0x00105298                so
                0x000de2d0                taskSwitchHookAdd
                0x000ee50c                lstInsert
                0x000e9ba4                ramDrv
                0x000b88d0                igmp_fasttimo
                0x00073524                _restgpr_15
                0x00041720                frcSysTest
                0x000734f4                _savefpr_24_l
                0x000402dc                save_minimum
                0x00010e38                sysSerialChanGet
                0x0009a020                ftpReplyGet
                0x0011e994                wdbDirectCallLibInit
                0x00118130                wdbNptInt
                0x000367dc                test_walkbits_comparison
                0x000e59d8                shellHistory
                0x000cccd8                cacheUnlock
                0x000e993c                spyReport
                0x000ef9c4                rngBufGet
                0x0001a7e4                gtMemoryGetInternalSramBaseAddr
                0x00027118                frcEEPROMWrite8
                0x000107f8                sysL2BackEnable
                0x0006f350                excShowInit
                0x00075c54                tkRcvRtnCall
                0x00106c5c                dbgTaskBpTrace
                0x000c1dac                tcp_setpersist
                0x000ea028                dosFsConfigShow
                0x0003eb60                now
                0x000caac4                memmove
                0x000b4f40                xdr_mountbody
                0x00027400                frcEEPROMRead8
                0x000affb4                rlogOutTask
                0x0012071c                xdr_WDB_TGT_INFO
                0x00018e40                gtPci0MapMemoryBank3
                0x000c8790                stdioInit
                0x000755d8                _restf27
                0x000d8694                pathCondense
                0x000dd1fc                symTblAdd
                0x000861b4                ip_output
                0x00019728                gtPci0MapP2pMem0Space
                0x000974b8                bsdSockLibInit
                0x00132af8                qJobDelete
                0x0003f894                nano
                0x000c8b90                stdioShowInit
                0x00119a0c                wdbRunsTasking
                0x00129450                taskUnsafe
                0x000432d8                frcTestLatInitialization
                0x0007589c                _savevr22
                0x0001b2e4                gtDmaSetEngineAccessProtect
                0x000b1524                rpcClntErrnoSet
                0x0001dd04                ethPortMcAddr
                0x000a0580                inet_makeaddr_b
                0x00066d08                exception type_info function
                0x000d3794                hashTblDelete
                0x0004147c                touch
                0x000542e8                ctohex1
                0x0012e6ac                wvLogHeaderCreate
                0x00075918                _restvr25
                0x000a1dbc                muxMCastAddrAdd
                0x00025bc4                frcFlashReadRst
                0x00057750                usrBootLineInit
                0x00054a18                frcAlignedMalloc
                0x000732b4                mmuPpcSdr1Set
                0x0007b9bc                __fixsfsi
                0x00116d1c                pmap_set
                0x000ac56c                nfsDirUnmount
                0x000d7cb8                memPartShow
                0x000734e8                _savefpr_21_l
                0x0005a1fc                cplusCallCtors
                0x00125c3c                semMCreate
                0x000994fc                ftpCommand
                0x00075828                _restgprx_31_l
                0x0001a7fc                gtMemorySetInternalSramBaseAddr
                0x00132074                wdbDbgArchInit
                0x0006495c                cplusTerminate(void)
                0x00011248                frcGetBank1MemSize
                0x00065da4                __cp_push_exception
                0x0007366c                _savegpr_26_l
                0x000d56b8                iosOpen
                0x00018978                gtPci0MapInternalRegIOSpace
                0x000294fc                ismin
                0x0008016c                ether_sprintf
                0x00119800                wdbExternRegsSet
                0x000e44ec                moduleIdFigure
                0x00036f40                release_mem
                0x0007bb58                _savev21
                0x00073698                _itof
                0x00123104                msgQNumMsgs
                0x000734ac                _restfpr_29_l
                0x000a9144                netJobAdd
                0x000255f4                bootFlashErase
                0x0006c260                __rtti_array
                0x00124900                semCInit
                0x000757d4                _restgprx_18_l
                0x000e5fbc                shellLogout
                0x00081bec                set_if_addr
                0x00115664                xdrmem_create
                0x0007a770                __gtdf2
                0x0010023c                dosFsDevCreate
                0x0012077c                xdr_WDB_PARAM_WRAPPER
                0x0006ffd4                intLockLevelSet
                0x0007354c                _restgpr_25
                0x0001b3a4                gtSramMallocAligned
                0x000c9640                atol
                0x000170b4                sysMachChkExcpInit
                0x000ce81c                __errno
                0x0006aedc                __user_type_info::~__user_type_info(void)
                0x00125260                semFlush
                0x0011a3a4                wdbSvcAdd
                0x0006fff4                intRegsUnlock
                0x000e3684                loadModule
                0x000b49c0                xdr_linkargs
                0x0011202c                xdr_des_block
                0x000e37ec                addSegNames
                0x0006fde4                intUnlock
                0x00127788                taskInit
                0x00010820                sysL2BackDisable
                0x000a2634                endFindByName
                0x00075844                _savegprx_16_l
                0x000234e4                sdmaTxReturnDesc
                0x000756e8                _savefprs_28_l
                0x0011efcc                wdbFppRestore
                0x0003b9c4                rdwr
                0x00111fd4                xdr_opaque_auth
                0x000d5664                iosDelete
                0x0003fe60                usecs_spent
                0x000ed32c                bootBpAnchorExtract
                0x00056b4c                usrMmuInit
                0x0007465c                __DIAB_wr_pk_db
                0x000dd78c                symFindByName
                0x0006ff54                intEnable
                0x000e4924                moduleSegFirst
                0x00073570                _savegpr_14
                0x000ee43c                lstExtract
                0x001169e4                clnt_spcreateerror
                0x0001dba8                ethPortUcAddrSet
                0x0010db34                cbioLock
                0x0006d45c                signed char type_info function
                0x0007586c                _savegprx_26_l
                0x000ae174                nfsAuthUnixShow
                0x0009b830                ftpdDelete
                0x00018088                gtPci0MapMemory2space
                0x000681d4                bad_alloc type_info function
                0x000106dc                __READ_FLASH64
                0x0012fa2c                evtLogOInt
                0x0005a04c                RBString_T::prepend(char)
                0x00070d58                vxHid0Set
                0x0008c77c                rt_fixdelete
                0x000ef6e8                qPriListResort
                0x0012dc4c                wvEvtClassSet
                0x000dde2c                symShow
                0x000b4ea8                xdr_dirpath
                0x0004416c                frcTestVPD
                0x000758d4                _savevr29
                0x001169b0                clnt_perrno
                0x000ce5b4                getenv
                0x000b7098                netClFree
                0x001320d0                wdbDbgTraceModeSet
                0x00126800                semMPendQPut
                0x000c4de8                ceil
                0x00097f04                bsdSend
                0x00058fc0                wdbMbufFree
                0x00125418                semDestroy
                0x00018010                gtPci0MapMemory1space
                0x000ef77c                qPriListAdvance
                0x000d3408                fppShowInit
                0x00075b8c                __diab_lock_mutex
                0x000ae3e0                nfsIdSet
                0x00013174                pciFindClass
                0x000d0b94                fioRead
                0x00014324                pciConfigModifyByte
                0x00019a20                gtPci0MapP2pIoSpace
                0x00029838                frcBibShow
                0x000e7518                netHelp
                0x000ceb9c                fioLibInit
                0x00026454                frcFlashErase
                0x000e529c                moduleCheck
                0x000735c0                _restgpr_14_l
                0x000d9688                ptyDevRemove
                0x0003ee0c                bandwidth_val
                0x00121db4                kernelInit
                0x00075650                _restfprs_19_l
                0x00034a70                MoveMemory
                0x000f42b0                dosChkEntryMark
                0x00014548                pciAutoConfig
                0x00073564                _restgpr_31
                0x0007ab70                __make_dp
                0x000c823c                __srget
                0x000e4108                moduleInit
                0x0001058c                sysGetCpuVer
                0x000c50ec                floor
                0x000ccbf8                cacheLibInit
                0x000ba30c                in_pcbnotify
                0x000a1110                muxShow
                0x000757ec                _restgprx_24_l
                0x000b70dc                netMblkClFree
                0x0012c8d0                windPendQFlush
                0x000b71a8                netClBlkGet
                0x000757f4                _restgprx_26_l
                0x000855c0                ip_dooptions
                0x000d6eb0                memPartInit
                0x00106950                dbgTaskBpBreakpoint
                0x000d54e0                iosFdNew
                0x000c8460                setlinebuf
                0x000734d0                _savefpr_15_l
                0x0012dff0                wvSigInst
                0x00103c04                dosVDirLibInit
                0x000945f4                sbdrop
                0x00099154                bsdShutdown
                0x000c979c                labs
                0x00057c84                usrSlipInit
                0x000edfbc                bufAlloc
                0x000c7980                gets
                0x00042698                frcTestSerial
                0x000888fc                rn_match
                0x001209a8                xdr_WDB_STRING_T
                0x000757c8                _restgprx_15_l
                0x00011e7c                sysOutWord
                0x0007bbcc                _restv23
                0x000739d0                __dtoll
                0x00091dfc                soreceive
                0x0007bac8                __make_fp
                0x0012eccc                wvTaskNamesBufAdd
                0x000e487c                moduleSegGet
                0x00088c48                rn_insert
                0x000a1a54                muxPollReceive
                0x0012d934                fileUploadPathLibInit
                0x000ee804                qFifoGet
                0x00075674                _restfprs_28_l
                0x000ccd98                cacheClear
                0x000181c0                gtPci0GetIOspaceSize
                0x000c9668                bsearch
                0x0007bf48                if_attach
                0x0013021c                cplusLoadFixup
                0x000eee38                qCalibrate
                0x000b7588                netMblkChainDup
                0x0002d578                RoundInternalFPF
                0x000e457c                moduleShow
                0x0005b018                cplus_mangle_opname
                0x000a1ec4                muxUnbind
                0x000ae244                nfsAuthUnixSet
                0x000e8178                version
                0x00074478                sfpFloatNormalize
                0x00056a54                loadSymTbl
                0x0009f210                ifAddrDelete
                0x000d9524                ptyDevCreate
                0x0011b8dc                wdbEventNodeInit
                0x0001a660                gtMemoryMapDevice3Space
                0x000d341c                fppTaskRegsShow
                0x00018120                gtPci0MapMemory3space
                0x0007b080                __subsf3
                0x000df7e4                tyAbortFuncSet
                0x000f0e64                rBuffDestroy
                0x0006eeac                excVecBaseGet
                0x00037ce8                getpagesize_lmbench
                0x0001c0cc                gtCntmrDisable
                0x000ac860                nfsLookUpByName
                0x000d58f8                iosWrite
                0x000a2fa0                muxTaskDelayGet
                0x0003f384                mb
                0x000757dc                _restgprx_20_l
                0x0012f450                evtObjLogFuncBind
                0x00070cec                vxDsisrSet
                0x000bc090                icmp_ctloutput
                0x000d7ba8                memAddToPool
                0x0010db88                cbioUnlock
                0x000d5400                iosFdSet
                0x00010690                GET_THRM1
                0x00059b50                RBString_T::RBString_T(void)
                0x0006be60                __rtti_attr
                0x00127268                taskNameToId
                0x00019c40                gtPci0SetRegionFeatures
                0x000dd124                symAdd
                0x00121134                eventReceive
                0x0003f0c4                bandwidth_n
                0x000eedd0                qGetExpired
                0x000eee98                qEach
                0x00120324                xdr_WDB_MEM_XFER
                0x000416bc                print_bytes
                0x00010b08                sysClkRateSet
                0x000c99f0                qsort
                0x000d51e4                iosNextDevGet
                0x000c26b8                tcp_close
                0x00075d68                endFlagsClr
                0x000d78e4                memPartBlockIsValid
                0x00126980                semInfo
                0x00015e5c                frcPciConfigReadVPD
                0x000e7084                unldByGroup
                0x000577b8                usrBootLineCrack
                0x000c6cfc                fscanf
                0x000b5220                icmpstatShow
                0x0001c310                gtCntmrIsTerminate
                0x000c6324                fgets
                0x000cb94c                __daysSinceEpoch
                0x00022eb0                sdmaChanStart
                0x0008f4d0                pfctlinput
                0x0005a1d4                cplusDtorsLink
                0x00104e80                bdall
                0x00018c00                gtPci0MapMemoryBank1DAC
                0x000732c4                mmuPpcSdr1Get
                0x000756b0                _savefprs_14_l
                0x000ee55c                lstNext
                0x0006fe38                intVecSet
                0x0012cef0                workQAdd0
                0x00040eec                get_enough
                0x00034dcc                TicksToSecs
                0x001328c4                wdbDbgDabrGet
                0x000cb764                __getTime
                0x000ce288                envPrivateCreate
                0x0004012c                use_pointer
                0x0006ca34                char type_info function
                0x0012f6dc                evtLogT1
                0x00073488                _restfpr_27_l
                0x000ba6dc                in_rtchange
                0x00018248                gtPci0GetMemory0Size
                0x000ee4c0                lstFirst
                0x0012da04                fileUploadPathClose
                0x000dd948                symByValueAndTypeFind
                0x00082288                in_control
                0x001204f4                xdr_WDB_RT_INFO
                0x0006b150                __si_type_info::~__si_type_info(void)
                0x0005a398                cplusDemanglerInit
                0x00025b90                correctaddr
                0x00028390                frcRTCWrite
                0x00017bd8                userRsrvMemMallocAligned
                0x0001aadc                gtMemorySetDeviceParam
                0x000730ec                excExit
                0x000c77e0                getc
                0x001009f0                dosFsHdlrInstall
                0x000447ec                frcTestMACAddr
                0x000b1068                rtrequestDelEqui
                0x000eef2c                qPriBMapCreate
                0x00010854                sysL2BackHWFlush
                0x001299a0                taskTcb
                0x000d6c68                memFindMax
                0x000e78e0                repeat
                0x001304a8                _dbgRetAdrsGet
                0x00065c24                unexpected(void)
                0x00075508                __ule64
                0x000e55a4                shell
                0x0001a88c                gtMemoryDisableWindow
                0x0012a6c8                tick64Set
                0x000b15f0                sockLibAdd
                0x00075930                _restvr28
                0x00023af4                vxSdmaIntClear
                0x00075948                _restvr31
                0x000e6240                timexHelp
                0x000efc7c                rngIsFull
                0x000caa7c                memcpy
                0x000e36d8                loadModuleAtSym
                0x000b7368                netClBlkJoin
                0x000bce20                rip_usrreq
                0x000ee8d0                qFifoEach
                0x0007cf64                if_slowtimoRestart
                0x00072f58                cacheArchTextUpdate
                0x00059c04                RBString_T::RBString_T(char const *)
                0x0011dfe4                udpCommIfInit
                0x0008369c                in_broadcast
                0x0001c82c                vxCntmrIntDisable
                0x00044a2c                getPLLCoreMultiplier
                0x000418d0                frcTestTbReset
                0x00073294                mmuPpcSrSet
                0x0007345c                _restfpr_16_l
                0x000755c0                _restf21
                0x000aa3b8                mbufShow
                0x00111318                pmap_getport
                0x0007bbc4                _restv22
                0x000a5130                netDevCreate
                0x00045384                DCD_regs_dump
                0x000c84d0                setvbuf
                0x000755f4                _savef15
                0x00075600                _savef18
                0x000e5470                shellRestart
                0x000e52d8                moduleNameGet
                0x0012e698                wvUploadTaskConfig
                0x000d9c44                selectInit
                0x000ae6d4                ping
                0x0006dad4                altivecInit
                0x00064898                abs(double)
                0x00070dd4                vxTimeBaseGet
                0x00023fec                serialChanStart
                0x00065c40                __cp_exception_info
                0x00075b30                __diab_atomic_restore
                0x00129310                taskSafe
                0x001197dc                wdbExternRegSetObjAdd
                0x000757c4                _restgprx_14_l
                0x000d8c88                pathSplit
                0x0007a970                __floatsidf
                0x0007cf08                if_qflush
                0x00093690                socantrcvmore
                0x000d4a4c                ioGlobalStdGet
                0x0007347c                _restfpr_24_l
                0x000afa0c                rlogind
                0x0011275c                svc_sendreply
                0x000558e8                frcDmaTestStart1
                0x000c7c60                perror
                0x0012d698                semEvLibInit
                0x00010c4c                sysTimestampLock
                0x000d852c                pathParse
                0x0007a870                __ltdf2
                0x0006ff94                intDisable
                0x0006e004                swab
                0x00041a78                getOption
                0x001316b4                vxTaskEntry
                0x00105f18                dbgPrintCall
                0x000b449c                xdr_sattrargs
                0x00075840                _savegprx_15_l
                0x000d3d24                creat
                0x0006ec98                excVecSet
                0x000d8824                pathBuild
                0x00025fd0                operation_fail
                0x00070da0                vxFpscrGet
                0x000fbcd4                dosFsFmtLibInit
                0x0002bda0                bibReadIntf
                0x000df7fc                tyBackspaceSet
                0x0007bbec                _restv27
                0x000ec4f8                bswap
                0x001317fc                taskMsrSet
                0x000b43f4                xdr_nfspath
                0x000d3bc4                hashFuncIterScale
                0x0001042c                _initialize_dbg_uart
                0x000c7f60                puts
                0x00012c5c                sysHardReset
                0x00073574                _savegpr_15
                0x000cdab4                clock_settime
                0x000ea504                copy
                0x000d3cb8                intRestrict
                0x000aa3e0                netShowInit
                0x000e8050                ts
                0x00011630                frcPrintBoardInfo
                0x000ce828                errnoGet
                0x000a0878                inet_ntoa_b
                0x000d6940                memPartFindMax
                0x0011f0ec                wdbDbgBpGet
                0x001317dc                taskArgsGet
                0x00011520                frcMv64360SiliconVersion
                0x00091098                soaccept
                0x000dd920                symByValueFind
                0x00010000                _sysInit
                0x000c48b0                islower
                0x000ee290                dllCount
                0x0001995c                gtPci0MapP2pMem1SpaceDAC
                0x000ea064                dosFsVolOptionsSet
                0x000765fc                endEtherAddressForm
                0x000649c0                __dummy
                0x000d6b84                memOptionsSet
                0x000ccea4                cacheDmaFree
                0x0010c290                yyparse
                0x000eb224                llr
                0x000ee1a8                dllTerminate
                0x00065bfc                set_terminate(void (*)(void))
                0x000eece0                qPut
                0x000c4928                tolower
                0x00073650                _savegpr_19_l
                0x0002519c                bootFlashProgram1byte
                0x0004007c                last
                0x0004362c                frcTestIntLatSoft
                0x000bc84c                rip_output
                0x00054774                mem_perf
                0x000cdd70                rewinddir
                0x0011ae6c                wdbMemTest
                0x00056524                usrDmaInit
                0x0006f7ac                fppArchInit
                0x000efaf8                rngBufPut
                0x000caa00                system
                0x0006aa10                type_info::operator!=(type_info const &) const
                0x000c5fcc                feof
                0x001223d0                msgQDelete
                0x0012b79c                windPrioritySet
                0x000c33d4                tcp_canceltimers
                0x0008a7ec                route_init
                0x0007cbf0                link_rtrequest
                0x000b521c                icmpShowInit
                0x0006d8d8                altivecArchTaskCreateInit
                0x000f1190                wvRBuffMgrPrioritySet
                0x0004444c                atox
                0x0009f23c                ifAddrGet
                0x000198a4                gtPci0MapP2pMem1Space
                0x0009b0c4                ftpTransientConfigGet
                0x0012f960                evtLogM3
                0x00010c04                sysTimestamp
                0x00041dc0                testmem_perf
                0x00053ad8                frcEEPROMTestRead
                0x000d810c                memPartInfoGet
                0x000756e4                _savefprs_27_l
                0x001131d4                svcraw_create
                0x000d7bd8                malloc
                0x0006822c                bad_alloc::what(void) const
                0x001300cc                evtLogT1_noTS
                0x000d405c                remove
                0x000d4b2c                isatty
                0x00131604                _sigCtxSetup
                0x00075b88                __diab_free_mutex
                0x000bb1b4                icmp_input
                0x00065f3c                __uncatch_exception
                0x0009f4d8                ifFlagSet
                0x0001b340                gtSramInit
                0x00098f24                bsdGetsockname
                0x00075728                _restfprx_24_l
                0x0009f924                ifRouteDelete
                0x00058f48                wdbMbufAlloc
                0x0013246c                wdbDbgRegsClear
                0x00073464                _restfpr_18_l
                0x001137a0                svctcp_create
                0x0002b334                frcBibRead
                0x00070ebc                vxMemArchProbe
                0x0008776c                ip_ctloutput
                0x000eead8                qInit
                0x00074da4                __div64
                0x000747f8                __asr64
                0x000443f0                frcTestIsMonarch
                0x00016c90                gtIntDisable
                0x001328d4                wdbDbgDarGet
                0x001271d4                taskRegsSet
                0x0001cbf4                frcDmaIntConnect
                0x000f0a14                rBuffFlush
                0x00128a6c                taskRestart
                0x00066e1c                bad_exception::bad_exception(void)
                0x00045100                getPMC280BoardInfo
                0x00073664                _savegpr_24_l
                0x00075868                _savegprx_25_l
                0x000c4b1c                ldexp
                0x0011de74                wdbVioChannelUnregister
                0x000cdf70                envLibInit
                0x000d3c88                hashKeyStrCmp
                0x000f13c4                rBuffShowInit
                0x0007b878                __lesf2
                0x000cd92c                clock_setres
                0x000ce834                errnoOfTaskGet
                0x00010d88                sysSerialHwInit2
                0x000b6edc                netPoolKheapInit
                0x00041d14                frcTestIDMAScrubChk
                0x00036904                test_bitspread_comparison
                0x000e603c                shellIsRemoteConnectedGet
                0x000af660                remCurIdGet
                0x000ee340                lstAdd
                0x000231d4                sdmaChanStopTxRx
                0x001228f4                msgQSend
                0x000253a0                bootFlashGetSectorOff
                0x000295ac                issec
                0x00077bd0                __fixunsdfsi
                0x000928cc                soshutdown
                0x000acf84                nfsThingCreate
                0x0012c734                windReadyQPut
                0x00059a88                __pure_virtual_called
                0x00088434                ip_mloopback
                0x0003614c                test_verify_success
                0x0005a4b0                cplusDemanglerStyleSet
                0x000cc600                __getDstInfo
                0x000e5f94                shellLoginInstall
                0x000b1d00                recvfrom
                0x00054728                frcTestSwitch
                0x000e9ad8                spyStop
                0x00090fa8                soabort
                0x00074aac                __rem32
                0x000ef578                qPriListInit
                0x00114eac                xdr_bytes
                0x00112840                svcerr_decode
                0x00011f88                sysCpuCheck
                0x00097d2c                bsdSendto
                0x000ef780                qPriListGetExpired
                0x000cde8c                statfs
                0x0002c874                frcBootRegFileBurn
                0x0007588c                _savevr20
                0x000757cc                _restgprx_16_l
                0x0007bbe4                _restv26
                0x00073658                _savegpr_21_l
                0x0012a10c                taskRegsShow
                0x0001c140                gtCntmrRead
                0x00126ab8                semShow
                0x0011de28                wdbVioLibInit
                0x0001b89c                frcGppIntDisable
                0x0007ccd8                if_down
                0x001160ac                xdrrec_endofrecord
                0x000ca7d0                strtoul
                0x00127148                taskBpHookSet
                0x000ab144                nfsMount
                0x00132b68                qJobPut
                0x0009df6c                hostTblInit
                0x00081fac                inet_netmatch
                0x000df184                ttyDrv
                0x000820b4                in_localaddr
                0x000cd8b4                clock_getres
                0x000735e4                _restgpr_23_l
                0x00106f70                ledRead
                0x0011a1e0                wdbRpcNotifyHost
                0x0006ffe0                intRegsLock
                0x000b4958                xdr_renameargs
                0x00065bec                __default_unexpected(void)
                0x0006c82c                short type_info function
                0x000757b0                _savefprx_29_l
                0x00075864                _savegprx_24_l
                0x00093200                soisdisconnecting
                0x000cd2e0                classShowConnect
                0x00125eb0                semMGive
                0x000a4400                muxTkPollReceive
                0x0006da50                altivecProbe
                0x0006c41c                void type_info function
                0x000b3a34                tftpErrorCreate
                0x0006fdd0                intLock
                0x0008b688                rtredirect
                0x00036d60                extendedTestError
                0x000d5804                iosRead
                0x0012fe80                evtLogTasks
                0x000d5614                iosCreate
                0x000c48d8                ispunct
                0x000dcc60                symTblCreate
                0x00078ba4                __udivmoddi4
                0x000735a8                _savegpr_28
                0x0012b0b0                wdShowInit
                0x0007579c                _savefprx_24_l
                0x000e6e9c                unldByModuleId
                0x000c98fc                wctomb
                0x0012cc54                windPendQRemove
                0x000da49c                selNodeAdd
                0x00074694                __DIAB_wr_pk_fl
                0x000b5e90                udpShowInit
                0x000a4ef0                muxTkBindUpdate
                0x000b4084                xdr_nfsstat
                0x0012b0ac                wdTick
                0x0006dfe8                bfillBytes
                0x00010960                sysL1DcacheEnable
                0x000b4ffc                xdr_groupnode
                0x0010f560                clnt_create
                0x000ea370                rmdir
                0x000761f4                endObjInit
                0x000eeec8                qPriBMapListCreate
                0x0001fbc4                vxEthernetIntEnable
                0x0007c8a8                ifaof_ifpforaddr
                0x000c998c                wcstombs
                0x000ee368                lstConcat
                0x0010d9bc                cbioModeSet
                0x000735a0                _savegpr_26
                0x00036290                test_mul_comparison
                0x0011109c                clntudp_freeres
                0x000b16ac                socket
                0x00019430                gtPci0MapDevice3MemorySpace
                0x00064b58                __get_eh_info
                0x000d9e2c                select
                0x000a8f14                netLibGeneralInit
                0x000d0c34                fioRdString
                0x0007427c                __ftoll
                0x00067e70                __frame_state_for
                0x000f4f24                dosFsChkTree
                0x00053d3c                frcTestRTCWrite
                0x000cdd28                readdir
                0x000a1e6c                muxMCastAddrGet
                0x000c7af4                __smakebuf
                0x00025bb8                __READ_FLASH16
                0x00075628                _savef28
                0x000cde64                fstatfs
                0x00075610                _savef22
                0x0007561c                _savef25
                0x001223ac                msgQTerminate
                0x0012b114                wdShow
                0x00036224                test_sub_comparison
                0x00090964                sofree
                0x000f287c                dcacheDevEnable
                0x0007565c                _restfprs_22_l
                0x00075bc4                __diab_free_semaphore
                0x00018220                gtPci0GetMemory0Base
                0x0001e8d4                ethPortWriteSmiReg
                0x000df808                tyDeleteLineSet
                0x00105ba4                l
                0x000e7b40                checkStack
                0x00080018                _arpCmd
                0x000d8dd0                pipeDevCreate
                0x000106a8                SET_THRM1
                0x00116944                clnt_perror
                0x00073520                _restgpr_14
                0x000c5784                drem
                0x000ddd6c                symNameGet
                0x00019b7c                gtPci0MapCPUspaceDAC
                0x00019f58                gtPci0P2PConfig
                0x0004397c                frcTestIntLatency
                0x001199fc                wdbIsNowExternal
                0x000c48ec                isspace
                0x000c461c                tcp_disconnect
                0x000a13c4                muxBind
                0x000798d4                __unpack_d
                0x00021458                brgStart
                0x000ee4c8                lstGet
                0x0001422c                pciConfigModifyWord
                0x0006a5b0                __rtti_user
                0x00010eb0                frcGetPcbRev
                0x00026150                frcFlashProgram
                0x000c609c                fflush
                0x000543ac                TestIntConnect
                0x000a0aec                rawIpLibInit
                0x000ee83c                qFifoRemove
                0x00046de8                MV64360_regs_dump
                0x00010ae0                sysClkDisable
                0x0011a9c0                wdbCtxLibInit
                0x0010da50                cbioRdyChgdGet
                0x000e6198                timexFunc
                0x00075738                _restfprx_28_l
                0x00114970                xdr_void
                0x00075900                _restvr22
                0x0001579c                pciScan
                0x00011258                frcPrintBank1MemSize
                0x0012cec8                workQInit
                0x00091480                soconnect2
                0x00112eb4                _svcauth_null
                0x000757f0                _restgprx_25_l
                0x00010b4c                sysTimestampEnable
                0x00031f24                DoIDEA
                0x0007bafc                __extendsfdf2
                0x0012f794                evtLogM0
                0x00015c04                frcPciSetActive
                0x00121044                eventTerminate
                0x00073b04                __dtoull
                0x000757a8                _savefprx_27_l
                0x001114b4                xdr_pmap
                0x000dea84                taskDeleteHookShow
                0x001129f8                svcerr_progvers
                0x000124e0                sysVirtToPhys
                0x00055da4                wdValueReg
                0x000f0fe0                wvRBuffMgr
                0x00125724                semGiveDefer
                0x0012dab4                wvEvtLogInit
                0x00079d40                __adddf3
                0x0007b678                __nesf2
                0x000d71e4                memPartAlignedAlloc
                0x00040350                save_median
                0x000af7c0                whoami
                0x000b0c1c                mRouteEntryAdd
                0x001127d0                svcerr_noproc
                0x000b156c                sockLibInit
                0x000a2914                muxAddrResFuncAdd
                0x000a3210                muxPollEnd
                0x0001f0b8                ethPortReceive
                0x00073640                _savegpr_15_l
                0x000e43d4                moduleDelete
                0x000b2ae4                tftpModeSet
                0x000949d4                splimp
                0x00092ae4                sosetopt
                0x000183e0                gtPci0GetMemory3Size
                0x000c0dfc                tcp_mss
                0x0012cf88                workQAdd1
                0x000988a4                bsdRecvmsg
                0x0008ac00                routeDrain
                0x000eed40                qRemove
                0x0012aa48                wdTerminate
                0x00016f64                sysIntCtrlInit
                0x000c9928                mbstowcs
                0x000d7c5c                memShowInit
                0x0008e8e4                udp_output
                0x000ce428                putenv
                0x00034ea0                ramTestPrintDot
                0x00073674                _savegpr_28_l
                0x0009f504                ifFlagGet
                0x000976c0                bsdBind
                0x00018330                gtPci0GetMemory2Base
                0x00022514                mpscChanStopRx
                0x000791d0                __umoddi3
                0x000a6584                netLsByName
                0x000d43ec                lseek
                0x0006aa34                bad_cast type_info function
                0x00075658                _restfprs_21_l
                0x000a168c                muxSend
                0x000d8988                pathCat
                0x00073480                _restfpr_25_l
                0x000ce9e4                excJobAdd
                0x000dab58                sigaddset
                0x0006e6a0                excVecInit
                0x000df0b8                taskVarInfo
                0x00059a10                cplusLibInit
                0x000cd3c8                classMemPartIdSet
                0x0012ff58                evtsched
                0x0010fc10                clnt_simpleInclude
                0x0010d700                cbioBlkRW
                0x0001e4d4                ethClearMibCounters
                0x00093734                sbseldequeue
                0x0006d900                altivecTaskRegsGet
                0x000c8bc4                stdioShow
                0x0005a8cc                set_cplus_marker_for_demangling
                0x0005a4a4                cplusDemanglerSet
                0x001206a4                xdr_WDB_AGENT_INFO
                0x0001886c                gtPci0MapInternalRegSpace
                0x00077300                __clear_cache
                0x0011544c                xdr_vector
                0x0011fb0c                wdbAltivecGet
                0x00037f34                bwMem
                0x000a5154                netDevCreate2
                0x000d5058                iosDevDelete
                0x000ba71c                in_pcblookup
                0x000ef27c                qPriBMapInfo
                0x000f27c4                dcacheDevDisable
                0x0012ea40                wvEvtBufferGet
                0x0001b048                gtDmaIsChannelActive
                0x000ee124                dllCreate
                0x000ec55c                bzero
                0x00017d18                _frcPci0ReadConfigReg
                0x0006c728                int type_info function
                0x00013920                pciConfigInLong
                0x0007364c                _savegpr_18_l
                0x000116e4                sysModel
                0x000733ac                mmuPpcExtraBatEnableMPC74x5
                0x00119f34                wdbRpcRcv
                0x00088c00                rn_newpair
                0x000ae324                nfsAuthUnixGet
                0x000b4758                xdr_readokres
                0x00078668                __udivdi3
                0x0007bb80                _savev26
                0x001190f0                wdbVioDrv
                0x000b74d0                netMblkDup
                0x000b1bb0                send
                0x00037cf0                frcLmbench
                0x0012a728                tick64Get
                0x00132160                wdbDbgHwAddrCheck
                0x00112a70                svc_getreq
                0x000c83f4                setbuffer
                0x001045e4                dbgInit
                0x000e5338                moduleFlagsGet
                0x00125844                semInvalid
                0x0008f8d0                mbinit
                0x000c95b0                abort
                0x0001a868                gtMemoryDisableProtectRegion
                0x000d7c8c                memShow
                0x000189e8                gtPci0MapMemoryBank0
                0x0004161c                frcTestlatMemRead
                0x00059e84                RBString_T::append(RBString_T &)
                0x000ef59c                qPriListDelete
                0x0011252c                xprt_unregister
                0x0003fe20                tvsub
                0x0006a454                __rtti_si
                0x000eca08                bootStructToString
                0x0012c094                windDelay
                0x0012ca88                windPendQPut
                0x00122d30                msgQReceive
                0x000efedc                sllCount
                0x000c8b48                __stderr
                0x00075928                _restvr27
                0x00127584                taskCreat
                0x00127018                taskOptionsSet
                0x000c215c                tcp_respond
                0x000278f0                frcI2CRead
                0x00073654                _savegpr_20_l
                0x0005b184                cplus_demangle
                0x000d5200                iosFdValue
                0x000cb740                gmtime_r
                0x00070cb8                vxMsrSet
                0x000ed15c                bootLeaseExtract
                0x000efde0                sllTerminate
                0x0009658c                ipDetach
                0x000e3da8                loadCommonManage
                0x001241e8                semBGive
                0x00120ffc                eventLibInit
                0x00092fe8                uiomove
                0x00012cdc                pciIsr
                0x000681a0                bad_alloc::~bad_alloc(void)
                0x000c4914                isxdigit
                0x000d5df0                logFdAdd
                0x000dc82c                sigPendDestroy
                0x00121c70                eventStart
                0x0012fd54                evtLogPoint
                0x000ab630                nfsDevInfoGet
                0x000dce1c                symTblTerminate
                0x00057cb4                usrPPPInit
                0x00074440                __lltof
                0x000756c0                _savefprs_18_l
                0x000a4fc4                muxTkUnloadUpdate
                0x00114bf8                xdr_char
                0x00012b08                rdreg
                0x000d6d84                memPartCreate
                0x00116b2c                clnt_pcreateerror
                0x00022218                mpscDbg
                0x000aa4d8                arptabShow
                0x000e5398                shellInit
                0x00130664                _dbgTaskPCGet
                0x0012eb48                wvTaskNamesUpload
                0x00034eec                ramTest8bit
                0x00040b10                t_overhead
                0x00075730                _restfprx_26_l
                0x0011a7bc                wdbConnectLibInit
                0x00074708                __DIAB_wr_sw_db
                0x00065f74                __check_eh_spec
                0x00034b90                ReportError
                0x000281e8                frcRTCRead
                0x000752e4                __add64
                0x00081c90                ether_attach
                0x000cdb5c                clock_show
                0x00059b1c                RBStringIterator_T::nextChar(void)
                0x000dda14                symFindByValue
                0x0007bd1c                ifreset2
                0x000ca4d4                __exp10
                0x000ca56c                strtol
                0x00120b7c                xdr_TGT_INT_T
                0x00133224                qJobInfo
                0x0001064c                sysL2crGet
                0x001195b8                wdbInstallCommIf
                0x0001063c                sysGetL3CR
                0x0006934c                operator new(unsigned int, nothrow_t const &)
                0x000c4768                tcp_usrclosed
                0x0001caf8                frcDmaIntCtrlInit
                0x000c7234                fsetpos
                0x00021ca4                vxCunitIntDisable
                0x00132610                windExit
                0x000734ec                _savefpr_22_l
                0x00075334                __ge64
                0x000254e4                frcBootFlashProgram
                0x000b92a0                in_pcbbind
                0x00024d04                bootEraseOrProgramOk
                0x00073410                mmuPpcADisable
                0x00112ebc                _svcauth_unix
                0x00124de8                semCGiveDefer
                0x00075bd0                __diab_trylock_semaphore
                0x0010dadc                cbioRdyChgdSet
                0x00080558                ether_output
                0x00115564                xdr_double
                0x001317b4                taskArgsSet
                0x00094c4c                _netFree
                0x001063b0                dbgTaskBpHooksInstall
                0x000c9838                mblen
                0x000d756c                memPartAlloc
                0x000733dc                mmuPpcAEnable
                0x00119a1c                wdbIsNowTasking
                0x000e77f4                repeatRun
                0x001253d0                semDelete
                0x000dff2c                tyIRd
                0x00036474                test_seqinc_comparison
                0x000659c0                __rethrow
                0x00094b1c                wakeup
                0x000d5d64                logFdSet
                0x00064b2c                __get_eh_context
                0x001313b8                ffsMsb
                0x000b188c                accept
                0x000a2d78                muxDevStartAll
                0x000efd5c                sllCreate
                0x00121030                eventInit
                0x00106e70                ledOpen
                0x00033c9c                DoLU
                0x000ddd10                symName
                0x000d4e1c                iosDrvRemove
                0x00067d2c                __register_frame_table
                0x000e9824                printLogo
                0x0006aefc                __user_type_info type_info function
                0x0001a058                gtMemoryGetDeviceBaseAddress
                0x0007be5c                ifresetImmediate
                0x00059a3c                cplusLibMinInit
                0x0012c4f0                windWdCancel
                0x0001e7a4                ethernetGetConfigReg
                0x0006c930                bool type_info function
                0x00075f70                endMibIfInit
                0x0007bb88                _savev27
                0x000b1368                rpcTaskInit
                0x00012148                sysMsDelay
                0x000d9dc0                selTaskDeleteHookAdd
                0x000ef274                qPriBMapKey
                0x000419f8                frcTestGettimeUsec
                0x0003ff50                p64sz
                0x0007ad14                __unpack_f
                0x0012d31c                eventRsrcShow
                0x000734fc                _savefpr_26_l
                0x000c611c                __sflush
                0x000d41e0                rename
                0x00023614                sdmaRxReturnBuff
                0x00024660                vxMpscUartTxInt
                0x000c2e38                tcp_rtlookup
                0x001273ac                taskIdListGet
                0x00116fa0                xdr_callmsg
                0x0001a18c                gtMemoryGetDeviceSize
                0x000b0684                routeAdd
                0x000eefb0                qPriBMapInit
                0x0011f0b0                wdbDbgBpListInit
                0x000ce3bc                envPrivateDestroy
                0x00064d38                __sjthrow
                0x000dcdf8                symTblDelete
                0x00093a60                soreserve
                0x00115000                xdr_union
                0x000e4e2c                moduleEach
                0x000755cc                _restf24
                0x0006e4bc                cacheArchDmaMalloc
                0x00015f30                frcPciShow
                0x000cb138                strrchr
                0x000b4b5c                xdr_entry
                0x0011b3c4                wdbMemLibInit
                0x00075630                _savef30
                0x00075938                _restvr29
                0x0009b0a0                ftpLibDebugOptionsSet
                0x000422b4                frcTestStressSerial
                0x000a50ac                netDrv
                0x00075894                _savevr21
                0x000b704c                netClBlkFree
                0x000226c4                vxMpscIntCntlInit
                0x0011f030                wdbFpLibInit
                0x000efd28                rngMoveAhead
                0x0007353c                _restgpr_21
                0x000757d8                _restgprx_19_l
                0x000fa1bc                fat16VolMount
                0x0007bbfc                _restv29
                0x000810b4                ether_addmulti
                0x00034e20                printDramErr
                0x0009fd14                ifunit
                0x000215c4                brgSetCdv
                0x001317d4                taskRtnValueSet
                0x00025b94                __WRITE_FLASH32
                0x00114d70                xdr_enum
                0x00055b04                watchdogTest
                0x0006ac88                bad_typeid type_info function
                0x0012a844                wdCreate
                0x000d6bb0                calloc
                0x0007aa5c                __fixdfsi
                0x0009865c                bsdRecv
                0x00019664                gtPci0MapBootDeviceMemorySpaceDAC
                0x0012a788                wdLibInit
                0x00114cb8                xdr_bool
                0x00056828                sysTimeBaseLGet
                0x00093b80                sbrelease
                0x00034cf8                StartStopwatch
                0x00094854                sbdroprecord
                0x000da968                sigInit
                0x00075318                __ne64
                0x00075654                _restfprs_20_l
                0x00024efc                bootFlashParamWrite
                0x0012964c                taskDelay
                0x000ed11c                bootParamsErrorPrint
                0x000df814                tyEOFSet
                0x0003ed78                get_n
                0x000123d4                sysMmuPteShow
                0x000284b8                frcMACRead
                0x00077ebc                __floatdisf
                0x000a0534                inet_lnaof
                0x00075640                _restfprs_15_l
                0x000fa0dc                fat16ClustValueGet
                0x0006b478                __class_type_info type_info function
                0x00127224                taskName
                0x000ca008                strtod
                0x00074918                __div32
                0x0001648c                gtInitSdramSize
                0x00053254                frcTestDispMemMap
                0x000ef884                qPriListEach
                0x0011521c                xdr_wrapstring
                0x0007d5fc                ifconf
                0x000d4f98                iosDevAdd
                0x0007577c                _savefprx_16_l
                0x00112164                xdr_rejected_reply
                0x000657c0                __throw
                0x000c10a0                tcp_output
                0x000ec5bc                rindex
                0x0001069c                GET_THRM3
                0x00026e44                frcFlashReadIdCommand
                0x000a05e0                inet_makeaddr
                0x000de278                taskCreateHookAdd
                0x00075b94                __diab_trylock_mutex
                0x00072fbc                excEnt
                0x000da678                selWakeupListTerm
                0x0006e370                cacheArchDisableFromMmu
                0x000a3e5c                muxTkReceive
                0x000755ac                _restf16
                0x000361b8                test_xor_comparison
                0x000755b8                _restf19
                0x000d3c70                hashKeyCmp
                0x0002bccc                bibWriteIntf
                0x000efe90                sllPrevious
                0x0006655c                __throw_bad_cast
                0x000d4328                write
                0x0007ce10                if_up
                0x0002cf38                SetupCPUEmFloatArrays
                0x0007563c                _restfprs_14_l
                0x000dee68                taskVarAdd
                0x00012b54                wrreg
                0x000b4f08                xdr_mountlist
                0x001305e0                _dbgTaskPCSet
                0x0010dc5c                cbioRdyChk
                0x000a0640                inet_netof
                0x00011354                frcGetVariant
                0x0006eeb8                excExcHandle
                0x00064aa8                __empty
                0x000ee5e0                lstNStep
                0x00069fc0                operator new [](unsigned int, nothrow_t const &)
                0x00073504                _savefpr_28_l
                0x00075698                _restfprs_30_l
                0x00015710                gtPciGetMaxBusNo
                0x000373f0                memTest_Basic_Ever
                0x000ec240                diskInit
                0x0001cec4                frcDmaIntEnable
                0x0007569c                _restfprs_31_l
                0x000c95f4                atof
                0x00073370                mmuPpcTlbInvalidateAll
                0x00066d68                exception::~exception(void)
                0x000757a4                _savefprx_26_l
                0x0007b6f8                __gtsf2
                0x00078660                __udiv_w_sdiv
                0x000b7964                netTupleGet2
                0x00073644                _savegpr_16_l
                0x00075858                _savegprx_21_l
                0x00024988                gtUartBaudRateChange
                0x0007570c                _restfprx_17_l
                0x0007c9e4                ifa_ifwithroute
                0x00059dcc                RBString_T::extractCString(char *, int)
                0x00114938                xdr_free
                0x000d37dc                hashTblDestroy
                0x000c2994                tcp_notify
                0x00043b40                frcTestDMA
                0x00114fd4                xdr_netobj
                0x00075878                _savegprx_29_l
                0x000cddcc                fstat
                0x000c6734                fprintf
                0x000756f4                _savefprs_31_l
                0x0013048c                _dbgArchInit
                0x00045250                isPMC280Monarch
                0x0007368c                __diab_intrinsics_impfpInit
                0x00091278                soconnect
                0x001195dc                wdbInfoGet
                0x00077f78                __lshrdi3
                0x0012510c                semTake
                0x00075e60                endMultiLstFirst
                0x0012d41c                msgQEvStart
                0x0008bd80                rtrequest
                0x00018440                gtPci0ScanSelfBars
                0x00059488                wvRBuffErrorHandler
                0x0007bc18                ifinit
                0x00034bf0                ErrorExit
                0x00075da8                endFlagsSet
                0x000dba94                kill
                0x00026dc8                frcFlashLock
                0x000cb62c                ctime
                0x0007a8f0                __ledf2
                0x000ad424                nfsFileRead
                0x0006ace0                bad_typeid::bad_typeid(void)
                0x00072dcc                cachePpcEnable
                0x000734f8                _savefpr_25_l
                0x000218fc                vxCunitIntCtrlInit
                0x000a2f80                muxTaskDelaySet
                0x0011258c                svc_register
                0x000a39a0                muxTkBind
                0x001149b8                xdr_long
                0x000f85dc                dosDirOldLibInit
                0x000cab70                strcat
                0x0001b9e4                frcGppCPU1IntDisable
                0x000dd874                symFindByCName
                0x0001a318                gtMemoryMapBank1
                0x000755c8                _restf23
                0x000755e0                _restf29
                0x00011f08                sysMemTop
                0x000735e0                _restgpr_22_l
                0x0001eca0                etherInitTxDescRing
                0x000756b8                _savefprs_16_l
                0x000ecf2c                bootParamsPrompt
                0x000ba28c                in_setpeeraddr
                0x000d8ef0                pipeDevDelete
                0x00029664                isyear
                0x00025ed8                compare_error
                0x000b175c                bind
                0x0011309c                _svcauth_short
                0x00043e24                frcTestDualCPU
                0x00030690                DoBitops
                0x0003ebb0                Now
                0x000d65a8                memPartRealloc
                0x0005905c                usrBreakpointSet
                0x000758ac                _savevr24
                0x00131840                trcStack
                0x001128b0                svcerr_systemerr
                0x000db92c                sigvec
                0x0002b358                frcBibWrite
                0x000ee184                dllDelete
                0x000a030c                inet_addr
                0x0008ace8                rtalloc1
                0x000274d8                frcEEPROMRead16
                0x0005b118                cplus_demangle_name_to_style
                0x000ee3e4                lstCount
                0x00017c44                _frcPci0WriteConfigReg
                0x000d44f8                readv
                0x000929f4                sorflush
                0x000734d8                _savefpr_17_l
                0x000cf27c                vprintf
                0x0012088c                xdr_WDB_REPLY_WRAPPER
                0x000689e0                operator delete(void *, nothrow_t const &)
                0x000b28c8                tftpCopy
                0x000731d8                mmuPpcTlbie
                0x0007572c                _restfprx_25_l
                0x00075e14                endMultiLstCnt
                0x00055dec                frcTestUserFlash
                0x00026838                frcFlashBlockWrite
                0x0006df68                bcopyLongs
                0x0012e070                wvEvent
                0x00011168                frcGetBank0MemSize
                0x0011b688                wdbRegsLibInit
                0x0012d93c                fileUploadPathCreate
                0x000dd2e8                symRemove
                0x000e9a38                spyClkStart
                0x00093878                sb_lock
                0x000648a8                cplusNewHandlerExists(void)
                0x0007bc0c                _restv31
                0x0009fe6c                ifNameToIfIndex
                0x00067d78                __deregister_frame_info
                0x000ee5d8                lstPrevious
                0x000ea04c                dosFsModeChange
                0x00073620                _restgpr_30_l
                0x000ef5c0                qPriListTerminate
                0x00075198                __mul64
                0x00018d7c                gtPci0MapMemoryBank2DAC
                0x00054708                frcTestDisable
                0x00019ce4                gtPci0SetRegionFeaturesDAC
                0x000d9b08                reboot
                0x00015edc                frcPciConfigWriteVPD
                0x0001b10c                gtDmaSetMemorySpace
                0x000d4808                chdir
                0x000db8b8                sigwaitinfo
                0x00065bd0                terminate(void)
                0x00075854                _savegprx_20_l
                0x000a4d40                muxTkDevLoadUpdate
                0x0008320c                in_ifinit
                0x0007698c                endEtherPacketAddrGet
                0x0006b21c                __si_type_info::__si_type_info(char const *, __user_type_info const &)
                0x0007ac20                __pack_f
                0x000105ac                sysSioRead
                0x000b456c                xdr_diropokres
                0x0012d1d0                workQPanic
                0x000e6170                timexInit
                0x0003ed84                lmbench_settime
                0x00116e74                pmap_unset
                0x00073670                _savegpr_27_l
                0x000b7b88                ifIndexTest
                0x00121f78                msgQLibInit
                0x000654dc                __unwinding_cleanup
                0x00075780                _savefprx_17_l
                0x000ba564                in_losing
                0x00059cfc                RBString_T::operator==(RBString_T &) const
                0x000ab278                nfsMountAll
                0x0012e030                wvEventInst
                0x000b4c6c                xdr_readdirres
                0x000c4be0                modf
                0x000431f4                frcTestMPP18ISR_hard
                0x00036ff4                parse_opts
                0x00024b94                bootFlashAutoSelect
                0x0006e144                cacheArchEnable
                0x0006ee64                excVecBaseSet
                0x00085b6c                ip_stripoptions
                0x0010506c                cret
                0x000df4dc                tyDevInit
                0x00013f50                pciConfigOutLong
                0x000b1f48                setsockopt
                0x000c2c6c                tcp_ctlinput
                0x000dc6e4                sigPendKill
                0x00114a90                xdr_short
                0x0007c604                ifa_ifwithdstaddr
                0x000b6e78                netBufLibInit
                0x000c6e1c                fseek
                0x0006aa08                type_info::name(void) const
                0x000b7008                netMblkFree
                0x000ad864                nfsFsAttrGet
                0x00034a90                InitMemArray
                0x0006e9d4                excRelocIntConnect
                0x000e4d90                moduleFindByGroup
                0x000ea050                dosFsReadyChange
                0x000da9f4                sigqueueInit
                0x000e7e2c                i
                0x000734b0                _restfpr_30_l
                0x0006a9a4                type_info type_info function
                0x0001c4d4                vxCntmrIntConnect
                0x000d4ce8                iosDrvInstall
                0x0007bba0                _savev30
                0x0006b798                __throw_type_match_rtti
                0x00075af4                __diab_atomic_enter
                0x000182d0                gtPci0GetMemory1Size
                0x00064890                abs(float)
                0x00120bd4                xdr_ARRAY
                0x0008a270                rn_walktree
                0x000b7b04                ifIndexAlloc
                0x00112acc                svc_getreqset
                0x000e0e78                elfRelocRelaEntryRd
                0x000566d0                usrMem2MemDmaStart
                0x00074848                __lsr64
                0x000dfdac                tyITx
                0x000731b4                excEPSet
                0x000ec344                ioHelp
                0x0006df20                bcopyBytes
                0x00012528                gtRegWriteBlock
                0x000a2a34                muxAddrResFuncGet
                0x0009f2ec                ifDstAddrGet
                0x000756b4                _savefprs_15_l
                0x001232a4                msgQInfoGet
                0x0006fb0c                intExit
                0x0013172c                taskRegsInit
                0x000108f4                sysL2BackInit
                0x00095088                setstate
                0x00119e58                wdbSystemSuspend
                0x000b0ea4                mRouteDelete
                0x00018198                gtPci0GetIOspaceBase
                0x00065c10                set_unexpected(void (*)(void))
                0x0001d9b0                ethPortStart
                0x00070e80                vmpxx
                0x0001e7d0                ethPortReadSmiReg
                0x000734e0                _savefpr_19_l
                0x0008201c                in_netof
                0x000d82c4                objShow
                0x000c5190                fmod
                0x000ef68c                qPriListGet
                0x000cd520                classShowInit
                0x000d6364                memPartOptionsSet
                0x00059244                wvOn
                0x000b4504                xdr_diropargs
                0x00072b38                cos
                0x000de328                taskSwapHookAdd
                0x000ef8f4                rngCreate
                0x000ddd9c                symValueGet
                0x00074774                __DIAB_wr_sw_ld
                0x0006df40                bcopyWords
                0x000d570c                iosClose
                0x000ee6cc                lstFree
                0x000d8b9c                pathLastNamePtr
                0x000ee1ec                dllAdd
                0x000557e8                frcDmaCompleteAppIntHandler1
                0x00075704                _restfprx_15_l
                0x0011ac78                wdbCtxResume
                0x0007359c                _savegpr_25
                0x000ab4f8                nfsUnmount
                0x000e6560                timexPost
                0x000c5bd8                tanh
                0x000caa08                memchr
                0x000643ac                decode_identifier_styled
                0x0007c6b4                ifa_ifwithnet
                0x000af6b4                remCurIdSet
                0x00034a10                FreeMemory
                0x0001e734                ethernetSetConfigReg
                0x00081ef8                netTypeDelete
                0x0006436c                decode_identifier
                0x000e80bc                tr
                0x000e89b4                ld
                0x0010d8d0                cbioIoctl
                0x00120b20                xdr_UINT32
                0x000ea054                dosFsVolOptionsGet
                0x00127374                taskIsSuspended
                0x0003d9c0                loads_i
                0x000dd058                symFree
                0x00030b6c                DoEmFloat
                0x000772c0                __ashrdi3
                0x000c8ab8                __stdin
                0x000aa390                netStackSysPoolShow
                0x000d837c                objAllocExtra
                0x0006bcf4                __is_pointer(void *)
                0x000734d4                _savefpr_16_l
                0x0007caf8                ifafree
                0x000dd03c                symInit
                0x000eb1c4                ll
                0x000ebb00                xdelete
                0x000568e4                usrAltivecInit
                0x000e99e4                spy
                0x000756dc                _savefprs_25_l
                0x00056bf4                usrNetInit
                0x000182a8                gtPci0GetMemory1Base
                0x0007575c                _restfprx_30_l
                0x000734e4                _savefpr_20_l
                0x0009e434                hostGetByName
                0x000edf50                bufPoolInit
                0x0012d100                workQDoWork
                0x000b4e34                xdr_fhstatus
                0x001120a4                xdr_accepted_reply
                0x0003c2f8                fcp
                0x00034aa0                AddMemArray
                0x000b1548                rpcErrnoGet
                0x000546dc                frcTestConnect
                0x00075824                _restgprx_30_l
                0x000c8808                stdioFpCreate
                0x000efda4                sllInit
                0x000d6310                memInit
                0x0009f55c                ifMetricGet
                0x00040094                bytes
                0x001328bc                wdbDbgIabrSet
                0x00070cb0                vxMsrGet
                0x000239a4                vxSdmaIntEnable
                0x000e7234                unldTextSegmentCheck
                0x0012d238                eventTaskShow
                0x000b55a8                tcpstatShow
                0x000a43a8                muxTkPollSend
                0x000ac77c                nfsHelp
                0x00112968                svcerr_weakauth
                0x000733c4                mmuPpcExtendedBlockEnableMPC74x5
                0x00075ef0                endDevName
                0x0007358c                _savegpr_21
                0x0010f4ac                xdr_authunix_parms
                0x00014134                pciConfigModifyLong
                0x000756bc                _savefprs_17_l
                0x00113958                svcfd_create
                0x00075700                _restfprx_14_l
                0x000e5ed8                shellLock
                0x0002c84c                frcCheckSum
                0x000cbb6c                mktime
                0x000f13f4                rBuffShow
                0x0001b940                frcGppCPU1IntEnable
                0x000cb99c                __julday
                0x000ced74                printExc
                0x0007d854                ifpromisc
                0x000b8a90                igmp_slowtimo
                0x00017b38                userRsrvMemInit
                0x00027e94                frcEEPROMDummyWrite16
                0x00010ec0                frcPrintPcbRev
                0x0012f3e0                tsfsUploadPathClose
                0x001064a4                dbgTaskStep
                0x0008f1cc                addDomain
                0x00106410                dbgTaskCont
                0x000121f0                sysNvRamGet
                0x00075eac                endMultiLstNext
                0x000c6034                ferror
                0x000cb1dc                strstr
                0x00073874                __DIAB_rd_sw_ld
                0x0005a4c0                cplusDemangle
                0x00070bac                mmuPpcBatInitMPC74x5
                0x00075880                _savegprx_31_l
                0x000e3f78                moduleLibInit