
Allocating common symbols
Common symbol       size              file

_func_smObjObjShow  0x4               tmp.2
taskSwitchTable     0x44              tmp.2
inetsw              0x340             tmp.2
msgQDistShowRtn     0x4               tmp.2
_func_evtLogT1_noTS
                    0x4               tmp.2
__func_type_info type_info node
                    0xc               tmp.2
mCastHashInfo       0x8               tmp.2
ifnet               0x4               tmp.2
_func_spyStop       0x4               tmp.2
rlogindSocket       0x4               tmp.2
workQWriteIx        0x1               tmp.2
bad_alloc type_info node
                    0xc               tmp.2
_func_excInfoShow   0x4               tmp.2
filebuf type_info node
                    0xc               tmp.2
ip_id               0x2               tmp.2
_func_evtLogReserveTaskName
                    0x4               tmp.2
dbgLockUnbreakable  0x4               tmp.2
drvTable            0x4               tmp.2
ip_protox           0x100             tmp.2
DCACHE_CTRL         0x80              tmp.2
zeroin_addr         0x4               tmp.2
__attr_type_info type_info node
                    0xc               tmp.2
_func_trgCheck      0x4               tmp.2
frcSysBoardId       0x3               tmp.2
pWvNetEventMap      0x4               tmp.2
pAltivecRegSetObj   0x4               tmp.2
workQReadIx         0x1               tmp.2
fppDisplayHookRtn   0x4               tmp.2
cbioClass           0x34              tmp.2
ioDefPath           0x100             tmp.2
_func_taskCreateHookAdd
                    0x4               tmp.2
somaxconn           0x4               tmp.2
_func_dspRegsListHook
                    0x4               tmp.2
_func_tmrConnect    0x4               tmp.2
max_protohdr        0x4               tmp.2
_func_evtLogTSched  0x4               tmp.2
tcpstat             0xd0              tmp.2
vxIntStackBase      0x4               tmp.2
_func_dspTaskRegsShow
                    0x4               tmp.2
workQIsEmpty        0x4               tmp.2
arp_allocated       0x4               tmp.2
trgEvtClass         0x4               tmp.2
_func_selPtyDelete  0x4               tmp.2
wvDefaultBufOptions
                    0x4               tmp.2
mmuLibFuncs         0x28              tmp.2
redirOutFd          0x4               tmp.2
taskSwapTable       0x44              tmp.2
_func_evtLogO       0x4               tmp.2
pEndPktDev          0x4               tmp.2
_func_selWakeupListInit
                    0x4               tmp.2
_wdbTaskBpBreakpoint
                    0x4               tmp.2
rttrash             0x4               tmp.2
_wdbTaskCont        0x4               tmp.2
mvI2cTclock         0x4               tmp.2
semMGiveKernWork    0x4               tmp.2
_IO_ostream_withassign type_info node
                    0x10              tmp.2
ftpsCurrentClients  0x4               tmp.2
wvLogHeader         0x4               tmp.2
intEvent            0x40              tmp.2
trgCnt              0x4               tmp.2
errno               0x4               tmp.2
mmuStateTransArraySize
                    0x4               tmp.2
_func_ioTaskStdSet  0x4               tmp.2
_func_excIntHook    0x4               tmp.2
logic_error type_info node
                    0xc               tmp.2
_func_selPtyAdd     0x4               tmp.2
kernelState         0x4               tmp.2
_func_evtLogM1      0x4               tmp.2
_ios_fields type_info node
                    0x8               tmp.2
yyerrflag           0x4               tmp.2
_func_sigExcKill    0x4               tmp.2
_func_wvNetPortFilterTest
                    0x4               tmp.2
streambuf type_info node
                    0xc               tmp.2
bad_typeid type_info node
                    0xc               tmp.2
pciConfigAddr2      0x4               tmp.2
_func_bdall         0x4               tmp.2
lockKey             0x4               tmp.2
hostList            0xc               tmp.2
tickQHead           0x10              tmp.2
rBuffClass          0x34              tmp.2
length_error type_info node
                    0xc               tmp.2
__wdbEvtptDeleteAll
                    0x4               tmp.2
overflow_error type_info node
                    0xc               tmp.2
_func_symNameGet    0x4               tmp.2
tcbinfo             0x10              tmp.2
_func_logMsg        0x4               tmp.2
tcpOutRsts          0x4               tmp.2
_func_tmrFreq       0x4               tmp.2
ios type_info node  0xc               tmp.2
excMsgQId           0x4               tmp.2
_clockRealtime      0x10              tmp.2
_func_tmrEnable     0x4               tmp.2
wvDefaultRBuffParams
                    0x1c              tmp.2
flash_index         0x4               tmp.2
_igmpQuerierTimeUpdateHook
                    0x4               tmp.2
bpFreeList          0x8               tmp.2
msgQDistNumMsgsRtn  0x4               tmp.2
sysFlags            0x4               tmp.2
[...]
Memory Configuration

Name             Origin             Length             Attributes
*default*        0x00000000         0xffffffff

Linker script and memory map

Address of section .text set to 0x800000
LOAD tmp.2
LOAD symTbl.o
LOAD ctdt.o

.text           0x00800000   0x18a590
                0x00800000                wrs_kernel_text_start=.
                0x00800000                _wrs_kernel_text_start=.
 *(.text)
 .text          0x00800000   0x13fb1c tmp.2
                0x00912f94                print64Mult
                0x008e8fd8                sigPendInit
                0x0088fe48                mcastHashTblInsert
                0x008fd368                dllEach
                0x0085f8c4                istream::operator>>(unsigned int &)
                0x00801ea0                sysHwInit2
                0x00833104                frcTestBaudRate
                0x0093f13c                longjmp
                0x0087e390                _restf15
                0x009002d0                rBuffUpload
                0x00842d64                frcIdmaTestInit0
                0x008b5488                ifShow
                0x0088a730                arpresolve
                0x008a4e78                bsdGetsockopt
                0x00814978                gtPci0MapMemoryBank2
                0x00875d30                unsigned int type_info function
                0x0093ddb8                _sigCtxRtnValSet
                0x008d457c                putchar
                0x0085bddc                basic_string<char, string_char_traits<char>, __default_alloc_template<true, 0> >::ibegin(void) const
                0x0085fb50                istream::operator>>(bool &)
                0x008af5c4                muxPollDevDel
                0x008ff8e4                rBuffRead
                0x0081d318                cunitInit
                0x0092e97c                msgQInit
                0x0092baf4                wdbDbgTrace
                0x00833b6c                frcTestAltivec
                0x0087e0d8                __sub64
                0x00860968                ostream::operator<<(unsigned long)
                0x0085f9cc                istream::operator>>(unsigned long &)
                0x0087c2f4                _savefpr_30_l
                0x008b5220                netTask
                0x008d9254                fpTypeGet
                0x008081d0                sys557eepromRead
                0x00864388                _IO_outfloat
                0x0087e630                _savegprx_17_l
                0x008b97e0                nfsDirReadOne
                0x0085ab38                basic_string<char, string_char_traits<char>, __default_alloc_template<true, 0> >::Rep::release(void)
                0x00800d0c                sysSerialHwInit
                0x0085d92c                bool operator<<char, string_char_traits<char>, __default_alloc_template<true, 0> >(char const *, basic_string<char, string_char_traits<char>, __default_alloc_template<true, 0> > const &)
                0x0087e5a0                _savefprx_31_l
                0x008da0f8                clock_gettime
                0x008483dc                xmalloc
                0x00863324                istream::ipfx1(void)
                0x00845c38                usrNetProtoInit
                0x008eb1c0                taskHookShowInit
                0x0085dee4                ostream & operator<<<char, string_char_traits<char>, __default_alloc_template<true, 0> >(ostream &, basic_string<char, string_char_traits<char>, __default_alloc_template<true, 0> > const &)
                0x0087e65c                _savegprx_28_l
                0x0087e69c                _savevr25
                0x00898bb4                rt_maskedcopy
                0x008bc9c0                routeCmd
                0x0093114c                semCCoreInit
                0x00876874                altivecRegsToCtx
                0x0087e41c                _savef31
                0x008a0ca4                _insque
                0x008d9b28                classInstConnect
                0x0086bff8                _IO_remove_marker
                0x0087c3c4                _restgpr_21_l
                0x008ae374                muxLinkHeaderCreate
                0x00937d40                windSuspend
                0x00800924                sysL2BackSetWT
                0x00802c30                readreg
                0x0087c29c                _restfpr_31_l
                0x0086d848                __throw_type_match
                0x008447dc                myfill
                0x0093238c                semMLibInit
                0x008d46d0                putw
                0x0084861c                cplusMatchMangled
                0x00863644                istream::unget(char)
                0x008013b0                frcPrintVariant
                0x008d7580                strcpy
                0x0087e44c                _restfprs_24_l
                0x008fe5e4                qPriListCreate
                0x008d7d64                asctime
                0x008aecf4                muxDevStopAll
                0x008fd260                dllInsert
                0x00808454                sys557mdioWrite
                0x00936818                taskIdListSort
                0x0081e24c                mpscChanStopTxRx
                0x008833e8                __ashldi3
                0x008dbb14                fioFormatV
                0x008024fc                gtRegReadBlock
                0x00878c90                intVecBaseSet
                0x0087de70                __rem64
                0x0093f304                qJobTerminate
                0x0086b0e0                _IO_link_in
                0x008faf80                xattrib
                0x0093dcc4                sigsetjmp
                0x00913074                expm1
                0x0081f3d8                vxSdmaIntConnect
                0x00887edc                ifreset
                0x008bb298                rcmd
                0x0092e7dc                msgQCreate
                0x008bb28c                remLibInit
                0x0081b910                mgiEndLoad
                0x00875308                long long type_info function
                0x00883a80                __ffsdi2
                0x00886768                __cmpdf2
                0x0081b0c8                vxEthernetIntConnect
                0x0091b6b4                authunix_create
                0x008e9604                symTblDestroy
                0x008fa304                cp
                0x0092b5e4                wdbCtxExitNotifyHook
                0x0092b220                wdbExcLibInit
                0x008aef8c                muxPollTask
                0x008d24dc                fabs
                0x0086bcb8                _IO_sputbackc
                0x00934544                taskDeleteForce
                0x0086bbec                _IO_default_finish
                0x008d9820                cacheDrvFlush
                0x00936420                taskShow
                0x0087b204                log
                0x008bb8e8                iam
                0x0088f254                in_ifscrub
                0x0087e94c                __diab_alloc_mutex
                0x00816288                gtMemoryMapDevice2Space
                0x0082663c                mvRTCRead
                0x0087c4f0                _utof
                0x00800c44                sysTimestampFreq
                0x00858b84                __default_alloc_template<true, 0>::_S_freelist_index(unsigned int)
                0x008448d0                usrPci2PciDmaStart
                0x008fb534                bcmp
                0x0087b568                sqrt
                0x009261b0                wdbRunsExternal
                0x0081e428                vxMpscIntConnect
                0x0093dcf4                setjmp
                0x0087e4b4                _savefprs_21_l
                0x008d1650                cosh
                0x009325f4                semMCoreInit
                0x008d0bc4                tcp_attach
                0x00865738                ios::clear(int)
                0x008a4d8c                bsdSetsockopt
                0x008f3830                moduleSegAdd
                0x008f7c38                lkAddr
                0x008d2cf8                __sflags
                0x0093dd24                _sigCtxSave
                0x008d55f0                tmpfile
                0x00866f60                _IO_file_finish
                0x008867d8                __eqdf2
                0x008c18e8                igmpstatShow
                0x0087c318                _restgpr_18
                0x009220e8                xdrrec_create
                0x00863108                istream::read(unsigned char *, int)
                0x008fed80                rngNBytes
                0x0086533c                streambuf::sseekoff(long, ios::seek_dir, int)
                0x0091eca8                xprt_register
                0x0082b354                frcBibDetach
                0x008834b4                __divdi3
                0x00815b58                gtPci0EnableBrokenAgentDetection
                0x00873588                __class_type_info::dcast(type_info const &, int, void *, type_info const *, void *) const
                0x0093bab4                tsfsUploadPathLibInit
                0x00939bdc                msgQEvLibInit
                0x00804a70                pciBusProbe
                0x00833bdc                frcTestPciScan
                0x008e0b90                ioctl
                0x008e7a74                pause
                0x008e0d98                writev
                0x008cd344                tcp_pulloutofband
                0x00800b48                sysClkRateGet
                0x008833a0                __gcc_intrinsicsInit
                0x008ff108                rBuffCreate
                0x0087f5d0                endEtherPacketDataGet
                0x0085bf64                basic_string<char, string_char_traits<char>, __default_alloc_template<true, 0> >::erase(unsigned int, unsigned int)
                0x0087c400                _restgpr_28_l
                0x0091bd20                clnt_genericInclude
                0x0082e348                ramTest32bit
                0x009276e0                wdbCksum
                0x008305a4                fst
                0x008fe138                qPriBMapDelete
                0x00800670                sysOutByte
                0x00830a18                prtMVReg
                0x008d7a30                strtok_r
                0x0087e254                __uge64
                0x00936d44                tickAnnounce
                0x008fd858                qFifoDelete
                0x008a66d4                ftpLogin
                0x00883fbc                __floatdidf
                0x0082799c                frcMACWrite
                0x00887cd0                _savev23
                0x00887d00                _savev29
                0x00802030                sysProcNumSet
                0x008fd70c                lstFind
                0x008916ac                ip_drain
                0x008e4c34                objFree
                0x0085d6fc                bool operator==<char, string_char_traits<char>, __default_alloc_template<true, 0> >(basic_string<char, string_char_traits<char>, __default_alloc_template<true, 0> > const &, basic_string<char, string_char_traits<char>, __default_alloc_template<true, 0> > const &)
                0x0089f738                soqremque
                0x00865468                streambuf::sys_write(char const *, int)
                0x00926054                wdbExternRegsGet
                0x00858254                __default_alloc_template<true, 0>::_S_chunk_alloc(unsigned int, int &)
                0x008f3460                moduleTerminate
                0x008657ac                ios::operator void *(void) const
                0x00863770                istream::operator>>(istream &(*)(istream &))
                0x00833014                frcTestBootFlash
                0x008ffa1c                rBuffReadCommit
                0x00878660                fppTaskRegsSet
                0x0087e504                _restfprx_21_l
                0x008db388                printf
                0x0087e6d8                _restvr20
                0x008ff490                rBuffVerify
                0x008dbac0                vsprintf
                0x008a1374                random
                0x0085a4d4                basic_string<char, string_char_traits<char>, __default_alloc_template<true, 0> >::find_first_not_of(char const *, unsigned int, unsigned int) const
                0x00858fd8                global destructors keyed to __default_alloc_template<true, 0>::_S_end_free
                0x00816058                gtMemoryMapBank2
                0x0082efa4                test_checkerboard_comparison
                0x0087c338                _restgpr_26
                0x0087e3ac                _restf22
                0x0087e3c4                _restf28
                0x0091d9d0                pmap_getmapsInclude
                0x0081da04                vxCunitIntClear
                0x00897334                rtfree
                0x0085a428                basic_string<char, string_char_traits<char>, __default_alloc_template<true, 0> >::find_last_of(char const *, unsigned int, unsigned int) const
                0x0087e73c                __va_arg
                0x008da6c0                utime
                0x0087c38c                _savegpr_27
                0x0087c258                _restfpr_21_l
                0x008aec24                muxAddrResFuncDel
                0x00847aac                __pure_virtual
                0x00920c84                svcudp_enablecache
                0x008a530c                etherMultiAdd
                0x0085efb8                istream::seekg(long)
                0x0086bb00                _IO_default_doallocate
                0x0087e4bc                _savefprs_23_l
                0x008e0290                hashTblEach
                0x0092ae70                wdbTaskBpLibInit
                0x008624f8                ostream::~ostream(void)
                0x0087e508                _restfprx_22_l
                0x0085c1bc                basic_string<char, string_char_traits<char>, __default_alloc_template<true, 0> >::replace(unsigned int, unsigned int, char const *)
                0x0087e47c                _restfprs_29_l
                0x0092e18c                eventRsrcSend
                0x0093c070                evtLogM2
                0x008ebd88                tyDevRemove
                0x0087c330                _restgpr_24
                0x008638f8                _IO_istream_withassign::operator=(_IO_istream_withassign &)
                0x0087e3f0                _savef20
                0x008db0dc                excInit
                0x0087c2e8                _savefpr_27_l
                0x0085a180                basic_string<char, string_char_traits<char>, __default_alloc_template<true, 0> >::find(char const *, unsigned int, unsigned int) const
                0x0088ac24                arpintr
                0x008d4ec0                __sseek
                0x009282c0                wdbFuncCallLibInit
                0x008164c8                gtMemorySetProtectRegion
                0x0092e700                kernelVersion
                0x00925dc8                wdbTask
                0x0088fbe8                in_delmulti
                0x008f4fac                shellLogin
                0x008af12c                muxTaskPrioritySet
                0x00926898                wdbRpcReplyErr
                0x00861784                ends(ostream &)
                0x008b6344                netPoolShow
                0x0080c434                ShowCfdRing
                0x008ed770                b
                0x008d951c                cacheInvalidate
                0x008fcea0                bootScanNum
                0x0080065c                sysInByte
                0x00833f98                isPMC280TwoOnBoardEth
                0x008e6374                rebootHookAdd
                0x0086faac                exception::what(void) const
                0x0093a444                wvEvtClassClearAll
                0x0086bbe4                _IO_default_sync
                0x008c5904                in_pcballoc
                0x008bdf58                recv
                0x008acb2c                ipLibMultiInit
                0x008b9970                nfsFileAttrGet
                0x0087e574                _savefprx_20_l
                0x008bdac0                connect
                0x008aa8e4                icmpLibInit
                0x00870a40                __register_frame
                0x008ac164                ifRouteEnable
                0x0092b7b8                wdbFppGet
                0x008170bc                frcGppIntCtrlInit
                0x00887d6c                _restv30
                0x008fe774                qPriListRemove
                0x00833f90                isPMC280BootFlashPresent
                0x008675e8                _IO_file_sync
                0x008d1e30                logb
                0x0081400c                gtPci0GetMemory2Size
                0x008f620c                reld
                0x008a45d0                bsdRecvfrom
                0x008db460                printErr
                0x00865bb8                streambuf::allocate(void)
                0x00823a8c                mvI2cGenerateStartBit
                0x008d56e4                ungetc
                0x00926598                wdbSuspendSystemHere
                0x0081f234                sdmaChanReceive
                0x008b04a8                muxTkSend
                0x008b64d0                netStackDataPoolShow
                0x00874554                type_info::before(type_info const &) const
                0x0091f0e4                svcerr_auth
                0x0085bee8                basic_string<char, string_char_traits<char>, __default_alloc_template<true, 0> >::insert(char *, unsigned int, char)
                0x008db19c                excHookAdd
                0x00887cb8                _savev20
                0x0082c3c8                frcBibDataWrite
                0x00929608                wdbSysBpLibInit
                0x009308e0                semBCoreInit
                0x00862b64                ostream::operator<<(signed char const *)
                0x00827428                parse8
                0x009389cc                windUndelay
                0x00874f50                __rtti_ptmd
                0x008959b4                rn_delete
                0x00834128                detectUserFlash
                0x008658d0                streambuf::pptr(void) const
                0x00830fa4                frcTestSerialInfo
                0x0087e398                _restf17
                0x00815c3c                gtPci0GetBusMode
                0x0092816c                wdbEventDeq
                0x00834a10                mpsc_regs_dump
                0x00930300                reschedule
                0x008ac038                ifIndexToIfName
                0x0085b7b0                basic_string<char, string_char_traits<char>, __default_alloc_template<true, 0> >::Rep::set(unsigned int, char, unsigned int)
                0x008e72fc                sigemptyset
                0x00807ebc                sys557PciInit
                0x0082568c                mvI2cMasterEEPROMwrite
                0x00879ec4                mathHardInit
                0x008654c0                streammarker::~streammarker(void)
                0x00867ad0                _IO_file_write
                0x0087e9c4                __common_long_jmp
                0x00816170                gtMemoryMapDevice0Space
                0x0086fb84                bad_exception type_info function
                0x0088da08                copyFromMbufs
                0x008ce624                tcpRandHookAdd
                0x00874240                __class_type_info::~__class_type_info(void)
                0x008db058                errnoSet
                0x0092f9ac                msgQShowInit
                0x0085b7e8                basic_string<char, string_char_traits<char>, __default_alloc_template<true, 0> >::assign(unsigned int, char)
                0x0087e16c                __gt64
                0x00887468                __divsf3
                0x008ac7f4                inet_netof_string
                0x008bd308                routeMetricSet
                0x00894794                rn_search
                0x00826370                frcEEPROMWrite16
                0x0082ff1c                memTest_Basic
                0x008d7634                strerror
                0x0087e4d8                _savefprs_30_l
                0x00932d30                semMGiveKern
                0x00863594                istream::putback(char)
                0x0092b7c8                wdbFppSet
                0x008a5198                bsdGetpeername
                0x00926518                wdbNotifyHost
                0x00933ca0                taskSpawn
                0x00816d74                gtDmaUpdateArbiter
                0x0082ed60                test_or_comparison
                0x0086d6c0                global destructors keyed to _IO_stdin_
                0x008b7538                nfsDevShow
                0x008f4f44                shellPromptSet
                0x00859004                basic_string<char, string_char_traits<char>, __default_alloc_template<true, 0> >::Rep::clone(void)
                0x0087c240                _restfpr_15_l
                0x008036a4                pciConfigBdfPack
                0x008ea590                symTypeGet
                0x0085b494                basic_string<char, string_char_traits<char>, __default_alloc_template<true, 0> >::check_realloc(unsigned int) const
                0x008fe8c4                qPriListInfo
                0x008c7224                in_pcbinshash
                0x008ab53c                ifMaskGet
                0x008fe2c4                qPriBMapResort
                0x0083268c                frcTestIntLatHard
                0x00854630                domain_error::~domain_error(void)
                0x008ee350                so
                0x008eaa94                taskSwitchHookAdd
                0x008fd5bc                lstInsert
                0x008f8c54                ramDrv
                0x0085bc38                basic_string<char, string_char_traits<char>, __default_alloc_template<true, 0> >::operator+=(char const *)
                0x008c5094                igmp_fasttimo
                0x0087c30c                _restgpr_15
                0x008305c8                frcSysTest
                0x0087c2dc                _savefpr_24_l
                0x00800e84                sysSerialChanGet
                0x008a6188                ftpReplyGet
                0x0092b158                wdbDirectCallLibInit
                0x009248f4                wdbNptInt
                0x0082f1b0                test_walkbits_comparison
                0x008f4a88                shellHistory
                0x008d949c                cacheUnlock
                0x0085d82c                bool operator!=<char, string_char_traits<char>, __default_alloc_template<true, 0> >(char const *, basic_string<char, string_char_traits<char>, __default_alloc_template<true, 0> > const &)
                0x0085d894                bool operator!=<char, string_char_traits<char>, __default_alloc_template<true, 0> >(basic_string<char, string_char_traits<char>, __default_alloc_template<true, 0> > const &, char const *)
                0x008f89ec                spyReport
                0x008fea74                rngBufGet
                0x00826148                frcEEPROMWrite8
                0x00816498                gtMemoryGetInternalSramBaseAddr
                0x008007f8                sysL2BackEnable
                0x00878138                excShowInit
                0x0087ea3c                tkRcvRtnCall
                0x008efd14                dbgTaskBpTrace
                0x008ce570                tcp_setpersist
                0x008f90d8                dosFsConfigShow
                0x00821ab8                frcBootFlashFileChipErase
                0x008d7288                memmove
                0x0085cbf4                basic_string<char, string_char_traits<char>, __default_alloc_template<true, 0> > operator+<char, string_char_traits<char>, __default_alloc_template<true, 0> >(basic_string<char, string_char_traits<char>, __default_alloc_template<true, 0> > const &, basic_string<char, string_char_traits<char>, __default_alloc_template<true, 0> > const &)
                0x008c1704                xdr_mountbody
                0x0082648c                frcEEPROMRead8
                0x008bc11c                rlogOutTask
                0x0092cee0                xdr_WDB_TGT_INFO
                0x00814af4                gtPci0MapMemoryBank3
                0x008d4f54                stdioInit
                0x0087e3c0                _restf27
                0x008e4e58                pathCondense
                0x0085d900                bool operator<<char, string_char_traits<char>, __default_alloc_template<true, 0> >(basic_string<char, string_char_traits<char>, __default_alloc_template<true, 0> > const &, basic_string<char, string_char_traits<char>, __default_alloc_template<true, 0> > const &)
                0x008e99c0                symTblAdd
                0x0089231c                ip_output
                0x0085c6d0                basic_string<char, string_char_traits<char>, __default_alloc_template<true, 0> >::find_first_of(char, unsigned int) const
                0x008153dc                gtPci0MapP2pMem0Space
                0x008a3620                bsdSockLibInit
                0x0093f2bc                qJobDelete
                0x00863794                iostream type_info function
                0x008d5354                stdioShowInit
                0x009261d0                wdbRunsTasking
                0x00935c14                taskUnsafe
                0x00832140                frcTestLatInitialization
                0x0087e684                _savevr22
                0x00816f98                gtDmaSetEngineAccessProtect
                0x008bd68c                rpcClntErrnoSet
                0x008199b8                ethPortMcAddr
                0x008ac6e8                inet_makeaddr_b
                0x00866ccc                filebuf::sys_close(void)
                0x00865b50                streambuf::unbuffered(void)
                0x00865780                ios::eof(void) const
                0x0086b8f4                _IO_default_xsgetn
                0x0086faf0                exception type_info function
                0x008dff58                hashTblDelete
                0x008658a4                streambuf::_vtable(void)
                0x008277d4                ctohex1
                0x0093ae70                wvLogHeaderCreate
                0x0087e700                _restvr25
                0x00857ec8                __malloc_alloc_template<0>::_S_oom_malloc(unsigned int)
                0x008adf24                muxMCastAddrAdd
                0x00821dd8                frcFlashReadRst
                0x008456a4                usrBootLineInit
                0x00842ce0                frcAlignedMalloc
                0x0087c09c                mmuPpcSdr1Set
                0x00887b24                __fixsfsi
                0x009234e0                pmap_set
                0x008b86d4                nfsDirUnmount
                0x008e447c                memPartShow
                0x0087c2d0                _savefpr_21_l
                0x008481c0                cplusCallCtors
                0x00824d38                mvI2cMasterEEPROMread
                0x00932400                semMCreate
                0x008a5664                ftpCommand
                0x00862a08                ostream::put(unsigned char)
                0x0087e610                _restgprx_31_l
                0x008164b0                gtMemorySetInternalSramBaseAddr
                0x00865770                ios::good(void) const
                0x0093e838                wdbDbgArchInit
                0x0085e1a0                cplusTerminate(void)
                0x00801294                frcGetBank1MemSize
                0x0086eb8c                __cp_push_exception
                0x0087c454                _savegpr_26_l
                0x008e1e7c                iosOpen
                0x00860b28                ostream::operator<<(unsigned long long)
                0x0081462c                gtPci0MapInternalRegIOSpace
                0x0085c484                basic_string<char, string_char_traits<char>, __default_alloc_template<true, 0> >::c_str(void) const
                0x008288d4                ismin
                0x0085c2c0                basic_string<char, string_char_traits<char>, __default_alloc_template<true, 0> >::replace(char *, char *, char const *)
                0x0088c2d4                ether_sprintf
                0x00925fc4                wdbExternRegsSet
                0x008f359c                moduleIdFigure
                0x0082f914                release_mem
                0x00887cc0                _savev21
                0x0087c480                _itof
                0x0092f8c8                msgQNumMsgs
                0x0087c294                _restfpr_29_l
                0x008b52ac                netJobAdd
                0x00821324                bootFlashErase
                0x00875048                __rtti_array
                0x009310c4                semCInit
                0x0087e5bc                _restgprx_18_l
                0x008656a4                ios::flags(void) const
                0x008f506c                shellLogout
                0x0085fbe4                istream::operator>>(long double &)
                0x0088dd54                set_if_addr
                0x00921e28                xdrmem_create
                0x008868d8                __gtdf2
                0x0090f2ec                dosFsDevCreate
                0x0092cf40                xdr_WDB_PARAM_WRAPPER
                0x00878dbc                intLockLevelSet
                0x0087c334                _restgpr_25
                0x00817058                gtSramMallocAligned
                0x008d5e04                atol
                0x00807164                sysMachChkExcpInit
                0x008dafe0                __errno
                0x0085a648                basic_string<char, string_char_traits<char>, __default_alloc_template<true, 0> >::find_last_not_of(char, unsigned int) const
                0x00873cc4                __user_type_info::~__user_type_info(void)
                0x00931a24                semFlush
                0x00825aa0                mvI2cMasterEEPROMreadWord
                0x00926b68                wdbSvcAdd
                0x00878ddc                intRegsUnlock
                0x008f2734                loadModule
                0x008c1184                xdr_linkargs
                0x0091e7f0                xdr_des_block
                0x00861500                ostream::tellp(void)
                0x008f289c                addSegNames
                0x00878bcc                intUnlock
                0x00933f4c                taskInit
                0x00800820                sysL2BackDisable
                0x008ae79c                endFindByName
                0x0087e62c                _savegprx_16_l
                0x0081f198                sdmaTxReturnDesc
                0x0087e4d0                _savefprs_28_l
                0x0092b790                wdbFppRestore
                0x0091e798                xdr_opaque_auth
                0x008e1e28                iosDelete
                0x008fc3dc                bootBpAnchorExtract
                0x0086b8c8                _IO_sgetn
                0x00844a98                usrMmuInit
                0x0087d444                __DIAB_wr_pk_db
                0x008e9f50                symFindByName
                0x00878d3c                intEnable
                0x008f39d4                moduleSegFirst
                0x0087c358                _savegpr_14
                0x008fd4ec                lstExtract
                0x009231a8                clnt_spcreateerror
                0x0081985c                ethPortUcAddrSet
                0x0091a2f8                cbioLock
                0x00876244                signed char type_info function
                0x0087e654                _savegprx_26_l
                0x008ba2dc                nfsAuthUnixShow
                0x008a7998                ftpdDelete
                0x00813d3c                gtPci0MapMemory2space
                0x00870fbc                bad_alloc type_info function
                0x008006dc                __READ_FLASH64
                0x00865838                ios::Init::Init(void)
                0x0093c1f0                evtLogOInt
                0x00848010                RBString_T::prepend(char)
                0x00879b40                vxHid0Set
                0x008656c4                ios::precision(int)
                0x008988e4                rt_fixdelete
                0x008fe798                qPriListResort
                0x0093a410                wvEvtClassSet
                0x008ea5f0                symShow
                0x008c166c                xdr_dirpath
                0x00832fe4                frcTestVPD
                0x0087e6bc                _savevr29
                0x00923174                clnt_perrno
                0x008dad78                getenv
                0x00867a64                _IO_file_seek
                0x008c385c                netClFree
                0x00856a68                range_error type_info function
                0x0093e894                wdbDbgTraceModeSet
                0x00932fc4                semMPendQPut
                0x008d15ac                ceil
                0x008a406c                bsdSend
                0x00846f14                wdbMbufFree
                0x00931bdc                semDestroy
                0x00813cc4                gtPci0MapMemory1space
                0x008fe82c                qPriListAdvance
                0x008dfbcc                fppShowInit
                0x0087e974                __diab_lock_mutex
                0x008ba548                nfsIdSet
                0x00803308                pciFindClass
                0x008dd358                fioRead
                0x008617d0                endl(ostream &)
                0x008044b8                pciConfigModifyByte
                0x0082c9b4                frcBibDataWriteBin
                0x008156d4                gtPci0MapP2pIoSpace
                0x00828c10                frcBibShow
                0x008600f8                ostream::operator<<(char)
                0x008f65c8                netHelp
                0x00865d1c                streambuf::sgetc(void)
                0x008db360                fioLibInit
                0x00860880                ostream::operator<<(long)
                0x00822668                frcFlashErase
                0x008f434c                moduleCheck
                0x0087c3a8                _restgpr_14_l
                0x008e5e4c                ptyDevRemove
                0x0092e578                kernelInit
                0x0087e438                _restfprs_19_l
                0x0085b724                basic_string<char, string_char_traits<char>, __default_alloc_template<true, 0> >::basic_string(char const *)
                0x00903360                dosChkEntryMark
                0x00858b94                __malloc_alloc_template<0>::allocate(unsigned int)
                0x008046dc                pciAutoConfig
                0x0087c34c                _restgpr_31
                0x00886cd8                __make_dp
                0x008d4a00                __srget
                0x0085a59c                basic_string<char, string_char_traits<char>, __default_alloc_template<true, 0> >::find_last_not_of(char const *, unsigned int, unsigned int) const
                0x008f31b8                moduleInit
                0x0080058c                sysGetCpuVer
                0x008d18b0                floor
                0x008d93bc                cacheLibInit
                0x008c6ad0                in_pcbnotify
                0x008ad278                muxShow
                0x0087e5d4                _restgprx_24_l
                0x008c38a0                netMblkClFree
                0x00939094                windPendQFlush
                0x008c396c                netClBlkGet
                0x0087e5dc                _restgprx_26_l
                0x00891728                ip_dooptions
                0x008e3674                memPartInit
                0x008efa08                dbgTaskBpBreakpoint
                0x008e1ca4                iosFdNew
                0x008d4c24                setlinebuf
                0x0087c2b8                _savefpr_15_l
                0x0093a7b4                wvSigInst
                0x00912cb4                dosVDirLibInit
                0x008a075c                sbdrop
                0x008a52bc                bsdShutdown
                0x00854604                logic_error::what(void) const
                0x008d5f60                labs
                0x00845bd8                usrSlipInit
                0x008fd06c                bufAlloc
                0x008d4144                gets
                0x00831500                frcTestSerial
                0x00865530                streammarker::delta(void)
                0x00894a64                rn_match
                0x0092d16c                xdr_WDB_STRING_T
                0x0087e5b0                _restgprx_15_l
                0x00801f30                sysOutWord
                0x00887d34                _restv23
                0x00862ac0                ostream::write(signed char const *, int)
                0x0087c7b8                __dtoll
                0x0089df64                soreceive
                0x00887c30                __make_fp
                0x0086bf78                _IO_init_marker
                0x0093b490                wvTaskNamesBufAdd
                0x008f392c                moduleSegGet
                0x00894db0                rn_insert
                0x008adbbc                muxPollReceive
                0x0093a0f8                fileUploadPathLibInit
                0x00857124                overflow_error::overflow_error(basic_string<char, string_char_traits<char>, __default_alloc_template<true, 0> > const &)
                0x00866628                filebuf::filebuf(int, char *, int)
                0x008fd8b4                qFifoGet
                0x0087e45c                _restfprs_28_l
                0x008d955c                cacheClear
                0x00813e74                gtPci0GetIOspaceSize
                0x008d5e2c                bsearch
                0x008880b0                if_attach
                0x0093c9e0                cplusLoadFixup
                0x008fdee8                qCalibrate
                0x008c3d4c                netMblkChainDup
                0x008f362c                moduleShow
                0x00848fdc                cplus_mangle_opname
                0x00865d3c                streambuf::snextc(void)
                0x008ae02c                muxUnbind
                0x008ba3ac                nfsAuthUnixSet
                0x008f7228                version
                0x0087d260                sfpFloatNormalize
                0x008ab378                ifAddrDelete
                0x008e5ce8                ptyDevCreate
                0x009280a0                wdbEventNodeInit
                0x00816314                gtMemoryMapDevice3Space
                0x008dfbe0                fppTaskRegsShow
                0x00813dd4                gtPci0MapMemory3space
                0x008871e8                __subsf3
                0x008ebfa8                tyAbortFuncSet
                0x0085ade8                basic_string<char, string_char_traits<char>, __default_alloc_template<true, 0> >::data(void) const
                0x008fff14                rBuffDestroy
                0x0085a8c0                string_char_traits<char>::is_del(char)
                0x00877c94                excVecBaseGet
                0x00817d80                gtCntmrDisable
                0x008b89c8                nfsLookUpByName
                0x0086561c                ios type_info function
                0x008e20bc                iosWrite
                0x008af108                muxTaskDelayGet
                0x0087e5c4                _restgprx_20_l
                0x0093bc14                evtObjLogFuncBind
                0x00879ad4                vxDsisrSet
                0x008c8854                icmp_ctloutput
                0x008e436c                memAddToPool
                0x0091a34c                cbioUnlock
                0x008e1bc4                iosFdSet
                0x00800690                GET_THRM1
                0x00847b14                RBString_T::RBString_T(void)
                0x00874c48                __rtti_attr
                0x00933a2c                taskNameToId
                0x008615dc                ws(istream &)
                0x008158f4                gtPci0SetRegionFeatures
                0x008e98e8                symAdd
                0x0092d8f8                eventReceive
                0x0085a044                basic_string<char, string_char_traits<char>, __default_alloc_template<true, 0> >::resize(unsigned int, char)
                0x008fde80                qGetExpired
                0x008fdf48                qEach
                0x0092cae8                xdr_WDB_MEM_XFER
                0x00800b54                sysClkRateSet
                0x008d61b4                qsort
                0x008e19a8                iosNextDevGet
                0x008cee7c                tcp_close
                0x0087eb50                endFlagsClr
                0x008e40a8                memPartBlockIsValid
                0x00933144                semInfo
                0x00805f30                frcPciConfigReadVPD
                0x008f6134                unldByGroup
                0x0084570c                usrBootLineCrack
                0x008d34c0                fscanf
                0x008c19e4                icmpstatShow
                0x00817fc4                gtCntmrIsTerminate
                0x008d2ae8                fgets
                0x0086be84                _IO_flush_all_linebuffered
                0x008d8110                __daysSinceEpoch
                0x0081eb64                sdmaChanStart
                0x0089b638                pfctlinput
                0x00848198                cplusDtorsLink
                0x008edf38                bdall
                0x00865940                streambuf::xput_char(char)
                0x00866150                filebuf::filebuf(void)
                0x008148b4                gtPci0MapMemoryBank1DAC
                0x008fd60c                lstNext
                0x0087c0ac                mmuPpcSdr1Get
                0x0087e498                _savefprs_14_l
                0x00878c20                intVecSet
                0x009396b4                workQAdd0
                0x0093f088                wdbDbgDabrGet
                0x008d7f28                __getTime
                0x00862b20                ostream::operator<<(signed char)
                0x00864fc8                streambuf::doallocbuf(void)
                0x008daa4c                envPrivateCreate
                0x0087581c                char type_info function
                0x0093bea0                evtLogT1
                0x0085db90                bool operator<=<char, string_char_traits<char>, __default_alloc_template<true, 0> >(basic_string<char, string_char_traits<char>, __default_alloc_template<true, 0> > const &, char const *)
                0x0087c270                _restfpr_27_l
                0x008c6ea0                in_rtchange
                0x00865460                streambuf::sys_read(char *, int)
                0x00813efc                gtPci0GetMemory0Size
                0x008fd570                lstFirst
                0x0093a1c8                fileUploadPathClose
                0x008ea10c                symByValueAndTypeFind
                0x0088e3f0                in_control
                0x0086b74c                _IO_default_underflow
                0x0092ccb8                xdr_WDB_RT_INFO
                0x0085b6c0                basic_string<char, string_char_traits<char>, __default_alloc_template<true, 0> >::assign(char const *)
                0x00873f38                __si_type_info::~__si_type_info(void)
                0x0080889c                sysPci16Swap
                0x0084835c                cplusDemanglerInit
                0x00821ab4                correctaddr
                0x00827408                frcRTCWrite
                0x0085db2c                bool operator<=<char, string_char_traits<char>, __default_alloc_template<true, 0> >(char const *, basic_string<char, string_char_traits<char>, __default_alloc_template<true, 0> > const &)
                0x00865c5c                streambuf::sputn(char const *, int)
                0x00866cac                filebuf::sys_stat(void *)
                0x00807c88                userRsrvMemMallocAligned
                0x00816790                gtMemorySetDeviceParam
                0x0087bed4                excExit
                0x008d3fa4                getc
                0x0090faa0                dosFsHdlrInstall
                0x00833698                frcTestMACAddr
                0x008bd1d0                rtrequestDelEqui
                0x008fdfdc                qPriBMapCreate
                0x00800854                sysL2BackHWFlush
                0x00936164                taskTcb
                0x008e342c                memFindMax
                0x008f6990                repeat
                0x0085dcfc                istream & operator>><char, string_char_traits<char>, __default_alloc_template<true, 0> >(istream &, basic_string<char, string_char_traits<char>, __default_alloc_template<true, 0> > &)
                0x0093cc6c                _dbgRetAdrsGet
                0x008538ec                logic_error::~logic_error(void)
                0x0086ea0c                unexpected(void)
                0x0087e2f0                __ule64
                0x008f4654                shell
                0x00816540                gtMemoryDisableWindow
                0x00936e8c                tick64Set
                0x008bd758                sockLibAdd
                0x0087e718                _restvr28
                0x0081f7a8                vxSdmaIntClear
                0x0087e730                _restvr31
                0x008f52f0                timexHelp
                0x008fed2c                rngIsFull
                0x008d7240                memcpy
                0x008f2788                loadModuleAtSym
                0x008c3b2c                netClBlkJoin
                0x0085b40c                basic_string<char, string_char_traits<char>, __default_alloc_template<true, 0> >::basic_string(basic_string<char, string_char_traits<char>, __default_alloc_template<true, 0> > const &)
                0x0086b7ac                _IO_default_xsputn
                0x008c95e4                rip_usrreq
                0x008fd980                qFifoEach
                0x008890cc                if_slowtimoRestart
                0x0087bd40                cacheArchTextUpdate
                0x00847bc8                RBString_T::RBString_T(char const *)
                0x0092a7a8                udpCommIfInit
                0x0086d694                global constructors keyed to _IO_stdin_
                0x0088f804                in_broadcast
                0x008184e0                vxCntmrIntDisable
                0x008338cc                getPLLCoreMultiplier
                0x00830778                frcTestTbReset
                0x0087c07c                mmuPpcSrSet
                0x0087c244                _restfpr_16_l
                0x00865a94                streambuf::Bbase(void)
                0x0087e3a8                _restf21
                0x008b6520                mbufShow
                0x0091dadc                pmap_getport
                0x00887d2c                _restv22
                0x008b1298                netDevCreate
                0x00834224                DCD_regs_dump
                0x008d4c94                setvbuf
                0x0085adfc                basic_string<char, string_char_traits<char>, __default_alloc_template<true, 0> >::size(void) const
                0x0085f200                istream::operator>>(char *)
                0x008087f8                addCacheControlBits
                0x0087e3dc                _savef15
                0x0087e3e8                _savef18
                0x008f4520                shellRestart
                0x008f4388                moduleNameGet
                0x0093ae5c                wvUploadTaskConfig
                0x008e6408                selectInit
                0x008ba83c                ping
                0x0085ac74                basic_string<char, string_char_traits<char>, __default_alloc_template<true, 0> >::Rep::data(void)
                0x008768bc                altivecInit
                0x00857cf0                abs(double)
                0x00879bbc                vxTimeBaseGet
                0x0081fca0                serialChanStart
                0x00865804                ios::sync_with_stdio(void)
                0x0086ea28                __cp_exception_info
                0x0087e918                __diab_atomic_restore
                0x00935ad4                taskSafe
                0x0086b9f0                _IO_default_setbuf
                0x00925fa0                wdbExternRegSetObjAdd
                0x0086bd34                _IO_sungetc
                0x0087e5ac                _restgprx_14_l
                0x008e544c                pathSplit
                0x00886ad8                __floatsidf
                0x00861978                unlock(ostream &)
                0x00889070                if_qflush
                0x0085c140                basic_string<char, string_char_traits<char>, __default_alloc_template<true, 0> >::erase(char *, char *)
                0x0089f7f8                socantrcvmore
                0x008e1210                ioGlobalStdGet
                0x0087c264                _restfpr_24_l
                0x008bbb74                rlogind
                0x00865f7c                ios::ios(streambuf *, ostream *)
                0x0091ef20                svc_sendreply
                0x008d4424                perror
                0x00843bb0                frcDmaTestStart1
                0x00939e5c                semEvLibInit
                0x00800c98                sysTimestampLock
                0x00808808                gtPciGetByte
                0x008e4cf0                pathParse
                0x008869d8                __ltdf2
                0x00878d7c                intDisable
                0x00876dec                swab
                0x00830920                getOption
                0x0093de78                vxTaskEntry
                0x008eefd0                dbgPrintCall
                0x008c0c60                xdr_sattrargs
                0x00862a54                ostream::put(signed char)
                0x0087e628                _savegprx_15_l
                0x008e04e8                creat
                0x00877a80                excVecSet
                0x008e4fe8                pathBuild
                0x0085c398                basic_string<char, string_char_traits<char>, __default_alloc_template<true, 0> >::at(unsigned int)
                0x008221e4                operation_fail
                0x00879b88                vxFpscrGet
                0x00865e44                filebuf::is_open(void) const
                0x0090ad84                dosFsFmtLibInit
                0x0082c2f8                bibReadIntf
                0x008ebfc0                tyBackspaceSet
                0x00887d54                _restv27
                0x008fb5a8                bswap
                0x0093dfc0                taskMsrSet
                0x008c0bb8                xdr_nfspath
                0x008e0388                hashFuncIterScale
                0x0080042c                _initialize_dbg_uart
                0x008d4724                puts
                0x00802c70                sysHardReset
                0x0087c35c                _savegpr_15
                0x008da278                clock_settime
                0x008f95b4                copy
                0x008e047c                intRestrict
                0x00808850                gtPciSetWord
                0x008b6548                netShowInit
                0x008f7100                ts
                0x008016a8                frcPrintBoardInfo
                0x0086b2bc                __overflow
                0x008dafec                errnoGet
                0x008ac9e0                inet_ntoa_b
                0x008e3104                memPartFindMax
                0x0092b8b0                wdbDbgBpGet
                0x0093dfa0                taskArgsGet
                0x0080156c                frcMv64360SiliconVersion
                0x0089d200                soaccept
                0x008ea0e4                symByValueFind
                0x00800000                _sysInit
                0x008d1074                islower
                0x008fd340                dllCount
                0x00815610                gtPci0MapP2pMem1SpaceDAC
                0x008f9114                dosFsVolOptionsSet
                0x0086578c                ios::fail(void) const
                0x0087f3e4                endEtherAddressForm
                0x0086d7a8                __dummy
                0x008e3348                memOptionsSet
                0x008d9668                cacheDmaFree
                0x00918a54                yyparse
                0x008fa2d4                llr
                0x008fd258                dllTerminate
                0x0086e9e4                set_terminate(void (*)(void))
                0x008fdd90                qPut
                0x008d10ec                tolower
                0x0087c438                _savegpr_19_l
                0x00820ef4                bootFlashProgram1byte
                0x0085a8a0                string_char_traits<char>::lt(char const &, char const &)
                0x00865734                ios::_throw_failure(void) const
                0x00863728                istream::operator>>(ios &(*)(ios &))
                0x00832494                frcTestIntLatSoft
                0x008c9010                rip_output
                0x00842a3c                mem_perf
                0x00863268                istream::ipfx0(void)
                0x00865e74                filebuf::is_reading(void)
                0x008da534                rewinddir
                0x00927630                wdbMemTest
                0x008446ac                usrDmaInit
                0x00878594                fppArchInit
                0x008feba8                rngBufPut
                0x008d71c4                system
                0x008737f8                type_info::operator!=(type_info const &) const
                0x008d2790                feof
                0x0092eb94                msgQDelete
                0x00937f60                windPrioritySet
                0x008cfb98                tcp_canceltimers
                0x00896954                route_init
                0x00888d58                link_rtrequest
                0x008c19e0                icmpShowInit
                0x00867aac                _IO_file_close
                0x008766c0                altivecArchTaskCreateInit
                0x00900240                wvRBuffMgrPrioritySet
                0x008332f8                atox
                0x008ab3a4                ifAddrGet
                0x0085c7cc                basic_string<char, string_char_traits<char>, __default_alloc_template<true, 0> >::find_first_not_of(char const *, unsigned int) const
                0x008653f4                streambuf::flush_all(void)
                0x00815558                gtPci0MapP2pMem1Space
                0x0085bc00                basic_string<char, string_char_traits<char>, __default_alloc_template<true, 0> >::operator+=(basic_string<char, string_char_traits<char>, __default_alloc_template<true, 0> > const &)
                0x008a722c                ftpTransientConfigGet
                0x0093c124                evtLogM3
                0x00825198                mvI2cMasterEEPROMBurstread
                0x00860bfc                ostream::operator<<(double)
                0x00800c50                sysTimestamp
                0x00826f94                frcEEPROMTestRead
                0x00830c68                testmem_perf
                0x008e48d0                memPartInfoGet
                0x0087e4cc                _savefprs_27_l
                0x0091f998                svcraw_create
                0x008e439c                malloc
                0x00871014                bad_alloc::what(void) const
                0x0093c890                evtLogT1_noTS
                0x008e0820                remove
                0x0086c120                _IO_unsave_markers
                0x008663b4                filebuf::filebuf(int)
                0x008e12f0                isatty
                0x0093ddc8                _sigCtxSetup
                0x0087e970                __diab_free_mutex
                0x008c7978                icmp_input
                0x0086ed24                __uncatch_exception
                0x008ab640                ifFlagSet
                0x00816ff4                gtSramInit
                0x008a508c                bsdGetsockname
                0x0087e510                _restfprx_24_l
                0x008aba8c                ifRouteDelete
                0x00846e9c                wdbMbufAlloc
                0x00861904                lock(ostream &)
                0x008be544                sntpcTimeGet
                0x0093ec30                wdbDbgRegsClear
                0x0087c24c                _restfpr_18_l
                0x0091ff64                svctcp_create
                0x00825e58                mvI2cMasterReadBlock
                0x0082c178                frcBibRead
                0x00879ca4                vxMemArchProbe
                0x00866b24                filebuf::attach(int)
                0x008938d4                ip_ctloutput
                0x008fdb88                qInit
                0x0087db8c                __div64
                0x0087d5e0                __asr64
                0x0083329c                frcTestIsMonarch
                0x00806d40                gtIntDisable
                0x0093f098                wdbDbgDarGet
                0x00933998                taskRegsSet
                0x008188a8                frcDmaIntConnect
                0x008ffac4                rBuffFlush
                0x00935230                taskRestart
                0x0086fc04                bad_exception::bad_exception(void)
                0x00833fa0                getPMC280BoardInfo
                0x0087c44c                _savegpr_24_l
                0x0087e650                _savegprx_25_l
                0x00808120                sys557IntEnable
                0x0085a92c                string_char_traits<char>::copy(char *, char const *, unsigned int)
                0x008d12e0                ldexp
                0x0092a638                wdbVioChannelUnregister
                0x008da734                envLibInit
                0x008e044c                hashKeyStrCmp
                0x00900474                rBuffShowInit
                0x0085e2c0                iostream::iostream(int)
                0x008879e0                __lesf2
                0x008da0f0                clock_setres
                0x008daff8                errnoOfTaskGet
                0x00800dd4                sysSerialHwInit2
                0x008c36a0                netPoolKheapInit
                0x00830bbc                frcTestIDMAScrubChk
                0x0082f2d8                test_bitspread_comparison
                0x008f50ec                shellIsRemoteConnectedGet
                0x008bb7c8                remCurIdGet
                0x008fd3f0                lstAdd
                0x0081ee88                sdmaChanStopTxRx
                0x0085c238                basic_string<char, string_char_traits<char>, __default_alloc_template<true, 0> >::replace(unsigned int, unsigned int, char)
                0x0092f0b8                msgQSend
                0x008210a0                bootFlashGetSectorOff
                0x008636c8                istream::operator>>(signed char *)
                0x00828984                issec
                0x00865590                ios::readable(void)
                0x00883d38                __fixunsdfsi
                0x0089ea34                soshutdown
                0x008b90ec                nfsThingCreate
                0x00938ef8                windReadyQPut
                0x00847a4c                __pure_virtual_called
                0x0089459c                ip_mloopback
                0x0082eb20                test_verify_success
                0x00848474                cplusDemanglerStyleSet
                0x0087fa70                miiPhyInit
                0x0086344c                istream::get(void)
                0x008d8dc4                __getDstInfo
                0x008f5044                shellLoginInstall
                0x008bde68                recvfrom
                0x008429f0                frcTestSwitch
                0x008f8b88                spyStop
                0x0089d110                soabort
                0x00864e0c                streambuf::sync(void)
                0x0087d894                __rem32
                0x008fe628                qPriListInit
                0x00921670                xdr_bytes
                0x0091f004                svcerr_decode
                0x0080203c                sysCpuCheck
                0x0085c370                basic_string<char, string_char_traits<char>, __default_alloc_template<true, 0> >::eos(void)
                0x00862ae0                ostream::write(void const *, int)
                0x00853f1c                logic_error type_info function
                0x008a3e94                bsdSendto
                0x00857078                overflow_error::~overflow_error(void)
                0x008fe830                qPriListGetExpired
                0x008656ac                ios::flags(unsigned long)
                0x008da650                statfs
                0x0082d12c                frcBootRegFileBurn
                0x0087e674                _savevr20
                0x0087e5b4                _restgprx_16_l
                0x00887d4c                _restv26
                0x0087c440                _savegpr_21_l
                0x009368d0                taskRegsShow
                0x00817df4                gtCntmrRead
                0x0093327c                semShow
                0x0092a5ec                wdbVioLibInit
                0x00866be4                filebuf::seekoff(long, ios::seek_dir, int)
                0x00817550                frcGppIntDisable
                0x00888e40                if_down
                0x00922870                xdrrec_endofrecord
                0x008d6f94                strtoul
                0x0093390c                taskBpHookSet
                0x008b72ac                nfsMount
                0x0093f32c                qJobPut
                0x008aa0d4                hostTblInit
                0x0086c33c                _IO_ostream_withassign::operator=(ostream &)
                0x00865760                ios::setstate(int)
                0x0088e114                inet_netmatch
                0x008eb948                ttyDrv
                0x00823358                option
                0x0085d9f8                bool operator><char, string_char_traits<char>, __default_alloc_template<true, 0> >(basic_string<char, string_char_traits<char>, __default_alloc_template<true, 0> > const &, basic_string<char, string_char_traits<char>, __default_alloc_template<true, 0> > const &)
                0x0085bb04                basic_string<char, string_char_traits<char>, __default_alloc_template<true, 0> >::append(unsigned int, char)
                0x0088e21c                in_localaddr
                0x008da078                clock_getres
                0x0087c3cc                _restgpr_23_l
                0x00913734                ledRead
                0x009269a4                wdbRpcNotifyHost
                0x00878dc8                intRegsLock
                0x008c111c                xdr_renameargs
                0x0086e9d4                __default_unexpected(void)
                0x00875614                short type_info function
                0x0087e598                _savefprx_29_l
                0x0087e64c                _savegprx_24_l
                0x0089f368                soisdisconnecting
                0x008d9aa4                classShowConnect
                0x00932674                semMGive
                0x008b0568                muxTkPollReceive
                0x00876838                altivecProbe
                0x00875204                void type_info function
                0x008c01f8                tftpErrorCreate
                0x00878bb8                intLock
                0x008977f0                rtredirect
                0x0080c90c                sys543PciInit
                0x00862b84                ostream::operator<<(short)
                0x0082f734                extendedTestError
                0x008e1fc8                iosRead
                0x0093c644                evtLogTasks
                0x008e1dd8                iosCreate
                0x008d109c                ispunct
                0x008e9424                symTblCreate
                0x00884d0c                __udivmoddi4
                0x0087c390                _savegpr_28
                0x00937874                wdShowInit
                0x0087e584                _savefprx_24_l
                0x008f5f4c                unldByModuleId
                0x008d60c0                wctomb
                0x00939418                windPendQRemove
                0x008e6c60                selNodeAdd
                0x0087d47c                __DIAB_wr_pk_fl
                0x008c2654                udpShowInit
                0x008b1058                muxTkBindUpdate
                0x008c0848                xdr_nfsstat
                0x00937870                wdTick
                0x00876dd0                bfillBytes
                0x008009ac                sysL1DcacheEnable
                0x0085f0b8                istream::operator>>(char &)
                0x008c17c0                xdr_groupnode
                0x0091bd24                clnt_create
                0x00867710                _IO_file_seekoff
                0x008f9420                rmdir
                0x0087efdc                endObjInit
                0x008fdf78                qPriBMapListCreate
                0x0081b878                vxEthernetIntEnable
                0x00888a10                ifaof_ifpforaddr
                0x00865994                streambuf::gbump(int)
                0x008653e4                streambuf::set_column(int)
                0x008d6150                wcstombs
                0x008fd418                lstConcat
                0x0091a180                cbioModeSet
                0x0087c388                _savegpr_26
                0x0082ec64                test_mul_comparison
                0x0091d860                clntudp_freeres
                0x008bd814                socket
                0x008150e4                gtPci0MapDevice3MemorySpace
                0x0086d940                __get_eh_info
                0x008e65f0                select
                0x008b507c                netLibGeneralInit
                0x008dd3f8                fioRdString
                0x00852844                __out_of_range(char const *)
                0x0087d064                __ftoll
                0x00870c58                __frame_state_for
                0x00903fd4                dosFsChkTree
                0x008271e8                frcTestRTCWrite
                0x0085a7b4                basic_string<char, string_char_traits<char>, __default_alloc_template<true, 0> >::compare(char const *, unsigned int, unsigned int) const
                0x008da4ec                readdir
                0x008adfd4                muxMCastAddrGet
                0x008d42b8                __smakebuf
                0x00821dcc                __READ_FLASH16
                0x0087e410                _savef28
                0x00864e34                streambuf::setbuf(char *, int)
                0x0085c294                basic_string<char, string_char_traits<char>, __default_alloc_template<true, 0> >::replace(char *, char *, char const *, unsigned int)
                0x008da628                fstatfs
                0x0087e3f8                _savef22
                0x0087e404                _savef25
                0x0092eb70                msgQTerminate
                0x00861558                ostream::flush(void)
                0x009378d8                wdShow
                0x0082ebf8                test_sub_comparison
                0x0089cacc                sofree
                0x0090192c                dcacheDevEnable
                0x0087e444                _restfprs_22_l
                0x00865a50                streambuf::in_backup(void)
                0x0087e9ac                __diab_free_semaphore
                0x00813ed4                gtPci0GetMemory0Base
                0x0081a588                ethPortWriteSmiReg
                0x008ebfcc                tyDeleteLineSet
                0x008eec5c                l
                0x008f6bf0                checkStack
                0x0088c180                _arpCmd
                0x008e5594                pipeDevCreate
                0x008006a8                SET_THRM1
                0x00923108                clnt_perror
                0x0087c308                _restgpr_14
                0x008d1f48                drem
                0x008ea530                symNameGet
                0x00815830                gtPci0MapCPUspaceDAC
                0x00815c0c                gtPci0P2PConfig
                0x008327e4                frcTestIntLatency
                0x009261c0                wdbIsNowExternal
                0x008d10b0                isspace
                0x008d0de0                tcp_disconnect
                0x008ad52c                muxBind
                0x00885a3c                __unpack_d
                0x0085c96c                basic_string<char, string_char_traits<char>, __default_alloc_template<true, 0> >::compare(char const *, unsigned int) const
                0x0085bca0                basic_string<char, string_char_traits<char>, __default_alloc_template<true, 0> >::operator+=(char)
                0x0081d10c                brgStart
                0x0085c378                basic_string<char, string_char_traits<char>, __default_alloc_template<true, 0> >::operator[](unsigned int) const
                0x008fd578                lstGet
                0x008043c0                pciConfigModifyWord
                0x00873398                __rtti_user
                0x008671c0                _IO_file_setbuf
                0x00800efc                frcGetPcbRev
                0x00822364                frcFlashProgram
                0x008d2860                fflush
                0x00842674                TestIntConnect
                0x008acc54                rawIpLibInit
                0x008fd8ec                qFifoRemove
                0x00835c88                MV64360_regs_dump
                0x00800b2c                sysClkDisable
                0x00927184                wdbCtxLibInit
                0x0085dbfc                bool operator>=<char, string_char_traits<char>, __default_alloc_template<true, 0> >(basic_string<char, string_char_traits<char>, __default_alloc_template<true, 0> > const &, basic_string<char, string_char_traits<char>, __default_alloc_template<true, 0> > const &)
                0x0091a214                cbioRdyChgdGet
                0x00862c24                ostream::operator<<(ostream &(*)(ostream &))
                0x008623d8                _IO_ostream_withassign::~_IO_ostream_withassign(void)
                0x008f5248                timexFunc
                0x0085ac7c                basic_string<char, string_char_traits<char>, __default_alloc_template<true, 0> >::repup(basic_string<char, string_char_traits<char>, __default_alloc_template<true, 0> >::Rep *)
                0x0086211c                iostream::~iostream(void)
                0x0087e520                _restfprx_28_l
                0x00921134                xdr_void
                0x0086597c                streambuf::xsetflags(int, int)
                0x0087e6e8                _restvr22
                0x00805930                pciScan
                0x008012a4                frcPrintBank1MemSize
                0x0093968c                workQInit
                0x0089d5e8                soconnect2
                0x0091f678                _svcauth_null
                0x0087e5d8                _restgprx_25_l
                0x00800b98                sysTimestampEnable
                0x008558c0                out_of_range::~out_of_range(void)
                0x00865ab0                streambuf::Bptr(void)
                0x0086c2c8                _IO_default_write
                0x0085a994                basic_string<char, string_char_traits<char>, __default_alloc_template<true, 0> >::rep(void) const
                0x00887c64                __extendsfdf2
                0x0093bf58                evtLogM0
                0x00805cd8                frcPciSetActive
                0x0092d808                eventTerminate
                0x0087c8ec                __dtoull
                0x0087e590                _savefprx_27_l
                0x0091dc78                xdr_pmap
                0x0085bda4                basic_string<char, string_char_traits<char>, __default_alloc_template<true, 0> >::insert(unsigned int, unsigned int, char)
                0x008eb248                taskDeleteHookShow
                0x0091f1bc                svcerr_progvers
                0x008024f4                sysVirtToPhys
                0x0084406c                wdValueReg
                0x00900090                wvRBuffMgr
                0x00827b88                frcRTCDummyWrite1
                0x00931ee8                semGiveDefer
                0x0093a278                wvEvtLogInit
                0x00885ea8                __adddf3
                0x008877e0                __nesf2
                0x008e39a8                memPartAlignedAlloc
                0x008bb928                whoami
                0x008bcd84                mRouteEntryAdd
                0x0091ef94                svcerr_noproc
                0x008bd6d4                sockLibInit
                0x0082bb98                frcBibErrnoGet
                0x008aea7c                muxAddrResFuncAdd
                0x008af378                muxPollEnd
                0x0081ad6c                ethPortReceive
                0x00864d2c                streambuf::overflow(int)
                0x0087c428                _savegpr_15_l
                0x008f3484                moduleDelete
                0x008bf2a8                tftpModeSet
                0x008a0b3c                splimp
                0x0089ec4c                sosetopt
                0x00814094                gtPci0GetMemory3Size
                0x008cd5c0                tcp_mss
                0x0093974c                workQAdd1
                0x008a4a0c                bsdRecvmsg
                0x00896d68                routeDrain
                0x008fddf0                qRemove
                0x0093720c                wdTerminate
                0x00807014                sysIntCtrlInit
                0x00861170                ostream::ostream(int, streambuf *, ostream *)
                0x008d60ec                mbstowcs
                0x0085a8b8                string_char_traits<char>::eos(void)
                0x008e4420                memShowInit
                0x0089aa4c                udp_output
                0x008dabec                putenv
                0x0082d874                ramTestPrintDot
                0x0087c45c                _savegpr_28_l
                0x008ab66c                ifFlagGet
                0x008a3828                bsdBind
                0x00813fe4                gtPci0GetMemory2Base
                0x0081e1c8                mpscChanStopRx
                0x00885338                __umoddi3
                0x008b26ec                netLsByName
                0x008e0bb0                lseek
                0x00802d44                cpldGppDisablePin13
                0x0086207c                ios::close(void)
                0x0087381c                bad_cast type_info function
                0x0087e440                _restfprs_21_l
                0x008ad7f4                muxSend
                0x008e514c                pathCat
                0x0087c268                _restfpr_25_l
                0x008db1a8                excJobAdd
                0x008e731c                sigaddset
                0x00877488                excVecInit
                0x008eb87c                taskVarInfo
                0x008479d4                cplusLibInit
                0x008d9b8c                classMemPartIdSet
                0x0093c71c                evtsched
                0x0085ea78                istream::get(char &)
                0x0091c3d4                clnt_simpleInclude
                0x00919ec4                cbioBlkRW
                0x0081a188                ethClearMibCounters
                0x0089f89c                sbseldequeue
                0x0085c664                basic_string<char, string_char_traits<char>, __default_alloc_template<true, 0> >::find_first_of(char const *, unsigned int) const
                0x008766e8                altivecTaskRegsGet
                0x008d5388                stdioShow
                0x00848890                set_cplus_marker_for_demangling
                0x00848468                cplusDemanglerSet
                0x0092ce68                xdr_WDB_AGENT_INFO
                0x00808818                gtPciSetByte
                0x00814520                gtPci0MapInternalRegSpace
                0x00883468                __clear_cache
                0x00921c10                xdr_vector
                0x0092c2d0                wdbAltivecGet
                0x008b12bc                netDevCreate2
                0x0085a224                basic_string<char, string_char_traits<char>, __default_alloc_template<true, 0> >::find(char, unsigned int) const
                0x008e181c                iosDevDelete
                0x00862c9c                istream::~istream(void)
                0x008c6ee0                in_pcblookup
                0x008fe32c                qPriBMapInfo
                0x00901874                dcacheDevDisable
                0x0093b204                wvEvtBufferGet
                0x00816cfc                gtDmaIsChannelActive
                0x0086261c                ostream::ostream(int)
                0x008fd1d4                dllCreate
                0x008fb60c                bzero
                0x008139cc                _frcPci0ReadConfigReg
                0x008659c0                streambuf::pbump(int)
                0x00875510                int type_info function
                0x00803ab4                pciConfigInLong
                0x0087c434                _savegpr_18_l
                0x0080175c                sysModel
                0x0085aa10                basic_string<char, string_char_traits<char>, __default_alloc_template<true, 0> >::Rep::operator delete(void *)
                0x0087c194                mmuPpcExtraBatEnableMPC74x5
                0x009266f8                wdbRpcRcv
                0x00894d68                rn_newpair
                0x008ba48c                nfsAuthUnixGet
                0x0085a6c4                basic_string<char, string_char_traits<char>, __default_alloc_template<true, 0> >::compare(basic_string<char, string_char_traits<char>, __default_alloc_template<true, 0> > const &, unsigned int, unsigned int) const
                0x008c0f1c                xdr_readokres
                0x008847d0                __udivdi3
                0x00887ce8                _savev26
                0x009258b4                wdbVioDrv
                0x0080c510                feiShow
                0x008c3c94                netMblkDup
                0x008bdd18                send
                0x00936eec                tick64Get
                0x0093e924                wdbDbgHwAddrCheck
                0x0091f234                svc_getreq
                0x008d4bb8                setbuffer
                0x008ed69c                dbgInit
                0x008f43e8                moduleFlagsGet
                0x0085ce1c                basic_string<char, string_char_traits<char>, __default_alloc_template<true, 0> > operator+<char, string_char_traits<char>, __default_alloc_template<true, 0> >(char const *, basic_string<char, string_char_traits<char>, __default_alloc_template<true, 0> > const &)
                0x00932008                semInvalid
                0x0089ba38                mbinit
                0x008d5d74                abort
                0x0081651c                gtMemoryDisableProtectRegion
                0x008e4450                memShow
                0x0081469c                gtPci0MapMemoryBank0
                0x00824160                mvI2cMasterWrite
                0x00847e48                RBString_T::append(RBString_T &)
                0x008fe64c                qPriListDelete
                0x0091ecf0                xprt_unregister
                0x0087323c                __rtti_si
                0x008fbab8                bootStructToString
                0x00938858                windDelay
                0x0093924c                windPendQPut
                0x0092f4f4                msgQReceive
                0x00866ba4                filebuf::underflow(void)
                0x008655b8                ios::is_open(void)
                0x008fef8c                sllCount
                0x008d530c                __stderr
                0x0087e710                _restvr27
                0x00933d48                taskCreat
                0x00865480                streammarker::streammarker(streambuf *)
                0x009337dc                taskOptionsSet
                0x008ce920                tcp_respond
                0x00864f2c                streambuf::seekpos(long, int)
                0x0087c43c                _savegpr_20_l
                0x00849148                cplus_demangle
                0x008e19c4                iosFdValue
                0x008d7f04                gmtime_r
                0x00879aa0                vxMsrSet
                0x0085c63c                basic_string<char, string_char_traits<char>, __default_alloc_template<true, 0> >::find_first_of(basic_string<char, string_char_traits<char>, __default_alloc_template<true, 0> > const &, unsigned int) const
                0x008fc20c                bootLeaseExtract
                0x008fee90                sllTerminate
                0x008a26f4                ipDetach
                0x008f2e58                loadCommonManage
                0x009309ac                semBGive
                0x0092d7c0                eventLibInit
                0x00882c44                miiLibUnInit
                0x0089f150                uiomove
                0x00802cf0                pciIsr
                0x00870f88                bad_alloc::~bad_alloc(void)
                0x008d10d8                isxdigit
                0x008e25b4                logFdAdd
                0x008e8ff0                sigPendDestroy
                0x0092e434                eventStart
                0x00856578                runtime_error::what(void) const
                0x008656bc                ios::precision(void) const
                0x0093c518                evtLogPoint
                0x008b7798                nfsDevInfoGet
                0x008e95e0                symTblTerminate
                0x00845c08                usrPPPInit
                0x0087d228                __lltof
                0x0087e4a8                _savefprs_18_l
                0x008b112c                muxTkUnloadUpdate
                0x009213bc                xdr_char
                0x00802b1c                rdreg
                0x008e3548                memPartCreate
                0x009232f0                clnt_pcreateerror
                0x0081decc                mpscDbg
                0x008b6640                arptabShow
                0x008f4448                shellInit
                0x0093ce28                _dbgTaskPCGet
                0x0093b30c                wvTaskNamesUpload
                0x0082d8c0                ramTest8bit
                0x008630e8                istream::getline(signed char *, int, char)
                0x00865570                streambuf::unsave_markers(void)
                0x0087e518                _restfprx_26_l
                0x00926f80                wdbConnectLibInit
                0x0087d4f0                __DIAB_wr_sw_db
                0x0086ed5c                __check_eh_spec
                0x008273e8                frcRTCRead
                0x0085f840                istream::operator>>(int &)
                0x0087e0cc                __add64
                0x0088ddf8                ether_attach
                0x008da320                clock_show
                0x00847ae0                RBStringIterator_T::nextChar(void)
                0x008ea1d8                symFindByValue
                0x00887e84                ifreset2
                0x008d6c98                __exp10
                0x008d6d30                strtol
                0x00866b04                filebuf::open(char const *, char const *)
                0x0092d340                xdr_TGT_INT_T
                0x0093f9e8                qJobInfo
                0x0080064c                sysL2crGet
                0x00925d7c                wdbInstallCommIf
                0x0080063c                sysGetL3CR
                0x00872134                operator new(unsigned int, nothrow_t const &)
                0x008d0f2c                tcp_usrclosed
                0x008187ac                frcDmaIntCtrlInit
                0x008d39f8                fsetpos
                0x0081d958                vxCunitIntDisable
                0x0093edd4                windExit
                0x0087c2d4                _savefpr_22_l
                0x0087e11c                __ge64
                0x0082120c                frcBootFlashProgram
                0x0085b818                basic_string<char, string_char_traits<char>, __default_alloc_template<true, 0> >::basic_string(unsigned int, char)
                0x008c5a64                in_pcbbind
                0x008209b8                bootEraseOrProgramOk
                0x0087c1f8                mmuPpcADisable
                0x0091f680                _svcauth_unix
                0x009315ac                semCGiveDefer
                0x00865c10                streambuf::allocbuf(void)
                0x0087e9b8                __diab_trylock_semaphore
                0x008546dc                domain_error::domain_error(basic_string<char, string_char_traits<char>, __default_alloc_template<true, 0> > const &)
                0x00860a30                ostream::operator<<(long long)
                0x0091a2a0                cbioRdyChgdSet
                0x0088c6c0                ether_output
                0x00921d28                xdr_double
                0x0093df78                taskArgsSet
                0x008a0db4                _netFree
                0x008ef468                dbgTaskBpHooksInstall
                0x008d5ffc                mblen
                0x008e3d30                memPartAlloc
                0x0087c1c4                mmuPpcAEnable
                0x008668b4                filebuf::~filebuf(void)
                0x009261e0                wdbIsNowTasking
                0x008f68a4                repeatRun
                0x00931b94                semDelete
                0x008ec6f0                tyIRd
                0x0082ee48                test_seqinc_comparison
                0x0086e7a8                __rethrow
                0x008a0c84                wakeup
                0x008e2528                logFdSet
                0x0086d914                __get_eh_context
                0x0093db7c                ffsMsb
                0x008bd9f4                accept
                0x008aeee0                muxDevStartAll
                0x0086c2c0                _IO_default_read
                0x008fee0c                sllCreate
                0x0092d7f4                eventInit
                0x00913634                ledOpen
                0x008ea4d4                symName
                0x008658b4                streambuf::gptr(void) const
                0x008e15e0                iosDrvRemove
                0x00870b14                __register_frame_table
                0x008f88d4                printLogo
                0x008656d8                ios::setf(unsigned long)
                0x00873ce4                __user_type_info type_info function
                0x00815d0c                gtMemoryGetDeviceBaseAddress
                0x0085c4d8                basic_string<char, string_char_traits<char>, __default_alloc_template<true, 0> >::find(basic_string<char, string_char_traits<char>, __default_alloc_template<true, 0> > const &, unsigned int) const
                0x00887fc4                ifresetImmediate
                0x00825bcc                mvI2cMasterWriteBlock
                0x00847a00                cplusLibMinInit
                0x00862dc0                istream::istream(int)
                0x00938cb4                windWdCancel
                0x00866e6c                _IO_file_close_it
                0x0081a458                ethernetGetConfigReg
                0x00875718                bool type_info function
                0x0087ed58                endMibIfInit
                0x00823460                option1
                0x00887cf0                _savev27
                0x008bd4d0                rpcTaskInit
                0x008021fc                sysMsDelay
                0x008e6584                selTaskDeleteHookAdd
                0x008fe324                qPriBMapKey
                0x008308a0                frcTestGettimeUsec
                0x00886e7c                __unpack_f
                0x0085c4d4                basic_string<char, string_char_traits<char>, __default_alloc_template<true, 0> >::reserve(unsigned int)
                0x00939ae0                eventRsrcShow
                0x0087c2e4                _savefpr_26_l
                0x008d28e0                __sflush
                0x008e09a4                rename
                0x0081f2c8                sdmaRxReturnBuff
                0x00863918                _IO_ostream_withassign type_info function
                0x008657c0                ios::operator!(void) const
                0x00820314                vxMpscUartTxInt
                0x008cf5fc                tcp_rtlookup
                0x00933b70                taskIdListGet
                0x00923764                xdr_callmsg
                0x00815e40                gtMemoryGetDeviceSize
                0x008bc7ec                routeAdd
                0x008fe060                qPriBMapInit
                0x0085c470                basic_string<char, string_char_traits<char>, __default_alloc_template<true, 0> >::terminate(void) const
                0x0085bd08                basic_string<char, string_char_traits<char>, __default_alloc_template<true, 0> >::insert(unsigned int, char const *, unsigned int)
                0x0092b874                wdbDbgBpListInit
                0x008dab80                envPrivateDestroy
                0x0086db20                __sjthrow
                0x0085c8cc                basic_string<char, string_char_traits<char>, __default_alloc_template<true, 0> >::substr(unsigned int, unsigned int) const
                0x008e95bc                symTblDelete
                0x0089fbc8                soreserve
                0x009217c4                xdr_union
                0x008f3edc                moduleEach
                0x0087e3b4                _restf24
                0x008772a4                cacheArchDmaMalloc
                0x00806004                frcPciShow
                0x00865828                ios::unset(state_value)