
Allocating common symbols
Common symbol       size              file

_func_smObjObjShow  0x4               vxWorks.tmp
taskSwitchTable     0x44              vxWorks.tmp
inetsw              0x340             vxWorks.tmp
msgQDistShowRtn     0x4               vxWorks.tmp
_func_evtLogT1_noTS
                    0x4               vxWorks.tmp
__func_type_info type_info node
                    0xc               vxWorks.tmp
mCastHashInfo       0x8               vxWorks.tmp
ifnet               0x4               vxWorks.tmp
_func_spyStop       0x4               vxWorks.tmp
rlogindSocket       0x4               vxWorks.tmp
workQWriteIx        0x1               vxWorks.tmp
bad_alloc type_info node
                    0xc               vxWorks.tmp
_func_excInfoShow   0x4               vxWorks.tmp
filebuf type_info node
                    0xc               vxWorks.tmp
ip_id               0x2               vxWorks.tmp
_func_evtLogReserveTaskName
                    0x4               vxWorks.tmp
dbgLockUnbreakable  0x4               vxWorks.tmp
drvTable            0x4               vxWorks.tmp
ip_protox           0x100             vxWorks.tmp
DCACHE_CTRL         0x80              vxWorks.tmp
zeroin_addr         0x4               vxWorks.tmp
__attr_type_info type_info node
                    0xc               vxWorks.tmp
_func_trgCheck      0x4               vxWorks.tmp
frcSysBoardId       0x3               vxWorks.tmp
pWvNetEventMap      0x4               vxWorks.tmp
pAltivecRegSetObj   0x4               vxWorks.tmp
workQReadIx         0x1               vxWorks.tmp
fppDisplayHookRtn   0x4               vxWorks.tmp
cbioClass           0x34              vxWorks.tmp
ioDefPath           0x100             vxWorks.tmp
_func_taskCreateHookAdd
                    0x4               vxWorks.tmp
somaxconn           0x4               vxWorks.tmp
_func_dspRegsListHook
                    0x4               vxWorks.tmp
_func_tmrConnect    0x4               vxWorks.tmp
max_protohdr        0x4               vxWorks.tmp
_func_evtLogTSched  0x4               vxWorks.tmp
tcpstat             0xd0              vxWorks.tmp
vxIntStackBase      0x4               vxWorks.tmp
_func_dspTaskRegsShow
                    0x4               vxWorks.tmp
workQIsEmpty        0x4               vxWorks.tmp
arp_allocated       0x4               vxWorks.tmp
trgEvtClass         0x4               vxWorks.tmp
_func_selPtyDelete  0x4               vxWorks.tmp
wvDefaultBufOptions
                    0x4               vxWorks.tmp
mmuLibFuncs         0x28              vxWorks.tmp
redirOutFd          0x4               vxWorks.tmp
taskSwapTable       0x44              vxWorks.tmp
_func_evtLogO       0x4               vxWorks.tmp
pEndPktDev          0x4               vxWorks.tmp
_func_selWakeupListInit
                    0x4               vxWorks.tmp
_wdbTaskBpBreakpoint
                    0x4               vxWorks.tmp
rttrash             0x4               vxWorks.tmp
_wdbTaskCont        0x4               vxWorks.tmp
mvI2cTclock         0x4               vxWorks.tmp
semMGiveKernWork    0x4               vxWorks.tmp
_IO_ostream_withassign type_info node
                    0x10              vxWorks.tmp
ftpsCurrentClients  0x4               vxWorks.tmp
wvLogHeader         0x4               vxWorks.tmp
intEvent            0x40              vxWorks.tmp
trgCnt              0x4               vxWorks.tmp
errno               0x4               vxWorks.tmp
mmuStateTransArraySize
                    0x4               vxWorks.tmp
_func_ioTaskStdSet  0x4               vxWorks.tmp
_func_excIntHook    0x4               vxWorks.tmp
logic_error type_info node
                    0xc               vxWorks.tmp
_func_selPtyAdd     0x4               vxWorks.tmp
kernelState         0x4               vxWorks.tmp
_func_evtLogM1      0x4               vxWorks.tmp
_ios_fields type_info node
                    0x8               vxWorks.tmp
yyerrflag           0x4               vxWorks.tmp
_func_sigExcKill    0x4               vxWorks.tmp
_func_wvNetPortFilterTest
                    0x4               vxWorks.tmp
streambuf type_info node
                    0xc               vxWorks.tmp
bad_typeid type_info node
                    0xc               vxWorks.tmp
pciConfigAddr2      0x4               vxWorks.tmp
_func_bdall         0x4               vxWorks.tmp
lockKey             0x4               vxWorks.tmp
hostList            0xc               vxWorks.tmp
tickQHead           0x10              vxWorks.tmp
rBuffClass          0x34              vxWorks.tmp
length_error type_info node
                    0xc               vxWorks.tmp
__wdbEvtptDeleteAll
                    0x4               vxWorks.tmp
overflow_error type_info node
                    0xc               vxWorks.tmp
_func_symNameGet    0x4               vxWorks.tmp
tcbinfo             0x10              vxWorks.tmp
_func_logMsg        0x4               vxWorks.tmp
tcpOutRsts          0x4               vxWorks.tmp
[...]
Memory Configuration

Name             Origin             Length             Attributes
*default*        0x00000000         0xffffffff

Linker script and memory map

Address of section .text set to 0x800000
LOAD dataSegPad.o
LOAD vxWorks.tmp
LOAD ctdt.o

.text           0x00800000   0x173cb0
                0x00800000                wrs_kernel_text_start=.
                0x00800000                _wrs_kernel_text_start=.
 *(.text)
 .text          0x00800000   0x13fcd4 vxWorks.tmp
                0x00910860                print64Mult
                0x008e9190                sigPendInit
                0x00890000                mcastHashTblInsert
                0x008fac34                dllEach
                0x0085fa7c                istream::operator>>(unsigned int &)
                0x00801ea0                sysHwInit2
                0x00833104                frcTestBaudRate
                0x0093f2f4                longjmp
                0x0087e548                _restf15
                0x008fdb9c                rBuffUpload
                0x00842d64                frcIdmaTestInit0
                0x008b5640                ifShow
                0x0088a8e8                arpresolve
                0x008a5030                bsdGetsockopt
                0x00814978                gtPci0MapMemoryBank2
                0x00875ee8                unsigned int type_info function
                0x0093df70                _sigCtxRtnValSet
                0x008d4734                putchar
                0x0085bf94                basic_string<char, string_char_traits<char>, __default_alloc_template<true, 0> >::ibegin(void) const
                0x0085fd08                istream::operator>>(bool &)
                0x008af77c                muxPollDevDel
                0x008fd1b0                rBuffRead
                0x0081d318                cunitInit
                0x0092eb34                msgQInit
                0x0092bcac                wdbDbgTrace
                0x00833b6c                frcTestAltivec
                0x0087e290                __sub64
                0x00860b20                ostream::operator<<(unsigned long)
                0x0085fb84                istream::operator>>(unsigned long &)
                0x0087c4ac                _savefpr_30_l
                0x008b53d8                netTask
                0x008d940c                fpTypeGet
                0x008081d0                sys557eepromRead
                0x00864540                _IO_outfloat
                0x0087e7e8                _savegprx_17_l
                0x008b9998                nfsDirReadOne
                0x0085acf0                basic_string<char, string_char_traits<char>, __default_alloc_template<true, 0> >::Rep::release(void)
                0x00800d0c                sysSerialHwInit
                0x0085dae4                bool operator<<char, string_char_traits<char>, __default_alloc_template<true, 0> >(char const *, basic_string<char, string_char_traits<char>, __default_alloc_template<true, 0> > const &)
                0x0087e758                _savefprx_31_l
                0x008da2b0                clock_gettime
                0x00848594                xmalloc
                0x008634dc                istream::ipfx1(void)
                0x00845e5c                usrNetProtoInit
                0x008eb378                taskHookShowInit
                0x0085e09c                ostream & operator<<<char, string_char_traits<char>, __default_alloc_template<true, 0> >(ostream &, basic_string<char, string_char_traits<char>, __default_alloc_template<true, 0> > const &)
                0x0087e814                _savegprx_28_l
                0x0087e854                _savevr25
                0x00898d6c                rt_maskedcopy
                0x008bcb78                routeCmd
                0x00931304                semCCoreInit
                0x00876a2c                altivecRegsToCtx
                0x0087e5d4                _savef31
                0x008a0e5c                _insque
                0x008d9ce0                classInstConnect
                0x0086c1b0                _IO_remove_marker
                0x0087c57c                _restgpr_21_l
                0x008ae52c                muxLinkHeaderCreate
                0x00937ef8                windSuspend
                0x00800924                sysL2BackSetWT
                0x00802c30                readreg
                0x0087c454                _restfpr_31_l
                0x0086da00                __throw_type_match
                0x008447dc                myfill
                0x00932544                semMLibInit
                0x008d4888                putw
                0x008487d4                cplusMatchMangled
                0x008637fc                istream::unget(char)
                0x008013b0                frcPrintVariant
                0x008d7738                strcpy
                0x0087e604                _restfprs_24_l
                0x008fbeb0                qPriListCreate
                0x008d7f1c                asctime
                0x008aeeac                muxDevStopAll
                0x008fab2c                dllInsert
                0x00808454                sys557mdioWrite
                0x009369d0                taskIdListSort
                0x0081e24c                mpscChanStopTxRx
                0x008835a0                __ashldi3
                0x008dbccc                fioFormatV
                0x008024fc                gtRegReadBlock
                0x00878e48                intVecBaseSet
                0x0087e028                __rem64
                0x0093f4bc                qJobTerminate
                0x0086b298                _IO_link_in
                0x008f884c                xattrib
                0x0093de7c                sigsetjmp
                0x00910940                expm1
                0x0081f3d8                vxSdmaIntConnect
                0x00888094                ifreset
                0x008bb450                rcmd
                0x0092e994                msgQCreate
                0x008bb444                remLibInit
                0x0081b910                mgiEndLoad
                0x008754c0                long long type_info function
                0x00883c38                __ffsdi2
                0x00886920                __cmpdf2
                0x0081b0c8                vxEthernetIntConnect
                0x0091b86c                authunix_create
                0x008e97bc                symTblDestroy
                0x008f7bd0                cp
                0x0092b79c                wdbCtxExitNotifyHook
                0x0092b3d8                wdbExcLibInit
                0x008af144                muxPollTask
                0x008d2694                fabs
                0x0086be70                _IO_sputbackc
                0x009346fc                taskDeleteForce
                0x0086bda4                _IO_default_finish
                0x008d99d8                cacheDrvFlush
                0x009365d8                taskShow
                0x0087b3bc                log
                0x008bbaa0                iam
                0x0088f40c                in_ifscrub
                0x0087eb04                __diab_alloc_mutex
                0x00816288                gtMemoryMapDevice2Space
                0x0082663c                mvRTCRead
                0x0087c6a8                _utof
                0x00800c44                sysTimestampFreq
                0x00858d3c                __default_alloc_template<true, 0>::_S_freelist_index(unsigned int)
                0x008448d0                usrPci2PciDmaStart
                0x008f8e00                bcmp
                0x0087b720                sqrt
                0x00926368                wdbRunsExternal
                0x0081e428                vxMpscIntConnect
                0x0093deac                setjmp
                0x0087e66c                _savefprs_21_l
                0x008d1808                cosh
                0x009327ac                semMCoreInit
                0x008d0d7c                tcp_attach
                0x008658f0                ios::clear(int)
                0x008a4f44                bsdSetsockopt
                0x008f10fc                moduleSegAdd
                0x008f5504                lkAddr
                0x008d2eb0                __sflags
                0x0093dedc                _sigCtxSave
                0x008d57a8                tmpfile
                0x00867118                _IO_file_finish
                0x00886990                __eqdf2
                0x008c1aa0                igmpstatShow
                0x0087c4d0                _restgpr_18
                0x009222a0                xdrrec_create
                0x008632c0                istream::read(unsigned char *, int)
                0x008fc64c                rngNBytes
                0x008654f4                streambuf::sseekoff(long, ios::seek_dir, int)
                0x0091ee60                xprt_register
                0x0082b354                frcBibDetach
                0x0088366c                __divdi3
                0x00815b58                gtPci0EnableBrokenAgentDetection
                0x00873740                __class_type_info::dcast(type_info const &, int, void *, type_info const *, void *) const
                0x0093bc6c                tsfsUploadPathLibInit
                0x00939d94                msgQEvLibInit
                0x00804a70                pciBusProbe
                0x00833bdc                frcTestPciScan
                0x008e0d48                ioctl
                0x008e7c2c                pause
                0x008e0f50                writev
                0x008cd4fc                tcp_pulloutofband
                0x00800b48                sysClkRateGet
                0x00883558                __gcc_intrinsicsInit
                0x008fc9d4                rBuffCreate
                0x0087f788                endEtherPacketDataGet
                0x0085c11c                basic_string<char, string_char_traits<char>, __default_alloc_template<true, 0> >::erase(unsigned int, unsigned int)
                0x0087c5b8                _restgpr_28_l
                0x0091bed8                clnt_genericInclude
                0x0082e348                ramTest32bit
                0x00927898                wdbCksum
                0x008305a4                fst
                0x008fba04                qPriBMapDelete
                0x00800670                sysOutByte
                0x00830a18                prtMVReg
                0x008d7be8                strtok_r
                0x0087e40c                __uge64
                0x00936efc                tickAnnounce
                0x008fb124                qFifoDelete
                0x008a688c                ftpLogin
                0x00884174                __floatdidf
                0x0082799c                frcMACWrite
                0x00887e88                _savev23
                0x00887eb8                _savev29
                0x00802030                sysProcNumSet
                0x008fafd8                lstFind
                0x00891864                ip_drain
                0x008e4dec                objFree
                0x0085d8b4                bool operator==<char, string_char_traits<char>, __default_alloc_template<true, 0> >(basic_string<char, string_char_traits<char>, __default_alloc_template<true, 0> > const &, basic_string<char, string_char_traits<char>, __default_alloc_template<true, 0> > const &)
                0x0089f8f0                soqremque
                0x00865620                streambuf::sys_write(char const *, int)
                0x0092620c                wdbExternRegsGet
                0x0085840c                __default_alloc_template<true, 0>::_S_chunk_alloc(unsigned int, int &)
                0x008f0d2c                moduleTerminate
                0x00865964                ios::operator void *(void) const
                0x00863928                istream::operator>>(istream &(*)(istream &))
                0x00833014                frcTestBootFlash
                0x008fd2e8                rBuffReadCommit
                0x00878818                fppTaskRegsSet
                0x0087e6bc                _restfprx_21_l
                0x008db540                printf
                0x0087e890                _restvr20
                0x008fcd5c                rBuffVerify
                0x008dbc78                vsprintf
                0x008a152c                random
                0x0085a68c                basic_string<char, string_char_traits<char>, __default_alloc_template<true, 0> >::find_first_not_of(char const *, unsigned int, unsigned int) const
                0x00859190                global destructors keyed to __default_alloc_template<true, 0>::_S_end_free
                0x00816058                gtMemoryMapBank2
                0x0082efa4                test_checkerboard_comparison
                0x0087c4f0                _restgpr_26
                0x0087e564                _restf22
                0x0087e57c                _restf28
                0x0091db88                pmap_getmapsInclude
                0x0081da04                vxCunitIntClear
                0x008974ec                rtfree
                0x0085a5e0                basic_string<char, string_char_traits<char>, __default_alloc_template<true, 0> >::find_last_of(char const *, unsigned int, unsigned int) const
                0x0087e8f4                __va_arg
                0x008da878                utime
                0x0087c544                _savegpr_27
                0x0087c410                _restfpr_21_l
                0x008aeddc                muxAddrResFuncDel
                0x00847c64                __pure_virtual
                0x00920e3c                svcudp_enablecache
                0x008a54c4                etherMultiAdd
                0x0085f170                istream::seekg(long)
                0x0086bcb8                _IO_default_doallocate
                0x0087e674                _savefprs_23_l
                0x008e0448                hashTblEach
                0x0092b028                wdbTaskBpLibInit
                0x008626b0                ostream::~ostream(void)
                0x0087e6c0                _restfprx_22_l
                0x0085c374                basic_string<char, string_char_traits<char>, __default_alloc_template<true, 0> >::replace(unsigned int, unsigned int, char const *)
                0x0087e634                _restfprs_29_l
                0x0092e344                eventRsrcSend
                0x0093c228                evtLogM2
                0x008ebf40                tyDevRemove
                0x0087c4e8                _restgpr_24
                0x00863ab0                _IO_istream_withassign::operator=(_IO_istream_withassign &)
                0x0087e5a8                _savef20
                0x008db294                excInit
                0x0087c4a0                _savefpr_27_l
                0x0085a338                basic_string<char, string_char_traits<char>, __default_alloc_template<true, 0> >::find(char const *, unsigned int, unsigned int) const
                0x0088addc                arpintr
                0x008d5078                __sseek
                0x00928478                wdbFuncCallLibInit
                0x008164c8                gtMemorySetProtectRegion
                0x0092e8b8                kernelVersion
                0x00925f80                wdbTask
                0x0088fda0                in_delmulti
                0x008f2878                shellLogin
                0x008af2e4                muxTaskPrioritySet
                0x00926a50                wdbRpcReplyErr
                0x0086193c                ends(ostream &)
                0x008b64fc                netPoolShow
                0x0080c434                ShowCfdRing
                0x00911034                b
                0x008d96d4                cacheInvalidate
                0x008fa76c                bootScanNum
                0x0080065c                sysInByte
                0x00833f98                isPMC280TwoOnBoardEth
                0x008e652c                rebootHookAdd
                0x0086fc64                exception::what(void) const
                0x0093a5fc                wvEvtClassClearAll
                0x0086bd9c                _IO_default_sync
                0x008c5abc                in_pcballoc
                0x008be110                recv
                0x008acce4                ipLibMultiInit
                0x008b9b28                nfsFileAttrGet
                0x0087e72c                _savefprx_20_l
                0x008bdc78                connect
                0x008aaa9c                icmpLibInit
                0x00870bf8                __register_frame
                0x008ac31c                ifRouteEnable
                0x0092b970                wdbFppGet
                0x008170bc                frcGppIntCtrlInit
                0x00887f24                _restv30
                0x008fc040                qPriListRemove
                0x00833f90                isPMC280BootFlashPresent
                0x008677a0                _IO_file_sync
                0x008d1fe8                logb
                0x0081400c                gtPci0GetMemory2Size
                0x008f3ad8                reld
                0x008a4788                bsdRecvfrom
                0x008db618                printErr
                0x00865d70                streambuf::allocate(void)
                0x00823a8c                mvI2cGenerateStartBit
                0x008d589c                ungetc
                0x00926750                wdbSuspendSystemHere
                0x0081f234                sdmaChanReceive
                0x008b0660                muxTkSend
                0x008b6688                netStackDataPoolShow
                0x0087470c                type_info::before(type_info const &) const
                0x0091f29c                svcerr_auth
                0x0085c0a0                basic_string<char, string_char_traits<char>, __default_alloc_template<true, 0> >::insert(char *, unsigned int, char)
                0x008db354                excHookAdd
                0x00887e70                _savev20
                0x0082c3c8                frcBibDataWrite
                0x009297c0                wdbSysBpLibInit
                0x00930a98                semBCoreInit
                0x00862d1c                ostream::operator<<(signed char const *)
                0x00827428                parse8
                0x00938b84                windUndelay
                0x00875108                __rtti_ptmd
                0x00895b6c                rn_delete
                0x00834128                detectUserFlash
                0x00865a88                streambuf::pptr(void) const
                0x00830fa4                frcTestSerialInfo
                0x0087e550                _restf17
                0x00815c3c                gtPci0GetBusMode
                0x00928324                wdbEventDeq
                0x00834a10                mpsc_regs_dump
                0x009304b8                reschedule
                0x008ac1f0                ifIndexToIfName
                0x0085b968                basic_string<char, string_char_traits<char>, __default_alloc_template<true, 0> >::Rep::set(unsigned int, char, unsigned int)
                0x008e74b4                sigemptyset
                0x00807ebc                sys557PciInit
                0x0082568c                mvI2cMasterEEPROMwrite
                0x0087a07c                mathHardInit
                0x00865678                streammarker::~streammarker(void)
                0x00867c88                _IO_file_write
                0x0087eb7c                __common_long_jmp
                0x00816170                gtMemoryMapDevice0Space
                0x0086fd3c                bad_exception type_info function
                0x0088dbc0                copyFromMbufs
                0x008ce7dc                tcpRandHookAdd
                0x008743f8                __class_type_info::~__class_type_info(void)
                0x008db210                errnoSet
                0x0092fb64                msgQShowInit
                0x0085b9a0                basic_string<char, string_char_traits<char>, __default_alloc_template<true, 0> >::assign(unsigned int, char)
                0x0087e324                __gt64
                0x00887620                __divsf3
                0x008ac9ac                inet_netof_string
                0x008bd4c0                routeMetricSet
                0x0089494c                rn_search
                0x00826370                frcEEPROMWrite16
                0x0082ff1c                memTest_Basic
                0x008d77ec                strerror
                0x0087e690                _savefprs_30_l
                0x00932ee8                semMGiveKern
                0x0086374c                istream::putback(char)
                0x0092b980                wdbFppSet
                0x008a5350                bsdGetpeername
                0x009266d0                wdbNotifyHost
                0x00933e58                taskSpawn
                0x00816d74                gtDmaUpdateArbiter
                0x0082ed60                test_or_comparison
                0x0086d878                global destructors keyed to _IO_stdin_
                0x008b76f0                nfsDevShow
                0x008f2810                shellPromptSet
                0x008591bc                basic_string<char, string_char_traits<char>, __default_alloc_template<true, 0> >::Rep::clone(void)
                0x0087c3f8                _restfpr_15_l
                0x008036a4                pciConfigBdfPack
                0x008ea748                symTypeGet
                0x0085b64c                basic_string<char, string_char_traits<char>, __default_alloc_template<true, 0> >::check_realloc(unsigned int) const
                0x008fc190                qPriListInfo
                0x008c73dc                in_pcbinshash
                0x008ab6f4                ifMaskGet
                0x008fbb90                qPriBMapResort
                0x0083268c                frcTestIntLatHard
                0x008547e8                domain_error::~domain_error(void)
                0x00911c14                so
                0x008eac4c                taskSwitchHookAdd
                0x008fae88                lstInsert
                0x008f6520                ramDrv
                0x0085bdf0                basic_string<char, string_char_traits<char>, __default_alloc_template<true, 0> >::operator+=(char const *)
                0x008c524c                igmp_fasttimo
                0x0087c4c4                _restgpr_15
                0x008305c8                frcSysTest
                0x0087c494                _savefpr_24_l
                0x00800e84                sysSerialChanGet
                0x008a6340                ftpReplyGet
                0x0092b310                wdbDirectCallLibInit
                0x00924aac                wdbNptInt
                0x0082f1b0                test_walkbits_comparison
                0x008f2354                shellHistory
                0x008d9654                cacheUnlock
                0x0085d9e4                bool operator!=<char, string_char_traits<char>, __default_alloc_template<true, 0> >(char const *, basic_string<char, string_char_traits<char>, __default_alloc_template<true, 0> > const &)
                0x0085da4c                bool operator!=<char, string_char_traits<char>, __default_alloc_template<true, 0> >(basic_string<char, string_char_traits<char>, __default_alloc_template<true, 0> > const &, char const *)
                0x008f62b8                spyReport
                0x008fc340                rngBufGet
                0x00826148                frcEEPROMWrite8
                0x00816498                gtMemoryGetInternalSramBaseAddr
                0x008007f8                sysL2BackEnable
                0x008782f0                excShowInit
                0x0087ebf4                tkRcvRtnCall
                0x009135d8                dbgTaskBpTrace
                0x008ce728                tcp_setpersist
                0x008f69a4                dosFsConfigShow
                0x00821ab8                frcBootFlashFileChipErase
                0x008d7440                memmove
                0x0085cdac                basic_string<char, string_char_traits<char>, __default_alloc_template<true, 0> > operator+<char, string_char_traits<char>, __default_alloc_template<true, 0> >(basic_string<char, string_char_traits<char>, __default_alloc_template<true, 0> > const &, basic_string<char, string_char_traits<char>, __default_alloc_template<true, 0> > const &)
                0x008c18bc                xdr_mountbody
                0x0082648c                frcEEPROMRead8
                0x008bc2d4                rlogOutTask
                0x0092d098                xdr_WDB_TGT_INFO
                0x00814af4                gtPci0MapMemoryBank3
                0x008d510c                stdioInit
                0x0087e578                _restf27
                0x008e5010                pathCondense
                0x0085dab8                bool operator<<char, string_char_traits<char>, __default_alloc_template<true, 0> >(basic_string<char, string_char_traits<char>, __default_alloc_template<true, 0> > const &, basic_string<char, string_char_traits<char>, __default_alloc_template<true, 0> > const &)
                0x008e9b78                symTblAdd
                0x008924d4                ip_output
                0x0085c888                basic_string<char, string_char_traits<char>, __default_alloc_template<true, 0> >::find_first_of(char, unsigned int) const
                0x008153dc                gtPci0MapP2pMem0Space
                0x008a37d8                bsdSockLibInit
                0x0093f474                qJobDelete
                0x0086394c                iostream type_info function
                0x008d550c                stdioShowInit
                0x00926388                wdbRunsTasking
                0x00935dcc                taskUnsafe
                0x00832140                frcTestLatInitialization
                0x0087e83c                _savevr22
                0x00816f98                gtDmaSetEngineAccessProtect
                0x008bd844                rpcClntErrnoSet
                0x008199b8                ethPortMcAddr
                0x008ac8a0                inet_makeaddr_b
                0x00866e84                filebuf::sys_close(void)
                0x00865d08                streambuf::unbuffered(void)
                0x00865938                ios::eof(void) const
                0x0086baac                _IO_default_xsgetn
                0x0086fca8                exception type_info function
                0x008e0110                hashTblDelete
                0x00865a5c                streambuf::_vtable(void)
                0x008277d4                ctohex1
                0x0093b028                wvLogHeaderCreate
                0x0087e8b8                _restvr25
                0x00858080                __malloc_alloc_template<0>::_S_oom_malloc(unsigned int)
                0x008ae0dc                muxMCastAddrAdd
                0x00821dd8                frcFlashReadRst
                0x008458c8                usrBootLineInit
                0x00842ce0                frcAlignedMalloc
                0x0087c254                mmuPpcSdr1Set
                0x00887cdc                __fixsfsi
                0x00923698                pmap_set
                0x008b888c                nfsDirUnmount
                0x008e4634                memPartShow
                0x0087c488                _savefpr_21_l
                0x00848378                cplusCallCtors
                0x00824d38                mvI2cMasterEEPROMread
                0x009325b8                semMCreate
                0x008a581c                ftpCommand
                0x00862bc0                ostream::put(unsigned char)
                0x0087e7c8                _restgprx_31_l
                0x008164b0                gtMemorySetInternalSramBaseAddr
                0x00865928                ios::good(void) const
                0x0093e9f0                wdbDbgArchInit
                0x0085e358                cplusTerminate(void)
                0x00801294                frcGetBank1MemSize
                0x0086ed44                __cp_push_exception
                0x0087c60c                _savegpr_26_l
                0x008e2034                iosOpen
                0x00860ce0                ostream::operator<<(unsigned long long)
                0x0081462c                gtPci0MapInternalRegIOSpace
                0x0085c63c                basic_string<char, string_char_traits<char>, __default_alloc_template<true, 0> >::c_str(void) const
                0x008288d4                ismin
                0x0085c478                basic_string<char, string_char_traits<char>, __default_alloc_template<true, 0> >::replace(char *, char *, char const *)
                0x0088c48c                ether_sprintf
                0x0092617c                wdbExternRegsSet
                0x008f0e68                moduleIdFigure
                0x0082f914                release_mem
                0x00887e78                _savev21
                0x0087c638                _itof
                0x0092fa80                msgQNumMsgs
                0x0087c44c                _restfpr_29_l
                0x008b5464                netJobAdd
                0x00821324                bootFlashErase
                0x00875200                __rtti_array
                0x0093127c                semCInit
                0x0087e774                _restgprx_18_l
                0x0086585c                ios::flags(void) const
                0x008f2938                shellLogout
                0x0085fd9c                istream::operator>>(long double &)
                0x0088df0c                set_if_addr
                0x00921fe0                xdrmem_create
                0x00886a90                __gtdf2
                0x0090cbb8                dosFsDevCreate
                0x0092d0f8                xdr_WDB_PARAM_WRAPPER
                0x00878f74                intLockLevelSet
                0x0087c4ec                _restgpr_25
                0x00817058                gtSramMallocAligned
                0x008d5fbc                atol
                0x00807164                sysMachChkExcpInit
                0x008db198                __errno
                0x0085a800                basic_string<char, string_char_traits<char>, __default_alloc_template<true, 0> >::find_last_not_of(char, unsigned int) const
                0x00873e7c                __user_type_info::~__user_type_info(void)
                0x00931bdc                semFlush
                0x00825aa0                mvI2cMasterEEPROMreadWord
                0x00926d20                wdbSvcAdd
                0x00878f94                intRegsUnlock
                0x008f0000                loadModule
                0x008c133c                xdr_linkargs
                0x0091e9a8                xdr_des_block
                0x008616b8                ostream::tellp(void)
                0x008f0168                addSegNames
                0x00878d84                intUnlock
                0x00934104                taskInit
                0x00800820                sysL2BackDisable
                0x008ae954                endFindByName
                0x0087e7e4                _savegprx_16_l
                0x0081f198                sdmaTxReturnDesc
                0x0087e688                _savefprs_28_l
                0x0092b948                wdbFppRestore
                0x0091e950                xdr_opaque_auth
                0x008e1fe0                iosDelete
                0x008f9ca8                bootBpAnchorExtract
                0x0086ba80                _IO_sgetn
                0x00844cbc                usrMmuInit
                0x0087d5fc                __DIAB_wr_pk_db
                0x008ea108                symFindByName
                0x00878ef4                intEnable
                0x008f12a0                moduleSegFirst
                0x0087c510                _savegpr_14
                0x008fadb8                lstExtract
                0x00923360                clnt_spcreateerror
                0x0081985c                ethPortUcAddrSet
                0x0091a4b0                cbioLock
                0x008763fc                signed char type_info function
                0x0087e80c                _savegprx_26_l
                0x008ba494                nfsAuthUnixShow
                0x008a7b50                ftpdDelete
                0x00813d3c                gtPci0MapMemory2space
                0x00871174                bad_alloc type_info function
                0x008006dc                __READ_FLASH64
                0x008659f0                ios::Init::Init(void)
                0x0093c3a8                evtLogOInt
                0x008481c8                RBString_T::prepend(char)
                0x00879cf8                vxHid0Set
                0x0086587c                ios::precision(int)
                0x00898a9c                rt_fixdelete
                0x008fc064                qPriListResort
                0x0093a5c8                wvEvtClassSet
                0x008ea7a8                symShow
                0x008c1824                xdr_dirpath
                0x00832fe4                frcTestVPD
                0x0087e874                _savevr29
                0x0092332c                clnt_perrno
                0x008daf30                getenv
                0x00867c1c                _IO_file_seek
                0x008c3a14                netClFree
                0x00856c20                range_error type_info function
                0x0093ea4c                wdbDbgTraceModeSet
                0x0093317c                semMPendQPut
                0x008d1764                ceil
                0x008a4224                bsdSend
                0x00847138                wdbMbufFree
                0x00931d94                semDestroy
                0x00813cc4                gtPci0MapMemory1space
                0x008fc0f8                qPriListAdvance
                0x008dfd84                fppShowInit
                0x0087eb2c                __diab_lock_mutex
                0x008ba700                nfsIdSet
                0x00803308                pciFindClass
                0x008dd510                fioRead
                0x00861988                endl(ostream &)
                0x008044b8                pciConfigModifyByte
                0x0082c9b4                frcBibDataWriteBin
                0x008156d4                gtPci0MapP2pIoSpace
                0x00828c10                frcBibShow
                0x008602b0                ostream::operator<<(char)
                0x008f3e94                netHelp
                0x00865ed4                streambuf::sgetc(void)
                0x008db518                fioLibInit
                0x00860a38                ostream::operator<<(long)
                0x00822668                frcFlashErase
                0x008f1c18                moduleCheck
                0x0087c560                _restgpr_14_l
                0x008e6004                ptyDevRemove
                0x0092e730                kernelInit
                0x0087e5f0                _restfprs_19_l
                0x0085b8dc                basic_string<char, string_char_traits<char>, __default_alloc_template<true, 0> >::basic_string(char const *)
                0x00900c2c                dosChkEntryMark
                0x00858d4c                __malloc_alloc_template<0>::allocate(unsigned int)
                0x008046dc                pciAutoConfig
                0x0087c504                _restgpr_31
                0x00886e90                __make_dp
                0x008d4bb8                __srget
                0x0085a754                basic_string<char, string_char_traits<char>, __default_alloc_template<true, 0> >::find_last_not_of(char const *, unsigned int, unsigned int) const
                0x008f0a84                moduleInit
                0x0080058c                sysGetCpuVer
                0x008d1a68                floor
                0x008d9574                cacheLibInit
                0x008c6c88                in_pcbnotify
                0x008ad430                muxShow
                0x0087e78c                _restgprx_24_l
                0x008c3a58                netMblkClFree
                0x0093924c                windPendQFlush
                0x008c3b24                netClBlkGet
                0x0087e794                _restgprx_26_l
                0x008918e0                ip_dooptions
                0x008e382c                memPartInit
                0x009132cc                dbgTaskBpBreakpoint
                0x008e1e5c                iosFdNew
                0x008d4ddc                setlinebuf
                0x0087c470                _savefpr_15_l
                0x0093a96c                wvSigInst
                0x00910580                dosVDirLibInit
                0x008a0914                sbdrop
                0x008a5474                bsdShutdown
                0x008547bc                logic_error::what(void) const
                0x008d6118                labs
                0x00845dfc                usrSlipInit
                0x008fa938                bufAlloc
                0x008d42fc                gets
                0x00831500                frcTestSerial
                0x008656e8                streammarker::delta(void)
                0x00894c1c                rn_match
                0x0092d324                xdr_WDB_STRING_T
                0x0087e768                _restgprx_15_l
                0x00801f30                sysOutWord
                0x00887eec                _restv23
                0x00862c78                ostream::write(signed char const *, int)
                0x0087c970                __dtoll
                0x0089e11c                soreceive
                0x00887de8                __make_fp
                0x0086c130                _IO_init_marker
                0x0093b648                wvTaskNamesBufAdd
                0x008f11f8                moduleSegGet
                0x00894f68                rn_insert
                0x008add74                muxPollReceive
                0x0093a2b0                fileUploadPathLibInit
                0x008572dc                overflow_error::overflow_error(basic_string<char, string_char_traits<char>, __default_alloc_template<true, 0> > const &)
                0x008667e0                filebuf::filebuf(int, char *, int)
                0x008fb180                qFifoGet
                0x0087e614                _restfprs_28_l
                0x008d9714                cacheClear
                0x00813e74                gtPci0GetIOspaceSize
                0x008d5fe4                bsearch
                0x00888268                if_attach
                0x0093cb98                cplusLoadFixup
                0x008fb7b4                qCalibrate
                0x008c3f04                netMblkChainDup
                0x008f0ef8                moduleShow
                0x00849194                cplus_mangle_opname
                0x00865ef4                streambuf::snextc(void)
                0x008ae1e4                muxUnbind
                0x008ba564                nfsAuthUnixSet
                0x008f4af4                version
                0x0087d418                sfpFloatNormalize
                0x00844bc4                loadSymTbl
                0x008ab530                ifAddrDelete
                0x008e5ea0                ptyDevCreate
                0x00928258                wdbEventNodeInit
                0x00816314                gtMemoryMapDevice3Space
                0x008dfd98                fppTaskRegsShow
                0x00813dd4                gtPci0MapMemory3space
                0x008873a0                __subsf3
                0x008ec160                tyAbortFuncSet
                0x0085afa0                basic_string<char, string_char_traits<char>, __default_alloc_template<true, 0> >::data(void) const
                0x008fd7e0                rBuffDestroy
                0x0085aa78                string_char_traits<char>::is_del(char)
                0x00877e4c                excVecBaseGet
                0x00817d80                gtCntmrDisable
                0x008b8b80                nfsLookUpByName
                0x008657d4                ios type_info function
                0x008e2274                iosWrite
                0x008af2c0                muxTaskDelayGet
                0x0087e77c                _restgprx_20_l
                0x0093bdcc                evtObjLogFuncBind
                0x00879c8c                vxDsisrSet
                0x008c8a0c                icmp_ctloutput
                0x008e4524                memAddToPool
                0x0091a504                cbioUnlock
                0x008e1d7c                iosFdSet
                0x00800690                GET_THRM1
                0x00847ccc                RBString_T::RBString_T(void)
                0x00874e00                __rtti_attr
                0x00933be4                taskNameToId
                0x00861794                ws(istream &)
                0x008158f4                gtPci0SetRegionFeatures
                0x008e9aa0                symAdd
                0x0092dab0                eventReceive
                0x0085a1fc                basic_string<char, string_char_traits<char>, __default_alloc_template<true, 0> >::resize(unsigned int, char)
                0x008fb74c                qGetExpired
                0x008fb814                qEach
                0x0092cca0                xdr_WDB_MEM_XFER
                0x00800b54                sysClkRateSet
                0x008d636c                qsort
                0x008e1b60                iosNextDevGet
                0x008cf034                tcp_close
                0x0087ed08                endFlagsClr
                0x008e4260                memPartBlockIsValid
                0x009332fc                semInfo
                0x00805f30                frcPciConfigReadVPD
                0x008f3a00                unldByGroup
                0x00845930                usrBootLineCrack
                0x008d3678                fscanf
                0x008c1b9c                icmpstatShow
                0x00817fc4                gtCntmrIsTerminate
                0x008d2ca0                fgets
                0x0086c03c                _IO_flush_all_linebuffered
                0x008d82c8                __daysSinceEpoch
                0x0081eb64                sdmaChanStart
                0x0089b7f0                pfctlinput
                0x00848350                cplusDtorsLink
                0x009117fc                bdall
                0x00865af8                streambuf::xput_char(char)
                0x00866308                filebuf::filebuf(void)
                0x008148b4                gtPci0MapMemoryBank1DAC
                0x008faed8                lstNext
                0x0087c264                mmuPpcSdr1Get
                0x0087e650                _savefprs_14_l
                0x00878dd8                intVecSet
                0x0093986c                workQAdd0
                0x0093f240                wdbDbgDabrGet
                0x008d80e0                __getTime
                0x00862cd8                ostream::operator<<(signed char)
                0x00865180                streambuf::doallocbuf(void)
                0x008dac04                envPrivateCreate
                0x008759d4                char type_info function
                0x0093c058                evtLogT1
                0x0085dd48                bool operator<=<char, string_char_traits<char>, __default_alloc_template<true, 0> >(basic_string<char, string_char_traits<char>, __default_alloc_template<true, 0> > const &, char const *)
                0x0087c428                _restfpr_27_l
                0x008c7058                in_rtchange
                0x00865618                streambuf::sys_read(char *, int)
                0x00813efc                gtPci0GetMemory0Size
                0x008fae3c                lstFirst
                0x0093a380                fileUploadPathClose
                0x008ea2c4                symByValueAndTypeFind
                0x0088e5a8                in_control
                0x0086b904                _IO_default_underflow
                0x0092ce70                xdr_WDB_RT_INFO
                0x0085b878                basic_string<char, string_char_traits<char>, __default_alloc_template<true, 0> >::assign(char const *)
                0x008740f0                __si_type_info::~__si_type_info(void)
                0x0080889c                sysPci16Swap
                0x00848514                cplusDemanglerInit
                0x00821ab4                correctaddr
                0x00827408                frcRTCWrite
                0x0085dce4                bool operator<=<char, string_char_traits<char>, __default_alloc_template<true, 0> >(char const *, basic_string<char, string_char_traits<char>, __default_alloc_template<true, 0> > const &)
                0x00865e14                streambuf::sputn(char const *, int)
                0x00866e64                filebuf::sys_stat(void *)
                0x00807c88                userRsrvMemMallocAligned
                0x00816790                gtMemorySetDeviceParam
                0x0087c08c                excExit
                0x008d415c                getc
                0x0090d36c                dosFsHdlrInstall
                0x00833698                frcTestMACAddr
                0x008bd388                rtrequestDelEqui
                0x008fb8a8                qPriBMapCreate
                0x00800854                sysL2BackHWFlush
                0x0093631c                taskTcb
                0x008e35e4                memFindMax
                0x008f425c                repeat
                0x0085deb4                istream & operator>><char, string_char_traits<char>, __default_alloc_template<true, 0> >(istream &, basic_string<char, string_char_traits<char>, __default_alloc_template<true, 0> > &)
                0x0093ce24                _dbgRetAdrsGet
                0x00853aa4                logic_error::~logic_error(void)
                0x0086ebc4                unexpected(void)
                0x0087e4a8                __ule64
                0x008f1f20                shell
                0x00816540                gtMemoryDisableWindow
                0x00937044                tick64Set
                0x008bd910                sockLibAdd
                0x0087e8d0                _restvr28
                0x0081f7a8                vxSdmaIntClear
                0x0087e8e8                _restvr31
                0x008f2bbc                timexHelp
                0x008fc5f8                rngIsFull
                0x008d73f8                memcpy
                0x008f0054                loadModuleAtSym
                0x008c3ce4                netClBlkJoin
                0x0085b5c4                basic_string<char, string_char_traits<char>, __default_alloc_template<true, 0> >::basic_string(basic_string<char, string_char_traits<char>, __default_alloc_template<true, 0> > const &)
                0x0086b964                _IO_default_xsputn
                0x008c979c                rip_usrreq
                0x008fb24c                qFifoEach
                0x00889284                if_slowtimoRestart
                0x0087bef8                cacheArchTextUpdate
                0x00847d80                RBString_T::RBString_T(char const *)
                0x0092a960                udpCommIfInit
                0x0086d84c                global constructors keyed to _IO_stdin_
                0x0088f9bc                in_broadcast
                0x008184e0                vxCntmrIntDisable
                0x008338cc                getPLLCoreMultiplier
                0x00830778                frcTestTbReset
                0x0087c234                mmuPpcSrSet
                0x0087c3fc                _restfpr_16_l
                0x00865c4c                streambuf::Bbase(void)
                0x0087e560                _restf21
                0x008b66d8                mbufShow
                0x0091dc94                pmap_getport
                0x00887ee4                _restv22
                0x008b1450                netDevCreate
                0x00834224                DCD_regs_dump
                0x008d4e4c                setvbuf
                0x0085afb4                basic_string<char, string_char_traits<char>, __default_alloc_template<true, 0> >::size(void) const
                0x0085f3b8                istream::operator>>(char *)
                0x008087f8                addCacheControlBits
                0x0087e594                _savef15
                0x0087e5a0                _savef18
                0x008f1dec                shellRestart
                0x008f1c54                moduleNameGet
                0x0093b014                wvUploadTaskConfig
                0x008e65c0                selectInit
                0x008ba9f4                ping
                0x0085ae2c                basic_string<char, string_char_traits<char>, __default_alloc_template<true, 0> >::Rep::data(void)
                0x00876a74                altivecInit
                0x00857ea8                abs(double)
                0x00879d74                vxTimeBaseGet
                0x0081fca0                serialChanStart
                0x008659bc                ios::sync_with_stdio(void)
                0x0086ebe0                __cp_exception_info
                0x0087ead0                __diab_atomic_restore
                0x00935c8c                taskSafe
                0x0086bba8                _IO_default_setbuf
                0x00926158                wdbExternRegSetObjAdd
                0x0086beec                _IO_sungetc
                0x0087e764                _restgprx_14_l
                0x008e5604                pathSplit
                0x00886c90                __floatsidf
                0x00861b30                unlock(ostream &)
                0x00889228                if_qflush
                0x0085c2f8                basic_string<char, string_char_traits<char>, __default_alloc_template<true, 0> >::erase(char *, char *)
                0x0089f9b0                socantrcvmore
                0x008e13c8                ioGlobalStdGet
                0x0087c41c                _restfpr_24_l
                0x008bbd2c                rlogind
                0x00866134                ios::ios(streambuf *, ostream *)
                0x0091f0d8                svc_sendreply
                0x008d45dc                perror
                0x00843bb0                frcDmaTestStart1
                0x0093a014                semEvLibInit
                0x00800c98                sysTimestampLock
                0x00808808                gtPciGetByte
                0x008e4ea8                pathParse
                0x00886b90                __ltdf2
                0x00878f34                intDisable
                0x00876fa4                swab
                0x00830920                getOption
                0x0093e030                vxTaskEntry
                0x00912894                dbgPrintCall
                0x008c0e18                xdr_sattrargs
                0x00862c0c                ostream::put(signed char)
                0x0087e7e0                _savegprx_15_l
                0x008e06a0                creat
                0x00877c38                excVecSet
                0x008e51a0                pathBuild
                0x0085c550                basic_string<char, string_char_traits<char>, __default_alloc_template<true, 0> >::at(unsigned int)
                0x008221e4                operation_fail
                0x00879d40                vxFpscrGet
                0x00865ffc                filebuf::is_open(void) const
                0x00908650                dosFsFmtLibInit
                0x0082c2f8                bibReadIntf
                0x008ec178                tyBackspaceSet
                0x00887f0c                _restv27
                0x008f8e74                bswap
                0x0093e178                taskMsrSet
                0x008c0d70                xdr_nfspath
                0x008e0540                hashFuncIterScale
                0x0080042c                _initialize_dbg_uart
                0x008d48dc                puts
                0x00802c70                sysHardReset
                0x0087c514                _savegpr_15
                0x008da430                clock_settime
                0x008f6e80                copy
                0x008e0634                intRestrict
                0x00808850                gtPciSetWord
                0x008b6700                netShowInit
                0x008f49cc                ts
                0x008016a8                frcPrintBoardInfo
                0x0086b474                __overflow
                0x008db1a4                errnoGet
                0x008acb98                inet_ntoa_b
                0x008e32bc                memPartFindMax
                0x0092ba68                wdbDbgBpGet
                0x0093e158                taskArgsGet
                0x0080156c                frcMv64360SiliconVersion
                0x0089d3b8                soaccept
                0x008ea29c                symByValueFind
                0x00800000                _sysInit
                0x008d122c                islower
                0x008fac0c                dllCount
                0x00815610                gtPci0MapP2pMem1SpaceDAC
                0x008f69e0                dosFsVolOptionsSet
                0x00865944                ios::fail(void) const
                0x0087f59c                endEtherAddressForm
                0x0086d960                __dummy
                0x008e3500                memOptionsSet
                0x008d9820                cacheDmaFree
                0x00918c0c                yyparse
                0x008f7ba0                llr
                0x008fab24                dllTerminate
                0x0086eb9c                set_terminate(void (*)(void))
                0x008fb65c                qPut
                0x008d12a4                tolower
                0x0087c5f0                _savegpr_19_l
                0x00820ef4                bootFlashProgram1byte
                0x0085aa58                string_char_traits<char>::lt(char const &, char const &)
                0x008658ec                ios::_throw_failure(void) const
                0x008638e0                istream::operator>>(ios &(*)(ios &))
                0x00832494                frcTestIntLatSoft
                0x008c91c8                rip_output
                0x00842a3c                mem_perf
                0x00863420                istream::ipfx0(void)
                0x0086602c                filebuf::is_reading(void)
                0x008da6ec                rewinddir
                0x009277e8                wdbMemTest
                0x008446ac                usrDmaInit
                0x0087874c                fppArchInit
                0x008fc474                rngBufPut
                0x008d737c                system
                0x008739b0                type_info::operator!=(type_info const &) const
                0x008d2948                feof
                0x0092ed4c                msgQDelete
                0x00938118                windPrioritySet
                0x008cfd50                tcp_canceltimers
                0x00896b0c                route_init
                0x00888f10                link_rtrequest
                0x008c1b98                icmpShowInit
                0x00867c64                _IO_file_close
                0x00876878                altivecArchTaskCreateInit
                0x008fdb0c                wvRBuffMgrPrioritySet
                0x008332f8                atox
                0x008ab55c                ifAddrGet
                0x0085c984                basic_string<char, string_char_traits<char>, __default_alloc_template<true, 0> >::find_first_not_of(char const *, unsigned int) const
                0x008655ac                streambuf::flush_all(void)
                0x00815558                gtPci0MapP2pMem1Space
                0x0085bdb8                basic_string<char, string_char_traits<char>, __default_alloc_template<true, 0> >::operator+=(basic_string<char, string_char_traits<char>, __default_alloc_template<true, 0> > const &)
                0x008a73e4                ftpTransientConfigGet
                0x0093c2dc                evtLogM3
                0x00825198                mvI2cMasterEEPROMBurstread
                0x00860db4                ostream::operator<<(double)
                0x00800c50                sysTimestamp
                0x00826f94                frcEEPROMTestRead
                0x00830c68                testmem_perf
                0x008e4a88                memPartInfoGet
                0x0087e684                _savefprs_27_l
                0x0091fb50                svcraw_create
                0x008e4554                malloc
                0x008711cc                bad_alloc::what(void) const
                0x0093ca48                evtLogT1_noTS
                0x008e09d8                remove
                0x0086c2d8                _IO_unsave_markers
                0x0086656c                filebuf::filebuf(int)
                0x008e14a8                isatty
                0x0093df80                _sigCtxSetup
                0x0087eb28                __diab_free_mutex
                0x008c7b30                icmp_input
                0x0086eedc                __uncatch_exception
                0x008ab7f8                ifFlagSet
                0x00816ff4                gtSramInit
                0x008a5244                bsdGetsockname
                0x0087e6c8                _restfprx_24_l
                0x008abc44                ifRouteDelete
                0x008470c0                wdbMbufAlloc
                0x00861abc                lock(ostream &)
                0x008be6fc                sntpcTimeGet
                0x0093ede8                wdbDbgRegsClear
                0x0087c404                _restfpr_18_l
                0x0092011c                svctcp_create
                0x00825e58                mvI2cMasterReadBlock
                0x0082c178                frcBibRead
                0x00879e5c                vxMemArchProbe
                0x00866cdc                filebuf::attach(int)
                0x00893a8c                ip_ctloutput
                0x008fb454                qInit
                0x0087dd44                __div64
                0x0087d798                __asr64
                0x0083329c                frcTestIsMonarch
                0x00806d40                gtIntDisable
                0x0093f250                wdbDbgDarGet
                0x00933b50                taskRegsSet
                0x008188a8                frcDmaIntConnect
                0x008fd390                rBuffFlush
                0x009353e8                taskRestart
                0x0086fdbc                bad_exception::bad_exception(void)
                0x00833fa0                getPMC280BoardInfo
                0x0087c604                _savegpr_24_l
                0x0087e808                _savegprx_25_l
                0x00808120                sys557IntEnable
                0x0085aae4                string_char_traits<char>::copy(char *, char const *, unsigned int)
                0x008d1498                ldexp
                0x0092a7f0                wdbVioChannelUnregister
                0x008da8ec                envLibInit
                0x008e0604                hashKeyStrCmp
                0x008fdd40                rBuffShowInit
                0x0085e478                iostream::iostream(int)
                0x00887b98                __lesf2
                0x008da2a8                clock_setres
                0x008db1b0                errnoOfTaskGet
                0x00800dd4                sysSerialHwInit2
                0x008c3858                netPoolKheapInit
                0x00830bbc                frcTestIDMAScrubChk
                0x0082f2d8                test_bitspread_comparison
                0x008f29b8                shellIsRemoteConnectedGet
                0x008bb980                remCurIdGet
                0x008facbc                lstAdd
                0x0081ee88                sdmaChanStopTxRx
                0x0085c3f0                basic_string<char, string_char_traits<char>, __default_alloc_template<true, 0> >::replace(unsigned int, unsigned int, char)
                0x0092f270                msgQSend
                0x008210a0                bootFlashGetSectorOff
                0x00863880                istream::operator>>(signed char *)
                0x00828984                issec
                0x00865748                ios::readable(void)
                0x00883ef0                __fixunsdfsi
                0x0089ebec                soshutdown
                0x008b92a4                nfsThingCreate
                0x009390b0                windReadyQPut
                0x00847c04                __pure_virtual_called
                0x00894754                ip_mloopback
                0x0082eb20                test_verify_success
                0x0084862c                cplusDemanglerStyleSet
                0x0087fc28                miiPhyInit
                0x00863604                istream::get(void)
                0x008d8f7c                __getDstInfo
                0x008f2910                shellLoginInstall
                0x008be020                recvfrom
                0x008429f0                frcTestSwitch
                0x008f6454                spyStop
                0x0089d2c8                soabort
                0x00864fc4                streambuf::sync(void)
                0x0087da4c                __rem32
                0x008fbef4                qPriListInit
                0x00921828                xdr_bytes
                0x0091f1bc                svcerr_decode
                0x0080203c                sysCpuCheck
                0x0085c528                basic_string<char, string_char_traits<char>, __default_alloc_template<true, 0> >::eos(void)
                0x00862c98                ostream::write(void const *, int)
                0x008540d4                logic_error type_info function
                0x008a404c                bsdSendto
                0x00857230                overflow_error::~overflow_error(void)
                0x008fc0fc                qPriListGetExpired
                0x00865864                ios::flags(unsigned long)
                0x008da808                statfs
                0x0082d12c                frcBootRegFileBurn
                0x0087e82c                _savevr20
                0x0087e76c                _restgprx_16_l
                0x00887f04                _restv26
                0x0087c5f8                _savegpr_21_l
                0x00936a88                taskRegsShow
                0x00817df4                gtCntmrRead
                0x00933434                semShow
                0x0092a7a4                wdbVioLibInit
                0x00866d9c                filebuf::seekoff(long, ios::seek_dir, int)
                0x00817550                frcGppIntDisable
                0x00888ff8                if_down
                0x00922a28                xdrrec_endofrecord
                0x008d714c                strtoul
                0x00933ac4                taskBpHookSet
                0x008b7464                nfsMount
                0x0093f4e4                qJobPut
                0x008aa28c                hostTblInit
                0x0086c4f4                _IO_ostream_withassign::operator=(ostream &)
                0x00865918                ios::setstate(int)
                0x0088e2cc                inet_netmatch
                0x008ebb00                ttyDrv
                0x00823358                option
                0x0085dbb0                bool operator><char, string_char_traits<char>, __default_alloc_template<true, 0> >(basic_string<char, string_char_traits<char>, __default_alloc_template<true, 0> > const &, basic_string<char, string_char_traits<char>, __default_alloc_template<true, 0> > const &)
                0x0085bcbc                basic_string<char, string_char_traits<char>, __default_alloc_template<true, 0> >::append(unsigned int, char)
                0x0088e3d4                in_localaddr
                0x008da230                clock_getres
                0x0087c584                _restgpr_23_l
                0x009138ec                ledRead
                0x00926b5c                wdbRpcNotifyHost
                0x00878f80                intRegsLock
                0x008c12d4                xdr_renameargs
                0x0086eb8c                __default_unexpected(void)
                0x008757cc                short type_info function
                0x0087e750                _savefprx_29_l
                0x0087e804                _savegprx_24_l
                0x0089f520                soisdisconnecting
                0x008d9c5c                classShowConnect
                0x0093282c                semMGive
                0x008b0720                muxTkPollReceive
                0x008769f0                altivecProbe
                0x008753bc                void type_info function
                0x008c03b0                tftpErrorCreate
                0x00878d70                intLock
                0x008979a8                rtredirect
                0x0080c90c                sys543PciInit
                0x00862d3c                ostream::operator<<(short)
                0x0082f734                extendedTestError
                0x008e2180                iosRead
                0x0093c7fc                evtLogTasks
                0x008e1f90                iosCreate
                0x008d1254                ispunct
                0x008e95dc                symTblCreate
                0x00884ec4                __udivmoddi4
                0x0087c548                _savegpr_28
                0x00937a2c                wdShowInit
                0x0087e73c                _savefprx_24_l
                0x008f3818                unldByModuleId
                0x008d6278                wctomb
                0x009395d0                windPendQRemove
                0x008e6e18                selNodeAdd
                0x0087d634                __DIAB_wr_pk_fl
                0x008c280c                udpShowInit
                0x008b1210                muxTkBindUpdate
                0x008c0a00                xdr_nfsstat
                0x00937a28                wdTick
                0x00876f88                bfillBytes
                0x008009ac                sysL1DcacheEnable
                0x0085f270                istream::operator>>(char &)
                0x008c1978                xdr_groupnode
                0x0091bedc                clnt_create
                0x008678c8                _IO_file_seekoff
                0x008f6cec                rmdir
                0x0087f194                endObjInit
                0x008fb844                qPriBMapListCreate
                0x0081b878                vxEthernetIntEnable
                0x00888bc8                ifaof_ifpforaddr
                0x00865b4c                streambuf::gbump(int)
                0x0086559c                streambuf::set_column(int)
                0x008d6308                wcstombs
                0x008face4                lstConcat
                0x0091a338                cbioModeSet
                0x0087c540                _savegpr_26
                0x0082ec64                test_mul_comparison
                0x0091da18                clntudp_freeres
                0x008bd9cc                socket
                0x008150e4                gtPci0MapDevice3MemorySpace
                0x0086daf8                __get_eh_info
                0x008e67a8                select
                0x008b5234                netLibGeneralInit
                0x008dd5b0                fioRdString
                0x008529fc                __out_of_range(char const *)
                0x0087d21c                __ftoll
                0x00870e10                __frame_state_for
                0x009018a0                dosFsChkTree
                0x008271e8                frcTestRTCWrite
                0x0085a96c                basic_string<char, string_char_traits<char>, __default_alloc_template<true, 0> >::compare(char const *, unsigned int, unsigned int) const
                0x008da6a4                readdir
                0x008ae18c                muxMCastAddrGet
                0x008d4470                __smakebuf
                0x00821dcc                __READ_FLASH16
                0x0087e5c8                _savef28
                0x00864fec                streambuf::setbuf(char *, int)
                0x0085c44c                basic_string<char, string_char_traits<char>, __default_alloc_template<true, 0> >::replace(char *, char *, char const *, unsigned int)
                0x008da7e0                fstatfs
                0x0087e5b0                _savef22
                0x0087e5bc                _savef25
                0x0092ed28                msgQTerminate
                0x00861710                ostream::flush(void)
                0x00937a90                wdShow
                0x0082ebf8                test_sub_comparison
                0x0089cc84                sofree
                0x008ff1f8                dcacheDevEnable
                0x0087e5fc                _restfprs_22_l
                0x00865c08                streambuf::in_backup(void)
                0x0087eb64                __diab_free_semaphore
                0x00813ed4                gtPci0GetMemory0Base
                0x0081a588                ethPortWriteSmiReg
                0x008ec184                tyDeleteLineSet
                0x00912520                l
                0x008f44bc                checkStack
                0x0088c338                _arpCmd
                0x008e574c                pipeDevCreate
                0x008006a8                SET_THRM1
                0x009232c0                clnt_perror
                0x0087c4c0                _restgpr_14
                0x008d2100                drem
                0x008ea6e8                symNameGet
                0x00815830                gtPci0MapCPUspaceDAC
                0x00815c0c                gtPci0P2PConfig
                0x008327e4                frcTestIntLatency
                0x00926378                wdbIsNowExternal
                0x008d1268                isspace
                0x008d0f98                tcp_disconnect
                0x008ad6e4                muxBind
                0x00885bf4                __unpack_d
                0x0085cb24                basic_string<char, string_char_traits<char>, __default_alloc_template<true, 0> >::compare(char const *, unsigned int) const
                0x0085be58                basic_string<char, string_char_traits<char>, __default_alloc_template<true, 0> >::operator+=(char)
                0x0081d10c                brgStart
                0x0085c530                basic_string<char, string_char_traits<char>, __default_alloc_template<true, 0> >::operator[](unsigned int) const
                0x008fae44                lstGet
                0x008043c0                pciConfigModifyWord
                0x00873550                __rtti_user
                0x00867378                _IO_file_setbuf
                0x00800efc                frcGetPcbRev
                0x00822364                frcFlashProgram
                0x008d2a18                fflush
                0x00842674                TestIntConnect
                0x008ace0c                rawIpLibInit
                0x008fb1b8                qFifoRemove
                0x00835c88                MV64360_regs_dump
                0x00800b2c                sysClkDisable
                0x0092733c                wdbCtxLibInit
                0x0085ddb4                bool operator>=<char, string_char_traits<char>, __default_alloc_template<true, 0> >(basic_string<char, string_char_traits<char>, __default_alloc_template<true, 0> > const &, basic_string<char, string_char_traits<char>, __default_alloc_template<true, 0> > const &)
                0x0091a3cc                cbioRdyChgdGet
                0x00862ddc                ostream::operator<<(ostream &(*)(ostream &))
                0x00862590                _IO_ostream_withassign::~_IO_ostream_withassign(void)
                0x008f2b14                timexFunc
                0x0085ae34                basic_string<char, string_char_traits<char>, __default_alloc_template<true, 0> >::repup(basic_string<char, string_char_traits<char>, __default_alloc_template<true, 0> >::Rep *)
                0x008622d4                iostream::~iostream(void)
                0x0087e6d8                _restfprx_28_l
                0x009212ec                xdr_void
                0x00865b34                streambuf::xsetflags(int, int)
                0x0087e8a0                _restvr22
                0x00805930                pciScan
                0x008012a4                frcPrintBank1MemSize
                0x00939844                workQInit
                0x0089d7a0                soconnect2
                0x0091f830                _svcauth_null
                0x0087e790                _restgprx_25_l
                0x00800b98                sysTimestampEnable
                0x00855a78                out_of_range::~out_of_range(void)
                0x00865c68                streambuf::Bptr(void)
                0x0086c480                _IO_default_write
                0x0085ab4c                basic_string<char, string_char_traits<char>, __default_alloc_template<true, 0> >::rep(void) const
                0x00887e1c                __extendsfdf2
                0x0093c110                evtLogM0
                0x00805cd8                frcPciSetActive
                0x0092d9c0                eventTerminate
                0x0087caa4                __dtoull
                0x0087e748                _savefprx_27_l
                0x0091de30                xdr_pmap
                0x0085bf5c                basic_string<char, string_char_traits<char>, __default_alloc_template<true, 0> >::insert(unsigned int, unsigned int, char)
                0x008eb400                taskDeleteHookShow
                0x0091f374                svcerr_progvers
                0x008024f4                sysVirtToPhys
                0x0084406c                wdValueReg
                0x008fd95c                wvRBuffMgr
                0x00827b88                frcRTCDummyWrite1
                0x009320a0                semGiveDefer
                0x0093a430                wvEvtLogInit
                0x00886060                __adddf3
                0x00887998                __nesf2
                0x008e3b60                memPartAlignedAlloc
                0x008bbae0                whoami
                0x008bcf3c                mRouteEntryAdd
                0x0091f14c                svcerr_noproc
                0x008bd88c                sockLibInit
                0x0082bb98                frcBibErrnoGet
                0x008aec34                muxAddrResFuncAdd
                0x008af530                muxPollEnd
                0x0081ad6c                ethPortReceive
                0x00864ee4                streambuf::overflow(int)
                0x0087c5e0                _savegpr_15_l
                0x008f0d50                moduleDelete
                0x008bf460                tftpModeSet
                0x008a0cf4                splimp
                0x0089ee04                sosetopt
                0x00814094                gtPci0GetMemory3Size
                0x008cd778                tcp_mss
                0x00939904                workQAdd1
                0x008a4bc4                bsdRecvmsg
                0x00896f20                routeDrain
                0x008fb6bc                qRemove
                0x009373c4                wdTerminate
                0x00807014                sysIntCtrlInit
                0x00861328                ostream::ostream(int, streambuf *, ostream *)
                0x008d62a4                mbstowcs
                0x0085aa70                string_char_traits<char>::eos(void)
                0x008e45d8                memShowInit
                0x0089ac04                udp_output
                0x008dada4                putenv
                0x0082d874                ramTestPrintDot
                0x0087c614                _savegpr_28_l
                0x008ab824                ifFlagGet
                0x008a39e0                bsdBind
                0x00813fe4                gtPci0GetMemory2Base
                0x0081e1c8                mpscChanStopRx
                0x008854f0                __umoddi3
                0x008b28a4                netLsByName
                0x008e0d68                lseek
                0x00802d44                cpldGppDisablePin13
                0x00862234                ios::close(void)
                0x008739d4                bad_cast type_info function
                0x0087e5f8                _restfprs_21_l
                0x008ad9ac                muxSend
                0x008e5304                pathCat
                0x0087c420                _restfpr_25_l
                0x008db360                excJobAdd
                0x008e74d4                sigaddset
                0x00877640                excVecInit
                0x008eba34                taskVarInfo
                0x00847b8c                cplusLibInit
                0x008d9d44                classMemPartIdSet
                0x0093c8d4                evtsched
                0x0085ec30                istream::get(char &)
                0x0091c58c                clnt_simpleInclude
                0x0091a07c                cbioBlkRW
                0x0081a188                ethClearMibCounters
                0x0089fa54                sbseldequeue
                0x0085c81c                basic_string<char, string_char_traits<char>, __default_alloc_template<true, 0> >::find_first_of(char const *, unsigned int) const
                0x008768a0                altivecTaskRegsGet
                0x008d5540                stdioShow
                0x00848a48                set_cplus_marker_for_demangling
                0x00848620                cplusDemanglerSet
                0x0092d020                xdr_WDB_AGENT_INFO
                0x00808818                gtPciSetByte
                0x00814520                gtPci0MapInternalRegSpace
                0x00883620                __clear_cache
                0x00921dc8                xdr_vector
                0x0092c488                wdbAltivecGet
                0x008b1474                netDevCreate2
                0x0085a3dc                basic_string<char, string_char_traits<char>, __default_alloc_template<true, 0> >::find(char, unsigned int) const
                0x008e19d4                iosDevDelete
                0x00862e54                istream::~istream(void)
                0x008c7098                in_pcblookup
                0x008fbbf8                qPriBMapInfo
                0x008ff140                dcacheDevDisable
                0x0093b3bc                wvEvtBufferGet
                0x00816cfc                gtDmaIsChannelActive
                0x008627d4                ostream::ostream(int)
                0x008faaa0                dllCreate
                0x008f8ed8                bzero
                0x008139cc                _frcPci0ReadConfigReg
                0x00865b78                streambuf::pbump(int)
                0x008756c8                int type_info function
                0x00803ab4                pciConfigInLong
                0x0087c5ec                _savegpr_18_l
                0x0080175c                sysModel
                0x0085abc8                basic_string<char, string_char_traits<char>, __default_alloc_template<true, 0> >::Rep::operator delete(void *)
                0x0087c34c                mmuPpcExtraBatEnableMPC74x5
                0x009268b0                wdbRpcRcv
                0x00894f20                rn_newpair
                0x008ba644                nfsAuthUnixGet
                0x0085a87c                basic_string<char, string_char_traits<char>, __default_alloc_template<true, 0> >::compare(basic_string<char, string_char_traits<char>, __default_alloc_template<true, 0> > const &, unsigned int, unsigned int) const
                0x008c10d4                xdr_readokres
                0x00884988                __udivdi3
                0x00887ea0                _savev26
                0x00925a6c                wdbVioDrv
                0x0080c510                feiShow
                0x008c3e4c                netMblkDup
                0x008bded0                send
                0x009370a4                tick64Get
                0x0093eadc                wdbDbgHwAddrCheck
                0x0091f3ec                svc_getreq
                0x008d4d70                setbuffer
                0x00910f60                dbgInit
                0x008f1cb4                moduleFlagsGet
                0x0085cfd4                basic_string<char, string_char_traits<char>, __default_alloc_template<true, 0> > operator+<char, string_char_traits<char>, __default_alloc_template<true, 0> >(char const *, basic_string<char, string_char_traits<char>, __default_alloc_template<true, 0> > const &)
                0x009321c0                semInvalid
                0x0089bbf0                mbinit
                0x008d5f2c                abort
                0x0081651c                gtMemoryDisableProtectRegion
                0x008e4608                memShow
                0x0081469c                gtPci0MapMemoryBank0
                0x00824160                mvI2cMasterWrite
                0x00848000                RBString_T::append(RBString_T &)
                0x008fbf18                qPriListDelete
                0x0091eea8                xprt_unregister
                0x008733f4                __rtti_si
                0x008f9384                bootStructToString
                0x00938a10                windDelay
                0x00939404                windPendQPut
                0x0092f6ac                msgQReceive
                0x00866d5c                filebuf::underflow(void)
                0x00865770                ios::is_open(void)
                0x008fc858                sllCount
                0x008d54c4                __stderr
                0x0087e8c8                _restvr27
                0x00933f00                taskCreat
                0x00865638                streammarker::streammarker(streambuf *)
                0x00933994                taskOptionsSet
                0x008cead8                tcp_respond
                0x008650e4                streambuf::seekpos(long, int)
                0x0087c5f4                _savegpr_20_l
                0x00849300                cplus_demangle
                0x008e1b7c                iosFdValue
                0x008d80bc                gmtime_r
                0x00879c58                vxMsrSet
                0x0085c7f4                basic_string<char, string_char_traits<char>, __default_alloc_template<true, 0> >::find_first_of(basic_string<char, string_char_traits<char>, __default_alloc_template<true, 0> > const &, unsigned int) const
                0x008f9ad8                bootLeaseExtract
                0x008fc75c                sllTerminate
                0x008a28ac                ipDetach
                0x008f0724                loadCommonManage
                0x00930b64                semBGive
                0x0092d978                eventLibInit
                0x00882dfc                miiLibUnInit
                0x0089f308                uiomove
                0x00802cf0                pciIsr
                0x00871140                bad_alloc::~bad_alloc(void)
                0x008d1290                isxdigit
                0x008e276c                logFdAdd
                0x008e91a8                sigPendDestroy
                0x0092e5ec                eventStart
                0x00856730                runtime_error::what(void) const
                0x00865874                ios::precision(void) const
                0x0093c6d0                evtLogPoint
                0x008b7950                nfsDevInfoGet
                0x008e9798                symTblTerminate
                0x00845e2c                usrPPPInit
                0x0087d3e0                __lltof
                0x0087e660                _savefprs_18_l
                0x008b12e4                muxTkUnloadUpdate
                0x00921574                xdr_char
                0x00802b1c                rdreg
                0x008e3700                memPartCreate
                0x009234a8                clnt_pcreateerror
                0x0081decc                mpscDbg
                0x008b67f8                arptabShow
                0x008f1d14                shellInit
                0x0093cfe0                _dbgTaskPCGet
                0x0093b4c4                wvTaskNamesUpload
                0x0082d8c0                ramTest8bit
                0x008632a0                istream::getline(signed char *, int, char)
                0x00865728                streambuf::unsave_markers(void)
                0x0087e6d0                _restfprx_26_l
                0x00927138                wdbConnectLibInit
                0x0087d6a8                __DIAB_wr_sw_db
                0x0086ef14                __check_eh_spec
                0x008273e8                frcRTCRead
                0x0085f9f8                istream::operator>>(int &)
                0x0087e284                __add64
                0x0088dfb0                ether_attach
                0x008da4d8                clock_show
                0x00847c98                RBStringIterator_T::nextChar(void)
                0x008ea390                symFindByValue
                0x0088803c                ifreset2
                0x008d6e50                __exp10
                0x008d6ee8                strtol
                0x00866cbc                filebuf::open(char const *, char const *)
                0x0092d4f8                xdr_TGT_INT_T
                0x0093fba0                qJobInfo
                0x0080064c                sysL2crGet
                0x00925f34                wdbInstallCommIf
                0x0080063c                sysGetL3CR
                0x008722ec                operator new(unsigned int, nothrow_t const &)
                0x008d10e4                tcp_usrclosed
                0x008187ac                frcDmaIntCtrlInit
                0x008d3bb0                fsetpos
                0x0081d958                vxCunitIntDisable
                0x0093ef8c                windExit
                0x0087c48c                _savefpr_22_l
                0x0087e2d4                __ge64
                0x0082120c                frcBootFlashProgram
                0x0085b9d0                basic_string<char, string_char_traits<char>, __default_alloc_template<true, 0> >::basic_string(unsigned int, char)
                0x008c5c1c                in_pcbbind
                0x008209b8                bootEraseOrProgramOk
                0x0087c3b0                mmuPpcADisable
                0x0091f838                _svcauth_unix
                0x00931764                semCGiveDefer
                0x00865dc8                streambuf::allocbuf(void)
                0x0087eb70                __diab_trylock_semaphore
                0x00854894                domain_error::domain_error(basic_string<char, string_char_traits<char>, __default_alloc_template<true, 0> > const &)
                0x00860be8                ostream::operator<<(long long)
                0x0091a458                cbioRdyChgdSet
                0x0088c878                ether_output
                0x00921ee0                xdr_double
                0x0093e130                taskArgsSet
                0x008a0f6c                _netFree
                0x00912d2c                dbgTaskBpHooksInstall
                0x008d61b4                mblen
                0x008e3ee8                memPartAlloc
                0x0087c37c                mmuPpcAEnable
                0x00866a6c                filebuf::~filebuf(void)
                0x00926398                wdbIsNowTasking
                0x008f4170                repeatRun
                0x00931d4c                semDelete
                0x008ec8a8                tyIRd
                0x0082ee48                test_seqinc_comparison
                0x0086e960                __rethrow
                0x008a0e3c                wakeup
                0x008e26e0                logFdSet
                0x0086dacc                __get_eh_context
                0x0093dd34                ffsMsb
                0x008bdbac                accept
                0x008af098                muxDevStartAll
                0x0086c478                _IO_default_read
                0x008fc6d8                sllCreate
                0x0092d9ac                eventInit
                0x009137ec                ledOpen
                0x008ea68c                symName
                0x00865a6c                streambuf::gptr(void) const
                0x008e1798                iosDrvRemove
                0x00870ccc                __register_frame_table
                0x008f61a0                printLogo
                0x00865890                ios::setf(unsigned long)
                0x00873e9c                __user_type_info type_info function
                0x00815d0c                gtMemoryGetDeviceBaseAddress
                0x0085c690                basic_string<char, string_char_traits<char>, __default_alloc_template<true, 0> >::find(basic_string<char, string_char_traits<char>, __default_alloc_template<true, 0> > const &, unsigned int) const
                0x0088817c                ifresetImmediate
                0x00825bcc                mvI2cMasterWriteBlock
                0x00847bb8                cplusLibMinInit
                0x00862f78                istream::istream(int)
                0x00938e6c                windWdCancel
                0x00867024                _IO_file_close_it
                0x0081a458                ethernetGetConfigReg
                0x008758d0                bool type_info function
                0x0087ef10                endMibIfInit
                0x00823460                option1
                0x00887ea8                _savev27
                0x008bd688                rpcTaskInit
                0x008021fc                sysMsDelay
                0x008e673c                selTaskDeleteHookAdd
                0x008fbbf0                qPriBMapKey
                0x008308a0                frcTestGettimeUsec
                0x00887034                __unpack_f
                0x0085c68c                basic_string<char, string_char_traits<char>, __default_alloc_template<true, 0> >::reserve(unsigned int)
                0x00939c98                eventRsrcShow
                0x0087c49c                _savefpr_26_l
                0x008d2a98                __sflush
                0x008e0b5c                rename
                0x0081f2c8                sdmaRxReturnBuff
                0x00863ad0                _IO_ostream_withassign type_info function
                0x00865978                ios::operator!(void) const
                0x00820314                vxMpscUartTxInt
                0x008cf7b4                tcp_rtlookup
                0x00933d28                taskIdListGet
                0x0092391c                xdr_callmsg
                0x00815e40                gtMemoryGetDeviceSize
                0x008bc9a4                routeAdd
                0x008fb92c                qPriBMapInit
                0x0085c628                basic_string<char, string_char_traits<char>, __default_alloc_template<true, 0> >::terminate(void) const
                0x0085bec0                basic_string<char, string_char_traits<char>, __default_alloc_template<true, 0> >::insert(unsigned int, char const *, unsigned int)
                0x0092ba2c                wdbDbgBpListInit
                0x008dad38                envPrivateDestroy
                0x0086dcd8                __sjthrow
                0x0085ca84                basic_string<char, string_char_traits<char>, __default_alloc_template<true, 0> >::substr(unsigned int, unsigned int) const
                0x008e9774                symTblDelete
                0x0089fd80                soreserve
                0x0092197c                xdr_union
                0x008f17a8                moduleEach
                0x0087e56c                _restf24
                0x0087745c                cacheArchDmaMalloc
                0x00806004                frcPciShow