Archive member included       because of file (symbol)

/usr/local/clas/devel/VxWorks55/ppc/target/lib/ppc/PPC604/common/libarch.a(altivecArchLib.o)
                              sysLib.o (_func_altivecProbeRtn)
/usr/local/clas/devel/VxWorks55/ppc/target/lib/ppc/PPC604/common/libarch.a(altivecLib.o)
                              /usr/local/clas/devel/VxWorks55/ppc/target/lib/ppc/PPC604/common/libarch.a(altivecArchLib.o) (altivecCreateHookRtn)
/usr/local/clas/devel/VxWorks55/ppc/target/lib/ppc/PPC604/common/libarch.a(altivecShow.o)
                              /usr/local/clas/devel/VxWorks55/ppc/target/lib/ppc/PPC604/common/libarch.a(altivecArchLib.o) (altivecTaskRegsShow)
/usr/local/clas/devel/VxWorks55/ppc/target/lib/ppc/PPC604/common/libarch.a(bALib.o)
                              bootConfig.o (bcopy)
/usr/local/clas/devel/VxWorks55/ppc/target/lib/ppc/PPC604/common/libarch.a(cacheArchLib.o)
                              sysLib.o (_pSysL2CacheInvFunc)
/usr/local/clas/devel/VxWorks55/ppc/target/lib/ppc/PPC604/common/libarch.a(excArchLib.o)
                              sysIntCtrl.o (excConnect)
/usr/local/clas/devel/VxWorks55/ppc/target/lib/ppc/PPC604/common/libarch.a(excArchShow.o)
                              bootConfig.o (excShowInit)
/usr/local/clas/devel/VxWorks55/ppc/target/lib/ppc/PPC604/common/libarch.a(intALib.o)
                              /usr/local/clas/devel/VxWorks55/ppc/target/lib/ppc/PPC604/common/libarch.a(excArchLib.o) (intEnt)
/usr/local/clas/devel/VxWorks55/ppc/target/lib/ppc/PPC604/common/libarch.a(intArchLib.o)
                              sysIntCtrl.o (_func_intConnectRtn)
/usr/local/clas/devel/VxWorks55/ppc/target/lib/ppc/PPC604/common/libarch.a(mmuArchVars.o)
                              /usr/local/clas/devel/VxWorks55/ppc/target/lib/ppc/PPC604/common/libarch.a(cacheArchLib.o) (mmuPpcIEnabled)
/usr/local/clas/devel/VxWorks55/ppc/target/lib/ppc/PPC604/common/libarch.a(trcLib.o)
                              bootConfig.o (trcStack)
/usr/local/clas/devel/VxWorks55/ppc/target/lib/ppc/PPC604/common/libarch.a(vxALib.o)
                              tests/testtool.o (vxTimeBaseSet)
/usr/local/clas/devel/VxWorks55/ppc/target/lib/ppc/PPC604/common/libarch.a(vxLib.o)
                              /usr/local/clas/devel/VxWorks55/ppc/target/lib/ppc/PPC604/common/libarch.a(vxALib.o) (vxPowMgtEnable)
/usr/local/clas/devel/VxWorks55/ppc/target/lib/ppc/PPC604/common/libarch.a(pow.o)
                              tests/testtool.o (exp)
/usr/local/clas/devel/VxWorks55/ppc/target/lib/ppc/PPC604/common/libarch.a(sqrt.o)
                              tests/testtool.o (sqrt)
/usr/local/clas/devel/VxWorks55/ppc/target/lib/ppc/PPC604/common/libarch.a(trig.o)
                              tests/testtool.o (sin)
/usr/local/clas/devel/VxWorks55/ppc/target/lib/ppc/PPC604/common/libarch.a(altivecALib.o)
                              /usr/local/clas/devel/VxWorks55/ppc/target/lib/ppc/PPC604/common/libarch.a(altivecLib.o) (altivecSave)
/usr/local/clas/devel/VxWorks55/ppc/target/lib/ppc/PPC604/common/libarch.a(cacheALib.o)
                              /usr/local/clas/devel/VxWorks55/ppc/target/lib/ppc/PPC604/common/libarch.a(cacheArchLib.o) (cachePpcEnable)
/usr/local/clas/devel/VxWorks55/ppc/target/lib/ppc/PPC604/common/libarch.a(excALib.o)
                              /usr/local/clas/devel/VxWorks55/ppc/target/lib/ppc/PPC604/common/libarch.a(excArchLib.o) (excEnt)
/usr/local/clas/devel/VxWorks55/ppc/target/lib/ppc/PPC604/common/libdrv.a(endLib.o)
                              mgiEnd.obj (mib2Init)
/usr/local/clas/devel/VxWorks55/ppc/target/lib/ppc/PPC604/common/libdrv.a(if_loop.o)
                              bootConfig.o (loattach)
/usr/local/clas/devel/VxWorks55/ppc/target/lib/ppc/PPC604/common/libnet.a(if.o)
                              bootConfig.o (ifreset)
/usr/local/clas/devel/VxWorks55/ppc/target/lib/ppc/PPC604/common/libnet.a(if_ether.o)
                              bootConfig.o (ipEtherResolvRtn)
/usr/local/clas/devel/VxWorks55/ppc/target/lib/ppc/PPC604/common/libnet.a(if_subr.o)
                              /usr/local/clas/devel/VxWorks55/ppc/target/lib/ppc/PPC604/common/libnet.a(if_ether.o) (etherbroadcastaddr)
/usr/local/clas/devel/VxWorks55/ppc/target/lib/ppc/PPC604/common/libnet.a(in.o)
                              /usr/local/clas/devel/VxWorks55/ppc/target/lib/ppc/PPC604/common/libnet.a(if_ether.o) (in_lnaof)
/usr/local/clas/devel/VxWorks55/ppc/target/lib/ppc/PPC604/common/libnet.a(ip_input.o)
                              /usr/local/clas/devel/VxWorks55/ppc/target/lib/ppc/PPC604/common/libdrv.a(if_loop.o) (ipintrq)
/usr/local/clas/devel/VxWorks55/ppc/target/lib/ppc/PPC604/common/libnet.a(ip_output.o)
                              /usr/local/clas/devel/VxWorks55/ppc/target/lib/ppc/PPC604/common/libnet.a(ip_input.o) (ip_output)
/usr/local/clas/devel/VxWorks55/ppc/target/lib/ppc/PPC604/common/libnet.a(radix.o)
[...]
Memory Configuration

Name             Origin             Length             Attributes
*default*        0x00000000         0xffffffff

Linker script and memory map

Address of section .text set to 0x400000
LOAD bootConfig.o
LOAD version.o
LOAD sysALib.o
LOAD sysLib.o
LOAD itab.o
LOAD pciConfigLib.o
LOAD pciDevConfig.o
LOAD pciScan.o
LOAD gtInitLib.o
LOAD gtIntControl.o
LOAD sysIntCtrl.o
LOAD userRsrvMem.o
LOAD gtCore.o
LOAD gtPci.o
LOAD gtMemory.o
LOAD gtDma.o
LOAD gtSram.o
LOAD vxGppIntCtrl.o
LOAD gtSmp.o
LOAD vxDbIntCtrl.o
LOAD gtCntmr.o
LOAD vxCntmrIntCtrl.o
LOAD vxDmaIntCtrl.o
LOAD vxWatchDog.o
LOAD ethernet.o
LOAD vxEthernetIntCtrl.o
LOAD mgiEnd.obj
LOAD brg.o
LOAD cunit.o
LOAD vxCunitIntCtrl.o
LOAD mpsc.o
LOAD vxMpscIntCtrl.o
LOAD sdma.o
LOAD vxSdmaIntCtrl.o
LOAD serialChan.o
LOAD vxMpscUart.o
LOAD dbgprints.o
LOAD sysRamDrv.o
LOAD bFlashDrv.o
LOAD flashDrv.o
LOAD i2cDrv.o
LOAD rtc.o
LOAD frcBibShow.o
LOAD frcBibDrv.o
LOAD bibSupport.o
LOAD pciBoot.o
LOAD regFileBurn.o
LOAD vpd.o
LOAD tests/testtool.o
LOAD usrDma.o
LOAD sysAUtil.o
START GROUP
LOAD /usr/local/clas/devel/VxWorks55/ppc/target/lib/ppc/PPC604/gnu/libcplus.a
LOAD /usr/local/clas/devel/VxWorks55/ppc/target/lib/ppc/PPC604/gnu/libgnucplus.a
LOAD /usr/local/clas/devel/VxWorks55/ppc/target/lib/ppc/PPC604/gnu/libvxcom.a
LOAD /usr/local/clas/devel/VxWorks55/ppc/target/lib/ppc/PPC604/common/libarch.a
LOAD /usr/local/clas/devel/VxWorks55/ppc/target/lib/ppc/PPC604/common/libcommoncc.a
LOAD /usr/local/clas/devel/VxWorks55/ppc/target/lib/ppc/PPC604/common/libdcc.a
LOAD /usr/local/clas/devel/VxWorks55/ppc/target/lib/ppc/PPC604/common/libdrv.a
LOAD /usr/local/clas/devel/VxWorks55/ppc/target/lib/ppc/PPC604/common/libgcc.a
LOAD /usr/local/clas/devel/VxWorks55/ppc/target/lib/ppc/PPC604/common/libnet.a
LOAD /usr/local/clas/devel/VxWorks55/ppc/target/lib/ppc/PPC604/common/libos.a
LOAD /usr/local/clas/devel/VxWorks55/ppc/target/lib/ppc/PPC604/common/librpc.a
LOAD /usr/local/clas/devel/VxWorks55/ppc/target/lib/ppc/PPC604/common/libtffs.a
LOAD /usr/local/clas/devel/VxWorks55/ppc/target/lib/ppc/PPC604/common/libwdb.a
LOAD /usr/local/clas/devel/VxWorks55/ppc/target/lib/ppc/PPC604/common/libwind.a
LOAD /usr/local/clas/devel/VxWorks55/ppc/target/lib/ppc/PPC604/common/libwindview.a
LOAD /usr/local/clas/devel/VxWorks55/ppc/target/lib/libPPC604gnuvx.a
END GROUP

.text           0x00400000    0xe55e0
                0x00400000                wrs_kernel_text_start=.
                0x00400000                _wrs_kernel_text_start=.
 *(.text)
 .text          0x00400000     0x255c bootConfig.o
                0x00400000                compressedEntry
                0x004001a8                usrRoot
                0x00400024                usrKernelInit
                0x004000c0                usrInit
                0x00400444                usrClock
 .text          0x0040255c      0x9a0 sysALib.o
                0x00402bcc                sysOutByte
                0x00402bb8                sysInByte
                0x00402d54                sysL2BackEnable
                0x00402d7c                sysL2BackDisable
                0x00402c38                __READ_FLASH64
                0x00402ae8                sysGetCpuVer
                0x00402bec                GET_THRM1
                0x00402db0                sysL2BackHWFlush
                0x00402988                _initialize_dbg_uart
                0x0040255c                _sysInit
                0x00402ebc                sysL1DcacheEnable
                0x00402c04                SET_THRM1
                0x00402ba8                sysL2crGet
                0x00402b98                sysGetL3CR
                0x00402bf8                GET_THRM3
                0x00402b08                sysSioRead
                0x00402e50                sysL2BackInit
                0x00402af4                sysGetCpuRev
                0x00402bb0                sysGetSDR1
                0x00402a90                sysMemProbeSup
                0x00402b24                sysSioWrite
                0x00402c24                __WRITE_FLASH64
                0x00402c4c                frccachePpcEnable
                0x00402b4c                sysRdCpuReg
                0x00402c9c                sysL2BackGlobalInv
                0x00402ba0                sysL2crPut
                0x00402ae8                sysGetPrid
                0x00402c14                SET_THRM3
                0x00402bdc                vxHid1Set
                0x00402ee4                sysL1DcacheDisable
                0x00402b90                sysGetL2CR
 .text          0x00402efc     0x253c sysLib.o
                0x0040435c                sysHwInit2
                0x0040321c                sysSerialHwInit
                0x00405178                readreg
                0x004038c0                frcPrintVariant
                0x00404a44                gtRegReadBlock
                0x00403154                sysTimestampFreq
                0x00403058                sysClkRateGet
                0x004044d8                sysProcNumSet
                0x00403394                sysSerialChanGet
                0x004037a4                frcGetBank1MemSize
                0x004043d8                sysOutWord
                0x00403064                sysClkRateSet
                0x004031a8                sysTimestampLock
                0x004051b8                sysHardReset
                0x00403b8c                frcPrintBoardInfo
                0x00403a7c                frcMv64360SiliconVersion
                0x00403160                sysTimestamp
                0x004032e4                sysSerialHwInit2
                0x004044e4                sysCpuCheck
                0x0040340c                frcGetPcbRev
                0x0040303c                sysClkDisable
                0x004037b4                frcPrintBank1MemSize
                0x004030a8                sysTimestampEnable
                0x00404a3c                sysVirtToPhys
                0x00403c40                sysModel
                0x00405238                pciIsr
                0x00405064                rdreg
                0x004046a4                sysMsDelay
                0x00404930                sysMmuPteShow
                0x004050b0                wrreg
                0x004038b0                frcGetVariant
                0x00404464                sysMemTop
                0x004036c4                frcGetBank0MemSize
                0x00404a84                gtRegWriteBlock
                0x0040341c                frcPrintPcbRev
                0x0040474c                sysNvRamGet
                0x00404150                sysBspRev
                0x004034f0                frcPrintBomRev
                0x0040415c                flashBootSectorInit
                0x00402ffc                sysClkEnable
                0x00404680                sysDelay
                0x00404ac4                memoryRead
                0x00403604                frcPrintUserFlashSize
                0x00404a40                sysPhysToVirt
                0x004052a0                sysBusToLocalAdrs
                0x00403104                sysTimestampDisable
                0x00404410                sysInWord
                0x00405348                hostName
                0x0040528c                sysGetBusSpd
                0x00404af4                showMap
                0x004043ec                sysOutLong
                0x004040dc                sysAltivecProbe
                0x004048d4                sysMmuMapAdd
                0x004044a8                sysToMonitor
                0x004053c0                targetName
                0x00403a6c                frcGetExtSramSize
                0x004050f8                memRead
                0x00403bc4                frcCPUClockGet
                0x00403afc                frcPrintMv64360Version
                0x004033d4                frcBoardIdInit
                0x00404458                sysPhysMemTop
                0x00402f70                sysClkConnect
                0x004052a4                sysUsDelay
                0x004036d4                frcPrintBank0MemSize
                0x004035f4                frcGetUserFlashSize
                0x004044cc                sysProcNumGet
                0x00404428                sysInLong
                0x00403148                sysTimestampPeriod
                0x00403a5c                frcGetFlashOrg
                0x004030a0                sysTimestampConnect
                0x00405298                intDisconnect
                0x004047e8                sysNvRamSet
                0x004041bc                sysHwInit
 .text          0x00405438     0x175c pciConfigLib.o
                0x00405b5c                pciConfigBdfPack
                0x004057c0                pciFindClass
                0x00406970                pciConfigModifyByte
                0x00406878                pciConfigModifyWord
                0x00405f6c                pciConfigInLong
                0x0040659c                pciConfigOutLong
                0x00406780                pciConfigModifyLong
                0x00405d6c                pciConfigInWord
                0x0040635c                pciConfigOutWord
                0x00405564                pciFindDevice
                0x0040549c                pciConfigLibInit
                0x00406a60                pciSpecialCycle
                0x00406128                pciConfigOutByte
                0x00405a0c                pciDevConfig
                0x00405b74                pciConfigInByte
 .text          0x00406b94     0x11b8 pciDevConfig.o
                0x00406f28                pciBusProbe
                0x00406b94                pciAutoConfig
                0x00407c90                sysPciConfigInsertLong
                0x00406c88                pciAutoConfigNonMonarch
 .text          0x00407d4c      0xad0 pciScan.o
                0x004084a8                frcPciConfigReadVPD
                0x00407de8                pciScan
                0x00408250                frcPciSetActive
                0x0040857c                frcPciShow
                0x00407d5c                gtPciGetMaxBusNo
                0x00408528                frcPciConfigWriteVPD
                0x00407d4c                gtPciCpuDevNum
                0x00407d64                gtPciIntrToVecNum
 .text          0x0040881c      0x4f8 gtInitLib.o
                0x00408ad8                gtInitSdramSize
                0x0040881c                gtInit
                0x00408c60                gtInitWindows
 .text          0x00408d14      0x89c gtIntControl.o
                0x004092dc                gtIntDisable
                0x00408d40                gtIntConnect
                0x00408d14                gtIntCtrlInit
                0x00408fe0                gtIntDisconnect
                0x0040921c                gtIntEnable
 .text          0x004095b0      0xbd4 sysIntCtrl.o
                0x00409700                sysMachChkExcpInit
                0x004095b0                sysIntCtrlInit
                0x00409908                sysMachChkExcpHand
                0x00409658                sysIntEnable
 .text          0x0040a184      0x104 userRsrvMem.o
                0x0040a224                userRsrvMemMallocAligned
                0x0040a184                userRsrvMemInit
                0x0040a1f4                userRsrvMemMalloc
 .text          0x0040a288        0x8 gtCore.o
                0x0040a288                __eabi
 .text          0x0040a290     0x23a4 gtPci.o
                0x0040b310                gtPci0MapMemoryBank2
                0x0040c4f0                gtPci0EnableBrokenAgentDetection
                0x0040a9a4                gtPci0GetMemory2Size
                0x0040c5d4                gtPci0GetBusMode
                0x0040b48c                gtPci0MapMemoryBank3
                0x0040bd74                gtPci0MapP2pMem0Space
                0x0040afc4                gtPci0MapInternalRegIOSpace
                0x0040a6d4                gtPci0MapMemory2space
                0x0040a65c                gtPci0MapMemory1space
                0x0040c06c                gtPci0MapP2pIoSpace
                0x0040a80c                gtPci0GetIOspaceSize
                0x0040a76c                gtPci0MapMemory3space
                0x0040c28c                gtPci0SetRegionFeatures
                0x0040b24c                gtPci0MapMemoryBank1DAC
                0x0040a894                gtPci0GetMemory0Size
                0x0040bfa8                gtPci0MapP2pMem1SpaceDAC
                0x0040bef0                gtPci0MapP2pMem1Space
                0x0040ba7c                gtPci0MapDevice3MemorySpace
                0x0040a86c                gtPci0GetMemory0Base
                0x0040c5a4                gtPci0P2PConfig
                0x0040c1c8                gtPci0MapCPUspaceDAC
                0x0040aa2c                gtPci0GetMemory3Size
                0x0040a97c                gtPci0GetMemory2Base
                0x0040aeb8                gtPci0MapInternalRegSpace
                0x0040a364                _frcPci0ReadConfigReg
                0x0040b034                gtPci0MapMemoryBank0
                0x0040bcb0                gtPci0MapBootDeviceMemorySpaceDAC
                0x0040aa8c                gtPci0ScanSelfBars
                0x0040a290                _frcPci0WriteConfigReg
                0x0040b3c8                gtPci0MapMemoryBank2DAC
                0x0040c330                gtPci0SetRegionFeaturesDAC
                0x0040a91c                gtPci0GetMemory1Size
                0x0040a7e4                gtPci0GetIOspaceBase
                0x0040a8f4                gtPci0GetMemory1Base
                0x0040c410                gtPci0DisableAccessRegion
                0x0040bbf8                gtPci0MapBootDeviceMemorySpace
                0x0040b9b8                gtPci0MapDevice2MemorySpaceDAC
                0x0040b544                gtPci0MapMemoryBank3DAC
                0x0040c110                gtPci0MapCPUspace
                0x0040b900                gtPci0MapDevice2MemorySpace
                0x0040bb34                gtPci0MapDevice3MemorySpaceDAC
                0x0040b194                gtPci0MapMemoryBank1
                0x0040a48c                gtPci0OverBridgeWriteConfigReg
                0x0040a4f4                gtPci0OverBridgeReadConfigReg
                0x0040a5e8                gtPci0MapMemory0space
                0x0040c574                gtPci0DisableBrokenAgentDetection
                0x0040b83c                gtPci0MapDevice1MemorySpaceDAC
                0x0040a3dc                frcPci0ReadConfigReg
                0x0040c460                gtPci0ArbiterDisable
                0x0040a574                gtPci0MapIOspace
                0x0040af38                gtPci0MapInternalRegSpaceDAC
                0x0040b6c0                gtPci0MapDevice0MemorySpaceDAC
                0x0040a2e0                frcPci0WriteConfigReg
                0x0040b0d0                gtPci0MapMemoryBank0DAC
                0x0040aa04                gtPci0GetMemory3Base
                0x0040be2c                gtPci0MapP2pMem0SpaceDAC
                0x0040b784                gtPci0MapDevice1MemorySpace
                0x0040c48c                gtPci0ParkingDisable
                0x0040c434                gtPci0ArbiterEnable
                0x0040b608                gtPci0MapDevice0MemorySpace
 .text          0x0040c634      0xc4c gtMemory.o
                0x0040cc20                gtMemoryMapDevice2Space
                0x0040c9f0                gtMemoryMapBank2
                0x0040ce60                gtMemorySetProtectRegion
                0x0040cb08                gtMemoryMapDevice0Space
                0x0040ce30                gtMemoryGetInternalSramBaseAddr
                0x0040ce48                gtMemorySetInternalSramBaseAddr
                0x0040ccac                gtMemoryMapDevice3Space
                0x0040d128                gtMemorySetDeviceParam
                0x0040ced8                gtMemoryDisableWindow
                0x0040ceb4                gtMemoryDisableProtectRegion
                0x0040c6a4                gtMemoryGetDeviceBaseAddress
                0x0040c7d8                gtMemoryGetDeviceSize
                0x0040c964                gtMemoryMapBank1
                0x0040ce00                gtMemoryGetInternalRegistersSpace
                0x0040cf68                gtMemorySetPciRemapValue
                0x0040d064                gtMemoryGetDeviceParam
                0x0040cdc4                gtMemoryMapInternalRegistersSpace
                0x0040cb94                gtMemoryMapDevice1Space
                0x0040c634                gtMemoryGetBankBaseAddress
                0x0040cd38                gtMemoryMapDeviceBootSpace
                0x0040ca7c                gtMemoryMapBank3
                0x0040c8d8                gtMemoryMapBank0
                0x0040cf10                gtMemoryEnableWindow
                0x0040cf48                gtMemoryGetMemWindowStatus
                0x0040c8a0                gtMemoryGetDeviceWidth
                0x0040c724                gtMemoryGetBankSize
 .text          0x0040d280      0x70c gtDma.o
                0x0040d70c                gtDmaUpdateArbiter
                0x0040d930                gtDmaSetEngineAccessProtect
                0x0040d694                gtDmaIsChannelActive
                0x0040d758                gtDmaSetMemorySpace
                0x0040d6d4                gtDmaEngineDisable
                0x0040d5cc                gtDmaStart
                0x0040d888                gtDmaSetMemorySpaceAttr
                0x0040d2b0                gtDmaTransfer
                0x0040d280                gtDmaCommand
 .text          0x0040d98c       0xc8 gtSram.o
                0x0040d9f0                gtSramMallocAligned
                0x0040d98c                gtSramInit
                0x0040d9c0                gtSramMalloc
 .text          0x0040da54      0xc30 vxGppIntCtrl.o
                0x0040da54                frcGppIntCtrlInit
                0x0040dee8                frcGppIntDisable
                0x0040e030                frcGppCPU1IntDisable
                0x0040df8c                frcGppCPU1IntEnable
                0x0040db38                frcGppIntConnect
                0x0040de44                frcGppIntEnable
 .text          0x0040e684      0x3c0 gtCntmr.o
                0x0040e718                gtCntmrDisable
                0x0040e95c                gtCntmrIsTerminate
                0x0040e78c                gtCntmrRead
                0x0040e898                gtCntmrSetMode
                0x0040e7d0                gtCntmrEnable
                0x0040e9ec                gtCntmrSetTCTclocks
                0x0040e830                gtCntmrLoad
                0x0040e684                gtCntmrStart
 .text          0x0040ea44      0x700 vxCntmrIntCtrl.o
                0x0040ee78                vxCntmrIntDisable
                0x0040eb20                vxCntmrIntConnect
                0x0040ea44                vxCntmrIntCtrlInit
                0x0040edb8                vxCntmrIntEnable
 .text          0x0040f144      0xaec vxDmaIntCtrl.o
                0x0040f240                frcDmaIntConnect
                0x0040f144                frcDmaIntCtrlInit
                0x0040f510                frcDmaIntEnable
                0x0040f64c                frcDmaIntDisable
 .text          0x0040fc30      0x160 vxWatchDog.o
                0x0040fc64                frcWatchdogLoad
                0x0040fd5c                frcWatchdogDisable
                0x0040fc30                frcWatchdogInit
                0x0040fd28                frcWatchdogEnable
                0x0040fcc4                frcWatchdogService
                0x0040fcf8                frcWatchdogNMILoad
 .text          0x0040fd90     0x1bb8 ethernet.o
                0x00410350                ethPortMcAddr
                0x004101f4                ethPortUcAddrSet
                0x00410f20                ethPortWriteSmiReg
                0x00411704                ethPortReceive
                0x00410b20                ethClearMibCounters
                0x00410df0                ethernetGetConfigReg
                0x004112ec                etherInitTxDescRing
                0x0040fffc                ethPortStart
                0x00410e1c                ethPortReadSmiReg
                0x00410d80                ethernetSetConfigReg
                0x00410b58                ethReadMibCounter
                0x004118d0                ethPortSetTxCoal
                0x00410db8                ethernetResetConfigReg
                0x0041164c                ethTxReturnDesc
                0x004117e4                ethRxReturnBuff
                0x00411468                ethPortSend
                0x0040fd90                ethPortInit
                0x0041187c                ethPortSetRxCoal
                0x00411150                etherInitRxDescRing
                0x0041191c                ethBCopy
                0x00410be4                ethernetPhyReset
                0x00410c80                ethPortReset
 .text          0x00411948      0x960 vxEthernetIntCtrl.o
                0x00411a60                vxEthernetIntConnect
                0x00412210                vxEthernetIntEnable
                0x00412178                vxEthernetIntDisable
                0x00411948                vxEthernetIntCntlInit
 .text          0x004122a8     0x1780 mgiEnd.obj
                0x004122a8                mgiEndLoad
 .text          0x00413a28      0x288 brg.o
                0x00413aa4                brgStart
                0x00413c10                brgSetCdv
                0x00413a28                brgInit
                0x00413b24                brgDbg
 .text          0x00413cb0      0x298 cunit.o
                0x00413cb0                cunitInit
                0x00413cf8                cunitSetAccessControl
 .text          0x00413f48      0x64c vxCunitIntCtrl.o
                0x0041439c                vxCunitIntClear
                0x004142f0                vxCunitIntDisable
                0x00413f48                vxCunitIntCtrlInit
                0x00413fc0                vxCunitIntConnect
                0x00414244                vxCunitIntEnable
 .text          0x00414594      0x77c mpsc.o
                0x00414be4                mpscChanStopTxRx
                0x00414b60                mpscChanStopRx
                0x00414864                mpscDbg
                0x00414adc                mpscChanStopTx
                0x004145a0                mpscChanStart
                0x00414594                mpscChanInit
                0x00414c40                mpscChanSetCdv
 .text          0x00414d10      0x768 vxMpscIntCtrl.o
                0x00414dc0                vxMpscIntConnect
                0x00414d10                vxMpscIntCntlInit
                0x004150d4                vxMpscIntDisable
                0x0041515c                vxMpscIntClear
                0x0041504c                vxMpscIntEnable
 .text          0x00415478      0x854 sdma.o
                0x00415bcc                sdmaChanReceive
                0x00415b30                sdmaTxReturnDesc
                0x004154fc                sdmaChanStart
                0x00415820                sdmaChanStopTxRx
                0x00415c60                sdmaRxReturnBuff
                0x0041598c                sdmaChanSend
                0x00415478                sdmaChanInit
                0x004157a8                sdmaChanStopTx
                0x0041558c                sdmaDbg
                0x0041572c                sdmaChanStopRx
 .text          0x00415ccc      0x73c vxSdmaIntCtrl.o
                0x00415d70                vxSdmaIntConnect
                0x00416140                vxSdmaIntClear
                0x00415ff0                vxSdmaIntEnable
                0x00416098                vxSdmaIntDisable
                0x00415ccc                vxSdmaIntCtrlInit
 .text          0x00416408      0x410 serialChan.o
                0x00416638                serialChanStart
                0x004166e0                serialChanSetBaudRate
                0x00416694                serialChanStop
                0x00416408                serialChanInit
 .text          0x00416818      0x93c vxMpscUart.o
                0x00416cac                vxMpscUartTxInt
                0x00416fd4                gtUartBaudRateChange
                0x00416818                vxMpscUartDevInit
                0x00416bbc                vxMpscUartRxInt
                0x00416954                vxMpscUartDevReset
 .text          0x00417154       0x8c sysRamDrv.o
                0x00417154                sysRamDrvConfig
 .text          0x004171e0     0x1000 bFlashDrv.o
                0x00417c40                bootFlashErase
                0x004181dc                correctaddr
                0x004177e8                bootFlashProgram1byte
                0x004179ec                bootFlashGetSectorOff
                0x00417b30                frcBootFlashProgram
                0x00417350                bootEraseOrProgramOk
                0x00417548                bootFlashParamWrite
                0x004171e0                bootFlashAutoSelect
                0x004172b4                bootFlashGetProtect
                0x00417e18                frcBootFlashFile
                0x00417888                frcBootFlashVerify
                0x0041796c                frcbootFlashReadRst
                0x004176b0                bootFlashParamsProgram
                0x00417a64                frcBootFlashSectorErase
                0x00418054                frcBootFlashFileV
                0x004173fc                bootFlashParamRead
 .text          0x004181e0     0x1584 flashDrv.o
                0x00418210                frcFlashReadRst
                0x00418aa0                frcFlashErase
                0x0041861c                operation_fail
                0x00418204                __READ_FLASH16
                0x0041879c                frcFlashProgram
                0x004181e0                __WRITE_FLASH32
                0x00419490                frcFlashReadIdCommand
                0x00419414                frcFlashLock
                0x00418524                compare_error
                0x00418e84                frcFlashBlockWrite
                0x004181f8                __WRITE_FLASH16
                0x00418e10                frcFlashRead
                0x004186c4                print_status
                0x004181ec                __READ_FLASH32
                0x00418d48                frcFlashGetInfo
                0x004182e4                frcFlashAutoSelect
                0x004191b4                frcFlashBlockErase
                0x00419398                frcFlashUnlock
                0x00418580                operation_complete
                0x00419624                flashAutoDetect
 .text          0x00419764     0x18d0 i2cDrv.o
                0x0041abac                frcMACWrite
                0x004198d4                frcEEPROMWrite16
                0x00419764                frcEEPROMWrite8
                0x00419a4c                frcEEPROMRead8
                0x0041a9dc                frcRTCWrite
                0x00419f3c                frcI2CRead
                0x0041a834                frcRTCRead
                0x0041ab04                frcMACRead
                0x00419b24                frcEEPROMRead16
                0x0041a4e0                frcEEPROMDummyWrite16
                0x0041acb8                EEPROMDetect
                0x0041a7e0                isIntFlagSet
                0x0041afd4                setI2cReady
                0x00419bfc                frcI2cReset
                0x0041a280                frcEEPROMDummyWrite
                0x00419c14                frcI2CWrite
                0x0041b004                setI2cBusy
                0x0041ad6c                frcRTCDummyWrite
                0x0041a808                clearIntFlag
 .text          0x0041b034      0xe50 rtc.o
                0x0041bb48                ismin
                0x0041bbf8                issec
                0x0041bcb0                isyear
                0x0041b9dc                isdate
                0x0041ba98                ishour
                0x0041bdd0                rtccall
                0x0041b27c                settime
                0x0041b8a8                ismon
                0x0041b780                isday
                0x0041b034                gettime
 .text          0x0041be84     0x1758 frcBibShow.o
                0x0041be84                frcBibShow
                0x0041cb40                frcBibDataShow
 .text          0x0041d5dc      0xd3c frcBibDrv.o
                0x0041d930                frcBibDetach
                0x0041d980                frcBibRead
                0x0041d9a4                frcBibWrite
                0x0041ddc0                frcBibDrvShow
                0x0041d5dc                frcBibAttach
 .text          0x0041e318      0x700 bibSupport.o
                0x0041e4bc                frcBibDataWrite
                0x0041e3ec                bibReadIntf
                0x0041e318                bibWriteIntf
                0x0041e8c4                ctohex
 .text          0x0041ea18      0x4a8 pciBoot.o
                0x0041ee98                frcCheckSum
                0x0041ea18                frcPCIDataWrite
 .text          0x0041eec0      0x18c regFileBurn.o
                0x0041eec0                frcBootRegFileBurn
 .text          0x0041f04c      0x538 vpd.o
                0x0041f374                frcVPDRead
                0x0041f12c                frcVPDWrite
                0x0041f04c                frcVPDInit
 .text          0x0041f584    0x295ec tests/testtool.o
                0x004368d8                frcTestBaudRate
                0x004470e8                frcIdmaTestInit0
                0x00433ac4                morefds
                0x00437318                frcTestAltivec
                0x00432764                use_int
                0x004328c0                get_results
                0x00432560                p64
                0x00437388                frcTestPciScan
                0x00427fc0                ramTest32bit
                0x00433d48                fst
                0x004341bc                prtMVReg
                0x004367e8                frcTestBootFlash
                0x00428c1c                test_checkerboard_comparison
                0x00437744                isPMC280TwoOnBoardEth
                0x0043773c                isPMC280BootFlashPresent
                0x00446588                parse8
                0x004378d4                detectUserFlash
                0x00434788                frcTestSerialInfo
                0x004381bc                mpsc_regs_dump
                0x00429b94                memTest_Basic
                0x004289d8                test_or_comparison
                0x00435e70                frcTestIntLatHard
                0x00433d6c                frcSysTest
                0x00432928                save_minimum
                0x00428e28                test_walkbits_comparison
                0x004311ac                now
                0x00431ee0                nano
                0x00435924                frcTestLatInitialization
                0x00433ac8                touch
                0x00446934                ctohex1
                0x00447064                frcAlignedMalloc
                0x0042958c                release_mem
                0x0042e010                rdwr
                0x004324ac                usecs_spent
                0x004367b8                frcTestVPD
                0x00431458                bandwidth_val
                0x004270bc                MoveMemory
                0x00434ce4                frcTestSerial
                0x0041fbc4                RoundInternalFPF
                0x0042a334                getpagesize_lmbench
                0x004319d0                mb
                0x00431710                bandwidth_n
                0x00433d08                print_bytes
                0x00427418                TicksToSecs
                0x00433538                get_enough
                0x00432778                use_pointer
                0x00436e38                frcTestMACAddr
                0x00437078                getPLLCoreMultiplier
                0x00433f1c                frcTestTbReset
                0x004379d0                DCD_regs_dump
                0x00447f34                frcDmaTestStart1
                0x004340c4                getOption
                0x004326c8                last
                0x00435c78                frcTestIntLatSoft
                0x00446dc0                mem_perf
                0x00436a98                atox
                0x00446124                frcEEPROMTestRead
                0x0043440c                testmem_perf
                0x00436a3c                frcTestIsMonarch
                0x0043774c                getPMC280BoardInfo
                0x00428f50                test_bitspread_comparison
                0x00434360                frcTestIDMAScrubChk
                0x00428798                test_verify_success
                0x00446d74                frcTestSwitch
                0x004293ac                extendedTestError
                0x004288dc                test_mul_comparison
                0x00446388                frcTestRTCWrite
                0x00428870                test_sub_comparison
                0x00435fc8                frcTestIntLatency
                0x004469f8                TestIntConnect
                0x00439434                MV64360_regs_dump
                0x00424570                DoIDEA
                0x004483f0                wdValueReg
                0x0043299c                save_median
                0x004274ec                ramTestPrintDot
                0x0042a580                bwMem
                0x0042a33c                frcLmbench
                0x00433c68                frcTestlatMemRead
                0x0043246c                tvsub
                0x00427538                ramTest8bit
                0x0043315c                t_overhead
                0x004271dc                ReportError
                0x00428ac0                test_seqinc_comparison
                0x004262e8                DoLU
                0x00434044                frcTestGettimeUsec
                0x0043259c                p64sz
                0x00434900                frcTestStressSerial
                0x0042746c                printDramErr
                0x00448150                watchdogTest
                0x00427344                StartStopwatch
                0x004313c4                get_n
                0x004458a0                frcTestDispMemMap
                0x00428804                test_xor_comparison
                0x0041f584                SetupCPUEmFloatArrays
                0x00429a3c                memTest_Basic_Ever
                0x0043618c                frcTestDMA
                0x0043789c                isPMC280Monarch
                0x0042723c                ErrorExit
                0x00422cdc                DoBitops
                0x00436470                frcTestDualCPU
                0x004311fc                Now
                0x00448438                frcTestUserFlash
                0x00446d54                frcTestDisable
                0x004313d0                lmbench_settime
                0x00429640                parse_opts
                0x00435840                frcTestMPP18ISR_hard
                0x004270dc                InitMemArray
                0x00447e34                frcDmaCompleteAppIntHandler1
                0x0042705c                FreeMemory
                0x0043000c                loads_i
                0x004231b8                DoEmFloat
                0x0042e944                fcp
                0x004270ec                AddMemArray
                0x00446d28                frcTestConnect
                0x004326e0                bytes
                0x004369dc                frcTestAllTests
                0x0043132c                Delta
                0x004365d4                frcTestBIB
                0x004292d4                test_moving_inv32
                0x00428948                test_div_comparison
                0x00431dcc                context
                0x004294e4                print_summary
                0x00429590                get_mem
                0x0043427c                frcTestChkECC
                0x004379ac                frcDispBoardInfo
                0x00448074                frcTestWatchDogAppStart
                0x004296ac                memtest_extended
                0x00436098                frcTestDispReg
                0x00436a0c                frcTestSummary
                0x0042a21c                tbReset_lmbench
                0x00437700                isPMC280UsrFlashPresent
                0x00426f50                AllocateMemory
                0x00432308                ptime
                0x00447eb0                frcDmaTestStart0
                0x00424d94                DoHuffman
                0x0042944c                print_test_name
                0x0042942c                memboundary_check
                0x0042233c                DoStringSort
                0x0042e2ec                fwr
                0x00435fa4                lat_h
                0x00428d30                test_blockseq_comparison
                0x00428a44                test_and_comparison
                0x0042ed60                latMemRead
                0x004475d0                frcDmaTestTaskEntry0
                0x00427430                TicksToFracSecs
                0x0042728c                gettimeofday
                0x0042e1d0                cpy
                0x004294a8                memtest_usage
                0x004364a0                frcTestI2C_EEPROM
                0x00420760                abs_randwc
                0x00420798                randnum
                0x00431270                delta
                0x0043562c                frcTestEthernet
                0x0044735c                frcIdmaTestInit1
                0x00434688                frcTestMemPerf
                0x00447db8                frcDmaCompleteAppIntHandler0
                0x00427468                sysUserLEDSet
                0x0042081c                dblprint
                0x00436ff0                frcTestDispFreq
                0x00420714                randwc
                0x004368e0                frcTestRTC
                0x004271d8                CreateFile
                0x00433f44                frcTestgettimeofday
                0x00434de4                frcTestSubsysVendID
                0x00434fe4                frcTestConfigEthPorts
                0x004318b8                kb
                0x00421e9c                DoNumSort
                0x004328f0                save_results
                0x0042de38                rd
                0x0042e508                frd
                0x00437d88                mpsc_cause_regs_dump
                0x00435438                frcTestEthModeSet
                0x004358c4                frcTestMPP18ISR_soft
                0x0043241c                tvdelta
                0x004299e0                get_word
                0x0042ff28                step
                0x0042712c                RemoveMemArray
                0x00437980                detectRAMsize
                0x00438f0c                SDMA_RXBD_regs_dump
                0x00423468                DoFourier
                0x00445e20                frcEEPROMTestWrite
                0x004320e8                micromb
                0x004480f4                frcTestWatchDogAppStop
                0x00437574                frcTestEthPHYTestMode
                0x00432f40                l_overhead
                0x00431fe8                micro
                0x00447fb8                watchDogApp
                0x0042df74                wr
                0x00429d94                getParams
                0x004310e0                timing
                0x004372f8                testRdReg
                0x0043278c                insertinit
                0x00427260                tbReset
                0x004457f8                frcTestDispAllPCI0Reg
                0x0042089c                nbench
                0x004466c4                parse16
                0x004324dc                timespent
                0x00431ae8                latency
                0x00437b44                PCI_DCD_regs_dump
                0x0042a244                gettimeofday_lmbench
                0x00437fb8                brg_regs_dump
                0x00425704                DoNNET
                0x00428b24                test_solidbits_comparison
                0x004291d0                test_stuck_address
                0x004310ec                start
                0x00433b40                frcTestbwMem
                0x004313b8                save_n
                0x00432244                milli
                0x00448044                watchDogIsr
                0x0042edec                loads
                0x004449f4                pcicfg0_regs_dump
                0x00431144                stop
                0x00429e30                frcMemTest
                0x004290b8                test_bitflip_comparison
                0x00446cbc                testIsr
                0x004391a0                SDMA_TXBD_regs_dump
                0x00427ab0                ramTest16bit
                0x0041f678                DoEmFloatIteration
                0x0043424c                frcTestWhoAmI
                0x00437ca0                PCI_REMAP_regs_dump
                0x00447a04                frcDmaTestTaskEntry1
                0x0042a128                frcTestMemTest
                0x004327c4                insertsort
                0x00421e44                doubleTest
                0x004376c8                isPMC280DualCPU
                0x00431554                bandwidth
                0x004273a0                StopStopwatch
                0x00434e80                frcTestEthLinkDetails
                0x00436440                frcTestMV64360Semaphore
                0x00423a10                DoAssign
                0x00446514                frcTestRTCRead
 .text          0x00448b70      0x2f4 usrDma.o
                0x00448ca0                myfill
                0x00448d94                usrPci2PciDmaStart
                0x00448b70                usrDmaInit
                0x00448d1c                usrMem2MemDmaStart
                0x00448dec                usrReadGPR
                0x00448d44                usrPci2MemDmaStart
                0x00448d6c                usrMem2PciDmaStart
                0x00448e28                usrWriteGPR
                0x00448dbc                usrDmaDone
 .text          0x00448e64       0x18 sysAUtil.o
                0x00448e74                sysTimeBaseLGet
                0x00448e64                sysTimeBaseLPut
 .text          0x00448e7c      0x22c /usr/local/clas/devel/VxWorks55/ppc/target/lib/ppc/PPC604/common/libarch.a(altivecArchLib.o)
                0x00449060                altivecRegsToCtx
                0x00448eac                altivecArchTaskCreateInit
                0x00449024                altivecProbe
                0x00448ed4                altivecTaskRegsGet
                0x00448e7c                altivecArchInit
                0x00448f7c                altivecTaskRegsSet
                0x00449084                altivecCtxToRegs
 .text          0x004490a8      0x1b4 /usr/local/clas/devel/VxWorks55/ppc/target/lib/ppc/PPC604/common/libarch.a(altivecLib.o)
                0x004490a8                altivecInit
 .text          0x0044925c       0xe4 /usr/local/clas/devel/VxWorks55/ppc/target/lib/ppc/PPC604/common/libarch.a(altivecShow.o)
                0x0044925c                altivecShowInit
                0x00449294                altivecTaskRegsShow
 .text          0x00449340      0x2c0 /usr/local/clas/devel/VxWorks55/ppc/target/lib/ppc/PPC604/common/libarch.a(bALib.o)
                0x004495d8                swab
                0x004495bc                bfillBytes
                0x0044953c                bcopyLongs
                0x004494f4                bcopyBytes
                0x00449514                bcopyWords
                0x00449340                bcopy
                0x00449564                bfill
 .text          0x00449600      0x674 /usr/local/clas/devel/VxWorks55/ppc/target/lib/ppc/PPC604/common/libarch.a(cacheArchLib.o)
                0x00449a90                cacheArchDmaMalloc
                0x00449944                cacheArchDisableFromMmu
                0x00449718                cacheArchEnable
                0x00449600                cacheArchLibInit
                0x00449a18                cacheErrnoSet
                0x00449bc0                cacheArchDmaFree
                0x0044983c                cacheArchDisable
 .text          0x00449c74      0xcb0 /usr/local/clas/devel/VxWorks55/ppc/target/lib/ppc/PPC604/common/libarch.a(excArchLib.o)
                0x0044a480                excVecBaseGet
                0x0044a26c                excVecSet
                0x00449c74                excVecInit
                0x0044a48c                excExcHandle
                0x0044a438                excVecBaseSet
                0x00449fa8                excRelocIntConnect
                0x0044a3a8                excVecGet
                0x00449e2c                vecOffRelocMatchRev
                0x00449e98                excRelocConnect
                0x0044a778                excIntHandle
                0x00449e74                excConnect
                0x00449dc0                vecOffRelocMatch
                0x00449f84                excIntConnect
 .text          0x0044a924      0x45c /usr/local/clas/devel/VxWorks55/ppc/target/lib/ppc/PPC604/common/libarch.a(excArchShow.o)
                0x0044a924                excShowInit
 .text          0x0044ad80      0x4c4 /usr/local/clas/devel/VxWorks55/ppc/target/lib/ppc/PPC604/common/libarch.a(intALib.o)
                0x0044b22c                intUnlock
                0x0044b218                intLock
                0x0044af54                intExit
                0x0044ad80                intEnt
 .text          0x0044b244      0x210 /usr/local/clas/devel/VxWorks55/ppc/target/lib/ppc/PPC604/common/libarch.a(intArchLib.o)
                0x0044b2f0                intVecBaseSet
                0x0044b41c                intLockLevelSet
                0x0044b43c                intRegsUnlock
                0x0044b39c                intEnable
                0x0044b280                intVecSet
                0x0044b3dc                intDisable
                0x0044b428                intRegsLock
                0x0044b244                intConnect
                0x0044b420                intLockLevelGet
                0x0044b324                intVecBaseGet
                0x0044b360                intLevelSet
                0x0044b2b4                intVecGet
 .text          0x0044b454      0x834 /usr/local/clas/devel/VxWorks55/ppc/target/lib/ppc/PPC604/common/libarch.a(trcLib.o)
                0x0044b454                trcStack
 .text          0x0044bc88      0x228 /usr/local/clas/devel/VxWorks55/ppc/target/lib/ppc/PPC604/common/libarch.a(vxALib.o)
                0x0044bd60                vxHid0Set
                0x0044bcf4                vxDsisrSet
                0x0044bddc                vxTimeBaseGet
                0x0044bda8                vxFpscrGet
                0x0044bcc0                vxMsrSet
                0x0044be88                vmpxx
                0x0044bcb8                vxMsrGet
                0x0044bcdc                vxSrr0Get
                0x0044bcec                vxDarSet
                0x0044bd24                vxPowerDown
                0x0044bd80                vxFpscrSet
                0x0044bdfc                vxDecSet
                0x0044bdc8                vxTimeBaseSet
                0x0044bd70                vxHid0Get
                0x0044bcd4                vxDsisrGet
                0x0044bcfc                vxSrr0Set
                0x0044bc88                vxTas
                0x0044be90                vxGhsFlagSet
                0x0044bd1c                vxEieio
                0x0044be04                vxDecGet
                0x0044bccc                vxDarGet
                0x0044bd0c                vxFirstBit
                0x0044be2c                vxMemProbeSup
                0x0044bd14                vxPvrGet
                0x0044bea4                vxImmrDevGet
                0x0044be0c                vxDecReload
                0x0044be98                vxImmrIsbGet
                0x0044bd04                vxSrr1Set
                0x0044bce4                vxSrr1Get
                0x0044bd78                vxHid1Get
 .text          0x0044beb0      0x234 /usr/local/clas/devel/VxWorks55/ppc/target/lib/ppc/PPC604/common/libarch.a(vxLib.o)
                0x0044bec4                vxMemArchProbe
                0x0044c0d8                vxPowerModeGet
                0x0044c08c                vxPowerModeSet
                0x0044c050                vxMemProbe
 *fill*         0x0044c0e4        0x4
 .text          0x0044c0e8      0xd2c /usr/local/clas/devel/VxWorks55/ppc/target/lib/ppc/PPC604/common/libarch.a(pow.o)
                0x0044cab4                log
                0x0044c0e8                pow
                0x0044cc58                log10
                0x0044c700                exp
 *fill*         0x0044ce14        0x4
 .text          0x0044ce18      0x208 /usr/local/clas/devel/VxWorks55/ppc/target/lib/ppc/PPC604/common/libarch.a(sqrt.o)
                0x0044ce18                sqrt
 .text          0x0044d020      0x1c4 /usr/local/clas/devel/VxWorks55/ppc/target/lib/ppc/PPC604/common/libarch.a(trig.o)
                0x0044d1d0                cos
                0x0044d020                sin
 .text          0x0044d1e4      0x280 /usr/local/clas/devel/VxWorks55/ppc/target/lib/ppc/PPC604/common/libarch.a(altivecALib.o)
                0x0044d328                altivecRestore
                0x0044d1e4                altivecSave
 .text          0x0044d464      0x1f0 /usr/local/clas/devel/VxWorks55/ppc/target/lib/ppc/PPC604/common/libarch.a(cacheALib.o)
                0x0044d5f0                cacheArchTextUpdate
                0x0044d464                cachePpcEnable
                0x0044d644                cacheArchPipeFlush
                0x0044d594                cacheArchInvalidate
                0x0044d5cc                cacheArchFlush
                0x0044d4a8                cachePpcDisable
 .text          0x0044d654      0x21c /usr/local/clas/devel/VxWorks55/ppc/target/lib/ppc/PPC604/common/libarch.a(excALib.o)
                0x0044d784                excExit
                0x0044d654                excEnt
                0x0044d84c                excEPSet
 .text          0x0044d870     0x10a8 /usr/local/clas/devel/VxWorks55/ppc/target/lib/ppc/PPC604/common/libdrv.a(endLib.o)
                0x0044e478                endEtherPacketDataGet
                0x0044d8e4                tkRcvRtnCall
                0x0044d9f8                endFlagsClr
                0x0044e28c                endEtherAddressForm
                0x0044de84                endObjInit
                0x0044dc00                endMibIfInit
                0x0044daf0                endMultiLstFirst
                0x0044da38                endFlagsSet
                0x0044daa4                endMultiLstCnt
                0x0044e61c                endEtherPacketAddrGet
                0x0044db80                endDevName
                0x0044db3c                endMultiLstNext
                0x0044d978                endTxSemTake
                0x0044d9bc                endTxSemGive
                0x0044e018                end8023AddressForm
                0x0044dfd4                endObjFlagSet
                0x0044d870                endRcvRtnCall
                0x0044da74                endFlagsGet
                0x0044dd0c                mib2Init
                0x0044ddb0                mib2ErrorAdd
                0x0044e814                endPollStatsInit
                0x0044dbb0                endObjectUnload
 .text          0x0044e918      0x5b0 /usr/local/clas/devel/VxWorks55/ppc/target/lib/ppc/PPC604/common/libdrv.a(if_loop.o)
                0x0044e918                loattach
                0x0044ea14                looutput
 .text          0x0044eec8     0x1f84 /usr/local/clas/devel/VxWorks55/ppc/target/lib/ppc/PPC604/common/libnet.a(if.o)
                0x0044f024                ifreset
                0x0044f1f8                if_attach
                0x00450214                if_slowtimoRestart
                0x004501b8                if_qflush
                0x0044fea0                link_rtrequest
                0x0044ff88                if_down
                0x0044fb58                ifaof_ifpforaddr
                0x0044efcc                ifreset2
                0x0044f10c                ifresetImmediate
                0x004508ac                ifconf
                0x004500c0                if_up
                0x0044fc94                ifa_ifwithroute
                0x0044eec8                ifinit
                0x0044f8b4                ifa_ifwithdstaddr
                0x0044f964                ifa_ifwithnet
                0x0044fda8                ifafree
                0x00450b04                ifpromisc
                0x0044f7e8                ifa_ifwithaddr
                0x0044f788                ifIndexToIfp
                0x0044fb08                ifa_ifwithaf
                0x004503f0                ifioctl
                0x0044f520                if_dettach
                0x00450250                if_slowtimo
 .text          0x00450e4c     0x29bc /usr/local/clas/devel/VxWorks55/ppc/target/lib/ppc/PPC604/common/libnet.a(if_ether.o)
                0x00451878                arpresolve
                0x00451d6c                arpintr
                0x0045341c                ether_sprintf
                0x004532c8                _arpCmd
                0x00453774                _db_show_arptab
                0x0045290c                arptfree
                0x004537e0                db_show_arptab
                0x004533bc                arpEntryDelete
                0x00451598                arpwhohas
                0x00451068                arp_rtrequest
                0x0045102c                ipEtherResolvRtn
                0x00452b1c                arpioctl
                0x00453484                db_print_sa
                0x00450ff4                ipToEtherMCastMap
 .text          0x00453808     0x1a54 /usr/local/clas/devel/VxWorks55/ppc/target/lib/ppc/PPC604/common/libnet.a(if_subr.o)
                0x00454b50                copyFromMbufs
                0x00454e9c                set_if_addr
                0x00454f40                ether_attach
                0x00453808                ether_output
                0x00454364                ether_addmulti
                0x004551a8                netTypeDelete
                0x00454b28                bcopy_to_mbufs
                0x0045422c                ether_ifattach
                0x00454e44                do_protocol_with_type
                0x00454d28                build_cluster
                0x00454b24                check_trailer
                0x0045508c                netTypeAdd
                0x004547ac                ether_delmulti
                0x00454084                ether_input
                0x00455234                netTypeInit
 .text          0x0045525c     0x1f04 /usr/local/clas/devel/VxWorks55/ppc/target/lib/ppc/PPC604/common/libnet.a(in.o)
                0x00456f90                mcastHashTblInsert
                0x0045639c                in_ifscrub
                0x00456d30                in_delmulti
                0x00455538                in_control
                0x0045694c                in_broadcast
                0x0045525c                inet_netmatch
                0x00455364                in_localaddr
                0x004564bc                in_ifinit
                0x004552cc                in_netof
                0x004569e8                in_addmulti
                0x00457068                mcastHashTblLookup
                0x004553ec                in_canforward
                0x00455454                in_socktrim
                0x00456f20                in_iaonnetof
                0x00456830                in_ifaddr_remove
                0x00456f54                mcastHashInit
                0x0045548c                in_lnaof
                0x00457014                mcastHashTblDelete
 .text          0x00457160     0x2304 /usr/local/clas/devel/VxWorks55/ppc/target/lib/ppc/PPC604/common/libnet.a(ip_input.o)
                0x004587f4                ip_drain
                0x00458870                ip_dooptions
                0x00458e1c                ip_stripoptions
                0x004573ec                ipintr
                0x00457160                ip_init
                0x0045869c                ip_slowtimo
                0x00458eb0                ip_forward
                0x00458d44                ip_rtaddr
                0x00458610                iptime
                0x004584cc                ip_freef
 .text          0x00459464     0x2478 /usr/local/clas/devel/VxWorks55/ppc/target/lib/ppc/PPC604/common/libnet.a(ip_output.o)
                0x00459464                ip_output
                0x0045aa1c                ip_ctloutput
                0x0045b6e4                ip_mloopback
                0x0045a914                ip_optcopy
                0x0045b54c                ip_getmoptions
                0x0045af44                ip_pcbopts
                0x0045b67c                ip_freemoptions
 .text          0x0045b8dc     0x214c /usr/local/clas/devel/VxWorks55/ppc/target/lib/ppc/PPC604/common/libnet.a(radix.o)
                0x0045cafc                rn_delete
                0x0045b8dc                rn_search
                0x0045bbac                rn_match
                0x0045bef8                rn_insert
                0x0045beb0                rn_newpair
                0x0045d520                rn_walktree
                0x0045c06c                rn_addmask
                0x0045d370                rn_walksubtree
                0x0045b958                rn_refines
                0x0045d75c                rn_destroyhead
                0x0045b914                rn_search_m
                0x0045d790                rn_init
                0x0045ba30                rn_lookup
                0x0045c628                rn_addroute
                0x0045d610                rn_inithead
 .text          0x0045da28     0x278c /usr/local/clas/devel/VxWorks55/ppc/target/lib/ppc/PPC604/common/libnet.a(route.o)
                0x0045fcfc                rt_maskedcopy
                0x0045e47c                rtfree
                0x0045fa2c                rt_fixdelete
                0x0045da9c                route_init
                0x0045e938                rtredirect
                0x0045deb0                routeDrain
                0x0045f030                rtrequest
                0x0045df98                rtalloc1
                0x0045fa88                rt_setgate
                0x0045fd9c                rtinit
                0x0045f7a8                routeSwap
                0x0045da28                rtable_init
                0x0045ed20                rtioctl
                0x0045df38                rtalloc
 .text          0x004601b4     0x22c8 /usr/local/clas/devel/VxWorks55/ppc/target/lib/ppc/PPC604/common/libnet.a(udp_usrreq.o)
                0x00461b94                udp_output
                0x00461f90                udp_usrreq
                0x004602bc                udp_input
                0x004601b4                udp_init
                0x00461a10                udp_ctlinput
 .text          0x0046247c      0x540 /usr/local/clas/devel/VxWorks55/ppc/target/lib/ppc/PPC604/common/libnet.a(uipc_dom.o)
                0x00462780                pfctlinput
                0x0046247c                addDomain
                0x004626bc                net_sysctl
                0x00462590                pffindtype
                0x004624a4                domaininit
                0x00462600                pffindproto
 .text          0x004629bc      0xcb8 /usr/local/clas/devel/VxWorks55/ppc/target/lib/ppc/PPC604/common/libnet.a(uipc_mbuf.o)
                0x00462b80                mbinit
                0x00463164                m_pullup
                0x00462e04                mHdrClGet
                0x00462ff0                m_adj
                0x00462fcc                m_cat
                0x00462d50                mBufClGet
                0x00462ecc                m_getclr
                0x00462f10                m_prepend
                0x00463394                m_devget
 .text          0x00463674     0x17d8 /usr/local/clas/devel/VxWorks55/ppc/target/lib/ppc/PPC604/common/libnet.a(uipc_sock2.o)
                0x00463b48                soqremque
                0x00464b6c                sbdrop
                0x00463c08                socantrcvmore
                0x00463778                soisdisconnecting
                0x00463cac                sbseldequeue
                0x00463fd8                soreserve
                0x004640f8                sbrelease
                0x00464dcc                sbdroprecord
                0x00463df0                sb_lock
                0x00463688                soisconnected
                0x0046408c                sbreserve
                0x00463e48                sbwakeup
                0x00464140                sbappend
                0x004641b0                sbappendrecord
                0x004645d0                sbappendcontrol
                0x00463c68                sbselqueue
                0x004637f8                soisdisconnected
                0x00463ac4                soqinsque
                0x00463f7c                sowakeup
                0x004649ac                sbflush
                0x00463880                sonewconn1
                0x00464358                sbappendaddr
                0x00463bd0                socantsendmore
                0x00463674                soisconnecting
                0x004647d8                sbcompress
                0x00463d08                sbwait
                0x00464278                sbinsertoob
 .text          0x00464e4c      0x4dc /usr/local/clas/devel/VxWorks55/ppc/target/lib/ppc/PPC604/common/libnet.a(unixLib.o)
                0x004650b4                _insque
                0x00464f4c                splimp
                0x004651c4                _netFree
                0x00465094                wakeup
                0x004650e8                panic
                0x0046516c                _netMalloc
                0x00464ee4                splnet2
                0x00464e7c                splnet
                0x00464fb4                splx
                0x00464fec                ksleep
                0x004650cc                _remque
                0x004651f0                hashinit
                0x00464e4c                splSemInit
 .text          0x00465328     0x21ec /usr/local/clas/devel/VxWorks55/ppc/target/lib/ppc/PPC604/common/libnet.a(ipProto.o)
                0x004665e8                ipDetach
                0x004659c8                ipTkError
                0x00465b88                ipAttach
                0x004674dc                ipMuxCookieGet
 .text          0x00467514     0x1cec /usr/local/clas/devel/VxWorks55/ppc/target/lib/ppc/PPC604/common/libnet.a(bsdSockLib.o)
                0x00468d6c                bsdGetsockopt
                0x00468c80                bsdSetsockopt
                0x004684c4                bsdRecvfrom
                0x0046908c                bsdGetpeername
                0x00467514                bsdSockLibInit
                0x00467f60                bsdSend
                0x004691b0                bsdShutdown
                0x00468f80                bsdGetsockname
                0x00467d88                bsdSendto
                0x00468900                bsdRecvmsg
                0x0046771c                bsdBind
                0x004686b8                bsdRecv
                0x004677c0                bsdListen
                0x004681c4                bsdSendmsg
                0x00467a4c                bsdConnect
                0x00467820                bsdAccept
                0x004675c8                bsdSocket
                0x004691f8                bsdZbufSockRtn
                0x00467bdc                bsdConnectWithTimeout
 .text          0x00469200      0x358 /usr/local/clas/devel/VxWorks55/ppc/target/lib/ppc/PPC604/common/libnet.a(etherMultiLib.o)
                0x00469200                etherMultiAdd
                0x004693ac                etherMultiDel
                0x00469454                etherMultiGet
 .text          0x00469558     0x1e08 /usr/local/clas/devel/VxWorks55/ppc/target/lib/ppc/PPC604/common/libnet.a(ftpLib.o)
                0x0046a5c8                ftpLogin
                0x0046a07c                ftpReplyGet
                0x00469558                ftpCommand
                0x0046b120                ftpTransientConfigGet
                0x0046b0fc                ftpLibDebugOptionsSet
                0x0046959c                ftpCommandEnhanced
                0x00469770                ftpXfer
                0x0046a6f4                ftpDataConnInitPassiveMode
                0x0046a0bc                ftpReplyGetEnhanced
                0x0046b180                ftpTransientFatalInstall
                0x0046af24                ftpDataConnGet
                0x0046aa50                ftpDataConnInit
                0x0046a370                ftpHookup
                0x0046af88                ftpLs
                0x0046b108                ftpTransientConfigSet
 .text          0x0046b360      0x810 /usr/local/clas/devel/VxWorks55/ppc/target/lib/ppc/PPC604/common/libnet.a(hostLib.o)
                0x0046b360                hostTblInit
                0x0046b828                hostGetByName
                0x0046bab0                sethostname
                0x0046b740                hostTblSearchByName
                0x0046b57c                hostDelete
                0x0046b3b4                hostAdd
                0x0046bb04                gethostname
                0x0046b8c0                hostTblSearchByAddr
                0x0046b994                hostGetByAddr
 .text          0x0046bb70      0x8c8 /usr/local/clas/devel/VxWorks55/ppc/target/lib/ppc/PPC604/common/libnet.a(icmpLib.o)
                0x0046bb70                icmpLibInit
                0x0046c2fc                ipHeaderCreate
                0x0046c3b4                ipHeaderVerify
                0x0046bc60                icmpMaskGet
 .text          0x0046c438     0x11d4 /usr/local/clas/devel/VxWorks55/ppc/target/lib/ppc/PPC604/common/libnet.a(ifLib.o)
                0x0046d3f0                ifRouteEnable
                0x0046d2c4                ifIndexToIfName
                0x0046c7c8                ifMaskGet
                0x0046c604                ifAddrDelete
                0x0046c630                ifAddrGet
                0x0046c8cc                ifFlagSet
                0x0046cd18                ifRouteDelete
                0x0046c8f8                ifFlagGet
                0x0046d108                ifunit
                0x0046d260                ifNameToIfIndex
                0x0046c6e0                ifDstAddrGet
                0x0046c950                ifMetricGet
                0x0046c7f4                ifFlagChange
                0x0046c65c                ifBroadcastSet
                0x0046c6b4                ifDstAddrSet
                0x0046d5cc                ifRouteCleanup
                0x0046c438                ifAddrAdd
                0x0046c924                ifMetricSet
                0x0046d034                ifAllRoutesDelete
                0x0046d4fc                ifRouteDisable
                0x0046c79c                ifMaskSet
                0x0046c688                ifBroadcastGet
                0x0046c5d8                ifAddrSet
 .text          0x0046d60c       0xf4 /usr/local/clas/devel/VxWorks55/ppc/target/lib/ppc/PPC604/common/libnet.a(igmpLib.o)
                0x0046d60c                igmpLibInit
 .text          0x0046d700      0x694 /usr/local/clas/devel/VxWorks55/ppc/target/lib/ppc/PPC604/common/libnet.a(inetLib.o)
                0x0046da80                inet_netof_string
                0x0046d974                inet_makeaddr_b
                0x0046dc6c                inet_ntoa_b
                0x0046d928                inet_lnaof
                0x0046d9d4                inet_makeaddr
                0x0046da34                inet_netof
                0x0046d700                inet_addr
                0x0046dad8                inet_network
                0x0046dd08                inet_aton
                0x0046dcb4                inet_ntoa
 .text          0x0046dd94      0x2d8 /usr/local/clas/devel/VxWorks55/ppc/target/lib/ppc/PPC604/common/libnet.a(ipLib.o)
                0x0046ddb8                ipLibMultiInit
                0x0046dee0                rawIpLibInit
                0x0046dd94                ipLibInit
                0x0046dfa4                rawLibInit
 .text          0x0046e06c     0x2b88 /usr/local/clas/devel/VxWorks55/ppc/target/lib/ppc/PPC604/common/libnet.a(muxLib.o)
                0x00470850                muxPollDevDel
                0x0046f600                muxLinkHeaderCreate
                0x0046ff80                muxDevStopAll
                0x00470218                muxPollTask
                0x0046feb0                muxAddrResFuncDel
                0x004703b8                muxTaskPrioritySet
                0x0046f1b0                muxMCastAddrAdd
                0x0046fa28                endFindByName
                0x0046e504                muxShow
                0x0046ee48                muxPollReceive
                0x0046f2b8                muxUnbind
                0x00470394                muxTaskDelayGet
                0x0046f260                muxMCastAddrGet
                0x0046e7b8                muxBind
                0x00470604                muxPollEnd
                0x0046fd08                muxAddrResFuncAdd
                0x0046ea80                muxSend
                0x0047016c                muxDevStartAll
                0x00470374                muxTaskDelaySet
                0x0046fe28                muxAddrResFuncGet
                0x0046fb24                muxTxRestart
                0x0046eea0                muxIoctl
                0x0046e3d0                muxDevStart
                0x0046f40c                muxDevUnload
                0x0046e178                muxDevLoad
                0x0046f930                muxPacketDataGet
                0x0046ed64                muxPollSend
                0x0046f7a0                muxAddressForm
                0x0046eb90                muxReceive
                0x00470ab4                muxIterateByName
                0x0046faf8                muxDevExists
                0x0047046c                muxPollStart
                0x0046fc0c                muxError
                0x00470448                muxTaskPriorityGet
                0x0046f208                muxMCastAddrDel
                0x0046e4ac                muxDevStop
                0x0046e06c                muxLibInit
                0x0046f99c                muxPacketAddrGet
                0x00470718                muxPollDevAdd
                0x004709c4                muxPollDevStat
 .text          0x00470bf4     0x18ac /usr/local/clas/devel/VxWorks55/ppc/target/lib/ppc/PPC604/common/libnet.a(muxTkLib.o)
                0x00471734                muxTkSend
                0x004717f4                muxTkPollReceive
                0x004722e4                muxTkBindUpdate
                0x004723b8                muxTkUnloadUpdate
                0x00471250                muxTkReceive
                0x00470d94                muxTkBind
                0x00472134                muxTkDevLoadUpdate
                0x0047179c                muxTkPollSend
                0x004722c4                muxTkUnbindUpdate
                0x00472058                muxTkBibInit
                0x00470cc8                muxTkCookieGet
                0x00471eb4                muxTkBibShow
                0x00471960                muxTkPollReceive2
                0x00470bf4                muxTkDrvCheck
 .text          0x004724a0      0x300 /usr/local/clas/devel/VxWorks55/ppc/target/lib/ppc/PPC604/common/libnet.a(netLib.o)
                0x00472644                netTask
                0x004726d0                netJobAdd
                0x004724a0                netLibGeneralInit
                0x00472520                netLibInit
                0x00472780                netErrnoSet
 .text          0x004727a0      0xaa0 /usr/local/clas/devel/VxWorks55/ppc/target/lib/ppc/PPC604/common/libnet.a(pingLib.o)
                0x004727f0                ping
                0x004727a0                pingLibInit
 .text          0x00473240      0x7f0 /usr/local/clas/devel/VxWorks55/ppc/target/lib/ppc/PPC604/common/libnet.a(remLib.o)
                0x0047324c                rcmd
                0x00473240                remLibInit
                0x0047389c                iam
                0x0047377c                remCurIdGet
                0x004738dc                whoami
                0x004737d0                remCurIdSet
                0x004736e4                rresvport
                0x00473934                bindresvport
 .text          0x00473a30      0x928 /usr/local/clas/devel/VxWorks55/ppc/target/lib/ppc/PPC604/common/libnet.a(routeLib.o)
                0x00473c04                routeCmd
                0x00473fc8                mRouteEntryAdd
                0x00473a30                routeAdd
                0x00474250                mRouteDelete
                0x00473c98                routeEntryFill
                0x00473d94                mRouteAdd
                0x00473b34                routeDelete
                0x00473fec                mRouteEntryDelete
                0x00473e2c                mPrivRouteEntryAdd
                0x00474194                mPrivRouteEntryDelete
                0x00473a58                routeNetAdd
 .text          0x00474358      0x2f4 /usr/local/clas/devel/VxWorks55/ppc/target/lib/ppc/PPC604/common/libnet.a(routeCommonLib.o)
                0x0047454c                routeMetricSet
                0x00474414                rtrequestDelEqui
                0x0047444c                routeAgeSet
                0x00474358                rtrequestAddEqui
 .text          0x0047464c      0xdcc /usr/local/clas/devel/VxWorks55/ppc/target/lib/ppc/PPC604/common/libnet.a(sockLib.o)
                0x00474ed0                recv
                0x00474a38                connect
                0x004746d0                sockLibAdd
                0x00474de0                recvfrom
                0x0047478c                socket
                0x0047464c                sockLibInit
                0x00474c90                send
                0x0047496c                accept
                0x0047483c                bind
                0x00475028                setsockopt
                0x00474d3c                sendmsg
                0x00474ba0                sendto
                0x004748dc                listen
                0x00475334                shutdown
                0x0047527c                getpeername
                0x004750ec                getsockopt
                0x00474ae4                connectWithTimeout
                0x004753cc                sockFdtosockFunc
                0x00474f84                recvmsg
                0x004751c4                getsockname
 .text          0x00475418      0x23c /usr/local/clas/devel/VxWorks55/ppc/target/lib/ppc/PPC604/common/libnet.a(tcpLib.o)
                0x00475418                tcpLibInit
 .text          0x00475654     0x19d4 /usr/local/clas/devel/VxWorks55/ppc/target/lib/ppc/PPC604/common/libnet.a(tftpLib.o)
                0x00476b14                tftpErrorCreate
                0x00475bc4                tftpModeSet
                0x004759a8                tftpCopy
                0x00476468                tftpQuit
                0x00475654                tftpXfer
                0x004764c0                tftpSend
                0x00475af0                tftpInit
                0x0047636c                tftpInfoShow
                0x00476094                tftpGet
                0x004758f8                tftpTask
                0x00475cbc                tftpPeerSet
                0x00475dec                tftpPut
 .text          0x00477028      0x13c /usr/local/clas/devel/VxWorks55/ppc/target/lib/ppc/PPC604/common/libnet.a(udpLib.o)
                0x00477028                udpLibInit
 .text          0x00477164     0x19dc /usr/local/clas/devel/VxWorks55/ppc/target/lib/ppc/PPC604/common/libnet.a(netBufLib.o)
                0x00478184                netClFree
                0x004781c8                netMblkClFree
                0x00478294                netClBlkGet
                0x00478674                netMblkChainDup
                0x00478454                netClBlkJoin
                0x00477fc8                netPoolKheapInit
                0x004785bc                netMblkDup
                0x00478138                netClBlkFree
                0x00478a50                netTupleGet2
                0x00477f64                netBufLibInit
                0x004780f4                netMblkFree
                0x0047852c                netMblkToBufCopy
                0x0047832c                netMblkClGet
                0x00478208                netMblkClChainFree
                0x00478024                netPoolDelete
                0x00478378                netTupleGet
                0x00477f6c                netPoolInit
                0x004788b8                netMblkOffsetToBufCopy
                0x00478248                netMblkGet
                0x004782e0                netClusterGet
                0x004784e0                netClPoolIdGet
                0x004784a0                netMblkClJoin
 .text          0x00478b40      0x1b4 /usr/local/clas/devel/VxWorks55/ppc/target/lib/ppc/PPC604/common/libnet.a(ifIndexLib.o)
                0x00478c74                ifIndexTest
                0x00478bf0                ifIndexAlloc
                0x00478b8c                ifIndexLibShutdown
                0x00478b40                ifIndexLibInit
 .text          0x00478cf4     0x1238 /usr/local/clas/devel/VxWorks55/ppc/target/lib/ppc/PPC604/common/libnet.a(igmp.o)
                0x004799bc                igmp_fasttimo
                0x00479b7c                igmp_slowtimo
                0x00478efc                igmp_input
                0x00478cf4                igmp_init
 .text          0x00479f2c      0x300 /usr/local/clas/devel/VxWorks55/ppc/target/lib/ppc/PPC604/common/libnet.a(in_cksum.o)
                0x00479f2c                in_cksum
 .text          0x0047a22c     0x1a24 /usr/local/clas/devel/VxWorks55/ppc/target/lib/ppc/PPC604/common/libnet.a(in_pcb.o)
                0x0047a22c                in_pcballoc
                0x0047bb4c                in_pcbinshash
                0x0047b3f8                in_pcbnotify
                0x0047b7c8                in_rtchange
                0x0047b808                in_pcblookup
                0x0047a38c                in_pcbbind
                0x0047b378                in_setpeeraddr
                0x0047b650                in_losing
                0x0047a958                in_pcbladdr
                0x0047b2f8                in_setsockaddr
                0x0047b244                in_pcbdetach
                0x0047b96c                in_pcblookuphash
                0x0047af0c                in_pcbconnect
                0x0047b14c                in_pcbdisconnect
                0x0047bba8                in_pcbrehash
 .text          0x0047bc50     0x1644 /usr/local/clas/devel/VxWorks55/ppc/target/lib/ppc/PPC604/common/libnet.a(ip_icmp.o)
                0x0047d17c                icmp_ctloutput
                0x0047c2a0                icmp_input
                0x0047bc50                icmp_init
 .text          0x0047d294     0x12fc /usr/local/clas/devel/VxWorks55/ppc/target/lib/ppc/PPC604/common/libnet.a(raw_ip.o)
                0x0047df0c                rip_usrreq
                0x0047d938                rip_output
                0x0047db74                rip_ctloutput
                0x0047d294                rip_init
                0x0047d398                rip_input
 .text          0x0047e590      0x564 /usr/local/clas/devel/VxWorks55/ppc/target/lib/ppc/PPC604/common/libnet.a(sys_socket.o)
                0x0047e7f8                soo_select
                0x0047e9c8                soo_unselect
                0x0047e590                soo_ioctl
 .text          0x0047eaf4     0x3698 /usr/local/clas/devel/VxWorks55/ppc/target/lib/ppc/PPC604/common/libnet.a(tcp_input.o)
                0x00481c6c                tcp_pulloutofband
                0x00481ee8                tcp_mss
                0x00481a74                tcp_dooptions
                0x0047eaf4                tcp_reass
                0x00481dec                tcp_xmit_timer
                0x0047ef7c                tcp_input
 .text          0x0048218c      0xdc0 /usr/local/clas/devel/VxWorks55/ppc/target/lib/ppc/PPC604/common/libnet.a(tcp_output.o)
                0x00482e98                tcp_setpersist
                0x0048218c                tcp_output
 .text          0x00482f4c     0x11f4 /usr/local/clas/devel/VxWorks55/ppc/target/lib/ppc/PPC604/common/libnet.a(tcp_subr.o)
                0x00482f4c                tcpRandHookAdd
                0x004837a4                tcp_close
                0x00483248                tcp_respond
                0x00483f24                tcp_rtlookup
                0x00483a80                tcp_notify
                0x00483d58                tcp_ctlinput
                0x00483a7c                tcp_drain
                0x00483fa0                tcp_updatemtu
                0x00483f0c                tcp_quench
                0x00482f80                tcp_init
                0x00483178                tcp_template
                0x00482f6c                tcpRandHookDelete
                0x00483544                tcp_newtcpcb
                0x00483624                tcp_drop
 .text          0x00484140      0x7a8 /usr/local/clas/devel/VxWorks55/ppc/target/lib/ppc/PPC604/common/libnet.a(tcp_timer.o)
                0x004844c0                tcp_canceltimers
                0x00484140                tcp_fasttimo
                0x00484280                tcp_slowtimo
                0x004844e0                tcp_timers
 .text          0x004848e8     0x1018 /usr/local/clas/devel/VxWorks55/ppc/target/lib/ppc/PPC604/common/libnet.a(tcp_usrreq.o)
                0x004854ec                tcp_attach
                0x00485708                tcp_disconnect
                0x00485854                tcp_usrclosed
                0x004848e8                tcp_usrreq
                0x004851b0                tcp_ctloutput
 .text          0x00485900     0x2d38 /usr/local/clas/devel/VxWorks55/ppc/target/lib/ppc/PPC604/common/libnet.a(uipc_sock.o)
                0x00487338                soreceive
                0x004865d4                soaccept
                0x00487e08                soshutdown
                0x004864e4                soabort
                0x00485ea0                sofree
                0x004869bc                soconnect2
                0x00488020                sosetopt
                0x00488524                uiomove
                0x004867b4                soconnect
                0x00487f30                sorflush
                0x00485d20                solisten
                0x00486a48                sodisconnect
                0x00485c04                sobind
                0x004860f0                soclose
                0x004882e8                sogetopt
                0x00486b84                sosend
                0x00485900                socreate
                0x00488520                sohasoutofband
 .text          0x00488638      0x51c /usr/local/clas/devel/VxWorks55/ppc/target/lib/ppc/PPC604/common/libnet.a(random.o)
                0x00488a94                random
                0x00488910                setstate
                0x00488738                initstate
                0x00488638                srandom
 .text          0x00488b54       0xa8 /usr/local/clas/devel/VxWorks55/ppc/target/lib/ppc/PPC604/common/libos.a(fabs.o)
                0x00488b54                fabs
 .text          0x00488bfc      0x120 /usr/local/clas/devel/VxWorks55/ppc/target/lib/ppc/PPC604/common/libos.a(fclose.o)
                0x00488bfc                fclose
 .text          0x00488d1c      0x178 /usr/local/clas/devel/VxWorks55/ppc/target/lib/ppc/PPC604/common/libos.a(fflush.o)
                0x00488d1c                fflush
                0x00488d9c                __sflush
 .text          0x00488e94      0x18c /usr/local/clas/devel/VxWorks55/ppc/target/lib/ppc/PPC604/common/libos.a(fgets.o)
                0x00488e94                fgets
 .text          0x00489020       0xb0 /usr/local/clas/devel/VxWorks55/ppc/target/lib/ppc/PPC604/common/libos.a(fopen.o)
                0x00489020                fopen
 .text          0x004890d0       0xf8 /usr/local/clas/devel/VxWorks55/ppc/target/lib/ppc/PPC604/common/libos.a(fprintf.o)
                0x004890d0                fprintf
 .text          0x004891c8      0x124 /usr/local/clas/devel/VxWorks55/ppc/target/lib/ppc/PPC604/common/libos.a(gets.o)
                0x004891c8                gets
 .text          0x004892ec       0x90 /usr/local/clas/devel/VxWorks55/ppc/target/lib/ppc/PPC604/common/libos.a(perror.o)
                0x004892ec                perror
 .text          0x0048937c      0x1a0 /usr/local/clas/devel/VxWorks55/ppc/target/lib/ppc/PPC604/common/libos.a(refill.o)
                0x004893b8                __srefill
 .text          0x0048951c       0x58 /usr/local/clas/devel/VxWorks55/ppc/target/lib/ppc/PPC604/common/libos.a(rget.o)
                0x0048951c                __srget
 .text          0x00489574       0xf4 /usr/local/clas/devel/VxWorks55/ppc/target/lib/ppc/PPC604/common/libos.a(scanf.o)
                0x00489574                scanf
 .text          0x00489668      0x160 /usr/local/clas/devel/VxWorks55/ppc/target/lib/ppc/PPC604/common/libos.a(stdio.o)
                0x00489734                __sseek
                0x00489668                __sread
                0x00489788                __sclose
                0x004896bc                __swrite
 .text          0x004897c8      0x400 /usr/local/clas/devel/VxWorks55/ppc/target/lib/ppc/PPC604/common/libos.a(stdioLib.o)
                0x004897c8                stdioInit
                0x00489b80                __stderr
                0x00489af0                __stdin
                0x00489840                stdioFpCreate
                0x004898f4                stdioFpDestroy
                0x00489b38                __stdout
                0x00489a98                stdioFp
 .text          0x00489bc8      0x278 /usr/local/clas/devel/VxWorks55/ppc/target/lib/ppc/PPC604/common/libos.a(ungetc.o)
                0x00489cb4                ungetc
 .text          0x00489e40       0xf4 /usr/local/clas/devel/VxWorks55/ppc/target/lib/ppc/PPC604/common/libos.a(wbuf.o)
                0x00489e40                __swbuf
 .text          0x00489f34       0xec /usr/local/clas/devel/VxWorks55/ppc/target/lib/ppc/PPC604/common/libos.a(wsetup.o)
                0x00489f34                __swsetup
 .text          0x0048a020      0x324 /usr/local/clas/devel/VxWorks55/ppc/target/lib/ppc/PPC604/common/libos.a(vfprintf.o)
                0x0048a020                vfprintf
 .text          0x0048a344       0x10 /usr/local/clas/devel/VxWorks55/ppc/target/lib/ppc/PPC604/common/libos.a(abs.o)
                0x0048a344                abs
 .text          0x0048a354       0x24 /usr/local/clas/devel/VxWorks55/ppc/target/lib/ppc/PPC604/common/libos.a(atof.o)
                0x0048a354                atof
 .text          0x0048a378       0x28 /usr/local/clas/devel/VxWorks55/ppc/target/lib/ppc/PPC604/common/libos.a(atoi.o)
                0x0048a378                atoi
 .text          0x0048a3a0       0x28 /usr/local/clas/devel/VxWorks55/ppc/target/lib/ppc/PPC604/common/libos.a(atol.o)
                0x0048a3a0                atol
 .text          0x0048a3c8      0x564 /usr/local/clas/devel/VxWorks55/ppc/target/lib/ppc/PPC604/common/libos.a(strtod.o)
                0x0048a894                __exp10
                0x0048a3c8                strtod
 .text          0x0048a92c      0x264 /usr/local/clas/devel/VxWorks55/ppc/target/lib/ppc/PPC604/common/libos.a(strtol.o)
                0x0048a92c                strtol
 .text          0x0048ab90      0x230 /usr/local/clas/devel/VxWorks55/ppc/target/lib/ppc/PPC604/common/libos.a(strtoul.o)
                0x0048ab90                strtoul
 .text          0x0048adc0       0x34 /usr/local/clas/devel/VxWorks55/ppc/target/lib/ppc/PPC604/common/libos.a(memchr.o)
                0x0048adc0                memchr
 .text          0x0048adf4       0x48 /usr/local/clas/devel/VxWorks55/ppc/target/lib/ppc/PPC604/common/libos.a(memcpy.o)
                0x0048adf4                memcpy
 .text          0x0048ae3c       0x60 /usr/local/clas/devel/VxWorks55/ppc/target/lib/ppc/PPC604/common/libos.a(memmove.o)
                0x0048ae3c                memmove
 .text          0x0048ae9c       0x4c /usr/local/clas/devel/VxWorks55/ppc/target/lib/ppc/PPC604/common/libos.a(memset.o)
                0x0048ae9c                memset
 .text          0x0048aee8       0x3c /usr/local/clas/devel/VxWorks55/ppc/target/lib/ppc/PPC604/common/libos.a(strcat.o)
                0x0048aee8                strcat
 .text          0x0048af24       0x34 /usr/local/clas/devel/VxWorks55/ppc/target/lib/ppc/PPC604/common/libos.a(strchr.o)
                0x0048af24                strchr
 .text          0x0048af58       0x40 /usr/local/clas/devel/VxWorks55/ppc/target/lib/ppc/PPC604/common/libos.a(strcmp.o)
                0x0048af58                strcmp
 .text          0x0048af98       0x28 /usr/local/clas/devel/VxWorks55/ppc/target/lib/ppc/PPC604/common/libos.a(strcpy.o)
                0x0048af98                strcpy
 .text          0x0048afc0      0x174 /usr/local/clas/devel/VxWorks55/ppc/target/lib/ppc/PPC604/common/libos.a(strerror.o)
                0x0048afe0                strerror
                0x0048afc0                strerror_r
 .text          0x0048b134       0x1c /usr/local/clas/devel/VxWorks55/ppc/target/lib/ppc/PPC604/common/libos.a(strlen.o)
                0x0048b134                strlen
 .text          0x0048b150       0x4c /usr/local/clas/devel/VxWorks55/ppc/target/lib/ppc/PPC604/common/libos.a(strncmp.o)
                0x0048b150                strncmp
 .text          0x0048b19c       0x60 /usr/local/clas/devel/VxWorks55/ppc/target/lib/ppc/PPC604/common/libos.a(strncpy.o)
                0x0048b19c                strncpy
 .text          0x0048b1fc       0x68 /usr/local/clas/devel/VxWorks55/ppc/target/lib/ppc/PPC604/common/libos.a(strstr.o)
                0x0048b1fc                strstr
 .text          0x0048b264       0xa4 /usr/local/clas/devel/VxWorks55/ppc/target/lib/ppc/PPC604/common/libos.a(strtok_r.o)
                0x0048b264                strtok_r
 .text          0x0048b308       0x84 /usr/local/clas/devel/VxWorks55/ppc/target/lib/ppc/PPC604/common/libos.a(asctime.o)
                0x0048b308                asctime
                0x0048b358                asctime_r
 .text          0x0048b38c      0x120 /usr/local/clas/devel/VxWorks55/ppc/target/lib/ppc/PPC604/common/libos.a(localtime.o)
                0x0048b38c                localtime
                0x0048b3d0                localtime_r
 .text          0x0048b4ac      0xbf8 /usr/local/clas/devel/VxWorks55/ppc/target/lib/ppc/PPC604/common/libos.a(strftime.o)
                0x0048bc6c                __getDstInfo
                0x0048b4ac                strftime
                0x0048bf54                __getZoneInfo
 .text          0x0048c0a4       0x58 /usr/local/clas/devel/VxWorks55/ppc/target/lib/ppc/PPC604/common/libos.a(time.o)
                0x0048c0a4                time
 .text          0x0048c0fc      0x168 /usr/local/clas/devel/VxWorks55/ppc/target/lib/ppc/PPC604/common/libos.a(fpType.o)
                0x0048c0fc                fpTypeGet
 .text          0x0048c264      0x554 /usr/local/clas/devel/VxWorks55/ppc/target/lib/ppc/PPC604/common/libos.a(cacheLib.o)
                0x0048c6c8                cacheDrvFlush
                0x0048c3c4                cacheInvalidate
                0x0048c344                cacheUnlock