
Allocating common symbols
Common symbol       size              file

_func_smObjObjShow  0x4               vxWorks.tmp
taskSwitchTable     0x44              vxWorks.tmp
inetsw              0x340             vxWorks.tmp
msgQDistShowRtn     0x4               vxWorks.tmp
_func_evtLogT1_noTS
                    0x4               vxWorks.tmp
__func_type_info type_info node
                    0xc               vxWorks.tmp
mCastHashInfo       0x8               vxWorks.tmp
ifnet               0x4               vxWorks.tmp
_func_spyStop       0x4               vxWorks.tmp
rlogindSocket       0x4               vxWorks.tmp
workQWriteIx        0x1               vxWorks.tmp
bad_alloc type_info node
                    0xc               vxWorks.tmp
_func_excInfoShow   0x4               vxWorks.tmp
filebuf type_info node
                    0xc               vxWorks.tmp
ip_id               0x2               vxWorks.tmp
_func_evtLogReserveTaskName
                    0x4               vxWorks.tmp
dbgLockUnbreakable  0x4               vxWorks.tmp
drvTable            0x4               vxWorks.tmp
ip_protox           0x100             vxWorks.tmp
DCACHE_CTRL         0x80              vxWorks.tmp
global_emfloatstruct
                    0x18              vxWorks.tmp
zeroin_addr         0x4               vxWorks.tmp
__attr_type_info type_info node
                    0xc               vxWorks.tmp
_func_trgCheck      0x4               vxWorks.tmp
frcSysBoardId       0x3               vxWorks.tmp
pWvNetEventMap      0x4               vxWorks.tmp
pAltivecRegSetObj   0x4               vxWorks.tmp
workQReadIx         0x1               vxWorks.tmp
use_result_dummy    0x4               vxWorks.tmp
fppDisplayHookRtn   0x4               vxWorks.tmp
cbioClass           0x34              vxWorks.tmp
ioDefPath           0x100             vxWorks.tmp
_func_taskCreateHookAdd
                    0x4               vxWorks.tmp
somaxconn           0x4               vxWorks.tmp
_func_dspRegsListHook
                    0x4               vxWorks.tmp
_func_tmrConnect    0x4               vxWorks.tmp
max_protohdr        0x4               vxWorks.tmp
_func_evtLogTSched  0x4               vxWorks.tmp
tcpstat             0xd0              vxWorks.tmp
vxIntStackBase      0x4               vxWorks.tmp
_func_dspTaskRegsShow
                    0x4               vxWorks.tmp
workQIsEmpty        0x4               vxWorks.tmp
arp_allocated       0x4               vxWorks.tmp
trgEvtClass         0x4               vxWorks.tmp
_func_selPtyDelete  0x4               vxWorks.tmp
wvDefaultBufOptions
                    0x4               vxWorks.tmp
mmuLibFuncs         0x28              vxWorks.tmp
redirOutFd          0x4               vxWorks.tmp
taskSwapTable       0x44              vxWorks.tmp
_func_evtLogO       0x4               vxWorks.tmp
pEndPktDev          0x4               vxWorks.tmp
_func_selWakeupListInit
                    0x4               vxWorks.tmp
_wdbTaskBpBreakpoint
                    0x4               vxWorks.tmp
global_ofile_name   0x3c              vxWorks.tmp
rttrash             0x4               vxWorks.tmp
_wdbTaskCont        0x4               vxWorks.tmp
semMGiveKernWork    0x4               vxWorks.tmp
_IO_ostream_withassign type_info node
                    0x10              vxWorks.tmp
ftpsCurrentClients  0x4               vxWorks.tmp
wvLogHeader         0x4               vxWorks.tmp
trgCnt              0x4               vxWorks.tmp
errno               0x4               vxWorks.tmp
mmuStateTransArraySize
                    0x4               vxWorks.tmp
pIntf               0x4               vxWorks.tmp
_func_ioTaskStdSet  0x4               vxWorks.tmp
_func_excIntHook    0x4               vxWorks.tmp
logic_error type_info node
                    0xc               vxWorks.tmp
_func_selPtyAdd     0x4               vxWorks.tmp
tot_out_error       0x50              vxWorks.tmp
kernelState         0x4               vxWorks.tmp
_func_evtLogM1      0x4               vxWorks.tmp
_ios_fields type_info node
                    0x8               vxWorks.tmp
yyerrflag           0x4               vxWorks.tmp
_func_sigExcKill    0x4               vxWorks.tmp
_func_wvNetPortFilterTest
                    0x4               vxWorks.tmp
average_error       0x8               vxWorks.tmp
streambuf type_info node
                    0xc               vxWorks.tmp
bad_typeid type_info node
                    0xc               vxWorks.tmp
pciConfigAddr2      0x4               vxWorks.tmp
_func_bdall         0x4               vxWorks.tmp
lockKey             0x4               vxWorks.tmp
hostList            0xc               vxWorks.tmp
tickQHead           0x10              vxWorks.tmp
rBuffClass          0x34              vxWorks.tmp
length_error type_info node
                    0xc               vxWorks.tmp
global_ofile        0x4               vxWorks.tmp
__wdbEvtptDeleteAll
                    0x4               vxWorks.tmp
[...]
Memory Configuration

Name             Origin             Length             Attributes
*default*        0x00000000         0xffffffff

Linker script and memory map

Address of section .text set to 0x10000
LOAD dataSegPad.o
LOAD vxWorks.tmp
LOAD ctdt.o

.text           0x00010000   0x173540
                0x00010000                wrs_kernel_text_start=.
                0x00010000                _wrs_kernel_text_start=.
 *(.text)
 .text          0x00010000   0x13e8cc vxWorks.tmp
                0x0011f458                print64Mult
                0x000f7d88                sigPendInit
                0x0009ebf8                mcastHashTblInsert
                0x0010982c                dllEach
                0x000719f8                istream::operator>>(unsigned int &)
                0x00011e00                sysHwInit2
                0x0004437c                frcTestBaudRate
                0x0014deec                longjmp
                0x000904c0                _restf15
                0x0010c794                rBuffUpload
                0x00054b8c                frcIdmaTestInit0
                0x000c4238                ifShow
                0x000994e0                arpresolve
                0x000b3c28                bsdGetsockopt
                0x00018db4                gtPci0MapMemoryBank2
                0x00041568                morefds
                0x00087e64                unsigned int type_info function
                0x0014cb68                _sigCtxRtnValSet
                0x000e332c                putchar
                0x0006df10                basic_string<char, string_char_traits<char>, __default_alloc_template<true, 0> >::ibegin(void) const
                0x00071c84                istream::operator>>(bool &)
                0x000be374                muxPollDevDel
                0x0010bda8                rBuffRead
                0x00021754                cunitInit
                0x0013d72c                msgQInit
                0x0013a8a4                wdbDbgTrace
                0x00044dbc                frcTestAltivec
                0x00090208                __sub64
                0x00072a9c                ostream::operator<<(unsigned long)
                0x00071b00                istream::operator>>(unsigned long &)
                0x0008e424                _savefpr_30_l
                0x000c3fd0                netTask
                0x000e8004                fpTypeGet
                0x000764bc                _IO_outfloat
                0x00090760                _savegprx_17_l
                0x000c8590                nfsDirReadOne
                0x0006cc6c                basic_string<char, string_char_traits<char>, __default_alloc_template<true, 0> >::Rep::release(void)
                0x00010cc0                sysSerialHwInit
                0x0006fa60                bool operator<<char, string_char_traits<char>, __default_alloc_template<true, 0> >(char const *, basic_string<char, string_char_traits<char>, __default_alloc_template<true, 0> > const &)
                0x000906d0                _savefprx_31_l
                0x000e8ea8                clock_gettime
                0x0005a510                xmalloc
                0x00075458                istream::ipfx1(void)
                0x00057ddc                usrNetProtoInit
                0x000f9f70                taskHookShowInit
                0x00070018                ostream & operator<<<char, string_char_traits<char>, __default_alloc_template<true, 0> >(ostream &, basic_string<char, string_char_traits<char>, __default_alloc_template<true, 0> > const &)
                0x0009078c                _savegprx_28_l
                0x000907cc                _savevr25
                0x000a7964                rt_maskedcopy
                0x000cb770                routeCmd
                0x0013fefc                semCCoreInit
                0x000889a8                altivecRegsToCtx
                0x0009054c                _savef31
                0x000afa54                _insque
                0x000e88d8                classInstConnect
                0x0007e12c                _IO_remove_marker
                0x0008e4f4                _restgpr_21_l
                0x000bd124                muxLinkHeaderCreate
                0x00146af0                windSuspend
                0x00012c1c                readreg
                0x0008e3cc                _restfpr_31_l
                0x0007f97c                __throw_type_match
                0x00056744                myfill
                0x0014113c                semMLibInit
                0x000e3480                putw
                0x0005a750                cplusMatchMangled
                0x00075778                istream::unget(char)
                0x00011364                frcPrintVariant
                0x000e6330                strcpy
                0x0009057c                _restfprs_24_l
                0x0010aaa8                qPriListCreate
                0x000e6b14                asctime
                0x000bdaa4                muxDevStopAll
                0x00040208                use_int
                0x00109724                dllInsert
                0x001455c8                taskIdListSort
                0x00022688                mpscChanStopTxRx
                0x00092198                __ashldi3
                0x000ea8c4                fioFormatV
                0x000124e8                gtRegReadBlock
                0x0008adc4                intVecBaseSet
                0x0008ffa0                __rem64
                0x0014e0b4                qJobTerminate
                0x00040364                get_results
                0x0007d214                _IO_link_in
                0x00107444                xattrib
                0x0014ca74                sigsetjmp
                0x00040004                p64
                0x0011f538                expm1
                0x00023814                vxSdmaIntConnect
                0x00096c8c                ifreset
                0x000ca048                rcmd
                0x0013d58c                msgQCreate
                0x000ca03c                remLibInit
                0x0001fd4c                mgiEndLoad
                0x0008743c                long long type_info function
                0x00092830                __ffsdi2
                0x00095518                __cmpdf2
                0x0001f504                vxEthernetIntConnect
                0x0012a464                authunix_create
                0x000f83b4                symTblDestroy
                0x001067c8                cp
                0x0013a394                wdbCtxExitNotifyHook
                0x00139fd0                wdbExcLibInit
                0x000bdd3c                muxPollTask
                0x000e128c                fabs
                0x0007ddec                _IO_sputbackc
                0x001432f4                taskDeleteForce
                0x0007dd20                _IO_default_finish
                0x000e85d0                cacheDrvFlush
                0x001451d0                taskShow
                0x0008d334                log
                0x000ca698                iam
                0x0009e004                in_ifscrub
                0x00090a7c                __diab_alloc_mutex
                0x0001a6c4                gtMemoryMapDevice2Space
                0x0008e620                _utof
                0x00010bf8                sysTimestampFreq
                0x0006acb8                __default_alloc_template<true, 0>::_S_freelist_index(unsigned int)
                0x00056838                usrPci2PciDmaStart
                0x001079f8                bcmp
                0x0008d698                sqrt
                0x00134f60                wdbRunsExternal
                0x00022864                vxMpscIntConnect
                0x0014caa4                setjmp
                0x000905e4                _savefprs_21_l
                0x000e0400                cosh
                0x001413a4                semMCoreInit
                0x000df974                tcp_attach
                0x0007786c                ios::clear(int)
                0x000b3b3c                bsdSetsockopt
                0x000ffcf4                moduleSegAdd
                0x001040fc                lkAddr
                0x000e1aa8                __sflags
                0x0014cad4                _sigCtxSave
                0x000e43a0                tmpfile
                0x00079094                _IO_file_finish
                0x00095588                __eqdf2
                0x000d0698                igmpstatShow
                0x0008e448                _restgpr_18
                0x00130e98                xdrrec_create
                0x0007523c                istream::read(unsigned char *, int)
                0x0010b244                rngNBytes
                0x00077470                streambuf::sseekoff(long, ios::seek_dir, int)
                0x0012da58                xprt_register
                0x0002b3d4                frcBibDetach
                0x00092264                __divdi3
                0x00019f94                gtPci0EnableBrokenAgentDetection
                0x000856bc                __class_type_info::dcast(type_info const &, int, void *, type_info const *, void *) const
                0x0014a864                tsfsUploadPathLibInit
                0x0014898c                msgQEvLibInit
                0x000149cc                pciBusProbe
                0x00044e2c                frcTestPciScan
                0x000ef940                ioctl
                0x000f6824                pause
                0x000efb48                writev
                0x000dc0f4                tcp_pulloutofband
                0x00010afc                sysClkRateGet
                0x00092150                __gcc_intrinsicsInit
                0x0010b5cc                rBuffCreate
                0x00091700                endEtherPacketDataGet
                0x0006e098                basic_string<char, string_char_traits<char>, __default_alloc_template<true, 0> >::erase(unsigned int, unsigned int)
                0x0008e530                _restgpr_28_l
                0x0012aad0                clnt_genericInclude
                0x00035a64                ramTest32bit
                0x00136490                wdbCksum
                0x000417ec                fst
                0x0010a5fc                qPriBMapDelete
                0x00010670                sysOutByte
                0x00041c60                prtMVReg
                0x000e67e0                strtok_r
                0x00090384                __uge64
                0x00145af4                tickAnnounce
                0x00109d1c                qFifoDelete
                0x000b5484                ftpLogin
                0x00092d6c                __floatdidf
                0x00028650                frcMACWrite
                0x00096a80                _savev23
                0x00096ab0                _savev29
                0x00011f7c                sysProcNumSet
                0x00109bd0                lstFind
                0x000a045c                ip_drain
                0x000f39e4                objFree
                0x0006f830                bool operator==<char, string_char_traits<char>, __default_alloc_template<true, 0> >(basic_string<char, string_char_traits<char>, __default_alloc_template<true, 0> > const &, basic_string<char, string_char_traits<char>, __default_alloc_template<true, 0> > const &)
                0x000ae4e8                soqremque
                0x0007759c                streambuf::sys_write(char const *, int)
                0x00134e04                wdbExternRegsGet
                0x0006a388                __default_alloc_template<true, 0>::_S_chunk_alloc(unsigned int, int &)
                0x000ff924                moduleTerminate
                0x000778e0                ios::operator void *(void) const
                0x000758a4                istream::operator>>(istream &(*)(istream &))
                0x0004428c                frcTestBootFlash
                0x0010bee0                rBuffReadCommit
                0x0008a794                fppTaskRegsSet
                0x00090634                _restfprx_21_l
                0x000ea138                printf
                0x00090808                _restvr20
                0x0010b954                rBuffVerify
                0x000ea870                vsprintf
                0x000b0124                random
                0x0006c608                basic_string<char, string_char_traits<char>, __default_alloc_template<true, 0> >::find_first_not_of(char const *, unsigned int, unsigned int) const
                0x0006b10c                global destructors keyed to __default_alloc_template<true, 0>::_S_end_free
                0x0001a494                gtMemoryMapBank2
                0x000366c0                test_checkerboard_comparison
                0x0008e468                _restgpr_26
                0x000904dc                _restf22
                0x000904f4                _restf28
                0x0012c780                pmap_getmapsInclude
                0x00021e40                vxCunitIntClear
                0x000a60e4                rtfree
                0x0006c55c                basic_string<char, string_char_traits<char>, __default_alloc_template<true, 0> >::find_last_of(char const *, unsigned int, unsigned int) const
                0x0009086c                __va_arg
                0x000e9470                utime
                0x0008e4bc                _savegpr_27
                0x0008e388                _restfpr_21_l
                0x000bd9d4                muxAddrResFuncDel
                0x00059be0                __pure_virtual
                0x0012fa34                svcudp_enablecache
                0x000b40bc                etherMultiAdd
                0x000710ec                istream::seekg(long)
                0x0007dc34                _IO_default_doallocate
                0x000905ec                _savefprs_23_l
                0x000ef040                hashTblEach
                0x00139c20                wdbTaskBpLibInit
                0x0007462c                ostream::~ostream(void)
                0x00090638                _restfprx_22_l
                0x0006e2f0                basic_string<char, string_char_traits<char>, __default_alloc_template<true, 0> >::replace(unsigned int, unsigned int, char const *)
                0x000905ac                _restfprs_29_l
                0x0013cf3c                eventRsrcSend
                0x0014ae20                evtLogM2
                0x000fab38                tyDevRemove
                0x0008e460                _restgpr_24
                0x00075a2c                _IO_istream_withassign::operator=(_IO_istream_withassign &)
                0x00090520                _savef20
                0x000e9e8c                excInit
                0x0008e418                _savefpr_27_l
                0x0006c2b4                basic_string<char, string_char_traits<char>, __default_alloc_template<true, 0> >::find(char const *, unsigned int, unsigned int) const
                0x000999d4                arpintr
                0x000e3c70                __sseek
                0x00137070                wdbFuncCallLibInit
                0x0001a904                gtMemorySetProtectRegion
                0x0013d4b0                kernelVersion
                0x00134b78                wdbTask
                0x0009e998                in_delmulti
                0x00101470                shellLogin
                0x000bdedc                muxTaskPrioritySet
                0x00135648                wdbRpcReplyErr
                0x000738b8                ends(ostream &)
                0x000c50f4                netPoolShow
                0x0011fc2c                b
                0x000e82cc                cacheInvalidate
                0x00109364                bootScanNum
                0x0001065c                sysInByte
                0x000451e8                isPMC280TwoOnBoardEth
                0x000f5124                rebootHookAdd
                0x00081be0                exception::what(void) const
                0x001491f4                wvEvtClassClearAll
                0x0007dd18                _IO_default_sync
                0x000d46b4                in_pcballoc
                0x000ccd08                recv
                0x000bb8dc                ipLibMultiInit
                0x000c8720                nfsFileAttrGet
                0x000906a4                _savefprx_20_l
                0x000cc870                connect
                0x000b9694                icmpLibInit
                0x00082b74                __register_frame
                0x000baf14                ifRouteEnable
                0x0013a568                wdbFppGet
                0x0001b4f8                frcGppIntCtrlInit
                0x00096b1c                _restv30
                0x0010ac38                qPriListRemove
                0x000451e0                isPMC280BootFlashPresent
                0x0007971c                _IO_file_sync
                0x000e0be0                logb
                0x00018448                gtPci0GetMemory2Size
                0x001026d0                reld
                0x000b3380                bsdRecvfrom
                0x000ea210                printErr
                0x00077cec                streambuf::allocate(void)
                0x000e4494                ungetc
                0x00135348                wdbSuspendSystemHere
                0x00023670                sdmaChanReceive
                0x000bf258                muxTkSend
                0x000c5280                netStackDataPoolShow
                0x00086688                type_info::before(type_info const &) const
                0x0012de94                svcerr_auth
                0x0006e01c                basic_string<char, string_char_traits<char>, __default_alloc_template<true, 0> >::insert(char *, unsigned int, char)
                0x000e9f4c                excHookAdd
                0x00096a68                _savev20
                0x0002bf60                frcBibDataWrite
                0x001383b8                wdbSysBpLibInit
                0x0013f690                semBCoreInit
                0x00074c98                ostream::operator<<(signed char const *)
                0x0005402c                parse8
                0x0014777c                windUndelay
                0x00087084                __rtti_ptmd
                0x000a4764                rn_delete
                0x00045378                detectUserFlash
                0x00077a04                streambuf::pptr(void) const
                0x0004222c                frcTestSerialInfo
                0x000904c8                _restf17
                0x0001a078                gtPci0GetBusMode
                0x00136f1c                wdbEventDeq
                0x00045c60                mpsc_regs_dump
                0x0013f0b0                reschedule
                0x000bade8                ifIndexToIfName
                0x0006d8e4                basic_string<char, string_char_traits<char>, __default_alloc_template<true, 0> >::Rep::set(unsigned int, char, unsigned int)
                0x000f60ac                sigemptyset
                0x0008bff8                mathHardInit
                0x000775f4                streammarker::~streammarker(void)
                0x00079c04                _IO_file_write
                0x00090af4                __common_long_jmp
                0x0001a5ac                gtMemoryMapDevice0Space
                0x00081cb8                bad_exception type_info function
                0x0009c7b8                copyFromMbufs
                0x000dd3d4                tcpRandHookAdd
                0x00086374                __class_type_info::~__class_type_info(void)
                0x000e9e08                errnoSet
                0x0013e75c                msgQShowInit
                0x0006d91c                basic_string<char, string_char_traits<char>, __default_alloc_template<true, 0> >::assign(unsigned int, char)
                0x0009029c                __gt64
                0x00096218                __divsf3
                0x000bb5a4                inet_netof_string
                0x000cc0b8                routeMetricSet
                0x000a3544                rn_search
                0x00027378                frcEEPROMWrite16
                0x00037638                memTest_Basic
                0x000e63e4                strerror
                0x00090608                _savefprs_30_l
                0x00141ae0                semMGiveKern
                0x000756c8                istream::putback(char)
                0x0013a578                wdbFppSet
                0x000b3f48                bsdGetpeername
                0x001352c8                wdbNotifyHost
                0x00142a50                taskSpawn
                0x0001b1b0                gtDmaUpdateArbiter
                0x0003647c                test_or_comparison
                0x0007f7f4                global destructors keyed to _IO_stdin_
                0x000c62e8                nfsDevShow
                0x00101408                shellPromptSet
                0x0006b138                basic_string<char, string_char_traits<char>, __default_alloc_template<true, 0> >::Rep::clone(void)
                0x0008e370                _restfpr_15_l
                0x00013600                pciConfigBdfPack
                0x000f9340                symTypeGet
                0x0006d5c8                basic_string<char, string_char_traits<char>, __default_alloc_template<true, 0> >::check_realloc(unsigned int) const
                0x0010ad88                qPriListInfo
                0x000d5fd4                in_pcbinshash
                0x000ba2ec                ifMaskGet
                0x0010a788                qPriBMapResort
                0x00043914                frcTestIntLatHard
                0x00066764                domain_error::~domain_error(void)
                0x0012080c                so
                0x000f9844                taskSwitchHookAdd
                0x00109a80                lstInsert
                0x00105118                ramDrv
                0x0006dd6c                basic_string<char, string_char_traits<char>, __default_alloc_template<true, 0> >::operator+=(char const *)
                0x000d3e44                igmp_fasttimo
                0x0008e43c                _restgpr_15
                0x00041810                frcSysTest
                0x0008e40c                _savefpr_24_l
                0x000403cc                save_minimum
                0x00010e38                sysSerialChanGet
                0x000b4f38                ftpReplyGet
                0x00139f08                wdbDirectCallLibInit
                0x001336a4                wdbNptInt
                0x000368cc                test_walkbits_comparison
                0x00100f4c                shellHistory
                0x000e824c                cacheUnlock
                0x0006f960                bool operator!=<char, string_char_traits<char>, __default_alloc_template<true, 0> >(char const *, basic_string<char, string_char_traits<char>, __default_alloc_template<true, 0> > const &)
                0x0006f9c8                bool operator!=<char, string_char_traits<char>, __default_alloc_template<true, 0> >(basic_string<char, string_char_traits<char>, __default_alloc_template<true, 0> > const &, char const *)
                0x00104eb0                spyReport
                0x0010af38                rngBufGet
                0x0001a8d4                gtMemoryGetInternalSramBaseAddr
                0x00027208                frcEEPROMWrite8
                0x000107f8                sysL2BackEnable
                0x0008a26c                excShowInit
                0x00090b6c                tkRcvRtnCall
                0x001221d0                dbgTaskBpTrace
                0x000dd320                tcp_setpersist
                0x0010559c                dosFsConfigShow
                0x0003ec50                now
                0x000e6038                memmove
                0x0006ed28                basic_string<char, string_char_traits<char>, __default_alloc_template<true, 0> > operator+<char, string_char_traits<char>, __default_alloc_template<true, 0> >(basic_string<char, string_char_traits<char>, __default_alloc_template<true, 0> > const &, basic_string<char, string_char_traits<char>, __default_alloc_template<true, 0> > const &)
                0x000d04b4                xdr_mountbody
                0x000274f0                frcEEPROMRead8
                0x000caecc                rlogOutTask
                0x0013bc90                xdr_WDB_TGT_INFO
                0x00018f30                gtPci0MapMemoryBank3
                0x000e3d04                stdioInit
                0x000904f0                _restf27
                0x000f3c08                pathCondense
                0x0006fa34                bool operator<<char, string_char_traits<char>, __default_alloc_template<true, 0> >(basic_string<char, string_char_traits<char>, __default_alloc_template<true, 0> > const &, basic_string<char, string_char_traits<char>, __default_alloc_template<true, 0> > const &)
                0x000f8770                symTblAdd
                0x000a10cc                ip_output
                0x0006e804                basic_string<char, string_char_traits<char>, __default_alloc_template<true, 0> >::find_first_of(char, unsigned int) const
                0x00019818                gtPci0MapP2pMem0Space
                0x000b23d0                bsdSockLibInit
                0x0014e06c                qJobDelete
                0x0003f984                nano
                0x000758c8                iostream type_info function
                0x000e4104                stdioShowInit
                0x00134f80                wdbRunsTasking
                0x001449c4                taskUnsafe
                0x000433c8                frcTestLatInitialization
                0x000907b4                _savevr22
                0x0001b3d4                gtDmaSetEngineAccessProtect
                0x000cc43c                rpcClntErrnoSet
                0x0001ddf4                ethPortMcAddr
                0x000bb498                inet_makeaddr_b
                0x00078e00                filebuf::sys_close(void)
                0x00077c84                streambuf::unbuffered(void)
                0x000778b4                ios::eof(void) const
                0x0007da28                _IO_default_xsgetn
                0x00081c24                exception type_info function
                0x000eed08                hashTblDelete
                0x000779d8                streambuf::_vtable(void)
                0x0004156c                touch
                0x000543d8                ctohex1
                0x00149c20                wvLogHeaderCreate
                0x00090830                _restvr25
                0x00069ffc                __malloc_alloc_template<0>::_S_oom_malloc(unsigned int)
                0x000bccd4                muxMCastAddrAdd
                0x00025cb4                frcFlashReadRst
                0x00057848                usrBootLineInit
                0x00054b08                frcAlignedMalloc
                0x0008e1cc                mmuPpcSdr1Set
                0x000968d4                __fixsfsi
                0x00132290                pmap_set
                0x000c7484                nfsDirUnmount
                0x000f322c                memPartShow
                0x0008e400                _savefpr_21_l
                0x0005a2f4                cplusCallCtors
                0x001411b0                semMCreate
                0x000b4414                ftpCommand
                0x00074b3c                ostream::put(unsigned char)
                0x00090740                _restgprx_31_l
                0x0001a8ec                gtMemorySetInternalSramBaseAddr
                0x000778a4                ios::good(void) const
                0x0014d5e8                wdbDbgArchInit
                0x000702d4                cplusTerminate(void)
                0x00011248                frcGetBank1MemSize
                0x00080cc0                __cp_push_exception
                0x0008e584                _savegpr_26_l
                0x000f0c2c                iosOpen
                0x00072c5c                ostream::operator<<(unsigned long long)
                0x00018a68                gtPci0MapInternalRegIOSpace
                0x0006e5b8                basic_string<char, string_char_traits<char>, __default_alloc_template<true, 0> >::c_str(void) const
                0x000295ec                ismin
                0x0006e3f4                basic_string<char, string_char_traits<char>, __default_alloc_template<true, 0> >::replace(char *, char *, char const *)
                0x0009b084                ether_sprintf
                0x00134d74                wdbExternRegsSet
                0x000ffa60                moduleIdFigure
                0x00037030                release_mem
                0x00096a70                _savev21
                0x0008e5b0                _itof
                0x0013e678                msgQNumMsgs
                0x0008e3c4                _restfpr_29_l
                0x000c405c                netJobAdd
                0x000256e4                bootFlashErase
                0x0008717c                __rtti_array
                0x0013fe74                semCInit
                0x000906ec                _restgprx_18_l
                0x000777d8                ios::flags(void) const
                0x00101530                shellLogout
                0x00071d18                istream::operator>>(long double &)
                0x0009cb04                set_if_addr
                0x00130bd8                xdrmem_create
                0x00095688                __gtdf2
                0x0011b7b0                dosFsDevCreate
                0x0013bcf0                xdr_WDB_PARAM_WRAPPER
                0x0008aef0                intLockLevelSet
                0x0008e464                _restgpr_25
                0x0001b494                gtSramMallocAligned
                0x000e4bb4                atol
                0x000171a4                sysMachChkExcpInit
                0x000e9d90                __errno
                0x0006c77c                basic_string<char, string_char_traits<char>, __default_alloc_template<true, 0> >::find_last_not_of(char, unsigned int) const
                0x00085df8                __user_type_info::~__user_type_info(void)
                0x001407d4                semFlush
                0x00135918                wdbSvcAdd
                0x0008af10                intRegsUnlock
                0x000febf8                loadModule
                0x000cff34                xdr_linkargs
                0x0012d5a0                xdr_des_block
                0x00073634                ostream::tellp(void)
                0x000fed60                addSegNames
                0x0008ad00                intUnlock
                0x00142cfc                taskInit
                0x00010820                sysL2BackDisable
                0x000bd54c                endFindByName
                0x0009075c                _savegprx_16_l
                0x000235d4                sdmaTxReturnDesc
                0x00090600                _savefprs_28_l
                0x0013a540                wdbFppRestore
                0x0003bab4                rdwr
                0x0012d548                xdr_opaque_auth
                0x000f0bd8                iosDelete
                0x0003ff50                usecs_spent
                0x001088a0                bootBpAnchorExtract
                0x0007d9fc                _IO_sgetn
                0x00056c3c                usrMmuInit
                0x0008f574                __DIAB_wr_pk_db
                0x000f8d00                symFindByName
                0x0008ae70                intEnable
                0x000ffe98                moduleSegFirst
                0x0008e488                _savegpr_14
                0x001099b0                lstExtract
                0x00131f58                clnt_spcreateerror
                0x0001dc98                ethPortUcAddrSet
                0x001290a8                cbioLock
                0x00088378                signed char type_info function
                0x00090784                _savegprx_26_l
                0x000c908c                nfsAuthUnixShow
                0x000b6748                ftpdDelete
                0x00018178                gtPci0MapMemory2space
                0x000830f0                bad_alloc type_info function
                0x000106dc                __READ_FLASH64
                0x0007796c                ios::Init::Init(void)
                0x0014afa0                evtLogOInt
                0x0005a144                RBString_T::prepend(char)
                0x0008bc74                vxHid0Set
                0x000777f8                ios::precision(int)
                0x000a7694                rt_fixdelete
                0x0010ac5c                qPriListResort
                0x001491c0                wvEvtClassSet
                0x000f93a0                symShow
                0x000d041c                xdr_dirpath
                0x0004425c                frcTestVPD
                0x000907ec                _savevr29
                0x00131f24                clnt_perrno
                0x000e9b28                getenv
                0x00079b98                _IO_file_seek
                0x000d260c                netClFree
                0x00068b9c                range_error type_info function
                0x0014d644                wdbDbgTraceModeSet
                0x00141d74                semMPendQPut
                0x000e035c                ceil
                0x000b2e1c                bsdSend
                0x000590b8                wdbMbufFree
                0x0014098c                semDestroy
                0x00018100                gtPci0MapMemory1space
                0x0010acf0                qPriListAdvance
                0x000ee97c                fppShowInit
                0x00090aa4                __diab_lock_mutex
                0x000c92f8                nfsIdSet
                0x00013264                pciFindClass
                0x000ec108                fioRead
                0x00073904                endl(ostream &)
                0x00014414                pciConfigModifyByte
                0x00019b10                gtPci0MapP2pIoSpace
                0x00029928                frcBibShow
                0x0007222c                ostream::operator<<(char)
                0x00102a8c                netHelp
                0x00077e50                streambuf::sgetc(void)
                0x000ea110                fioLibInit
                0x000729b4                ostream::operator<<(long)
                0x00026544                frcFlashErase
                0x00100810                moduleCheck
                0x0008e4d8                _restgpr_14_l
                0x000f4bfc                ptyDevRemove
                0x0003eefc                bandwidth_val
                0x0013d328                kernelInit
                0x00090568                _restfprs_19_l
                0x00034b60                MoveMemory
                0x0006d858                basic_string<char, string_char_traits<char>, __default_alloc_template<true, 0> >::basic_string(char const *)
                0x0010f824                dosChkEntryMark
                0x0006acc8                __malloc_alloc_template<0>::allocate(unsigned int)
                0x00014638                pciAutoConfig
                0x0008e47c                _restgpr_31
                0x00095a88                __make_dp
                0x000e37b0                __srget
                0x0006c6d0                basic_string<char, string_char_traits<char>, __default_alloc_template<true, 0> >::find_last_not_of(char const *, unsigned int, unsigned int) const
                0x000ff67c                moduleInit
                0x0001058c                sysGetCpuVer
                0x000e0660                floor
                0x000e816c                cacheLibInit
                0x000d5880                in_pcbnotify
                0x000bc028                muxShow
                0x00090704                _restgprx_24_l
                0x000d2650                netMblkClFree
                0x00147e44                windPendQFlush
                0x000d271c                netClBlkGet
                0x0009070c                _restgprx_26_l
                0x000a04d8                ip_dooptions
                0x000f2424                memPartInit
                0x00121ec4                dbgTaskBpBreakpoint
                0x000f0a54                iosFdNew
                0x000e39d4                setlinebuf
                0x0008e3e8                _savefpr_15_l
                0x00149564                wvSigInst
                0x0011f178                dosVDirLibInit
                0x000af50c                sbdrop
                0x000b406c                bsdShutdown
                0x00066738                logic_error::what(void) const
                0x000e4d10                labs
                0x00057d7c                usrSlipInit
                0x00109530                bufAlloc
                0x000e2ef4                gets
                0x00042788                frcTestSerial
                0x00077664                streammarker::delta(void)
                0x000a3814                rn_match
                0x0013bf1c                xdr_WDB_STRING_T
                0x000906e0                _restgprx_15_l
                0x00011e7c                sysOutWord
                0x00096ae4                _restv23
                0x00074bf4                ostream::write(signed char const *, int)
                0x0008e8e8                __dtoll
                0x000acd14                soreceive
                0x000969e0                __make_fp
                0x0007e0ac                _IO_init_marker
                0x0014a240                wvTaskNamesBufAdd
                0x000ffdf0                moduleSegGet
                0x000a3b60                rn_insert
                0x000bc96c                muxPollReceive
                0x00148ea8                fileUploadPathLibInit
                0x00069258                overflow_error::overflow_error(basic_string<char, string_char_traits<char>, __default_alloc_template<true, 0> > const &)
                0x0007875c                filebuf::filebuf(int, char *, int)
                0x00109d78                qFifoGet
                0x0009058c                _restfprs_28_l
                0x000e830c                cacheClear
                0x000182b0                gtPci0GetIOspaceSize
                0x000e4bdc                bsearch
                0x00096e60                if_attach
                0x0014b790                cplusLoadFixup
                0x0010a3ac                qCalibrate
                0x000d2afc                netMblkChainDup
                0x0002d668                RoundInternalFPF
                0x000ffaf0                moduleShow
                0x0005b110                cplus_mangle_opname
                0x00077e70                streambuf::snextc(void)
                0x000bcddc                muxUnbind
                0x000c915c                nfsAuthUnixSet
                0x001036ec                version
                0x0008f390                sfpFloatNormalize
                0x00056b44                loadSymTbl
                0x000ba128                ifAddrDelete
                0x000f4a98                ptyDevCreate
                0x00136e50                wdbEventNodeInit
                0x0001a750                gtMemoryMapDevice3Space
                0x000ee990                fppTaskRegsShow
                0x00018210                gtPci0MapMemory3space
                0x00095f98                __subsf3
                0x000fad58                tyAbortFuncSet
                0x0006cf1c                basic_string<char, string_char_traits<char>, __default_alloc_template<true, 0> >::data(void) const
                0x0010c3d8                rBuffDestroy
                0x0006c9f4                string_char_traits<char>::is_del(char)
                0x00089dc8                excVecBaseGet
                0x00037dd8                getpagesize_lmbench
                0x0001c1bc                gtCntmrDisable
                0x000c7778                nfsLookUpByName
                0x00077750                ios type_info function
                0x000f0e6c                iosWrite
                0x000bdeb8                muxTaskDelayGet
                0x0003f474                mb
                0x000906f4                _restgprx_20_l
                0x0014a9c4                evtObjLogFuncBind
                0x0008bc08                vxDsisrSet
                0x000d7604                icmp_ctloutput
                0x000f311c                memAddToPool
                0x001290fc                cbioUnlock
                0x000f0974                iosFdSet
                0x00010690                GET_THRM1
                0x00059c48                RBString_T::RBString_T(void)
                0x00086d7c                __rtti_attr
                0x001427dc                taskNameToId
                0x00073710                ws(istream &)
                0x00019d30                gtPci0SetRegionFeatures
                0x000f8698                symAdd
                0x0013c6a8                eventReceive
                0x0003f1b4                bandwidth_n
                0x0006c178                basic_string<char, string_char_traits<char>, __default_alloc_template<true, 0> >::resize(unsigned int, char)
                0x0010a344                qGetExpired
                0x0010a40c                qEach
                0x0013b898                xdr_WDB_MEM_XFER
                0x000417ac                print_bytes
                0x00010b08                sysClkRateSet
                0x000e4f64                qsort
                0x000f0758                iosNextDevGet
                0x000ddc2c                tcp_close
                0x00090c80                endFlagsClr
                0x000f2e58                memPartBlockIsValid
                0x00141ef4                semInfo
                0x00015f4c                frcPciConfigReadVPD
                0x001025f8                unldByGroup
                0x000578b0                usrBootLineCrack
                0x000e2270                fscanf
                0x000d0794                icmpstatShow
                0x0001c400                gtCntmrIsTerminate
                0x000e1898                fgets
                0x0007dfb8                _IO_flush_all_linebuffered
                0x000e6ec0                __daysSinceEpoch
                0x00022fa0                sdmaChanStart
                0x000aa3e8                pfctlinput
                0x0005a2cc                cplusDtorsLink
                0x001203f4                bdall
                0x00077a74                streambuf::xput_char(char)
                0x00078284                filebuf::filebuf(void)
                0x00018cf0                gtPci0MapMemoryBank1DAC
                0x0008e1dc                mmuPpcSdr1Get
                0x000905c8                _savefprs_14_l
                0x00109ad0                lstNext
                0x0008ad54                intVecSet
                0x00148464                workQAdd0
                0x00040fdc                get_enough
                0x00034ebc                TicksToSecs
                0x0014de38                wdbDbgDabrGet
                0x000e6cd8                __getTime
                0x00074c54                ostream::operator<<(signed char)
                0x000770fc                streambuf::doallocbuf(void)
                0x000e97fc                envPrivateCreate
                0x0004021c                use_pointer
                0x00087950                char type_info function
                0x0014ac50                evtLogT1
                0x0006fcc4                bool operator<=<char, string_char_traits<char>, __default_alloc_template<true, 0> >(basic_string<char, string_char_traits<char>, __default_alloc_template<true, 0> > const &, char const *)
                0x0008e3a0                _restfpr_27_l
                0x000d5c50                in_rtchange
                0x00077594                streambuf::sys_read(char *, int)
                0x00018338                gtPci0GetMemory0Size
                0x00109a34                lstFirst
                0x00148f78                fileUploadPathClose
                0x000f8ebc                symByValueAndTypeFind
                0x0009d1a0                in_control
                0x0007d880                _IO_default_underflow
                0x0013ba68                xdr_WDB_RT_INFO
                0x0006d7f4                basic_string<char, string_char_traits<char>, __default_alloc_template<true, 0> >::assign(char const *)
                0x0008606c                __si_type_info::~__si_type_info(void)
                0x0005a490                cplusDemanglerInit
                0x00025c80                correctaddr
                0x00028480                frcRTCWrite
                0x0006fc60                bool operator<=<char, string_char_traits<char>, __default_alloc_template<true, 0> >(char const *, basic_string<char, string_char_traits<char>, __default_alloc_template<true, 0> > const &)
                0x00077d90                streambuf::sputn(char const *, int)
                0x00078de0                filebuf::sys_stat(void *)
                0x00017cc8                userRsrvMemMallocAligned
                0x0001abcc                gtMemorySetDeviceParam
                0x0008e004                excExit
                0x000e2d54                getc
                0x0011bf64                dosFsHdlrInstall
                0x000448dc                frcTestMACAddr
                0x000cbf80                rtrequestDelEqui
                0x0010a4a0                qPriBMapCreate
                0x00010854                sysL2BackHWFlush
                0x00144f14                taskTcb
                0x000f21dc                memFindMax
                0x00102e54                repeat
                0x0006fe30                istream & operator>><char, string_char_traits<char>, __default_alloc_template<true, 0> >(istream &, basic_string<char, string_char_traits<char>, __default_alloc_template<true, 0> > &)
                0x0014ba1c                _dbgRetAdrsGet
                0x00065a20                logic_error::~logic_error(void)
                0x00080b40                unexpected(void)
                0x00090420                __ule64
                0x00100b18                shell
                0x0001a97c                gtMemoryDisableWindow
                0x00145c3c                tick64Set
                0x000cc508                sockLibAdd
                0x00090848                _restvr28
                0x00023be4                vxSdmaIntClear
                0x00090860                _restvr31
                0x001017b4                timexHelp
                0x0010b1f0                rngIsFull
                0x000e5ff0                memcpy
                0x000fec4c                loadModuleAtSym
                0x000d28dc                netClBlkJoin
                0x0006d540                basic_string<char, string_char_traits<char>, __default_alloc_template<true, 0> >::basic_string(basic_string<char, string_char_traits<char>, __default_alloc_template<true, 0> > const &)
                0x0007d8e0                _IO_default_xsputn
                0x000d8394                rip_usrreq
                0x00109e44                qFifoEach
                0x00097e7c                if_slowtimoRestart
                0x0008de70                cacheArchTextUpdate
                0x00059cfc                RBString_T::RBString_T(char const *)
                0x00139558                udpCommIfInit
                0x0007f7c8                global constructors keyed to _IO_stdin_
                0x0009e5b4                in_broadcast
                0x0001c91c                vxCntmrIntDisable
                0x00044b1c                getPLLCoreMultiplier
                0x000419c0                frcTestTbReset
                0x0008e1ac                mmuPpcSrSet
                0x0008e374                _restfpr_16_l
                0x00077bc8                streambuf::Bbase(void)
                0x000904d8                _restf21
                0x000c52d0                mbufShow
                0x0012c88c                pmap_getport
                0x00096adc                _restv22
                0x000c0048                netDevCreate
                0x00045474                DCD_regs_dump
                0x000e3a44                setvbuf
                0x0006cf30                basic_string<char, string_char_traits<char>, __default_alloc_template<true, 0> >::size(void) const
                0x00071334                istream::operator>>(char *)
                0x0009050c                _savef15
                0x00090518                _savef18
                0x001009e4                shellRestart
                0x0010084c                moduleNameGet
                0x00149c0c                wvUploadTaskConfig
                0x000f51b8                selectInit
                0x000c95ec                ping
                0x0006cda8                basic_string<char, string_char_traits<char>, __default_alloc_template<true, 0> >::Rep::data(void)
                0x000889f0                altivecInit
                0x00069e24                abs(double)
                0x0008bcf0                vxTimeBaseGet
                0x000240dc                serialChanStart
                0x00077938                ios::sync_with_stdio(void)
                0x00080b5c                __cp_exception_info
                0x00090a48                __diab_atomic_restore
                0x00144884                taskSafe
                0x0007db24                _IO_default_setbuf
                0x00134d50                wdbExternRegSetObjAdd
                0x0007de68                _IO_sungetc
                0x000906dc                _restgprx_14_l
                0x000f41fc                pathSplit
                0x00095888                __floatsidf
                0x00073aac                unlock(ostream &)
                0x00097e20                if_qflush
                0x0006e274                basic_string<char, string_char_traits<char>, __default_alloc_template<true, 0> >::erase(char *, char *)
                0x000ae5a8                socantrcvmore
                0x000effc0                ioGlobalStdGet
                0x0008e394                _restfpr_24_l
                0x000ca924                rlogind
                0x000780b0                ios::ios(streambuf *, ostream *)
                0x0012dcd0                svc_sendreply
                0x000559d8                frcDmaTestStart1
                0x000e31d4                perror
                0x00148c0c                semEvLibInit
                0x00010c4c                sysTimestampLock
                0x000f3aa0                pathParse
                0x00095788                __ltdf2
                0x0008aeb0                intDisable
                0x00088f20                swab
                0x00041b68                getOption
                0x0014cc28                vxTaskEntry
                0x0012148c                dbgPrintCall
                0x000cfa10                xdr_sattrargs
                0x00074b88                ostream::put(signed char)
                0x00090758                _savegprx_15_l
                0x000ef298                creat
                0x00089bb4                excVecSet
                0x000f3d98                pathBuild
                0x0006e4cc                basic_string<char, string_char_traits<char>, __default_alloc_template<true, 0> >::at(unsigned int)
                0x000260c0                operation_fail
                0x0008bcbc                vxFpscrGet
                0x00077f78                filebuf::is_open(void) const
                0x00117248                dosFsFmtLibInit
                0x0002be90                bibReadIntf
                0x000fad70                tyBackspaceSet
                0x00096b04                _restv27
                0x00107a6c                bswap
                0x0014cd70                taskMsrSet
                0x000cf968                xdr_nfspath
                0x000ef138                hashFuncIterScale
                0x0001042c                _initialize_dbg_uart
                0x000e34d4                puts
                0x00012c5c                sysHardReset
                0x0008e48c                _savegpr_15
                0x000e9028                clock_settime
                0x00105a78                copy
                0x000ef22c                intRestrict
                0x000c52f8                netShowInit
                0x001035c4                ts
                0x00011630                frcPrintBoardInfo
                0x0007d3f0                __overflow
                0x000e9d9c                errnoGet
                0x000bb790                inet_ntoa_b
                0x000f1eb4                memPartFindMax
                0x0013a660                wdbDbgBpGet
                0x0014cd50                taskArgsGet
                0x00011520                frcMv64360SiliconVersion
                0x000abfb0                soaccept
                0x000f8e94                symByValueFind
                0x00010000                _sysInit
                0x000dfe24                islower
                0x00109804                dllCount
                0x00019a4c                gtPci0MapP2pMem1SpaceDAC
                0x001055d8                dosFsVolOptionsSet
                0x000778c0                ios::fail(void) const
                0x00091514                endEtherAddressForm
                0x0007f8dc                __dummy
                0x000f20f8                memOptionsSet
                0x000e8418                cacheDmaFree
                0x00127804                yyparse
                0x00106798                llr
                0x0010971c                dllTerminate
                0x00080b18                set_terminate(void (*)(void))
                0x0010a254                qPut
                0x000dfe9c                tolower
                0x0008e568                _savegpr_19_l
                0x0002528c                bootFlashProgram1byte
                0x0006c9d4                string_char_traits<char>::lt(char const &, char const &)
                0x00077868                ios::_throw_failure(void) const
                0x0004016c                last
                0x0007585c                istream::operator>>(ios &(*)(ios &))
                0x0004371c                frcTestIntLatSoft
                0x000d7dc0                rip_output
                0x00054864                mem_perf
                0x0007539c                istream::ipfx0(void)
                0x00077fa8                filebuf::is_reading(void)
                0x000e92e4                rewinddir
                0x001363e0                wdbMemTest
                0x00056614                usrDmaInit
                0x0008a6c8                fppArchInit
                0x0010b06c                rngBufPut
                0x000e5f74                system
                0x0008592c                type_info::operator!=(type_info const &) const
                0x000e1540                feof
                0x0013d944                msgQDelete
                0x00146d10                windPrioritySet
                0x000de948                tcp_canceltimers
                0x000a5704                route_init
                0x00097b08                link_rtrequest
                0x000d0790                icmpShowInit
                0x00079be0                _IO_file_close
                0x000887f4                altivecArchTaskCreateInit
                0x0010c704                wvRBuffMgrPrioritySet
                0x0004453c                atox
                0x000ba154                ifAddrGet
                0x0006e900                basic_string<char, string_char_traits<char>, __default_alloc_template<true, 0> >::find_first_not_of(char const *, unsigned int) const
                0x00077528                streambuf::flush_all(void)
                0x00019994                gtPci0MapP2pMem1Space
                0x0006dd34                basic_string<char, string_char_traits<char>, __default_alloc_template<true, 0> >::operator+=(basic_string<char, string_char_traits<char>, __default_alloc_template<true, 0> > const &)
                0x000b5fdc                ftpTransientConfigGet
                0x0014aed4                evtLogM3
                0x00072d30                ostream::operator<<(double)
                0x00010c04                sysTimestamp
                0x00041eb0                testmem_perf
                0x00053bc8                frcEEPROMTestRead
                0x000f3680                memPartInfoGet
                0x000905fc                _savefprs_27_l
                0x0012e748                svcraw_create
                0x000f314c                malloc
                0x00083148                bad_alloc::what(void) const
                0x0014b640                evtLogT1_noTS
                0x000ef5d0                remove
                0x0007e254                _IO_unsave_markers
                0x000784e8                filebuf::filebuf(int)
                0x000f00a0                isatty
                0x0014cb78                _sigCtxSetup
                0x00090aa0                __diab_free_mutex
                0x000d6728                icmp_input
                0x00080e58                __uncatch_exception
                0x000ba3f0                ifFlagSet
                0x0001b430                gtSramInit
                0x000b3e3c                bsdGetsockname
                0x00090640                _restfprx_24_l
                0x000ba83c                ifRouteDelete
                0x00059040                wdbMbufAlloc
                0x00073a38                lock(ostream &)
                0x000cd2f4                sntpcTimeGet
                0x0014d9e0                wdbDbgRegsClear
                0x0008e37c                _restfpr_18_l
                0x0012ed14                svctcp_create
                0x0002b424                frcBibRead
                0x0008bdd8                vxMemArchProbe
                0x00078c58                filebuf::attach(int)
                0x000a2684                ip_ctloutput
                0x0010a04c                qInit
                0x0008fcbc                __div64
                0x0008f710                __asr64
                0x000444e0                frcTestIsMonarch
                0x00016d80                gtIntDisable
                0x0014de48                wdbDbgDarGet
                0x00142748                taskRegsSet
                0x0001cce4                frcDmaIntConnect
                0x0010bf88                rBuffFlush
                0x00143fe0                taskRestart
                0x00081d38                bad_exception::bad_exception(void)
                0x000451f0                getPMC280BoardInfo
                0x0008e57c                _savegpr_24_l
                0x00090780                _savegprx_25_l
                0x0006ca60                string_char_traits<char>::copy(char *, char const *, unsigned int)
                0x000e0090                ldexp
                0x001393e8                wdbVioChannelUnregister
                0x000e94e4                envLibInit
                0x000ef1fc                hashKeyStrCmp
                0x0010c938                rBuffShowInit
                0x000703f4                iostream::iostream(int)
                0x00096790                __lesf2
                0x000e8ea0                clock_setres
                0x000e9da8                errnoOfTaskGet
                0x00010d88                sysSerialHwInit2
                0x000d2450                netPoolKheapInit
                0x00041e04                frcTestIDMAScrubChk
                0x000369f4                test_bitspread_comparison
                0x001015b0                shellIsRemoteConnectedGet
                0x000ca578                remCurIdGet
                0x001098b4                lstAdd
                0x000232c4                sdmaChanStopTxRx
                0x0006e36c                basic_string<char, string_char_traits<char>, __default_alloc_template<true, 0> >::replace(unsigned int, unsigned int, char)
                0x0013de68                msgQSend
                0x00025490                bootFlashGetSectorOff
                0x000757fc                istream::operator>>(signed char *)
                0x0002969c                issec
                0x000776c4                ios::readable(void)
                0x00092ae8                __fixunsdfsi
                0x000ad7e4                soshutdown
                0x000c7e9c                nfsThingCreate
                0x00147ca8                windReadyQPut
                0x00059b80                __pure_virtual_called
                0x000a334c                ip_mloopback
                0x0003623c                test_verify_success
                0x0005a5a8                cplusDemanglerStyleSet
                0x00075580                istream::get(void)
                0x000e7b74                __getDstInfo
                0x00101508                shellLoginInstall
                0x000ccc18                recvfrom
                0x00054818                frcTestSwitch
                0x0010504c                spyStop
                0x000abec0                soabort
                0x00076f40                streambuf::sync(void)
                0x0008f9c4                __rem32
                0x0010aaec                qPriListInit
                0x00130420                xdr_bytes
                0x0012ddb4                svcerr_decode
                0x00011f88                sysCpuCheck
                0x0006e4a4                basic_string<char, string_char_traits<char>, __default_alloc_template<true, 0> >::eos(void)
                0x00074c14                ostream::write(void const *, int)
                0x00066050                logic_error type_info function
                0x000b2c44                bsdSendto
                0x000691ac                overflow_error::~overflow_error(void)
                0x0010acf4                qPriListGetExpired
                0x000777e0                ios::flags(unsigned long)
                0x000e9400                statfs
                0x0002c964                frcBootRegFileBurn
                0x000907a4                _savevr20
                0x000906e4                _restgprx_16_l
                0x00096afc                _restv26
                0x0008e570                _savegpr_21_l
                0x00145680                taskRegsShow
                0x0001c230                gtCntmrRead
                0x0014202c                semShow
                0x0013939c                wdbVioLibInit
                0x00078d18                filebuf::seekoff(long, ios::seek_dir, int)
                0x0001b98c                frcGppIntDisable
                0x00097bf0                if_down
                0x00131620                xdrrec_endofrecord
                0x000e5d44                strtoul
                0x001426bc                taskBpHookSet
                0x000c605c                nfsMount
                0x0014e0dc                qJobPut
                0x000b8e84                hostTblInit
                0x0007e470                _IO_ostream_withassign::operator=(ostream &)
                0x00077894                ios::setstate(int)
                0x0009cec4                inet_netmatch
                0x000fa6f8                ttyDrv
                0x0006fb2c                bool operator><char, string_char_traits<char>, __default_alloc_template<true, 0> >(basic_string<char, string_char_traits<char>, __default_alloc_template<true, 0> > const &, basic_string<char, string_char_traits<char>, __default_alloc_template<true, 0> > const &)
                0x0006dc38                basic_string<char, string_char_traits<char>, __default_alloc_template<true, 0> >::append(unsigned int, char)
                0x0009cfcc                in_localaddr
                0x000e8e28                clock_getres
                0x0008e4fc                _restgpr_23_l
                0x001224e4                ledRead
                0x00135754                wdbRpcNotifyHost
                0x0008aefc                intRegsLock
                0x000cfecc                xdr_renameargs
                0x00080b08                __default_unexpected(void)
                0x00087748                short type_info function
                0x000906c8                _savefprx_29_l
                0x0009077c                _savegprx_24_l
                0x000ae118                soisdisconnecting
                0x000e8854                classShowConnect
                0x00141424                semMGive
                0x000bf318                muxTkPollReceive
                0x0008896c                altivecProbe
                0x00087338                void type_info function
                0x000cefa8                tftpErrorCreate
                0x0008acec                intLock
                0x000a65a0                rtredirect
                0x00074cb8                ostream::operator<<(short)
                0x00036e50                extendedTestError
                0x000f0d78                iosRead
                0x0014b3f4                evtLogTasks
                0x000f0b88                iosCreate
                0x000dfe4c                ispunct
                0x000f81d4                symTblCreate
                0x00093abc                __udivmoddi4
                0x0008e4c0                _savegpr_28
                0x00146624                wdShowInit
                0x000906b4                _savefprx_24_l
                0x00102410                unldByModuleId
                0x000e4e70                wctomb
                0x001481c8                windPendQRemove
                0x000f5a10                selNodeAdd
                0x0008f5ac                __DIAB_wr_pk_fl
                0x000d1404                udpShowInit
                0x000bfe08                muxTkBindUpdate
                0x000cf5f8                xdr_nfsstat
                0x00146620                wdTick
                0x00088f04                bfillBytes
                0x00010960                sysL1DcacheEnable
                0x000711ec                istream::operator>>(char &)
                0x000d0570                xdr_groupnode
                0x0012aad4                clnt_create
                0x00079844                _IO_file_seekoff
                0x001058e4                rmdir
                0x0009110c                endObjInit
                0x0010a43c                qPriBMapListCreate
                0x0001fcb4                vxEthernetIntEnable
                0x000977c0                ifaof_ifpforaddr
                0x00077ac8                streambuf::gbump(int)
                0x00077518                streambuf::set_column(int)
                0x000e4f00                wcstombs
                0x001098dc                lstConcat
                0x00128f30                cbioModeSet
                0x0008e4b8                _savegpr_26
                0x00036380                test_mul_comparison
                0x0012c610                clntudp_freeres
                0x000cc5c4                socket
                0x00019520                gtPci0MapDevice3MemorySpace
                0x0007fa74                __get_eh_info
                0x000f53a0                select
                0x000c3e2c                netLibGeneralInit
                0x000ec1a8                fioRdString
                0x00064978                __out_of_range(char const *)
                0x0008f194                __ftoll
                0x00082d8c                __frame_state_for
                0x00110498                dosFsChkTree
                0x00053e2c                frcTestRTCWrite
                0x0006c8e8                basic_string<char, string_char_traits<char>, __default_alloc_template<true, 0> >::compare(char const *, unsigned int, unsigned int) const
                0x000e929c                readdir
                0x000bcd84                muxMCastAddrGet
                0x000e3068                __smakebuf
                0x00025ca8                __READ_FLASH16
                0x00090540                _savef28
                0x00076f68                streambuf::setbuf(char *, int)
                0x0006e3c8                basic_string<char, string_char_traits<char>, __default_alloc_template<true, 0> >::replace(char *, char *, char const *, unsigned int)
                0x000e93d8                fstatfs
                0x00090528                _savef22
                0x00090534                _savef25
                0x0013d920                msgQTerminate
                0x0007368c                ostream::flush(void)
                0x00146688                wdShow
                0x00036314                test_sub_comparison
                0x000ab87c                sofree
                0x0010ddf0                dcacheDevEnable
                0x00090574                _restfprs_22_l
                0x00077b84                streambuf::in_backup(void)
                0x00090adc                __diab_free_semaphore
                0x00018310                gtPci0GetMemory0Base
                0x0001e9c4                ethPortWriteSmiReg
                0x000fad7c                tyDeleteLineSet
                0x00121118                l
                0x001030b4                checkStack
                0x0009af30                _arpCmd
                0x000f4344                pipeDevCreate
                0x000106a8                SET_THRM1
                0x00131eb8                clnt_perror
                0x0008e438                _restgpr_14
                0x000e0cf8                drem
                0x000f92e0                symNameGet
                0x00019c6c                gtPci0MapCPUspaceDAC
                0x0001a048                gtPci0P2PConfig
                0x00043a6c                frcTestIntLatency
                0x00134f70                wdbIsNowExternal
                0x000dfe60                isspace
                0x000dfb90                tcp_disconnect
                0x000bc2dc                muxBind
                0x000947ec                __unpack_d
                0x0006eaa0                basic_string<char, string_char_traits<char>, __default_alloc_template<true, 0> >::compare(char const *, unsigned int) const
                0x0006ddd4                basic_string<char, string_char_traits<char>, __default_alloc_template<true, 0> >::operator+=(char)
                0x00021548                brgStart
                0x0006e4ac                basic_string<char, string_char_traits<char>, __default_alloc_template<true, 0> >::operator[](unsigned int) const
                0x00109a3c                lstGet
                0x0001431c                pciConfigModifyWord
                0x000854cc                __rtti_user
                0x000792f4                _IO_file_setbuf
                0x00010eb0                frcGetPcbRev
                0x00026240                frcFlashProgram
                0x000e1610                fflush
                0x0005449c                TestIntConnect
                0x000bba04                rawIpLibInit
                0x00109db0                qFifoRemove
                0x00046ed8                MV64360_regs_dump
                0x00010ae0                sysClkDisable
                0x00135f34                wdbCtxLibInit
                0x0006fd30                bool operator>=<char, string_char_traits<char>, __default_alloc_template<true, 0> >(basic_string<char, string_char_traits<char>, __default_alloc_template<true, 0> > const &, basic_string<char, string_char_traits<char>, __default_alloc_template<true, 0> > const &)
                0x00128fc4                cbioRdyChgdGet
                0x00074d58                ostream::operator<<(ostream &(*)(ostream &))
                0x0007450c                _IO_ostream_withassign::~_IO_ostream_withassign(void)
                0x0010170c                timexFunc
                0x0006cdb0                basic_string<char, string_char_traits<char>, __default_alloc_template<true, 0> >::repup(basic_string<char, string_char_traits<char>, __default_alloc_template<true, 0> >::Rep *)
                0x00074250                iostream::~iostream(void)
                0x00090650                _restfprx_28_l
                0x0012fee4                xdr_void
                0x00077ab0                streambuf::xsetflags(int, int)
                0x00090818                _restvr22
                0x0001588c                pciScan
                0x00011258                frcPrintBank1MemSize
                0x0014843c                workQInit
                0x000ac398                soconnect2
                0x0012e428                _svcauth_null
                0x00090708                _restgprx_25_l
                0x00010b4c                sysTimestampEnable
                0x000679f4                out_of_range::~out_of_range(void)
                0x00077be4                streambuf::Bptr(void)
                0x0007e3fc                _IO_default_write
                0x0006cac8                basic_string<char, string_char_traits<char>, __default_alloc_template<true, 0> >::rep(void) const
                0x00032014                DoIDEA
                0x00096a14                __extendsfdf2
                0x0014ad08                evtLogM0
                0x00015cf4                frcPciSetActive
                0x0013c5b8                eventTerminate
                0x0008ea1c                __dtoull
                0x000906c0                _savefprx_27_l
                0x0012ca28                xdr_pmap
                0x0006ded8                basic_string<char, string_char_traits<char>, __default_alloc_template<true, 0> >::insert(unsigned int, unsigned int, char)
                0x000f9ff8                taskDeleteHookShow
                0x0012df6c                svcerr_progvers
                0x000124e0                sysVirtToPhys
                0x00055e94                wdValueReg
                0x0010c554                wvRBuffMgr
                0x00140c98                semGiveDefer
                0x00149028                wvEvtLogInit
                0x00094c58                __adddf3
                0x00096590                __nesf2
                0x000f2758                memPartAlignedAlloc
                0x00040440                save_median
                0x000ca6d8                whoami
                0x000cbb34                mRouteEntryAdd
                0x0012dd44                svcerr_noproc
                0x000cc484                sockLibInit
                0x000bd82c                muxAddrResFuncAdd
                0x000be128                muxPollEnd
                0x0001f1a8                ethPortReceive
                0x00076e60                streambuf::overflow(int)
                0x0008e558                _savegpr_15_l
                0x000ff948                moduleDelete
                0x000ce058                tftpModeSet
                0x000af8ec                splimp
                0x000ad9fc                sosetopt
                0x000184d0                gtPci0GetMemory3Size
                0x000dc370                tcp_mss
                0x001484fc                workQAdd1
                0x000b37bc                bsdRecvmsg
                0x000a5b18                routeDrain
                0x0010a2b4                qRemove
                0x00145fbc                wdTerminate
                0x00017054                sysIntCtrlInit
                0x000732a4                ostream::ostream(int, streambuf *, ostream *)
                0x000e4e9c                mbstowcs
                0x0006c9ec                string_char_traits<char>::eos(void)
                0x000f31d0                memShowInit
                0x000a97fc                udp_output
                0x000e999c                putenv
                0x00034f90                ramTestPrintDot
                0x0008e58c                _savegpr_28_l
                0x000ba41c                ifFlagGet
                0x000b25d8                bsdBind
                0x00018420                gtPci0GetMemory2Base
                0x00022604                mpscChanStopRx
                0x000940e8                __umoddi3
                0x000c149c                netLsByName
                0x000ef960                lseek
                0x000741b0                ios::close(void)
                0x00085950                bad_cast type_info function
                0x00090570                _restfprs_21_l
                0x000bc5a4                muxSend
                0x000f3efc                pathCat
                0x0008e398                _restfpr_25_l
                0x000e9f58                excJobAdd
                0x000f60cc                sigaddset
                0x000895bc                excVecInit
                0x000fa62c                taskVarInfo
                0x00059b08                cplusLibInit
                0x000e893c                classMemPartIdSet
                0x0014b4cc                evtsched
                0x00070bac                istream::get(char &)
                0x0012b184                clnt_simpleInclude
                0x00128c74                cbioBlkRW
                0x0001e5c4                ethClearMibCounters
                0x000ae64c                sbseldequeue
                0x0006e798                basic_string<char, string_char_traits<char>, __default_alloc_template<true, 0> >::find_first_of(char const *, unsigned int) const
                0x0008881c                altivecTaskRegsGet
                0x000e4138                stdioShow
                0x0005a9c4                set_cplus_marker_for_demangling
                0x0005a59c                cplusDemanglerSet
                0x0013bc18                xdr_WDB_AGENT_INFO
                0x0001895c                gtPci0MapInternalRegSpace
                0x00092218                __clear_cache
                0x001309c0                xdr_vector
                0x0013b080                wdbAltivecGet
                0x00038024                bwMem
                0x000c006c                netDevCreate2
                0x0006c358                basic_string<char, string_char_traits<char>, __default_alloc_template<true, 0> >::find(char, unsigned int) const
                0x000f05cc                iosDevDelete
                0x00074dd0                istream::~istream(void)
                0x000d5c90                in_pcblookup
                0x0010a7f0                qPriBMapInfo
                0x0010dd38                dcacheDevDisable
                0x00149fb4                wvEvtBufferGet
                0x0001b138                gtDmaIsChannelActive
                0x00074750                ostream::ostream(int)
                0x00109698                dllCreate
                0x00107ad0                bzero
                0x00017e08                _frcPci0ReadConfigReg
                0x00077af4                streambuf::pbump(int)
                0x00087644                int type_info function
                0x00013a10                pciConfigInLong
                0x0008e564                _savegpr_18_l
                0x000116e4                sysModel
                0x0006cb44                basic_string<char, string_char_traits<char>, __default_alloc_template<true, 0> >::Rep::operator delete(void *)
                0x0008e2c4                mmuPpcExtraBatEnableMPC74x5
                0x001354a8                wdbRpcRcv
                0x000a3b18                rn_newpair
                0x000c923c                nfsAuthUnixGet
                0x0006c7f8                basic_string<char, string_char_traits<char>, __default_alloc_template<true, 0> >::compare(basic_string<char, string_char_traits<char>, __default_alloc_template<true, 0> > const &, unsigned int, unsigned int) const
                0x000cfccc                xdr_readokres
                0x00093580                __udivdi3
                0x00096a98                _savev26
                0x00134664                wdbVioDrv
                0x000d2a44                netMblkDup
                0x000ccac8                send
                0x00037de0                frcLmbench
                0x00145c9c                tick64Get
                0x0014d6d4                wdbDbgHwAddrCheck
                0x0012dfe4                svc_getreq
                0x000e3968                setbuffer
                0x0011fb58                dbgInit
                0x001008ac                moduleFlagsGet
                0x0006ef50                basic_string<char, string_char_traits<char>, __default_alloc_template<true, 0> > operator+<char, string_char_traits<char>, __default_alloc_template<true, 0> >(char const *, basic_string<char, string_char_traits<char>, __default_alloc_template<true, 0> > const &)
                0x00140db8                semInvalid
                0x000aa7e8                mbinit
                0x000e4b24                abort
                0x0001a958                gtMemoryDisableProtectRegion
                0x000f3200                memShow
                0x00018ad8                gtPci0MapMemoryBank0
                0x0004170c                frcTestlatMemRead
                0x00059f7c                RBString_T::append(RBString_T &)
                0x0010ab10                qPriListDelete
                0x0012daa0                xprt_unregister
                0x0003ff10                tvsub
                0x00085370                __rtti_si
                0x00107f7c                bootStructToString
                0x00147608                windDelay
                0x00147ffc                windPendQPut
                0x0013e2a4                msgQReceive
                0x00078cd8                filebuf::underflow(void)
                0x000776ec                ios::is_open(void)
                0x0010b450                sllCount
                0x000e40bc                __stderr
                0x00090840                _restvr27
                0x00142af8                taskCreat
                0x000775b4                streammarker::streammarker(streambuf *)
                0x0014258c                taskOptionsSet
                0x000dd6d0                tcp_respond
                0x00077060                streambuf::seekpos(long, int)
                0x000279e0                frcI2CRead
                0x0008e56c                _savegpr_20_l
                0x0005b27c                cplus_demangle
                0x000f0774                iosFdValue
                0x000e6cb4                gmtime_r
                0x0008bbd4                vxMsrSet
                0x0006e770                basic_string<char, string_char_traits<char>, __default_alloc_template<true, 0> >::find_first_of(basic_string<char, string_char_traits<char>, __default_alloc_template<true, 0> > const &, unsigned int) const
                0x001086d0                bootLeaseExtract
                0x0010b354                sllTerminate
                0x000b14a4                ipDetach
                0x000ff31c                loadCommonManage
                0x0013f75c                semBGive
                0x0013c570                eventLibInit
                0x000adf00                uiomove
                0x00012cdc                pciIsr
                0x000830bc                bad_alloc::~bad_alloc(void)
                0x000dfe88                isxdigit
                0x000f1364                logFdAdd
                0x000f7da0                sigPendDestroy
                0x0013d1e4                eventStart
                0x000686ac                runtime_error::what(void) const
                0x000777f0                ios::precision(void) const
                0x0014b2c8                evtLogPoint
                0x000c6548                nfsDevInfoGet
                0x000f8390                symTblTerminate
                0x00057dac                usrPPPInit
                0x0008f358                __lltof
                0x000905d8                _savefprs_18_l
                0x000bfedc                muxTkUnloadUpdate
                0x0013016c                xdr_char
                0x00012b08                rdreg
                0x000f22f8                memPartCreate
                0x001320a0                clnt_pcreateerror
                0x00022308                mpscDbg
                0x000c53f0                arptabShow
                0x0010090c                shellInit
                0x0014bbd8                _dbgTaskPCGet
                0x0014a0bc                wvTaskNamesUpload
                0x00034fdc                ramTest8bit
                0x0007521c                istream::getline(signed char *, int, char)
                0x00040c00                t_overhead
                0x000776a4                streambuf::unsave_markers(void)
                0x00090648                _restfprx_26_l
                0x00135d30                wdbConnectLibInit
                0x0008f620                __DIAB_wr_sw_db
                0x00080e90                __check_eh_spec
                0x00034c80                ReportError
                0x000282d8                frcRTCRead
                0x00071974                istream::operator>>(int &)
                0x000901fc                __add64
                0x0009cba8                ether_attach
                0x000e90d0                clock_show
                0x00059c14                RBStringIterator_T::nextChar(void)
                0x000f8f88                symFindByValue
                0x00096c34                ifreset2
                0x000e5a48                __exp10
                0x000e5ae0                strtol
                0x00078c38                filebuf::open(char const *, char const *)
                0x0013c0f0                xdr_TGT_INT_T
                0x0014e798                qJobInfo
                0x0001064c                sysL2crGet
                0x00134b2c                wdbInstallCommIf
                0x0001063c                sysGetL3CR
                0x00084268                operator new(unsigned int, nothrow_t const &)
                0x000dfcdc                tcp_usrclosed
                0x0001cbe8                frcDmaIntCtrlInit
                0x000e27a8                fsetpos
                0x00021d94                vxCunitIntDisable
                0x0014db84                windExit
                0x0008e404                _savefpr_22_l
                0x0009024c                __ge64
                0x000255d4                frcBootFlashProgram
                0x0006d94c                basic_string<char, string_char_traits<char>, __default_alloc_template<true, 0> >::basic_string(unsigned int, char)
                0x000d4814                in_pcbbind
                0x00024df4                bootEraseOrProgramOk
                0x0008e328                mmuPpcADisable
                0x0012e430                _svcauth_unix
                0x0014035c                semCGiveDefer
                0x00077d44                streambuf::allocbuf(void)
                0x00090ae8                __diab_trylock_semaphore
                0x00066810                domain_error::domain_error(basic_string<char, string_char_traits<char>, __default_alloc_template<true, 0> > const &)
                0x00072b64                ostream::operator<<(long long)
                0x00129050                cbioRdyChgdSet
                0x0009b470                ether_output
                0x00130ad8                xdr_double
                0x0014cd28                taskArgsSet
                0x000afb64                _netFree
                0x00121924                dbgTaskBpHooksInstall
                0x000e4dac                mblen
                0x000f2ae0                memPartAlloc
                0x0008e2f4                mmuPpcAEnable
                0x000789e8                filebuf::~filebuf(void)
                0x00134f90                wdbIsNowTasking
                0x00102d68                repeatRun
                0x00140944                semDelete
                0x000fb4a0                tyIRd
                0x00036564                test_seqinc_comparison
                0x000808dc                __rethrow
                0x000afa34                wakeup
                0x000f12d8                logFdSet
                0x0007fa48                __get_eh_context
                0x0014c92c                ffsMsb
                0x000cc7a4                accept
                0x000bdc90                muxDevStartAll
                0x0007e3f4                _IO_default_read
                0x0010b2d0                sllCreate
                0x0013c5a4                eventInit
                0x001223e4                ledOpen
                0x00033d8c                DoLU
                0x000f9284                symName
                0x000779e8                streambuf::gptr(void) const
                0x000f0390                iosDrvRemove
                0x00082c48                __register_frame_table
                0x00104d98                printLogo
                0x0007780c                ios::setf(unsigned long)
                0x00085e18                __user_type_info type_info function
                0x0001a148                gtMemoryGetDeviceBaseAddress
                0x0006e60c                basic_string<char, string_char_traits<char>, __default_alloc_template<true, 0> >::find(basic_string<char, string_char_traits<char>, __default_alloc_template<true, 0> > const &, unsigned int) const
                0x00096d74                ifresetImmediate
                0x00059b34                cplusLibMinInit
                0x00074ef4                istream::istream(int)
                0x00147a64                windWdCancel
                0x00078fa0                _IO_file_close_it
                0x0001e894                ethernetGetConfigReg
                0x0008784c                bool type_info function
                0x00090e88                endMibIfInit
                0x00096aa0                _savev27
                0x000cc280                rpcTaskInit
                0x00012148                sysMsDelay
                0x000f5334                selTaskDeleteHookAdd
                0x0010a7e8                qPriBMapKey
                0x00041ae8                frcTestGettimeUsec
                0x00040040                p64sz
                0x00095c2c                __unpack_f
                0x0006e608                basic_string<char, string_char_traits<char>, __default_alloc_template<true, 0> >::reserve(unsigned int)
                0x00148890                eventRsrcShow
                0x0008e414                _savefpr_26_l
                0x000e1690                __sflush
                0x000ef754                rename
                0x00023704                sdmaRxReturnBuff
                0x00075a4c                _IO_ostream_withassign type_info function
                0x000778f4                ios::operator!(void) const
                0x00024750                vxMpscUartTxInt
                0x000de3ac                tcp_rtlookup
                0x00142920                taskIdListGet
                0x00132514                xdr_callmsg
                0x0001a27c                gtMemoryGetDeviceSize
                0x000cb59c                routeAdd
                0x0010a524                qPriBMapInit
                0x0006e5a4                basic_string<char, string_char_traits<char>, __default_alloc_template<true, 0> >::terminate(void) const
                0x0006de3c                basic_string<char, string_char_traits<char>, __default_alloc_template<true, 0> >::insert(unsigned int, char const *, unsigned int)
                0x0013a624                wdbDbgBpListInit
                0x000e9930                envPrivateDestroy
                0x0007fc54                __sjthrow
                0x0006ea00                basic_string<char, string_char_traits<char>, __default_alloc_template<true, 0> >::substr(unsigned int, unsigned int) const
                0x000f836c                symTblDelete
                0x000ae978                soreserve
                0x00130574                xdr_union
                0x001003a0                moduleEach
                0x000904e4                _restf24
                0x000893d8                cacheArchDmaMalloc
                0x00016020                frcPciShow
                0x0007795c                ios::unset(state_value)
                0x000e66ac                strrchr
                0x000d00d0                xdr_entry